Return-Path: <dri-devel-bounces@lists.freedesktop.org>
X-Original-To: lists+dri-devel@lfdr.de
Delivered-To: lists+dri-devel@lfdr.de
Received: from gabe.freedesktop.org (gabe.freedesktop.org [131.252.210.177])
	by mail.lfdr.de (Postfix) with ESMTPS id 93DDD8C723D
	for <lists+dri-devel@lfdr.de>; Thu, 16 May 2024 09:46:42 +0200 (CEST)
Received: from gabe.freedesktop.org (localhost [127.0.0.1])
	by gabe.freedesktop.org (Postfix) with ESMTP id 2587D10E03F;
	Thu, 16 May 2024 07:46:37 +0000 (UTC)
Authentication-Results: gabe.freedesktop.org;
	dkim=pass (2048-bit key; unprotected) header.d=gmail.com header.i=@gmail.com header.b="Vs8L2eS/";
	dkim-atps=neutral
X-Original-To: dri-devel@lists.freedesktop.org
Delivered-To: dri-devel@lists.freedesktop.org
Received: from mail-ed1-f53.google.com (mail-ed1-f53.google.com
 [209.85.208.53])
 by gabe.freedesktop.org (Postfix) with ESMTPS id EE55C10E023
 for <dri-devel@lists.freedesktop.org>; Thu, 16 May 2024 05:33:17 +0000 (UTC)
Received: by mail-ed1-f53.google.com with SMTP id
 4fb4d7f45d1cf-574ea5184abso3024086a12.3
 for <dri-devel@lists.freedesktop.org>; Wed, 15 May 2024 22:33:17 -0700 (PDT)
DKIM-Signature: v=1; a=rsa-sha256; c=relaxed/relaxed;
 d=gmail.com; s=20230601; t=1715837596; x=1716442396; darn=lists.freedesktop.org;
 h=to:subject:message-id:date:from:in-reply-to:references:mime-version
 :from:to:cc:subject:date:message-id:reply-to;
 bh=lVwBNJZZh6BDoZ4VXH0w+zn8Iy9IjG44nl4ChcxqQzw=;
 b=Vs8L2eS/JxxFZx9VHqM9k6oZmnNr973wPqYNd/z3/rh3e5zhvJOpANJZWERcOl/3zK
 VkMjjY/dbj7Urh+wGoW3NhBRqytOOpkxAktWgrEiQH8PBl3nCYvrKbug38iDNoToJayy
 d/rRRc3PUvwxigJMrpW5CcoUneBOUbjNNDXq26ZgxrEgQFfClc7PF9UGOHy8YngTqR5u
 +uYRLA8WU5eO/ubw0UaeBQeRaBs/zcgwtNLRYgTHcLYiBM7XuQ7LnffmAiBTW43AeiD7
 l9Nvgk2+6wzEzvqJwypnpoBbYHe7n25FoTfP3+1AabI7b4pZl877wwuOHC3A35VKbxmO
 zpgQ==
X-Google-DKIM-Signature: v=1; a=rsa-sha256; c=relaxed/relaxed;
 d=1e100.net; s=20230601; t=1715837596; x=1716442396;
 h=to:subject:message-id:date:from:in-reply-to:references:mime-version
 :x-gm-message-state:from:to:cc:subject:date:message-id:reply-to;
 bh=lVwBNJZZh6BDoZ4VXH0w+zn8Iy9IjG44nl4ChcxqQzw=;
 b=czrCaiovrVESztaeJ/W9UDhx3xmU5iytBJAlf7b+X8CdRwITB4gLc5q+npVQvSzPSp
 SBHQSMEp9aFpW1BCBatRGoerGqxVm8876H222c4Mm19Moam5yR5MmAg7izLMFArsgQoR
 b5QzsyK+eRjETFZcuvJIaZyHCS9AcCWjLnDjPfqHbuppDnkZPDRkRWeLFOoyrHgkP19J
 G9zNhbR8ihj3YDfa7S6q4Wqd69+3jHUsIyDLFBnqgtzyiVwjPGZSgZrxRSJoaDHkmxCX
 OOu6PbKFQUv5uxvwpot83TNpzWFjQzIwbVzh3IGK4VKhYh6gOFey+XYlwO/1FSCqTLum
 hDug==
X-Gm-Message-State: AOJu0Yx4gwrKmsbgJbjbxRWxvqbZlrP2HWx++fejoh60WO6Q/LfoZUqS
 4KC0vwqctFHHoq+MMvbwzxy3il/BoWNewOwb9IvOEEL3TaLJgrnD9N1L96HnNRUxpZ5XjsBPap1
 PdSWyVOAeAMmpvy+F7twE8lnMhwF9ibK3HLU=
X-Google-Smtp-Source: AGHT+IFbhTW50KRgVyat6DSLm8WcKP5SGRVOuEXvkK7aKlBpUY4fNIDuT0QBWgITYTjIocGx7/JLfrTIGLbnIGFLR8Y=
X-Received: by 2002:a50:d610:0:b0:56d:b687:5a45 with SMTP id
 4fb4d7f45d1cf-5734d597287mr12215509a12.1.1715837593315; Wed, 15 May 2024
 22:33:13 -0700 (PDT)
MIME-Version: 1.0
References: <CABQX2QMVfsZZrHLktZ=MhJ5gG1ATRuSGa+E-CKfXATgU5BwMwQ@mail.gmail.com>
In-Reply-To: <CABQX2QMVfsZZrHLktZ=MhJ5gG1ATRuSGa+E-CKfXATgU5BwMwQ@mail.gmail.com>
From: Gregory Carter <gjcarter2@gmail.com>
Date: Wed, 15 May 2024 22:33:01 -0700
Message-ID: <CAE4jU7geruhw=+e8yg4_CFZ=-OssDnt=kHdJvhPUDB=-q660wg@mail.gmail.com>
Subject: Issues with mid-command buffer preemption
To: dri-devel@lists.freedesktop.org
Content-Type: multipart/alternative; boundary="0000000000003df26d06188b9203"
X-Mailman-Approved-At: Thu, 16 May 2024 07:46:36 +0000
X-BeenThere: dri-devel@lists.freedesktop.org
X-Mailman-Version: 2.1.29
Precedence: list
List-Id: Direct Rendering Infrastructure - Development
 <dri-devel.lists.freedesktop.org>
List-Unsubscribe: <https://lists.freedesktop.org/mailman/options/dri-devel>,
 <mailto:dri-devel-request@lists.freedesktop.org?subject=unsubscribe>
List-Archive: <https://lists.freedesktop.org/archives/dri-devel>
List-Post: <mailto:dri-devel@lists.freedesktop.org>
List-Help: <mailto:dri-devel-request@lists.freedesktop.org?subject=help>
List-Subscribe: <https://lists.freedesktop.org/mailman/listinfo/dri-devel>,
 <mailto:dri-devel-request@lists.freedesktop.org?subject=subscribe>
Errors-To: dri-devel-bounces@lists.freedesktop.org
Sender: "dri-devel" <dri-devel-bounces@lists.freedesktop.org>

--0000000000003df26d06188b9203
Content-Type: text/plain; charset="UTF-8"

This problem on this particular machine can be avoided by using the kernel
command line option amdgpu.mcbp=0

Hardware Description:

12System:
  12Kernel 6.9.0-RX7600XT 12arch x86_64 12bits 64 12compiler gcc 12v
2.41-37.fc40
  12Desktop KDE Plasma 12v 6.0.4 12tk Qt 12v N/A 12wm kwin_wayland 12dm
SDDM 12Distro Fedora Linux 40 (Forty)
12CPU:
  12Info 12-core 12model AMD Ryzen 9 7845HX with Radeon Graphics 12bits 64
12type MT MCP 12arch Zen 4 12rev 2
    12cache 12L1 768 KiB 12L2 12 MiB 12L3 64 MiB
  12Speed (MHz) 12avg 2344 12high 5240 12min/max 400/5298 12cores 121 5200
122 5240 123 4881 124 4676 125 5033 126
400
    127 3478 128 400 129 400 1210 400 1211 3521 1212 400 1213 3475 1214 400
1215 3872 1216 400 1217 400 1218 400 12
19 4124
    1220 400 1221 3970 1222 400 1223 4006 1224 400 12bogomips 143733
  12Flags avx avx2 ht lm nx pae sse sse2 sse3 sse4_1 sse4_2 sse4a ssse3 svm
12Graphics:
  12Device-1 AMD Navi 33 [Radeon RX 7700S/7600/7600S/7600M XT/PRO W7600]
12vendor
Dell 12driver amdgpu
    12v kernel 12arch RDNA-3 12pcie 12speed 16 GT/s 12lanes 8 12ports
12active DP-1,HDMI-A-1,eDP-1
    12empty DP-2,DP-3,Writeback-1 12bus-ID 03:00.0 12chip-ID 1002:7480
  12Device-2 DisplayLink Dell Universal Hybrid Video Dock 12driver
cdc_ncm,snd-usb-audio 12type USB
    12rev 3.2 12speed 5 Gb/s 12lanes 1 12bus-ID 2-1.4.1:5 12chip-ID
17e9:6013
  12Device-3 Realtek Integrated_Webcam_FHD 12driver uvcvideo 12type USB
12rev 2.0 12speed 480 Mb/s 12lanes 1
    12bus-ID 7-1:2 12chip-ID 0bda:555a
  12Display wayland 12server X.org 12v 1.20.14 12with Xwayland 12v 23.2.6
12compositor kwin_wayland 12driver 12X
    12loaded amdgpu 12unloaded fbdev,modesetting,radeon,vesa 12dri radeonsi
12gpu amdgpu 12d-rect 6400x1600
    12display-ID 0
  12Monitor-1 DP-1 12pos center 12res 1920x1080 12size N/A
  12Monitor-2 HDMI-A-1 12pos right 12res 1920x1080 12size N/A
  12Monitor-3 eDP-1 12pos primary,left 12res 2560x1600 12size N/A
  12API EGL 12v 1.5 12platforms 12device 0 12drv radeonsi 12device 1 12drv
swrast 12surfaceless 12drv radeonsi
    12wayland 12drv radeonsi 12x11 12drv radeonsi 12inactive gbm
  12API OpenGL 12v 4.6 12compat-v 4.5 12vendor amd mesa 12v 24.0.7 12glx-v
1.4 12direct-render yes 12renderer AMD
    Radeon RX 7600M XT (radeonsi navi33 LLVM 18.1.1 DRM 3.57
6.9.0-RX7600XT) 12device-ID 1002:7480
    12display-ID :0.0
  12API Vulkan 12v 1.3.280 12surfaces xcb,xlib,wayland 12device 0 12type
discrete-gpu 12driver N/A
    12device-ID 1002:7480 12device 1 12type cpu 12driver N/A 12device-ID
10005:0000

dmesg:

[    0.000000] Linux version 6.9.0-RX7600XT (root@watchman) (gcc (GCC)
14.1.1 20240507 (Red Hat 14.1.1-1), GNU ld v
ersion 2.41-37.fc40) #1 SMP PREEMPT_DYNAMIC Mon May 13 13:51:28 MST 2024
[    0.000000] Command line: BOOT_IMAGE=(hd1,gpt2)/vmlinuz-6.9.0-RX7600XT
root=UUID=ac66d86f-a430-4aef-8f35-53cc5f7
61de5 ro selinux=0 mitigations=off
[    0.000000] BIOS-provided physical RAM map:
[    0.000000] BIOS-e820: [mem 0x0000000000000000-0x000000000009efff]
usable
[    0.000000] BIOS-e820: [mem 0x000000000009f000-0x00000000000bffff]
reserved
[    0.000000] BIOS-e820: [mem 0x0000000000100000-0x0000000009afffff]
usable
[    0.000000] BIOS-e820: [mem 0x0000000009b00000-0x0000000009dfffff]
reserved
[    0.000000] BIOS-e820: [mem 0x0000000009e00000-0x0000000009efffff]
usable
[    0.000000] BIOS-e820: [mem 0x0000000009f00000-0x0000000009f11fff] ACPI
NVS
[    0.000000] BIOS-e820: [mem 0x0000000009f12000-0x00000000a235bfff]
usable
[    0.000000] BIOS-e820: [mem 0x00000000a235c000-0x00000000a455bfff]
reserved
[    0.000000] BIOS-e820: [mem 0x00000000a455c000-0x00000000a456afff]
usable
[    0.000000] BIOS-e820: [mem 0x00000000a456b000-0x00000000a456ffff]
reserved
[    0.000000] BIOS-e820: [mem 0x00000000a4570000-0x00000000b077efff]
usable
[    0.000000] BIOS-e820: [mem 0x00000000b077f000-0x00000000b2f7efff]
reserved
[    0.000000] BIOS-e820: [mem 0x00000000b2f7f000-0x00000000baf7efff] ACPI
NVS
[    0.000000] BIOS-e820: [mem 0x00000000baf7f000-0x00000000baffefff] ACPI
data
[    0.000000] BIOS-e820: [mem 0x00000000bafff000-0x00000000baffffff]
usable
[    0.000000] BIOS-e820: [mem 0x00000000bb000000-0x00000000bbffffff]
reserved
[    0.000000] BIOS-e820: [mem 0x00000000bd7f3000-0x00000000bfffffff]
reserved
[    0.000000] BIOS-e820: [mem 0x00000000e0200000-0x00000000e02fffff]
reserved
[    0.000000] BIOS-e820: [mem 0x00000000fed80000-0x00000000fed80fff]
reserved
[    0.000000] BIOS-e820: [mem 0x00000000ff000000-0x00000000ffffffff]
reserved
[    0.000000] BIOS-e820: [mem 0x0000000100000000-0x000000103de7ffff]
usable
[    0.000000] BIOS-e820: [mem 0x000000103eec0000-0x000000103fffffff]
reserved
[    0.000000] BIOS-e820: [mem 0x0000010000000000-0x00000100201fffff]
reserved
[    0.000000] NX (Execute Disable) protection: active
[    0.000000] APIC: Static calls initialized
[    0.000000] e820: update [mem 0xa0297018-0xa02b2857] usable ==> usable
[    0.000000] extended physical RAM map:
[    0.000000] reserve setup_data: [mem
0x0000000000000000-0x000000000009efff] usable
[    0.000000] reserve setup_data: [mem
0x000000000009f000-0x00000000000bffff] reserved
[    0.000000] reserve setup_data: [mem
0x0000000000100000-0x0000000009afffff] usable
[    0.000000] reserve setup_data: [mem
0x0000000009b00000-0x0000000009dfffff] reserved
[    0.000000] reserve setup_data: [mem
0x0000000009e00000-0x0000000009efffff] usable
[    0.000000] reserve setup_data: [mem
0x0000000009f00000-0x0000000009f11fff] ACPI NVS
[    0.000000] reserve setup_data: [mem
0x0000000009f12000-0x00000000a0297017] usable
[    0.000000] reserve setup_data: [mem
0x00000000a0297018-0x00000000a02b2857] usable
[    0.000000] reserve setup_data: [mem
0x00000000a02b2858-0x00000000a235bfff] usable
[    0.000000] reserve setup_data: [mem
0x00000000a235c000-0x00000000a455bfff] reserved
[    0.000000] reserve setup_data: [mem
0x00000000a455c000-0x00000000a456afff] usable
[    0.000000] reserve setup_data: [mem
0x00000000a456b000-0x00000000a456ffff] reserved
[    0.000000] reserve setup_data: [mem
0x00000000a4570000-0x00000000b077efff] usable
[    0.000000] reserve setup_data: [mem
0x00000000b077f000-0x00000000b2f7efff] reserved
[    0.000000] reserve setup_data: [mem
0x00000000b2f7f000-0x00000000baf7efff] ACPI NVS
[    0.000000] reserve setup_data: [mem
0x00000000baf7f000-0x00000000baffefff] ACPI data
[    0.000000] reserve setup_data: [mem
0x00000000bafff000-0x00000000baffffff] usable
[    0.000000] reserve setup_data: [mem
0x00000000bb000000-0x00000000bbffffff] reserved
[    0.000000] reserve setup_data: [mem
0x00000000bd7f3000-0x00000000bfffffff] reserved
[    0.000000] reserve setup_data: [mem
0x00000000e0200000-0x00000000e02fffff] reserved
[    0.000000] reserve setup_data: [mem
0x00000000fed80000-0x00000000fed80fff] reserved
[    0.000000] reserve setup_data: [mem
0x00000000ff000000-0x00000000ffffffff] reserved
[    0.000000] reserve setup_data: [mem
0x0000000100000000-0x000000103de7ffff] usable
[    0.000000] reserve setup_data: [mem
0x000000103eec0000-0x000000103fffffff] reserved
[    0.000000] reserve setup_data: [mem
0x0000010000000000-0x00000100201fffff] reserved
[    0.000000] efi: EFI v2.8 by Dell Inc.
[    0.000000] efi: ACPI=0xbaffe000 ACPI 2.0=0xbaffe014
TPMFinalLog=0xbaf2c000 SMBIOS=0xb168b000 SMBIOS 3.0=0xb1688
000 MEMATTR=0xa6db7018 ESRT=0xad5e4b98 MOKvar=0xb1895000 RNG=0xbaf8d018
TPMEventLog=0xa4572018
[    0.000000] random: crng init done
[    0.000000] efi: Remove mem61: MMIO range=[0xe0200000-0xe02fffff] (1MB)
from e820 map
[    0.000000] e820: remove [mem 0xe0200000-0xe02fffff] reserved
[    0.000000] efi: Not removing mem62: MMIO range=[0xfed80000-0xfed80fff]
(4KB) from e820 map
[    0.000000] efi: Remove mem63: MMIO range=[0xff000000-0xffffffff] (16MB)
from e820 map
[    0.000000] e820: remove [mem 0xff000000-0xffffffff] reserved
[    0.000000] efi: Remove mem65: MMIO range=[0x10000000000-0x100201fffff]
(514MB) from e820 map
[    0.000000] e820: remove [mem 0x10000000000-0x100201fffff] reserved
[    0.000000] SMBIOS 3.4.0 present.
[    0.000000] DMI: Alienware Alienware m18 R1 AMD/0XY1HF, BIOS 1.13.1
04/23/2024
[    0.000000] tsc: Fast TSC calibration using PIT
[    0.000000] tsc: Detected 2994.441 MHz processor
[    0.000349] e820: update [mem 0x00000000-0x00000fff] usable ==> reserved
[    0.000350] e820: remove [mem 0x000a0000-0x000fffff] usable
[    0.000355] last_pfn = 0x103de80 max_arch_pfn = 0x400000000
[    0.000360] MTRR map: 7 entries (3 fixed + 4 variable; max 20), built
from 9 variable MTRRs
[    0.000361] x86/PAT: Configuration [0-7]: WB  WC  UC- UC  WB  WP  UC- WT

[    0.000875] last_pfn = 0xbb000 max_arch_pfn = 0x400000000
[    0.003318] esrt: Reserving ESRT space from 0x00000000ad5e4b98 to
0x00000000ad5e4c20.
[    0.003324] e820: update [mem 0xad5e4000-0xad5e4fff] usable ==> reserved
[    0.003336] Using GB pages for direct mapping
[    0.003637] Secure boot disabled
[    0.003637] RAMDISK: [mem 0x82f25000-0x9437efff]
[    0.003641] ACPI: Early table checksum verification disabled
[    0.003643] ACPI: RSDP 0x00000000BAFFE014 000024 (v02 ALWARE)
[    0.003646] ACPI: XSDT 0x00000000BAF93228 000184 (v01 ALWARE WN09
    00000002      01000013)
[    0.003650] ACPI: FACP 0x00000000BAFED000 00010C (v05 ALWARE WN09
    00000002 ASL  00040000)
[    0.003653] ACPI: DSDT 0x00000000BAFD9000 00D44D (v02 ALWARE WN09
    00000002 ASL  00040000)
[    0.003655] ACPI: FACS 0x00000000BAE61000 000040
[    0.003656] ACPI: UEFI 0x00000000BAF7E000 000236 (v01 ALWARE WN09
    00000001 ASL  00040000)
[    0.003657] ACPI: IVRS 0x00000000BAFFC000 0001A4 (v02 ALWARE WN09
    00000001 ASL  00040000)
[    0.003659] ACPI: SSDT 0x00000000BAFF4000 007F51 (v02 ALWARE WN09
    00000002 ACPI 00040000)
[    0.003660] ACPI: SSDT 0x00000000BAFF3000 000573 (v02 ALWARE WN09
    00000001 ACPI 00040000)
[    0.003661] ACPI: SSDT 0x00000000BAFF2000 00044B (v01 ALWARE WN09
    00001000 ACPI 00040000)
[    0.003663] ACPI: TPM2 0x00000000BAFF1000 000034 (v04 ALWARE WN09
    00000002 ASL  00040000)
[    0.003664] ACPI: MSDM 0x00000000BAFF0000 000055 (v03 ALWARE WN09
    00000001 ASL  00040000)
[    0.003665] ACPI: ASF! 0x00000000BAFEF000 0000A5 (v32 ALWARE WN09
    00000002 ASL  00040000)
[    0.003666] ACPI: BOOT 0x00000000BAFEE000 000028 (v01 ALWARE WN09
    00000002 ASL  00040000)
[    0.003668] ACPI: HPET 0x00000000BAFEC000 000038 (v01 ALWARE WN09
    00000002 ASL  00040000)
[    0.003669] ACPI: APIC 0x00000000BAFEB000 000222 (v03 ALWARE WN09
    00000002 ASL  00040000)
[    0.003670] ACPI: MCFG 0x00000000BAFEA000 00003C (v01 ALWARE WN09
    00000002 ASL  00040000)
[    0.003671] ACPI: SLIC 0x00000000BAFE9000 000176 (v01 ALWARE WN09
    00000002 ASL  00040000)
[    0.003673] ACPI: VFCT 0x00000000BAFCA000 00E284 (v01 ALWARE WN09
    00000001 ASL  00040000)
[    0.003674] ACPI: SSDT 0x00000000BAFC9000 0000F8 (v01 ALWARE WN09
    00001000 ACPI 00040000)
[    0.003675] ACPI: SSDT 0x00000000BAFC1000 0074CE (v02 ALWARE WN09
    00000001 ACPI 00040000)
[    0.003676] ACPI: CRAT 0x00000000BAFBF000 001650 (v01 ALWARE WN09
    00000001 ASL  00040000)
[    0.003678] ACPI: CDIT 0x00000000BAFFD000 000029 (v01 ALWARE WN09
    00000001 ASL  00040000)
[    0.003679] ACPI: SSDT 0x00000000BAFBD000 0008A2 (v02 ALWARE WN09
    00000001 ACPI 00040000)
[    0.003680] ACPI: SSDT 0x00000000BAFBB000 001C37 (v02 ALWARE WN09
    00000001 ACPI 00040000)
[    0.003681] ACPI: SSDT 0x00000000BAFBA000 000788 (v02 ALWARE WN09
    00000001 ACPI 00040000)
[    0.003683] ACPI: SSDT 0x00000000BAFB9000 00076A (v02 ALWARE WN09
    00000001 ACPI 00040000)
[    0.003684] ACPI: SSDT 0x00000000BAFAE000 00ABA7 (v02 ALWARE WN09
    00000002 ACPI 00040000)
[    0.003685] ACPI: SSDT 0x00000000BAFA4000 00963D (v02 ALWARE WN09
    00000001 ACPI 00040000)
[    0.003687] ACPI: FPDT 0x00000000BAFA3000 000044 (v01 ALWARE WN09
    00000002 ASL  00040000)
[    0.003688] ACPI: SSDT 0x00000000BAF9F000 0022AD (v02 ALWARE WN09
    00000001 ACPI 00040000)
[    0.003689] ACPI: SSDT 0x00000000BAFE8000 000FE1 (v02 ALWARE WN09
    00000001 ACPI 00040000)
[    0.003691] ACPI: SSDT 0x00000000BAFE7000 000FE1 (v02 ALWARE WN09
    00000001 ACPI 00040000)
[    0.003692] ACPI: SSDT 0x00000000BAF9D000 001BAF (v02 ALWARE WN09
    00000001 ACPI 00040000)
[    0.003693] ACPI: SSDT 0x00000000BAF9C000 0006DA (v02 ALWARE WN09
    00000001 ACPI 00040000)
[    0.003695] ACPI: SSDT 0x00000000BAF9B000 000946 (v02 ALWARE WN09
    00000001 ACPI 00040000)
[    0.003696] ACPI: SSDT 0x00000000BAF9A000 00008D (v02 ALWARE WN09
    00000001 ACPI 00040000)
[    0.003697] ACPI: SSDT 0x00000000BAF99000 00066F (v02 ALWARE WN09
    00000001 ACPI 00040000)
[    0.003698] ACPI: SSDT 0x00000000BAF98000 000730 (v02 ALWARE WN09
    00000001 ACPI 00040000)
[    0.003700] ACPI: SSDT 0x00000000BAF97000 000BEB (v02 ALWARE WN09
    00000001 ACPI 00040000)
[    0.003701] ACPI: SSDT 0x00000000BAF96000 0005E6 (v02 ALWARE WN09
    00000001 ACPI 00040000)
[    0.003702] ACPI: SSDT 0x00000000BAF95000 00047A (v02 ALWARE WN09
    00000001 ACPI 00040000)
[    0.003704] ACPI: SSDT 0x00000000BAF94000 000877 (v02 ALWARE WN09
    00000001 ACPI 00040000)
[    0.003705] ACPI: SSDT 0x00000000BAF91000 00102E (v02 ALWARE WN09
    00000001 ACPI 00040000)
[    0.003706] ACPI: SSDT 0x00000000BAF8F000 0011AA (v01 ALWARE WN09
    00000001 ACPI 00040000)
[    0.003707] ACPI: SSDT 0x00000000BAFBE000 000087 (v01 ALWARE WN09
    00000001 ACPI 00040000)
[    0.003709] ACPI: SSDT 0x00000000BAF8E000 0000E5 (v01 ALWARE WN09
    00000001 ACPI 00040000)
[    0.003710] ACPI: BGRT 0x00000000BAFA2000 000038 (v01 ALWARE WN09
    00000002 ASL  00040000)
[    0.003711] ACPI: Reserving FACP table memory at [mem
0xbafed000-0xbafed10b]
[    0.003712] ACPI: Reserving DSDT table memory at [mem
0xbafd9000-0xbafe644c]
[    0.003712] ACPI: Reserving FACS table memory at [mem
0xbae61000-0xbae6103f]
[    0.003713] ACPI: Reserving UEFI table memory at [mem
0xbaf7e000-0xbaf7e235]
[    0.003713] ACPI: Reserving IVRS table memory at [mem
0xbaffc000-0xbaffc1a3]
[    0.003714] ACPI: Reserving SSDT table memory at [mem
0xbaff4000-0xbaffbf50]
[    0.003714] ACPI: Reserving SSDT table memory at [mem
0xbaff3000-0xbaff3572]
[    0.003714] ACPI: Reserving SSDT table memory at [mem
0xbaff2000-0xbaff244a]
[    0.003715] ACPI: Reserving TPM2 table memory at [mem
0xbaff1000-0xbaff1033]
[    0.003715] ACPI: Reserving MSDM table memory at [mem
0xbaff0000-0xbaff0054]
[    0.003715] ACPI: Reserving ASF! table memory at [mem
0xbafef000-0xbafef0a4]
[    0.003716] ACPI: Reserving BOOT table memory at [mem
0xbafee000-0xbafee027]
[    0.003716] ACPI: Reserving HPET table memory at [mem
0xbafec000-0xbafec037]
[    0.003717] ACPI: Reserving APIC table memory at [mem
0xbafeb000-0xbafeb221]
[    0.003717] ACPI: Reserving MCFG table memory at [mem
0xbafea000-0xbafea03b]
[    0.003717] ACPI: Reserving SLIC table memory at [mem
0xbafe9000-0xbafe9175]
[    0.003718] ACPI: Reserving VFCT table memory at [mem
0xbafca000-0xbafd8283]
[    0.003718] ACPI: Reserving SSDT table memory at [mem
0xbafc9000-0xbafc90f7]
[    0.003719] ACPI: Reserving SSDT table memory at [mem
0xbafc1000-0xbafc84cd]
[    0.003719] ACPI: Reserving CRAT table memory at [mem
0xbafbf000-0xbafc064f]
[    0.003719] ACPI: Reserving CDIT table memory at [mem
0xbaffd000-0xbaffd028]
[    0.003720] ACPI: Reserving SSDT table memory at [mem
0xbafbd000-0xbafbd8a1]
[    0.003720] ACPI: Reserving SSDT table memory at [mem
0xbafbb000-0xbafbcc36]
[    0.003721] ACPI: Reserving SSDT table memory at [mem
0xbafba000-0xbafba787]
[    0.003721] ACPI: Reserving SSDT table memory at [mem
0xbafb9000-0xbafb9769]
[    0.003721] ACPI: Reserving SSDT table memory at [mem
0xbafae000-0xbafb8ba6]
[    0.003722] ACPI: Reserving SSDT table memory at [mem
0xbafa4000-0xbafad63c]
[    0.003722] ACPI: Reserving FPDT table memory at [mem
0xbafa3000-0xbafa3043]
[    0.003723] ACPI: Reserving SSDT table memory at [mem
0xbaf9f000-0xbafa12ac]
[    0.003723] ACPI: Reserving SSDT table memory at [mem
0xbafe8000-0xbafe8fe0]
[    0.003723] ACPI: Reserving SSDT table memory at [mem
0xbafe7000-0xbafe7fe0]
[    0.003724] ACPI: Reserving SSDT table memory at [mem
0xbaf9d000-0xbaf9ebae]
[    0.003724] ACPI: Reserving SSDT table memory at [mem
0xbaf9c000-0xbaf9c6d9]
[    0.003725] ACPI: Reserving SSDT table memory at [mem
0xbaf9b000-0xbaf9b945]
[    0.003725] ACPI: Reserving SSDT table memory at [mem
0xbaf9a000-0xbaf9a08c]
[    0.003725] ACPI: Reserving SSDT table memory at [mem
0xbaf99000-0xbaf9966e]
[    0.003726] ACPI: Reserving SSDT table memory at [mem
0xbaf98000-0xbaf9872f]
[    0.003726] ACPI: Reserving SSDT table memory at [mem
0xbaf97000-0xbaf97bea]
[    0.003727] ACPI: Reserving SSDT table memory at [mem
0xbaf96000-0xbaf965e5]
[    0.003727] ACPI: Reserving SSDT table memory at [mem
0xbaf95000-0xbaf95479]
[    0.003727] ACPI: Reserving SSDT table memory at [mem
0xbaf94000-0xbaf94876]
[    0.003728] ACPI: Reserving SSDT table memory at [mem
0xbaf91000-0xbaf9202d]
[    0.003728] ACPI: Reserving SSDT table memory at [mem
0xbaf8f000-0xbaf901a9]
[    0.003729] ACPI: Reserving SSDT table memory at [mem
0xbafbe000-0xbafbe086]
[    0.003729] ACPI: Reserving SSDT table memory at [mem
0xbaf8e000-0xbaf8e0e4]
[    0.003729] ACPI: Reserving BGRT table memory at [mem
0xbafa2000-0xbafa2037]
[    0.003784] No NUMA configuration found
[    0.003784] Faking a node at [mem 0x0000000000000000-0x000000103de7ffff]
[    0.003788] NODE_DATA(0) allocated [mem 0x103de55000-0x103de7ffff]
[    0.003941] Zone ranges:
[    0.003942]   DMA      [mem 0x0000000000001000-0x0000000000ffffff]
[    0.003943]   DMA32    [mem 0x0000000001000000-0x00000000ffffffff]
[    0.003943]   Normal   [mem 0x0000000100000000-0x000000103de7ffff]
[    0.003944]   Device   empty
[    0.003945] Movable zone start for each node
[    0.003946] Early memory node ranges
[    0.003946]   node   0: [mem 0x0000000000001000-0x000000000009efff]
[    0.003947]   node   0: [mem 0x0000000000100000-0x0000000009afffff]
[    0.003947]   node   0: [mem 0x0000000009e00000-0x0000000009efffff]
[    0.003948]   node   0: [mem 0x0000000009f12000-0x00000000a235bfff]
[    0.003948]   node   0: [mem 0x00000000a455c000-0x00000000a456afff]
[    0.003949]   node   0: [mem 0x00000000a4570000-0x00000000b077efff]
[    0.003949]   node   0: [mem 0x00000000bafff000-0x00000000baffffff]
[    0.003949]   node   0: [mem 0x0000000100000000-0x000000103de7ffff]
[    0.003953] Initmem setup node 0 [mem
0x0000000000001000-0x000000103de7ffff]
[    0.003957] On node 0, zone DMA: 1 pages in unavailable ranges
[    0.003970] On node 0, zone DMA: 97 pages in unavailable ranges
[    0.004082] On node 0, zone DMA32: 768 pages in unavailable ranges
[    0.006011] On node 0, zone DMA32: 18 pages in unavailable ranges
[    0.006061] On node 0, zone DMA32: 8704 pages in unavailable ranges
[    0.006229] On node 0, zone DMA32: 5 pages in unavailable ranges
[    0.006477] On node 0, zone DMA32: 43136 pages in unavailable ranges
[    0.058266] On node 0, zone Normal: 20480 pages in unavailable ranges
[    0.058317] On node 0, zone Normal: 8576 pages in unavailable ranges
[    0.059186] ACPI: PM-Timer IO Port: 0x408
[    0.059192] CPU topo: Ignoring hot-pluggable APIC ID 0 in present
package.
[    0.059195] ACPI: LAPIC_NMI (acpi_id[0x00] high edge lint[0x1])
[    0.059196] ACPI: LAPIC_NMI (acpi_id[0x01] high edge lint[0x1])
[    0.059196] ACPI: LAPIC_NMI (acpi_id[0x02] high edge lint[0x1])
[    0.059197] ACPI: LAPIC_NMI (acpi_id[0x03] high edge lint[0x1])
[    0.059197] ACPI: LAPIC_NMI (acpi_id[0x04] high edge lint[0x1])
[    0.059197] ACPI: LAPIC_NMI (acpi_id[0x05] high edge lint[0x1])
[    0.059198] ACPI: LAPIC_NMI (acpi_id[0x06] high edge lint[0x1])
[    0.059198] ACPI: LAPIC_NMI (acpi_id[0x07] high edge lint[0x1])
[    0.059199] ACPI: LAPIC_NMI (acpi_id[0x08] high edge lint[0x1])
[    0.059199] ACPI: LAPIC_NMI (acpi_id[0x09] high edge lint[0x1])
[    0.059200] ACPI: LAPIC_NMI (acpi_id[0x0a] high edge lint[0x1])
[    0.059200] ACPI: LAPIC_NMI (acpi_id[0x0b] high edge lint[0x1])
[    0.059200] ACPI: LAPIC_NMI (acpi_id[0x0c] high edge lint[0x1])
[    0.059201] ACPI: LAPIC_NMI (acpi_id[0x0d] high edge lint[0x1])
[    0.059201] ACPI: LAPIC_NMI (acpi_id[0x0e] high edge lint[0x1])
[    0.059201] ACPI: LAPIC_NMI (acpi_id[0x0f] high edge lint[0x1])
[    0.059202] ACPI: LAPIC_NMI (acpi_id[0x10] high edge lint[0x1])
[    0.059202] ACPI: LAPIC_NMI (acpi_id[0x11] high edge lint[0x1])
[    0.059203] ACPI: LAPIC_NMI (acpi_id[0x12] high edge lint[0x1])
[    0.059203] ACPI: LAPIC_NMI (acpi_id[0x13] high edge lint[0x1])
[    0.059203] ACPI: LAPIC_NMI (acpi_id[0x14] high edge lint[0x1])
[    0.059204] ACPI: LAPIC_NMI (acpi_id[0x15] high edge lint[0x1])
[    0.059204] ACPI: LAPIC_NMI (acpi_id[0x16] high edge lint[0x1])
[    0.059204] ACPI: LAPIC_NMI (acpi_id[0x17] high edge lint[0x1])
[    0.059205] ACPI: LAPIC_NMI (acpi_id[0x18] high edge lint[0x1])
[    0.059205] ACPI: LAPIC_NMI (acpi_id[0x19] high edge lint[0x1])
[    0.059206] ACPI: LAPIC_NMI (acpi_id[0x1a] high edge lint[0x1])
[    0.059206] ACPI: LAPIC_NMI (acpi_id[0x1b] high edge lint[0x1])
[    0.059206] ACPI: LAPIC_NMI (acpi_id[0x1c] high edge lint[0x1])
[    0.059207] ACPI: LAPIC_NMI (acpi_id[0x1d] high edge lint[0x1])
[    0.059207] ACPI: LAPIC_NMI (acpi_id[0x1e] high edge lint[0x1])
[    0.059207] ACPI: LAPIC_NMI (acpi_id[0x1f] high edge lint[0x1])
[    0.059218] IOAPIC[0]: apic_id 32, version 33, address 0xfec00000, GSI
0-23
[    0.059221] IOAPIC[1]: apic_id 33, version 33, address 0xfec01000, GSI
24-55
[    0.059222] ACPI: INT_SRC_OVR (bus 0 bus_irq 1 global_irq 1 low edge)
[    0.059224] ACPI: INT_SRC_OVR (bus 0 bus_irq 0 global_irq 2 dfl dfl)
[    0.059224] ACPI: INT_SRC_OVR (bus 0 bus_irq 9 global_irq 9 low level)
[    0.059227] ACPI: Using ACPI (MADT) for SMP configuration information
[    0.059227] ACPI: HPET id: 0x10228210 base: 0xfed00000
[    0.059234] e820: update [mem 0xa6e4f000-0xa70d4fff] usable ==> reserved
[    0.059245] CPU topo: Max. logical packages:   1
[    0.059246] CPU topo: Max. logical dies:       1
[    0.059246] CPU topo: Max. dies per package:   1
[    0.059248] CPU topo: Max. threads per core:   2
[    0.059249] CPU topo: Num. cores per package:    12
[    0.059249] CPU topo: Num. threads per package:  24
[    0.059249] CPU topo: Allowing 24 present CPUs plus 0 hotplug CPUs
[    0.059250] CPU topo: Rejected CPUs 8
[    0.059264] PM: hibernation: Registered nosave memory: [mem
0x00000000-0x00000fff]
[    0.059265] PM: hibernation: Registered nosave memory: [mem
0x0009f000-0x000bffff]
[    0.059266] PM: hibernation: Registered nosave memory: [mem
0x000c0000-0x000fffff]
[    0.059267] PM: hibernation: Registered nosave memory: [mem
0x09b00000-0x09dfffff]
[    0.059268] PM: hibernation: Registered nosave memory: [mem
0x09f00000-0x09f11fff]
[    0.059268] PM: hibernation: Registered nosave memory: [mem
0xa0297000-0xa0297fff]
[    0.059269] PM: hibernation: Registered nosave memory: [mem
0xa02b2000-0xa02b2fff]
[    0.059270] PM: hibernation: Registered nosave memory: [mem
0xa235c000-0xa455bfff]
[    0.059271] PM: hibernation: Registered nosave memory: [mem
0xa456b000-0xa456ffff]
[    0.059272] PM: hibernation: Registered nosave memory: [mem
0xa6e4f000-0xa70d4fff]
[    0.059273] PM: hibernation: Registered nosave memory: [mem
0xad5e4000-0xad5e4fff]
[    0.059274] PM: hibernation: Registered nosave memory: [mem
0xb077f000-0xb2f7efff]
[    0.059274] PM: hibernation: Registered nosave memory: [mem
0xb2f7f000-0xbaf7efff]
[    0.059275] PM: hibernation: Registered nosave memory: [mem
0xbaf7f000-0xbaffefff]
[    0.059276] PM: hibernation: Registered nosave memory: [mem
0xbb000000-0xbbffffff]
[    0.059276] PM: hibernation: Registered nosave memory: [mem
0xbc000000-0xbd7f2fff]
[    0.059276] PM: hibernation: Registered nosave memory: [mem
0xbd7f3000-0xbfffffff]
[    0.059277] PM: hibernation: Registered nosave memory: [mem
0xc0000000-0xfed7ffff]
[    0.059277] PM: hibernation: Registered nosave memory: [mem
0xfed80000-0xfed80fff]
[    0.059277] PM: hibernation: Registered nosave memory: [mem
0xfed81000-0xffffffff]
[    0.059278] [mem 0xc0000000-0xfed7ffff] available for PCI devices
[    0.059279] Booting paravirtualized kernel on bare hardware
[    0.059281] clocksource: refined-jiffies: mask: 0xffffffff max_cycles:
0xffffffff, max_idle_ns: 1910969940391419
ns
[    0.062760] setup_percpu: NR_CPUS:8192 nr_cpumask_bits:24 nr_cpu_ids:24
nr_node_ids:1
[    0.063401] percpu: Embedded 66 pages/cpu s233472 r8192 d28672 u524288
[    0.063405] pcpu-alloc: s233472 r8192 d28672 u524288 alloc=1*2097152
[    0.063407] pcpu-alloc: [0] 00 01 02 03 [0] 04 05 06 07
[    0.063409] pcpu-alloc: [0] 08 09 10 11 [0] 12 13 14 15
[    0.063412] pcpu-alloc: [0] 16 17 18 19 [0] 20 21 22 23
[    0.063427] Kernel command line:
BOOT_IMAGE=(hd1,gpt2)/vmlinuz-6.9.0-RX7600XT
root=UUID=ac66d86f-a430-4aef-8f35-
53cc5f761de5 ro selinux=0 mitigations=off
[    0.063472] Unknown kernel command line parameters
"BOOT_IMAGE=(hd1,gpt2)/vmlinuz-6.9.0-RX7600XT", will be passe
d to user space.
[    0.066143] Dentry cache hash table entries: 8388608 (order: 14,
67108864 bytes, linear)
[    0.067378] Inode-cache hash table entries: 4194304 (order: 13, 33554432
bytes, linear)
[    0.067481] Fallback order for Node 0: 0
[    0.067486] Built 1 zonelists, mobility grouping on.  Total pages:
16434405
[    0.067487] Policy zone: Normal
[    0.067579] mem auto-init: stack:all(zero), heap alloc:off, heap
free:off
[    0.067614] software IO TLB: area num 32.
[    0.122263] Memory: 65150360K/66781724K available (20480K kernel code,
3317K rwdata, 15092K rodata, 4580K init,
4732K bss, 1631104K reserved, 0K cma-reserved)
[    0.122380] SLUB: HWalign=64, Order=0-3, MinObjects=0, CPUs=24, Nodes=1
[    0.122405] ftrace: allocating 55275 entries in 216 pages
[    0.129909] ftrace: allocated 216 pages with 4 groups
[    0.130500] Dynamic Preempt: voluntary
[    0.130551] rcu: Preemptible hierarchical RCU implementation.
[    0.130551] rcu:     RCU restricting CPUs from NR_CPUS=8192 to
nr_cpu_ids=24.
[    0.130552]  Trampoline variant of Tasks RCU enabled.
[    0.130553]  Rude variant of Tasks RCU enabled.
[    0.130553]  Tracing variant of Tasks RCU enabled.
[    0.130554] rcu: RCU calculated value of scheduler-enlistment delay is
100 jiffies.
[    0.130554] rcu: Adjusting geometry for rcu_fanout_leaf=16,
nr_cpu_ids=24
[    0.130561] RCU Tasks: Setting shift to 5 and lim to 1
rcu_task_cb_adjust=1.
[    0.130562] RCU Tasks Rude: Setting shift to 5 and lim to 1
rcu_task_cb_adjust=1.
[    0.130564] RCU Tasks Trace: Setting shift to 5 and lim to 1
rcu_task_cb_adjust=1.
[    0.132885] NR_IRQS: 524544, nr_irqs: 1160, preallocated irqs: 16
[    0.133061] rcu: srcu_init: Setting srcu_struct sizes based on
contention.
[    0.133198] kfence: initialized - using 2097152 bytes for 255 objects at
0x(____ptrval____)-0x(____ptrval____)
[    0.133221] Console: colour dummy device 80x25
[    0.133222] printk: legacy console [tty0] enabled
[    0.133498] ACPI: Core revision 20230628
[    0.133678] clocksource: hpet: mask: 0xffffffff max_cycles: 0xffffffff,
max_idle_ns: 133484873504 ns
[    0.133691] APIC: Switch to symmetric I/O mode setup
[    0.134267] AMD-Vi: ivrs, add hid:AMDI0020, uid:\_SB.FUR0, rdevid:160
[    0.134269] AMD-Vi: ivrs, add hid:AMDI0020, uid:\_SB.FUR1, rdevid:160
[    0.134270] AMD-Vi: ivrs, add hid:AMDI0020, uid:\_SB.FUR2, rdevid:160
[    0.134271] AMD-Vi: ivrs, add hid:AMDI0020, uid:\_SB.FUR3, rdevid:160
[    0.134272] AMD-Vi: Using global IVHD EFR:0x246577efa2254afa, EFR2:0x0
[    0.134498] x2apic: IRQ remapping doesn't support X2APIC mode
[    0.134504] APIC: Switched APIC routing to: physical flat
[    0.135217] ..TIMER: vector=0x30 apic1=0 pin1=2 apic2=-1 pin2=-1
[    0.139697] clocksource: tsc-early: mask: 0xffffffffffffffff max_cycles:
0x2b29c2378fd, max_idle_ns: 44079529291
3 ns
[    0.139700] Calibrating delay loop (skipped), value calculated using
timer frequency.. 5988.88 BogoMIPS (lpj=299
4441)
[    0.139712] x86/cpu: User Mode Instruction Prevention (UMIP) activated
[    0.139752] LVT offset 1 assigned for vector 0xf9
[    0.139877] LVT offset 2 assigned for vector 0xf4
[    0.139915] Last level iTLB entries: 4KB 512, 2MB 512, 4MB 256
[    0.139916] Last level dTLB entries: 4KB 3072, 2MB 3072, 4MB 1536, 1GB 0
[    0.139918] process: using mwait in idle threads
[    0.139921] Spectre V2 : User space: Vulnerable
[    0.139922] Speculative Store Bypass: Vulnerable
[    0.139926] x86/fpu: Supporting XSAVE feature 0x001: 'x87 floating point
registers'
[    0.139928] x86/fpu: Supporting XSAVE feature 0x002: 'SSE registers'
[    0.139929] x86/fpu: Supporting XSAVE feature 0x004: 'AVX registers'
[    0.139930] x86/fpu: Supporting XSAVE feature 0x020: 'AVX-512 opmask'
[    0.139931] x86/fpu: Supporting XSAVE feature 0x040: 'AVX-512 Hi256'
[    0.139932] x86/fpu: Supporting XSAVE feature 0x080: 'AVX-512 ZMM_Hi256'
[    0.139933] x86/fpu: Supporting XSAVE feature 0x200: 'Protection Keys
User registers'
[    0.139934] x86/fpu: Supporting XSAVE feature 0x800: 'Control-flow User
registers'
[    0.139936] x86/fpu: xstate_offset[2]:  576, xstate_sizes[2]:  256
[    0.139937] x86/fpu: xstate_offset[5]:  832, xstate_sizes[5]:   64
[    0.139938] x86/fpu: xstate_offset[6]:  896, xstate_sizes[6]:  512
[    0.139939] x86/fpu: xstate_offset[7]: 1408, xstate_sizes[7]: 1024
[    0.139940] x86/fpu: xstate_offset[9]: 2432, xstate_sizes[9]:    8
[    0.139941] x86/fpu: xstate_offset[11]: 2440, xstate_sizes[11]:   16
[    0.139942] x86/fpu: Enabled xstate features 0xae7, context size is 2456
bytes, using 'compacted' format.
[    0.152488] Freeing SMP alternatives memory: 48K
[    0.152490] pid_max: default: 32768 minimum: 301
[    0.153717] LSM: initializing
lsm=lockdown,capability,yama,bpf,landlock,ima,evm
[    0.153731] Yama: becoming mindful.
[    0.153734] LSM support for eBPF active
[    0.153735] landlock: Up and running.
[    0.153801] Mount-cache hash table entries: 131072 (order: 8, 1048576
bytes, linear)
[    0.153859] Mountpoint-cache hash table entries: 131072 (order: 8,
1048576 bytes, linear)
[    0.258511] smpboot: CPU0: AMD Ryzen 9 7845HX with Radeon Graphics
(family: 0x19, model: 0x61, stepping: 0x2)
[    0.258603] Performance Events: Fam17h+ 16-deep LBR, core perfctr, AMD
PMU driver.
[    0.258615] ... version:                2
[    0.258616] ... bit width:              48
[    0.258616] ... generic registers:      6
[    0.258617] ... value mask:             0000ffffffffffff
[    0.258618] ... max period:             00007fffffffffff
[    0.258619] ... fixed-purpose events:   0
[    0.258619] ... event mask:             000000000000003f
[    0.258660] signal: max sigframe size: 3376
[    0.258672] rcu: Hierarchical SRCU implementation.
[    0.258673] rcu:     Max phase no-delay instances is 400.
[    0.258699] NMI watchdog: Enabled. Permanently consumes one hw-PMU
counter.
[    0.258699] smp: Bringing up secondary CPUs ...
[    0.258699] smpboot: x86: Booting SMP configuration:
[    0.258699] .... node  #0, CPUs:        #2  #4  #6  #8 #10 #12 #14 #16
#18 #20 #22  #1  #3  #5  #7  #9 #11 #13 #
15 #17 #19 #21 #23
[    0.284722] smp: Brought up 1 node, 24 CPUs
[    0.284722] smpboot: Total of 24 processors activated (143733.16
BogoMIPS)
[    0.285983] devtmpfs: initialized
[    0.286723] x86/mm: Memory block size: 2048MB
[    0.287113] ACPI: PM: Registering ACPI NVS region [mem
0x09f00000-0x09f11fff] (73728 bytes)
[    0.287113] ACPI: PM: Registering ACPI NVS region [mem
0xb2f7f000-0xbaf7efff] (134217728 bytes)
[    0.287221] clocksource: jiffies: mask: 0xffffffff max_cycles:
0xffffffff, max_idle_ns: 1911260446275000 ns
[    0.287225] futex hash table entries: 8192 (order: 7, 524288 bytes,
linear)
[    0.287274] pinctrl core: initialized pinctrl subsystem
[    0.287747] PM: RTC time: 18:01:30, date: 2024-05-15
[    0.287917] NET: Registered PF_NETLINK/PF_ROUTE protocol family
[    0.287967] DMA: preallocated 4096 KiB GFP_KERNEL pool for atomic
allocations
[    0.287970] DMA: preallocated 4096 KiB GFP_KERNEL|GFP_DMA pool for
atomic allocations
[    0.287973] DMA: preallocated 4096 KiB GFP_KERNEL|GFP_DMA32 pool for
atomic allocations
[    0.287980] audit: initializing netlink subsys (disabled)
[    0.287983] audit: type=2000 audit(1715796090.153:1): state=initialized
audit_enabled=0 res=1
[    0.287983] thermal_sys: Registered thermal governor 'fair_share'
[    0.287983] thermal_sys: Registered thermal governor 'bang_bang'
[    0.287983] thermal_sys: Registered thermal governor 'step_wise'
[    0.287983] thermal_sys: Registered thermal governor 'user_space'
[    0.287983] cpuidle: using governor menu
[    0.287983] Simple Boot Flag at 0x44 set to 0x80
[    0.287983] acpiphp: ACPI Hot Plug PCI Controller Driver version: 0.5
[    0.287983] PCI: ECAM [mem 0xf0000000-0xf7ffffff] (base 0xf0000000) for
domain 0000 [bus 00-7f]
[    0.287983] PCI: not using ECAM ([mem 0xf0000000-0xf7ffffff] not
reserved)
[    0.287983] PCI: Using configuration type 1 for base access
[    0.287983] PCI: Using configuration type 1 for extended access
[    0.287983] kprobes: kprobe jump-optimization is enabled. All kprobes
are optimized if possible.
[    0.287983] HugeTLB: registered 1.00 GiB page size, pre-allocated 0
pages
[    0.287983] HugeTLB: 16380 KiB vmemmap can be freed for a 1.00 GiB page
[    0.287983] HugeTLB: registered 2.00 MiB page size, pre-allocated 0
pages
[    0.287983] HugeTLB: 28 KiB vmemmap can be freed for a 2.00 MiB page
[    0.287983] Demotion targets for Node 0: null
[    0.287983] cryptd: max_cpu_qlen set to 1000
[    0.287983] raid6: skipped pq benchmark and selected avx512x4
[    0.287983] raid6: using avx512x2 recovery algorithm
[    0.287983] fbcon: Taking over console
[    0.287983] ACPI: Added _OSI(Module Device)
[    0.287983] ACPI: Added _OSI(Processor Device)
[    0.287983] ACPI: Added _OSI(3.0 _SCP Extensions)
[    0.287983] ACPI: Added _OSI(Processor Aggregator Device)
[    0.291401] ACPI BIOS Error (bug): Could not resolve symbol
[\_SB.PCI0.LPC0.EC0], AE_NOT_FOUND (20230628/dswload
2-162)
[    0.291405] ACPI Error: AE_NOT_FOUND, During name lookup/catalog
(20230628/psobject-220)
[    0.291407] ACPI: Skipping parse of AML opcode: OpcodeName unavailable
(0x0010)
[    0.293053] ACPI BIOS Error (bug): Failure creating named object
[\_SB.PCI0.GPP0._PRW], AE_ALREADY_EXISTS (20230
628/dswload2-326)
[    0.293056] ACPI Error: AE_ALREADY_EXISTS, During name lookup/catalog
(20230628/psobject-220)
[    0.293503] ACPI: 29 ACPI AML tables successfully acquired and loaded
[    0.293607] ACPI Error: AE_NOT_FOUND, While resolving a named reference
package element - \_SB_.PCI0.GPP2.UP00.D
P00.U4UP.U4P3.UHI0 (20230628/dspkginit-438)
[    0.293616] ACPI Error: AE_NOT_FOUND, While resolving a named reference
package element - \_SB_.PCI0.GPP2.UP00.D
P00.U4UP.U4P3.UHI0 (20230628/dspkginit-438)
[    0.293624] ACPI Error: AE_NOT_FOUND, While resolving a named reference
package element - \_SB_.PCI0.GPP2.UP00.D
P00.U4UP.U4P3.UHI0 (20230628/dspkginit-438)
[    0.293634] ACPI Error: AE_NOT_FOUND, While resolving a named reference
package element - \_SB_.PCI0.GPP2.UP00.D
P00.U4UP.U4P3.UHI0 (20230628/dspkginit-438)
[    0.293638] ACPI Error: AE_NOT_FOUND, While resolving a named reference
package element - \_SB_.PCI0.GPP2.UP00.D
P00.U4UP.U4P3.UHI0 (20230628/dspkginit-438)
[    0.296820] ACPI: [Firmware Bug]: BIOS _OSI(Linux) query ignored
[    0.432406] ACPI: _OSC evaluation for CPUs failed, trying _PDC
[    0.432607] ACPI: EC: EC started
[    0.432608] ACPI: EC: interrupt blocked
[    0.435765] ACPI: EC: EC_CMD/EC_SC=0x66, EC_DATA=0x62
[    0.435767] ACPI: \_SB_.PCI0.LPC0.EC__: Boot DSDT EC used to handle
transactions
[    0.435769] ACPI: Interpreter enabled
[    0.435782] ACPI: PM: (supports S0 S4 S5)
[    0.435784] ACPI: Using IOAPIC for interrupt routing
[    0.436152] PCI: ECAM [mem 0xf0000000-0xf7ffffff] (base 0xf0000000) for
domain 0000 [bus 00-7f]
[    0.437055] PCI: [Firmware Info]: ECAM [mem 0xf0000000-0xf7ffffff] not
reserved in ACPI motherboard resources
[    0.437057] PCI: not using ECAM ([mem 0xf0000000-0xf7ffffff] not
reserved)
[    0.437060] PCI: Using host bridge windows from ACPI; if necessary, use
"pci=nocrs" and report a bug
[    0.437062] PCI: Ignoring E820 reservations for host bridge windows
[    0.437196] ACPI: Enabled 6 GPEs in block 00 to 1F
[    0.438111] ACPI: \_SB_.PCI0.GPP0.M237: New power resource
[    0.438153] ACPI: \_SB_.PCI0.GPP0.SWUS.M237: New power resource
[    0.438175] ACPI: \_SB_.PCI0.GPP0.SWUS.SWDS.M237: New power resource
[    0.438307] ACPI: \_SB_.PCI0.GPP1.P0NV: New power resource
[    0.438666] ACPI: \_SB_.PCI0.GPP2.PWRS: New power resource
[    0.620667] ACPI: \_SB_.PCI0.GPP2.U4UP.PWRS: New power resource
[    0.627380] ACPI: \_SB_.PCI0.GPP2.U4UP.U4P0.PWRS: New power resource
[    0.627709] ACPI: \_SB_.PCI0.GPP2.U4UP.U4P0.UP0D.PWRS: New power
resource
[    0.627848] ACPI: \_SB_.PCI0.GPP2.U4UP.U4P1.PWRS: New power resource
[    0.628168] ACPI: \_SB_.PCI0.GPP2.U4UP.U4P1.UP1D.PWRS: New power
resource
[    0.628303] ACPI: \_SB_.PCI0.GPP2.U4UP.U4P2.PWRS: New power resource
[    0.634005] ACPI: \_SB_.PCI0.GPP2.U4UP.U4P2.UXHC.PWRS: New power
resource
[    0.637087] ACPI: \_SB_.PCI0.GPP2.U4UP.U4P3.PWRS: New power resource
[    0.637406] ACPI: \_SB_.PCI0.GPP2.U4UP.U4P3.UHI0.PWRS: New power
resource
[    0.637460] ACPI: \_SB_.PCI0.GPP3.PWR1: New power resource
[    0.637502] ACPI: \_SB_.PCI0.GPP3.WLAN.WRST: New power resource
[    0.637513] ACPI: \_SB_.PCI0.GPP4.PWR1: New power resource
[    0.637555] ACPI: \_SB_.PCI0.GPP5.PWR1: New power resource
[    0.637677] ACPI: \_SB_.PCI0.GPP7.P0NV: New power resource
[    0.638075] ACPI: \_SB_.PCI0.GP17.XHC0.P0U0: New power resource
[    0.638393] ACPI: \_SB_.PCI0.GP17.XHC1.P0U1: New power resource
[    0.638558] ACPI: \_SB_.PCI0.GP17.XHC1.RHUB.PRT1.HB01.BRST: New power
resource
[    0.638825] ACPI: \_SB_.PCI0.GP19.XHC2.P0U2: New power resource
[    0.646056] ACPI: PCI: Interrupt link LNKA configured for IRQ 0
[    0.646058] ACPI: PCI: Interrupt link LNKA disabled
[    0.646116] ACPI: PCI: Interrupt link LNKB configured for IRQ 0
[    0.646117] ACPI: PCI: Interrupt link LNKB disabled
[    0.646175] ACPI: PCI: Interrupt link LNKC configured for IRQ 0
[    0.646175] ACPI: PCI: Interrupt link LNKC disabled
[    0.646233] ACPI: PCI: Interrupt link LNKD configured for IRQ 0
[    0.646234] ACPI: PCI: Interrupt link LNKD disabled
[    0.646295] ACPI: PCI: Interrupt link LNKE configured for IRQ 0
[    0.646296] ACPI: PCI: Interrupt link LNKE disabled
[    0.646353] ACPI: PCI: Interrupt link LNKF configured for IRQ 0
[    0.646354] ACPI: PCI: Interrupt link LNKF disabled
[    0.646410] ACPI: PCI: Interrupt link LNKG configured for IRQ 0
[    0.646411] ACPI: PCI: Interrupt link LNKG disabled
[    0.646468] ACPI: PCI: Interrupt link LNKH configured for IRQ 0
[    0.646469] ACPI: PCI: Interrupt link LNKH disabled
[    0.646530] ACPI: PCI Root Bridge [PCI0] (domain 0000 [bus 00-ff])
[    0.646534] acpi PNP0A08:00: _OSC: OS supports [ExtendedConfig ASPM
ClockPM Segments MSI EDR HPX-Type3]
[    0.646549] acpi PNP0A08:00: _OSC: platform does not support
[SHPCHotplug AER]
[    0.646571] acpi PNP0A08:00: _OSC: OS now controls [PCIeHotplug PME
PCIeCapability LTR DPC]
[    0.646681] PCI host bridge to bus 0000:00
[    0.646682] pci_bus 0000:00: root bus resource [io  0x0000-0x0cf7
window]
[    0.646685] pci_bus 0000:00: root bus resource [io  0x0d00-0xffff
window]
[    0.646686] pci_bus 0000:00: root bus resource [mem
0x000a0000-0x000bffff window]
[    0.646687] pci_bus 0000:00: root bus resource [mem
0x000c0000-0x000cffff window]
[    0.646688] pci_bus 0000:00: root bus resource [mem
0x000d0000-0x000effff window]
[    0.646689] pci_bus 0000:00: root bus resource [mem
0xc0000000-0xc11fffff window]
[    0.646690] pci_bus 0000:00: root bus resource [mem
0xf8000000-0xfe000000 window]
[    0.646691] pci_bus 0000:00: root bus resource [mem
0xfed45000-0xfed814ff window]
[    0.646692] pci_bus 0000:00: root bus resource [mem
0xfed81900-0xfed81fff window]
[    0.646693] pci_bus 0000:00: root bus resource [mem
0xfedc0000-0xfedc0fff window]
[    0.646694] pci_bus 0000:00: root bus resource [mem
0xfedc6000-0xfedc6fff window]
[    0.646695] pci_bus 0000:00: root bus resource [mem
0x10020200000-0xfffffffffff window]
[    0.646696] pci_bus 0000:00: root bus resource [bus 00-ff]
[    0.646743] pci 0000:00:00.0: [1022:14d8] type 00 class 0x060000
conventional PCI endpoint
[    0.646793] pci 0000:00:00.2: [1022:14d9] type 00 class 0x080600
conventional PCI endpoint
[    0.646853] pci 0000:00:01.0: [1022:14da] type 00 class 0x060000
conventional PCI endpoint
[    0.646893] pci 0000:00:01.1: [1022:14db] type 01 class 0x060400 PCIe
Root Port
[    0.646909] pci 0000:00:01.1: PCI bridge to [bus 01-03]
[    0.646912] pci 0000:00:01.1:   bridge window [io  0x2000-0x2fff]
[    0.646915] pci 0000:00:01.1:   bridge window [mem
0xc0e00000-0xc10fffff]
[    0.646920] pci 0000:00:01.1:   bridge window [mem
0xffc00000000-0xffe0fffffff 64bit pref]
[    0.646971] pci 0000:00:01.1: PME# supported from D0 D3hot D3cold
[    0.647017] pci 0000:00:01.2: [1022:14db] type 01 class 0x060400 PCIe
Root Port
[    0.647032] pci 0000:00:01.2: PCI bridge to [bus 04]
[    0.647037] pci 0000:00:01.2:   bridge window [mem
0xc0d00000-0xc0dfffff]
[    0.647086] pci 0000:00:01.2: PME# supported from D0 D3hot D3cold
[    0.647126] pci 0000:00:01.3: [1022:14db] type 01 class 0x060400 PCIe
Root Port
[    0.647141] pci 0000:00:01.3: PCI bridge to [bus 05]
[    0.647145] pci 0000:00:01.3:   bridge window [mem
0xc0c00000-0xc0cfffff]
[    0.647194] pci 0000:00:01.3: PME# supported from D0 D3hot D3cold
[    0.647237] pci 0000:00:02.0: [1022:14da] type 00 class 0x060000
conventional PCI endpoint
[    0.647279] pci 0000:00:02.1: [1022:14db] type 01 class 0x060400 PCIe
Root Port
[    0.647294] pci 0000:00:02.1: PCI bridge to [bus 06-08]
[    0.647299] pci 0000:00:02.1:   bridge window [mem
0xc0800000-0xc0bfffff]
[    0.647390] pci 0000:00:02.1: PME# supported from D0 D3hot D3cold
[    0.647435] pci 0000:00:02.2: [1022:14db] type 01 class 0x060400 PCIe
Root Port
[    0.647450] pci 0000:00:02.2: PCI bridge to [bus 09]
[    0.647455] pci 0000:00:02.2:   bridge window [mem
0xc0700000-0xc07fffff]
[    0.647503] pci 0000:00:02.2: PME# supported from D0 D3hot D3cold
[    0.647550] pci 0000:00:03.0: [1022:14da] type 00 class 0x060000
conventional PCI endpoint
[    0.647590] pci 0000:00:03.1: [1022:14db] type 01 class 0x060400 PCIe
Root Port
[    0.647605] pci 0000:00:03.1: PCI bridge to [bus 0a]
[    0.647610] pci 0000:00:03.1:   bridge window [mem
0xc0600000-0xc06fffff]
[    0.647658] pci 0000:00:03.1: PME# supported from D0 D3hot D3cold
[    0.647699] pci 0000:00:03.2: [1022:14db] type 01 class 0x060400 PCIe
Root Port
[    0.647715] pci 0000:00:03.2: PCI bridge to [bus 0b]
[    0.647718] pci 0000:00:03.2:   bridge window [io  0x1000-0x1fff]
[    0.647720] pci 0000:00:03.2:   bridge window [mem
0xc0500000-0xc05fffff]
[    0.647768] pci 0000:00:03.2: PME# supported from D0 D3hot D3cold
[    0.647814] pci 0000:00:04.0: [1022:14da] type 00 class 0x060000
conventional PCI endpoint
[    0.647865] pci 0000:00:08.0: [1022:14da] type 00 class 0x060000
conventional PCI endpoint
[    0.647908] pci 0000:00:08.1: [1022:14dd] type 01 class 0x060400 PCIe
Root Port
[    0.647921] pci 0000:00:08.1: PCI bridge to [bus 0c]
[    0.647925] pci 0000:00:08.1:   bridge window [mem
0xc0100000-0xc04fffff]
[    0.647934] pci 0000:00:08.1: enabling Extended Tags
[    0.647953] pci 0000:00:08.1: PME# supported from D0 D3hot D3cold
[    0.647998] pci 0000:00:08.3: [1022:14dd] type 01 class 0x060400 PCIe
Root Port
[    0.648011] pci 0000:00:08.3: PCI bridge to [bus 0d]
[    0.648015] pci 0000:00:08.3:   bridge window [mem
0xc0000000-0xc00fffff]
[    0.648024] pci 0000:00:08.3: enabling Extended Tags
[    0.648043] pci 0000:00:08.3: PME# supported from D0 D3hot D3cold
[    0.648094] pci 0000:00:14.0: [1022:790b] type 00 class 0x0c0500
conventional PCI endpoint
[    0.648184] pci 0000:00:14.3: [1022:790e] type 00 class 0x060100
conventional PCI endpoint
[    0.648282] pci 0000:00:18.0: [1022:14e0] type 00 class 0x060000
conventional PCI endpoint
[    0.648302] pci 0000:00:18.1: [1022:14e1] type 00 class 0x060000
conventional PCI endpoint
[    0.648320] pci 0000:00:18.2: [1022:14e2] type 00 class 0x060000
conventional PCI endpoint
[    0.648338] pci 0000:00:18.3: [1022:14e3] type 00 class 0x060000
conventional PCI endpoint
[    0.648357] pci 0000:00:18.4: [1022:14e4] type 00 class 0x060000
conventional PCI endpoint
[    0.648375] pci 0000:00:18.5: [1022:14e5] type 00 class 0x060000
conventional PCI endpoint
[    0.648394] pci 0000:00:18.6: [1022:14e6] type 00 class 0x060000
conventional PCI endpoint
[    0.648413] pci 0000:00:18.7: [1022:14e7] type 00 class 0x060000
conventional PCI endpoint
[    0.648507] pci 0000:01:00.0: [1002:1478] type 01 class 0x060400 PCIe
Switch Upstream Port
[    0.648520] pci 0000:01:00.0: BAR 0 [mem 0xc1000000-0xc1003fff]
[    0.648535] pci 0000:01:00.0: PCI bridge to [bus 02-03]
[    0.648540] pci 0000:01:00.0:   bridge window [io  0x2000-0x2fff]
[    0.648543] pci 0000:01:00.0:   bridge window [mem
0xc0e00000-0xc0ffffff]
[    0.648552] pci 0000:01:00.0:   bridge window [mem
0xffc00000000-0xffe0fffffff 64bit pref]
[    0.648600] pci 0000:01:00.0: PME# supported from D0 D3hot D3cold
[    0.648650] pci 0000:00:01.1: PCI bridge to [bus 01-03]
[    0.648709] pci 0000:02:00.0: [1002:1479] type 01 class 0x060400 PCIe
Switch Downstream Port
[    0.648735] pci 0000:02:00.0: PCI bridge to [bus 03]
[    0.648740] pci 0000:02:00.0:   bridge window [io  0x2000-0x2fff]
[    0.648743] pci 0000:02:00.0:   bridge window [mem
0xc0e00000-0xc0ffffff]
[    0.648752] pci 0000:02:00.0:   bridge window [mem
0xffc00000000-0xffe0fffffff 64bit pref]
[    0.648801] pci 0000:02:00.0: PME# supported from D0 D3hot D3cold
[    0.648935] pci 0000:01:00.0: PCI bridge to [bus 02-03]
[    0.648999] pci 0000:03:00.0: [1002:7480] type 00 class 0x030000 PCIe
Legacy Endpoint
[    0.649015] pci 0000:03:00.0: BAR 0 [mem 0xffc00000000-0xffdffffffff
64bit pref]
[    0.649027] pci 0000:03:00.0: BAR 2 [mem 0xffe00000000-0xffe0fffffff
64bit pref]
[    0.649034] pci 0000:03:00.0: BAR 4 [io  0x2000-0x20ff]
[    0.649041] pci 0000:03:00.0: BAR 5 [mem 0xc0e00000-0xc0efffff]
[    0.649049] pci 0000:03:00.0: ROM [mem 0xfffe0000-0xffffffff pref]
[    0.649094] pci 0000:03:00.0: PME# supported from D1 D2 D3hot D3cold
[    0.649154] pci 0000:03:00.1: [1002:ab30] type 00 class 0x040300 PCIe
Legacy Endpoint
[    0.649167] pci 0000:03:00.1: BAR 0 [mem 0xc0f00000-0xc0f03fff]
[    0.649250] pci 0000:03:00.1: PME# supported from D1 D2 D3hot D3cold
[    0.649307] pci 0000:02:00.0: PCI bridge to [bus 03]
[    0.649609] pci 0000:04:00.0: [144d:a80a] type 00 class 0x010802 PCIe
Endpoint
[    0.649624] pci 0000:04:00.0: BAR 0 [mem 0xc0d00000-0xc0d03fff 64bit]
[    0.649727] pci 0000:00:01.2: PCI bridge to [bus 04]
[    0.649945] pci 0000:05:00.0: [144d:a808] type 00 class 0x010802 PCIe
Endpoint
[    0.649962] pci 0000:05:00.0: BAR 0 [mem 0xc0c00000-0xc0c03fff 64bit]
[    0.650070] pci 0000:00:01.3: PCI bridge to [bus 05]
[    0.650167] pci 0000:06:00.0: [1b21:242a] type 01 class 0x060400 PCIe
Switch Upstream Port
[    0.650193] pci 0000:06:00.0: PCI bridge to [bus 07-08]
[    0.650200] pci 0000:06:00.0:   bridge window [mem
0xc0800000-0xc0bfffff]
[    0.650254] pci 0000:06:00.0: PME# supported from D0 D3hot D3cold
[    0.650268] pci 0000:06:00.0: 31.504 Gb/s available PCIe bandwidth,
limited by 8.0 GT/s PCIe x4 link at 0000:00:
02.1 (capable of 63.012 Gb/s with 16.0 GT/s PCIe x4 link)
[    0.650305] pci 0000:00:02.1: PCI bridge to [bus 06-08]
[    0.650412] pci 0000:07:02.0: [1b21:242b] type 01 class 0x060400 PCIe
Switch Downstream Port
[    0.650438] pci 0000:07:02.0: PCI bridge to [bus 08]
[    0.650443] pci 0000:07:02.0:   bridge window [mem
0xc0800000-0xc0bfffff]
[    0.650497] pci 0000:07:02.0: PME# supported from D0 D3hot D3cold
[    0.650556] pci 0000:06:00.0: PCI bridge to [bus 07-08]
[    0.650628] pci 0000:08:00.0: [1b21:242c] type 00 class 0x0c0330 PCIe
Legacy Endpoint
[    0.650644] pci 0000:08:00.0: BAR 0 [mem 0xc0800000-0xc0807fff 64bit]
[    0.650716] pci 0000:08:00.0: PME# supported from D0 D3hot D3cold
[    0.650766] pci 0000:07:02.0: PCI bridge to [bus 08]
[    0.650977] pci 0000:09:00.0: [8086:2725] type 00 class 0x028000 PCIe
Endpoint
[    0.651138] pci 0000:09:00.0: BAR 0 [mem 0xc0700000-0xc0703fff 64bit]
[    0.651513] pci 0000:09:00.0: PME# supported from D0 D3hot D3cold
[    0.652167] pci 0000:00:02.2: PCI bridge to [bus 09]
[    0.652252] pci 0000:0a:00.0: [10ec:525a] type 00 class 0xff0000 PCIe
Endpoint
[    0.652273] pci 0000:0a:00.0: BAR 1 [mem 0xc0600000-0xc0600fff]
[    0.652350] pci 0000:0a:00.0: supports D1 D2
[    0.652351] pci 0000:0a:00.0: PME# supported from D1 D2 D3hot D3cold
[    0.652392] pci 0000:00:03.1: PCI bridge to [bus 0a]
[    0.652482] pci 0000:0b:00.0: [10ec:8125] type 00 class 0x020000 PCIe
Endpoint
[    0.652498] pci 0000:0b:00.0: BAR 0 [io  0x1000-0x10ff]
[    0.652518] pci 0000:0b:00.0: BAR 2 [mem 0xc0500000-0xc050ffff 64bit]
[    0.652530] pci 0000:0b:00.0: BAR 4 [mem 0xc0510000-0xc0513fff 64bit]
[    0.652716] pci 0000:0b:00.0: supports D1 D2
[    0.652717] pci 0000:0b:00.0: PME# supported from D0 D1 D2 D3hot D3cold
[    0.652769] pci 0000:00:03.2: PCI bridge to [bus 0b]
[    0.652839] pci 0000:0c:00.0: [1022:14de] type 00 class 0x130000 PCIe
Legacy Endpoint
[    0.652875] pci 0000:0c:00.0: enabling Extended Tags
[    0.652935] pci 0000:0c:00.2: [1022:1649] type 00 class 0x108000 PCIe
Endpoint
[    0.653157] pci 0000:0c:00.2: BAR 2 [mem 0xc0300000-0xc03fffff]
[    0.653306] pci 0000:0c:00.2: BAR 5 [mem 0xc0448000-0xc0449fff]
[    0.653362] pci 0000:0c:00.2: enabling Extended Tags
[    0.653426] pci 0000:0c:00.3: [1022:15b6] type 00 class 0x0c0330 PCIe
Endpoint
[    0.653437] pci 0000:0c:00.3: BAR 0 [mem 0xc0100000-0xc01fffff 64bit]
[    0.653461] pci 0000:0c:00.3: enabling Extended Tags
[    0.653488] pci 0000:0c:00.3: PME# supported from D0 D3hot D3cold
[    0.653529] pci 0000:0c:00.4: [1022:15b7] type 00 class 0x0c0330 PCIe
Endpoint
[    0.653540] pci 0000:0c:00.4: BAR 0 [mem 0xc0200000-0xc02fffff 64bit]
[    0.653564] pci 0000:0c:00.4: enabling Extended Tags
[    0.653591] pci 0000:0c:00.4: PME# supported from D0 D3hot D3cold
[    0.653634] pci 0000:0c:00.5: [1022:15e2] type 00 class 0x048000 PCIe
Endpoint
[    0.653642] pci 0000:0c:00.5: BAR 0 [mem 0xc0400000-0xc043ffff]
[    0.653671] pci 0000:0c:00.5: enabling Extended Tags
[    0.653695] pci 0000:0c:00.5: PME# supported from D0 D3hot D3cold
[    0.653738] pci 0000:0c:00.6: [1022:15e3] type 00 class 0x040300 PCIe
Endpoint
[    0.653746] pci 0000:0c:00.6: BAR 0 [mem 0xc0440000-0xc0447fff]
[    0.653775] pci 0000:0c:00.6: enabling Extended Tags
[    0.653800] pci 0000:0c:00.6: PME# supported from D0 D3hot D3cold
[    0.653853] pci 0000:00:08.1: PCI bridge to [bus 0c]
[    0.653891] pci 0000:0d:00.0: [1022:15b8] type 00 class 0x0c0330 PCIe
Endpoint
[    0.653905] pci 0000:0d:00.0: BAR 0 [mem 0xc0000000-0xc00fffff 64bit]
[    0.653934] pci 0000:0d:00.0: enabling Extended Tags
[    0.653961] pci 0000:0d:00.0: PME# supported from D0 D3hot D3cold
[    0.654000] pci 0000:00:08.3: PCI bridge to [bus 0d]
[    0.658129] Low-power S0 idle used by default for system suspend
[    0.870783] ACPI: EC: interrupt unblocked
[    0.870785] ACPI: EC: event unblocked
[    0.870797] ACPI: EC: EC_CMD/EC_SC=0x66, EC_DATA=0x62
[    0.870798] ACPI: EC: GPE=0x9
[    0.870800] ACPI: \_SB_.PCI0.LPC0.EC__: Boot DSDT EC initialization
complete
[    0.870801] ACPI: \_SB_.PCI0.LPC0.EC__: EC: Used to handle transactions
and events
[    0.870843] iommu: Default domain type: Translated
[    0.870843] iommu: DMA domain TLB invalidation policy: lazy mode
[    0.870843] SCSI subsystem initialized
[    0.870843] libata version 3.00 loaded.
[    0.870843] ACPI: bus type USB registered
[    0.870843] usbcore: registered new interface driver usbfs
[    0.870843] usbcore: registered new interface driver hub
[    0.870843] usbcore: registered new device driver usb
[    1.095217] pps_core: LinuxPPS API ver. 1 registered
[    1.095219] pps_core: Software ver. 5.3.6 - Copyright 2005-2007 Rodolfo
Giometti <giometti@linux.it>
[    1.095222] PTP clock support registered
[    1.095232] EDAC MC: Ver: 3.0.0
[    1.095843] efivars: Registered efivars operations
[    1.095843] NetLabel: Initializing
[    1.095843] NetLabel:  domain hash size = 128
[    1.095843] NetLabel:  protocols = UNLABELED CIPSOv4 CALIPSO
[    1.095843] NetLabel:  unlabeled traffic allowed by default
[    1.095843] mctp: management component transport protocol core
[    1.095843] NET: Registered PF_MCTP protocol family
[    1.095843] PCI: Using ACPI for IRQ routing
[    1.095843] PCI: pci_cache_line_size set to 64 bytes
[    1.096973] e820: reserve RAM buffer [mem 0x0009f000-0x0009ffff]
[    1.096974] e820: reserve RAM buffer [mem 0x09b00000-0x0bffffff]
[    1.096974] e820: reserve RAM buffer [mem 0x09f00000-0x0bffffff]
[    1.096975] e820: reserve RAM buffer [mem 0xa0297018-0xa3ffffff]
[    1.096975] e820: reserve RAM buffer [mem 0xa235c000-0xa3ffffff]
[    1.096976] e820: reserve RAM buffer [mem 0xa456b000-0xa7ffffff]
[    1.096976] e820: reserve RAM buffer [mem 0xa6e4f000-0xa7ffffff]
[    1.096976] e820: reserve RAM buffer [mem 0xad5e4000-0xafffffff]
[    1.096977] e820: reserve RAM buffer [mem 0xb077f000-0xb3ffffff]
[    1.096977] e820: reserve RAM buffer [mem 0xbb000000-0xbbffffff]
[    1.096977] e820: reserve RAM buffer [mem 0x103de80000-0x103fffffff]
[    1.096991] pci 0000:03:00.0: vgaarb: setting as boot VGA device
[    1.096991] pci 0000:03:00.0: vgaarb: bridge control possible
[    1.096991] pci 0000:03:00.0: vgaarb: VGA device added:
decodes=io+mem,owns=none,locks=none
[    1.096991] vgaarb: loaded
[    1.096991] hpet0: at MMIO 0xfed00000, IRQs 2, 8, 0
[    1.096991] hpet0: 3 comparators, 32-bit 14.318180 MHz counter
[    1.098731] clocksource: Switched to clocksource tsc-early
[    1.098794] VFS: Disk quotas dquot_6.6.0
[    1.098799] VFS: Dquot-cache hash table entries: 512 (order 0, 4096
bytes)
[    1.098829] pnp: PnP ACPI init
[    1.098861] system 00:00: [mem 0xf0000000-0xffffffff] could not be
reserved
[    1.099022] system 00:01: [mem 0xfec00000-0xfec01fff] could not be
reserved
[    1.099024] system 00:01: [mem 0xfee00000-0xfee00fff] has been reserved
[    1.099025] system 00:01: [mem 0xe0200000-0xe02fffff] has been reserved
[    1.099289] system 00:03: [io  0x0400-0x04cf] has been reserved
[    1.099291] system 00:03: [io  0x04d0-0x04d1] has been reserved
[    1.099292] system 00:03: [io  0x04d6] has been reserved
[    1.099293] system 00:03: [io  0x0c00-0x0c01] has been reserved
[    1.099294] system 00:03: [io  0x0c14] has been reserved
[    1.099295] system 00:03: [io  0x0c50-0x0c52] has been reserved
[    1.099296] system 00:03: [io  0x0c6c] has been reserved
[    1.099296] system 00:03: [io  0x0c6f] has been reserved
[    1.099297] system 00:03: [io  0x0cd0-0x0cdb] has been reserved
[    1.099307] system 00:04: [mem 0xff000000-0xffffffff] has been reserved
[    1.099316] ACPI: IRQ 1 override to edge, low(!)
[    1.207658] pnp: PnP ACPI: found 6 devices
[    1.213317] clocksource: acpi_pm: mask: 0xffffff max_cycles: 0xffffff,
max_idle_ns: 2085701024 ns
[    1.213353] NET: Registered PF_INET protocol family
[    1.213503] IP idents hash table entries: 262144 (order: 9, 2097152
bytes, linear)
[    1.220695] tcp_listen_portaddr_hash hash table entries: 32768 (order:
7, 524288 bytes, linear)
[    1.220719] Table-perturb hash table entries: 65536 (order: 6, 262144
bytes, linear)
[    1.220724] TCP established hash table entries: 524288 (order: 10,
4194304 bytes, linear)
[    1.220949] TCP bind hash table entries: 65536 (order: 9, 2097152 bytes,
linear)
[    1.221044] TCP: Hash tables configured (established 524288 bind 65536)
[    1.221160] MPTCP token hash table entries: 65536 (order: 8, 1572864
bytes, linear)
[    1.221198] UDP hash table entries: 32768 (order: 8, 1048576 bytes,
linear)
[    1.221244] UDP-Lite hash table entries: 32768 (order: 8, 1048576 bytes,
linear)
[    1.221317] NET: Registered PF_UNIX/PF_LOCAL protocol family
[    1.221322] NET: Registered PF_XDP protocol family
[    1.221325] pci 0000:03:00.0: ROM [mem 0xfffe0000-0xffffffff pref]:
can't claim; no compatible bridge window
[    1.221329] pci 0000:00:02.1: bridge window [io  0x1000-0x0fff] to [bus
06-08] add_size 1000
[    1.221330] pci 0000:00:02.1: bridge window [mem 0x00100000-0x000fffff
64bit pref] to [bus 06-08] add_size 20000
0 add_align 100000
[    1.221337] pci 0000:00:02.1: bridge window [mem
0x10020200000-0x100203fffff 64bit pref]: assigned
[    1.221339] pci 0000:00:02.1: bridge window [io  0x3000-0x3fff]:
assigned
[    1.221341] pci 0000:03:00.0: ROM [mem 0xc0f20000-0xc0f3ffff pref]:
assigned
[    1.221342] pci 0000:02:00.0: PCI bridge to [bus 03]
[    1.221348] pci 0000:02:00.0:   bridge window [io  0x2000-0x2fff]
[    1.221352] pci 0000:02:00.0:   bridge window [mem
0xc0e00000-0xc0ffffff]
[    1.221355] pci 0000:02:00.0:   bridge window [mem
0xffc00000000-0xffe0fffffff 64bit pref]
[    1.221360] pci 0000:01:00.0: PCI bridge to [bus 02-03]
[    1.221362] pci 0000:01:00.0:   bridge window [io  0x2000-0x2fff]
[    1.221365] pci 0000:01:00.0:   bridge window [mem
0xc0e00000-0xc0ffffff]
[    1.221368] pci 0000:01:00.0:   bridge window [mem
0xffc00000000-0xffe0fffffff 64bit pref]
[    1.221373] pci 0000:00:01.1: PCI bridge to [bus 01-03]
[    1.221374] pci 0000:00:01.1:   bridge window [io  0x2000-0x2fff]
[    1.221377] pci 0000:00:01.1:   bridge window [mem
0xc0e00000-0xc10fffff]
[    1.221379] pci 0000:00:01.1:   bridge window [mem
0xffc00000000-0xffe0fffffff 64bit pref]
[    1.221396] pci 0000:00:01.2: PCI bridge to [bus 04]
[    1.221398] pci 0000:00:01.2:   bridge window [mem
0xc0d00000-0xc0dfffff]
[    1.221417] pci 0000:00:01.3: PCI bridge to [bus 05]
[    1.221419] pci 0000:00:01.3:   bridge window [mem
0xc0c00000-0xc0cfffff]
[    1.221438] pci 0000:07:02.0: PCI bridge to [bus 08]
[    1.221446] pci 0000:07:02.0:   bridge window [mem
0xc0800000-0xc0bfffff]
[    1.221452] pci 0000:06:00.0: PCI bridge to [bus 07-08]
[    1.221455] pci 0000:06:00.0:   bridge window [mem
0xc0800000-0xc0bfffff]
[    1.221462] pci 0000:00:02.1: PCI bridge to [bus 06-08]
[    1.221463] pci 0000:00:02.1:   bridge window [io  0x3000-0x3fff]
[    1.221465] pci 0000:00:02.1:   bridge window [mem
0xc0800000-0xc0bfffff]
[    1.221467] pci 0000:00:02.1:   bridge window [mem
0x10020200000-0x100203fffff 64bit pref]
[    1.221485] pci 0000:00:02.2: PCI bridge to [bus 09]
[    1.221487] pci 0000:00:02.2:   bridge window [mem
0xc0700000-0xc07fffff]
[    1.221505] pci 0000:00:03.1: PCI bridge to [bus 0a]
[    1.221507] pci 0000:00:03.1:   bridge window [mem
0xc0600000-0xc06fffff]
[    1.221526] pci 0000:00:03.2: PCI bridge to [bus 0b]
[    1.221527] pci 0000:00:03.2:   bridge window [io  0x1000-0x1fff]
[    1.221529] pci 0000:00:03.2:   bridge window [mem
0xc0500000-0xc05fffff]
[    1.221548] pci 0000:00:08.1: PCI bridge to [bus 0c]
[    1.221554] pci 0000:00:08.1:   bridge window [mem
0xc0100000-0xc04fffff]
[    1.221558] pci 0000:00:08.3: PCI bridge to [bus 0d]
[    1.221560] pci 0000:00:08.3:   bridge window [mem
0xc0000000-0xc00fffff]
[    1.221564] pci_bus 0000:00: resource 4 [io  0x0000-0x0cf7 window]
[    1.221565] pci_bus 0000:00: resource 5 [io  0x0d00-0xffff window]
[    1.221566] pci_bus 0000:00: resource 6 [mem 0x000a0000-0x000bffff
window]
[    1.221567] pci_bus 0000:00: resource 7 [mem 0x000c0000-0x000cffff
window]
[    1.221568] pci_bus 0000:00: resource 8 [mem 0x000d0000-0x000effff
window]
[    1.221569] pci_bus 0000:00: resource 9 [mem 0xc0000000-0xc11fffff
window]
[    1.221570] pci_bus 0000:00: resource 10 [mem 0xf8000000-0xfe000000
window]
[    1.221571] pci_bus 0000:00: resource 11 [mem 0xfed45000-0xfed814ff
window]
[    1.221572] pci_bus 0000:00: resource 12 [mem 0xfed81900-0xfed81fff
window]
[    1.221573] pci_bus 0000:00: resource 13 [mem 0xfedc0000-0xfedc0fff
window]
[    1.221573] pci_bus 0000:00: resource 14 [mem 0xfedc6000-0xfedc6fff
window]
[    1.221574] pci_bus 0000:00: resource 15 [mem
0x10020200000-0xfffffffffff window]
[    1.221576] pci_bus 0000:01: resource 0 [io  0x2000-0x2fff]
[    1.221576] pci_bus 0000:01: resource 1 [mem 0xc0e00000-0xc10fffff]
[    1.221577] pci_bus 0000:01: resource 2 [mem 0xffc00000000-0xffe0fffffff
64bit pref]
[    1.221579] pci_bus 0000:02: resource 0 [io  0x2000-0x2fff]
[    1.221579] pci_bus 0000:02: resource 1 [mem 0xc0e00000-0xc0ffffff]
[    1.221580] pci_bus 0000:02: resource 2 [mem 0xffc00000000-0xffe0fffffff
64bit pref]
[    1.221581] pci_bus 0000:03: resource 0 [io  0x2000-0x2fff]
[    1.221582] pci_bus 0000:03: resource 1 [mem 0xc0e00000-0xc0ffffff]
[    1.221583] pci_bus 0000:03: resource 2 [mem 0xffc00000000-0xffe0fffffff
64bit pref]
[    1.221584] pci_bus 0000:04: resource 1 [mem 0xc0d00000-0xc0dfffff]
[    1.221585] pci_bus 0000:05: resource 1 [mem 0xc0c00000-0xc0cfffff]
[    1.221586] pci_bus 0000:06: resource 0 [io  0x3000-0x3fff]
[    1.221587] pci_bus 0000:06: resource 1 [mem 0xc0800000-0xc0bfffff]
[    1.221588] pci_bus 0000:06: resource 2 [mem 0x10020200000-0x100203fffff
64bit pref]
[    1.221589] pci_bus 0000:07: resource 1 [mem 0xc0800000-0xc0bfffff]
[    1.221590] pci_bus 0000:08: resource 1 [mem 0xc0800000-0xc0bfffff]
[    1.221591] pci_bus 0000:09: resource 1 [mem 0xc0700000-0xc07fffff]
[    1.221591] pci_bus 0000:0a: resource 1 [mem 0xc0600000-0xc06fffff]
[    1.221592] pci_bus 0000:0b: resource 0 [io  0x1000-0x1fff]
[    1.221593] pci_bus 0000:0b: resource 1 [mem 0xc0500000-0xc05fffff]
[    1.221594] pci_bus 0000:0c: resource 1 [mem 0xc0100000-0xc04fffff]
[    1.221595] pci_bus 0000:0d: resource 1 [mem 0xc0000000-0xc00fffff]
[    1.221651] pci 0000:03:00.1: D0 power state depends on 0000:03:00.0
[    1.222332] PCI: CLS 64 bytes, default 64
[    1.222339] pci 0000:00:00.2: AMD-Vi: IOMMU performance counters
supported
[    1.222356] Trying to unpack rootfs image as initramfs...
[    1.222361] pci 0000:00:01.0: Adding to iommu group 0
[    1.222365] pci 0000:00:01.1: Adding to iommu group 0
[    1.222368] pci 0000:00:01.2: Adding to iommu group 0
[    1.222372] pci 0000:00:01.3: Adding to iommu group 0
[    1.222381] pci 0000:00:02.0: Adding to iommu group 1
[    1.222385] pci 0000:00:02.1: Adding to iommu group 1
[    1.222389] pci 0000:00:02.2: Adding to iommu group 1
[    1.222397] pci 0000:00:03.0: Adding to iommu group 2
[    1.222401] pci 0000:00:03.1: Adding to iommu group 2
[    1.222405] pci 0000:00:03.2: Adding to iommu group 2
[    1.222410] pci 0000:00:04.0: Adding to iommu group 3
[    1.222419] pci 0000:00:08.0: Adding to iommu group 4
[    1.222423] pci 0000:00:08.1: Adding to iommu group 4
[    1.222427] pci 0000:00:08.3: Adding to iommu group 4
[    1.222434] pci 0000:00:14.0: Adding to iommu group 5
[    1.222438] pci 0000:00:14.3: Adding to iommu group 5
[    1.222454] pci 0000:00:18.0: Adding to iommu group 6
[    1.222458] pci 0000:00:18.1: Adding to iommu group 6
[    1.222462] pci 0000:00:18.2: Adding to iommu group 6
[    1.222466] pci 0000:00:18.3: Adding to iommu group 6
[    1.222470] pci 0000:00:18.4: Adding to iommu group 6
[    1.222474] pci 0000:00:18.5: Adding to iommu group 6
[    1.222478] pci 0000:00:18.6: Adding to iommu group 6
[    1.222483] pci 0000:00:18.7: Adding to iommu group 6
[    1.222486] pci 0000:01:00.0: Adding to iommu group 0
[    1.222488] pci 0000:02:00.0: Adding to iommu group 0
[    1.222491] pci 0000:03:00.0: Adding to iommu group 0
[    1.222493] pci 0000:03:00.1: Adding to iommu group 0
[    1.222495] pci 0000:04:00.0: Adding to iommu group 0
[    1.222498] pci 0000:05:00.0: Adding to iommu group 0
[    1.222500] pci 0000:06:00.0: Adding to iommu group 1
[    1.222503] pci 0000:07:02.0: Adding to iommu group 1
[    1.222506] pci 0000:08:00.0: Adding to iommu group 1
[    1.222509] pci 0000:09:00.0: Adding to iommu group 1
[    1.222511] pci 0000:0a:00.0: Adding to iommu group 2
[    1.222514] pci 0000:0b:00.0: Adding to iommu group 2
[    1.222517] pci 0000:0c:00.0: Adding to iommu group 4
[    1.222519] pci 0000:0c:00.2: Adding to iommu group 4
[    1.222522] pci 0000:0c:00.3: Adding to iommu group 4
[    1.222523] pci 0000:0c:00.4: Adding to iommu group 4
[    1.222526] pci 0000:0c:00.5: Adding to iommu group 4
[    1.222528] pci 0000:0c:00.6: Adding to iommu group 4
[    1.222532] pci 0000:0d:00.0: Adding to iommu group 4
[    1.223051] AMD-Vi: Extended features (0x246577efa2254afa, 0x0): PPR NX
GT [5] IA GA PC GA_vAPIC
[    1.223056] AMD-Vi: Interrupt remapping enabled
[    1.647647] AMD-Vi: Virtual APIC enabled
[    1.647653] PCI-DMA: Using software bounce buffering for IO (SWIOTLB)
[    1.647654] software IO TLB: mapped [mem
0x00000000a95e4000-0x00000000ad5e4000] (64MB)
[    1.647681] LVT offset 0 assigned for vector 0x400
[    1.649712] perf: AMD IBS detected (0x00000bff)
[    1.649905] amd_uncore: 16 amd_df counters detected
[    1.649912] amd_uncore: 6 amd_l3 counters detected
[    1.649917] amd_uncore: 4 amd_umc_0 counters detected
[    1.649919] amd_uncore: 4 amd_umc_1 counters detected
[    1.650079] perf/amd_iommu: Detected AMD IOMMU #0 (2 banks, 4
counters/bank).
[    1.651314] Initialise system trusted keyrings
[    1.651321] Key type blacklist registered
[    1.651336] workingset: timestamp_bits=36 max_order=24 bucket_order=0
[    1.651347] zbud: loaded
[    1.651490] integrity: Platform Keyring initialized
[    1.651492] integrity: Machine keyring initialized
[    1.656314] NET: Registered PF_ALG protocol family
[    1.656316] xor: automatically using best checksumming function   avx

[    1.656318] Key type asymmetric registered
[    1.656319] Asymmetric key parser 'x509' registered
[    2.663629] tsc: Refined TSC clocksource calibration: 2994.361 MHz
[    2.663637] clocksource: tsc: mask: 0xffffffffffffffff max_cycles:
0x2b29764272c, max_idle_ns: 440795213275 ns
[    2.663737] clocksource: Switched to clocksource tsc
[    2.952105] Freeing initrd memory: 282984K
[    2.953955] Block layer SCSI generic (bsg) driver version 0.4 loaded
(major 245)
[    2.953984] io scheduler mq-deadline registered
[    2.953986] io scheduler kyber registered
[    2.953991] io scheduler bfq registered
[    2.954857] atomic64_test: passed for x86-64 platform with CX8 and with
SSE
[    2.955869] pcieport 0000:00:01.1: PME: Signaling with IRQ 35
[    2.955880] pcieport 0000:00:01.1: pciehp: Slot #0 AttnBtn- PwrCtrl-
MRL- AttnInd- PwrInd- HotPlug+ Surprise+ In
terlock- NoCompl+ IbPresDis- LLActRep+
[    2.955992] pcieport 0000:00:01.2: PME: Signaling with IRQ 36
[    2.956062] pcieport 0000:00:01.3: PME: Signaling with IRQ 37
[    2.956126] pcieport 0000:00:02.1: PME: Signaling with IRQ 38
[    2.956134] pcieport 0000:00:02.1: pciehp: Slot #0 AttnBtn- PwrCtrl-
MRL- AttnInd- PwrInd- HotPlug+ Surprise+ In
terlock- NoCompl+ IbPresDis- LLActRep+
[    2.956296] pcieport 0000:00:02.2: PME: Signaling with IRQ 39
[    2.956359] pcieport 0000:00:03.1: PME: Signaling with IRQ 40
[    2.956429] pcieport 0000:00:03.2: PME: Signaling with IRQ 41
[    2.956492] pcieport 0000:00:08.1: PME: Signaling with IRQ 42
[    2.956554] pcieport 0000:00:08.3: PME: Signaling with IRQ 43
[    2.956760] shpchp: Standard Hot Plug PCI Controller Driver version: 0.4
[    2.960877] ACPI: AC: AC Adapter [AC] (on-line)
[    2.960905] input: Power Button as
/devices/LNXSYSTM:00/LNXSYBUS:00/PNP0C0C:00/input/input0
[    2.960917] ACPI: button: Power Button [PWRB]
[    2.960935] input: Lid Switch as
/devices/LNXSYSTM:00/LNXSYBUS:00/PNP0C0D:00/input/input1
[    2.960957] ACPI: button: Lid Switch [LID]
[    2.960975] input: Sleep Button as
/devices/LNXSYSTM:00/LNXSYBUS:00/PNP0C0E:00/input/input2
[    2.960987] ACPI: button: Sleep Button [SBTN]
[    2.961039] Estimated ratio of average max frequency by base frequency
(times 1024): 1416
[    2.961049] Monitor-Mwait will be used to enter C-1 state
[    2.961052] ACPI: \_SB_.PLTF.C000: Found 3 idle states
[    2.961115] ACPI: \_SB_.PLTF.C001: Found 3 idle states
[    2.961167] ACPI: \_SB_.PLTF.C002: Found 3 idle states
[    2.961216] ACPI: \_SB_.PLTF.C003: Found 3 idle states
[    2.961265] ACPI: \_SB_.PLTF.C004: Found 3 idle states
[    2.961316] ACPI: \_SB_.PLTF.C005: Found 3 idle states
[    2.961366] ACPI: \_SB_.PLTF.C006: Found 3 idle states
[    2.961416] ACPI: \_SB_.PLTF.C007: Found 3 idle states
[    2.961463] ACPI: \_SB_.PLTF.C008: Found 3 idle states
[    2.961512] ACPI: \_SB_.PLTF.C009: Found 3 idle states
[    2.961560] ACPI: \_SB_.PLTF.C00A: Found 3 idle states
[    2.961607] ACPI: \_SB_.PLTF.C00B: Found 3 idle states
[    2.961662] ACPI: \_SB_.PLTF.C00C: Found 3 idle states
[    2.961715] ACPI: \_SB_.PLTF.C00D: Found 3 idle states
[    2.961764] ACPI: \_SB_.PLTF.C00E: Found 3 idle states
[    2.961807] ACPI: \_SB_.PLTF.C00F: Found 3 idle states
[    2.961854] ACPI: \_SB_.PLTF.C010: Found 3 idle states
[    2.961897] ACPI: \_SB_.PLTF.C011: Found 3 idle states
[    2.961942] ACPI: \_SB_.PLTF.C012: Found 3 idle states
[    2.961982] ACPI: \_SB_.PLTF.C013: Found 3 idle states
[    2.962022] ACPI: \_SB_.PLTF.C014: Found 3 idle states
[    2.962062] ACPI: \_SB_.PLTF.C015: Found 3 idle states
[    2.962105] ACPI: \_SB_.PLTF.C016: Found 3 idle states
[    2.962145] ACPI: \_SB_.PLTF.C017: Found 3 idle states
[    2.989733] thermal LNXTHERM:00: registered as thermal_zone0
[    2.989737] ACPI: thermal: Thermal Zone [THM] (56 C)
[    2.989821] Serial: 8250/16550 driver, 32 ports, IRQ sharing enabled
[    2.990860] Non-volatile memory driver v1.3
[    2.990864] Linux agpgart interface v0.103
[    3.004851] ACPI: battery: Slot [BAT0] (battery present)
[    3.011626] tpm_crb MSFT0101:00: Disabling hwrng
[    3.011737] ACPI: bus type drm_connector registered
[    3.012739] xhci_hcd 0000:08:00.0: xHCI Host Controller
[    3.012759] xhci_hcd 0000:08:00.0: new USB bus registered, assigned bus
number 1
[    3.015374] xhci_hcd 0000:08:00.0: hcc params 0x0200ef81 hci version
0x120 quirks 0x0000000200000010
[    3.015587] xhci_hcd 0000:08:00.0: xHCI Host Controller
[    3.015602] xhci_hcd 0000:08:00.0: new USB bus registered, assigned bus
number 2
[    3.015603] xhci_hcd 0000:08:00.0: Host supports USB 3.2 Enhanced
SuperSpeed
[    3.015638] usb usb1: New USB device found, idVendor=1d6b,
idProduct=0002, bcdDevice= 6.09
[    3.015640] usb usb1: New USB device strings: Mfr=3, Product=2,
SerialNumber=1
[    3.015641] usb usb1: Product: xHCI Host Controller
[    3.015642] usb usb1: Manufacturer: Linux 6.9.0-RX7600XT xhci-hcd
[    3.015643] usb usb1: SerialNumber: 0000:08:00.0
[    3.015685] hub 1-0:1.0: USB hub found
[    3.015689] hub 1-0:1.0: 2 ports detected
[    3.015775] usb usb2: We don't know the algorithms for LPM for this
host, disabling LPM.
[    3.015782] usb usb2: New USB device found, idVendor=1d6b,
idProduct=0003, bcdDevice= 6.09
[    3.015784] usb usb2: New USB device strings: Mfr=3, Product=2,
SerialNumber=1
[    3.015785] usb usb2: Product: xHCI Host Controller
[    3.015786] usb usb2: Manufacturer: Linux 6.9.0-RX7600XT xhci-hcd
[    3.015787] usb usb2: SerialNumber: 0000:08:00.0
[    3.015815] hub 2-0:1.0: USB hub found
[    3.015823] hub 2-0:1.0: 2 ports detected
[    3.015954] xhci_hcd 0000:0c:00.3: xHCI Host Controller
[    3.015969] xhci_hcd 0000:0c:00.3: new USB bus registered, assigned bus
number 3
[    3.016305] xhci_hcd 0000:0c:00.3: hcc params 0x0120ffc5 hci version
0x120 quirks 0x0000000200000410
[    3.016553] xhci_hcd 0000:0c:00.3: xHCI Host Controller
[    3.016566] xhci_hcd 0000:0c:00.3: new USB bus registered, assigned bus
number 4
[    3.016568] xhci_hcd 0000:0c:00.3: Host supports USB 3.1 Enhanced
SuperSpeed
[    3.016580] usb usb3: New USB device found, idVendor=1d6b,
idProduct=0002, bcdDevice= 6.09
[    3.016582] usb usb3: New USB device strings: Mfr=3, Product=2,
SerialNumber=1
[    3.016583] usb usb3: Product: xHCI Host Controller
[    3.016584] usb usb3: Manufacturer: Linux 6.9.0-RX7600XT xhci-hcd
[    3.016585] usb usb3: SerialNumber: 0000:0c:00.3
[    3.016615] hub 3-0:1.0: USB hub found
[    3.016625] hub 3-0:1.0: 2 ports detected
[    3.016741] usb usb4: We don't know the algorithms for LPM for this
host, disabling LPM.
[    3.016748] usb usb4: New USB device found, idVendor=1d6b,
idProduct=0003, bcdDevice= 6.09
[    3.016750] usb usb4: New USB device strings: Mfr=3, Product=2,
SerialNumber=1
[    3.016751] usb usb4: Product: xHCI Host Controller
[    3.016751] usb usb4: Manufacturer: Linux 6.9.0-RX7600XT xhci-hcd
[    3.016752] usb usb4: SerialNumber: 0000:0c:00.3
[    3.016779] hub 4-0:1.0: USB hub found
[    3.016786] hub 4-0:1.0: 2 ports detected
[    3.016965] xhci_hcd 0000:0c:00.4: xHCI Host Controller
[    3.016980] xhci_hcd 0000:0c:00.4: new USB bus registered, assigned bus
number 5
[    3.017328] xhci_hcd 0000:0c:00.4: hcc params 0x0120ffc5 hci version
0x120 quirks 0x0000000200000410
[    3.017545] xhci_hcd 0000:0c:00.4: xHCI Host Controller
[    3.017557] xhci_hcd 0000:0c:00.4: new USB bus registered, assigned bus
number 6
[    3.017559] xhci_hcd 0000:0c:00.4: Host supports USB 3.1 Enhanced
SuperSpeed
[    3.017570] usb usb5: New USB device found, idVendor=1d6b,
idProduct=0002, bcdDevice= 6.09
[    3.017572] usb usb5: New USB device strings: Mfr=3, Product=2,
SerialNumber=1
[    3.017573] usb usb5: Product: xHCI Host Controller
[    3.017573] usb usb5: Manufacturer: Linux 6.9.0-RX7600XT xhci-hcd
[    3.017574] usb usb5: SerialNumber: 0000:0c:00.4
[    3.017605] hub 5-0:1.0: USB hub found
[    3.017612] hub 5-0:1.0: 2 ports detected
[    3.017674] usb usb6: We don't know the algorithms for LPM for this
host, disabling LPM.
[    3.017680] usb usb6: New USB device found, idVendor=1d6b,
idProduct=0003, bcdDevice= 6.09
[    3.017681] usb usb6: New USB device strings: Mfr=3, Product=2,
SerialNumber=1
[    3.017683] usb usb6: Product: xHCI Host Controller
[    3.017683] usb usb6: Manufacturer: Linux 6.9.0-RX7600XT xhci-hcd
[    3.017684] usb usb6: SerialNumber: 0000:0c:00.4
[    3.017709] hub 6-0:1.0: USB hub found
[    3.017717] hub 6-0:1.0: 2 ports detected
[    3.017855] xhci_hcd 0000:0d:00.0: xHCI Host Controller
[    3.017872] xhci_hcd 0000:0d:00.0: new USB bus registered, assigned bus
number 7
[    3.019141] xhci_hcd 0000:0d:00.0: USB3 root hub has no ports
[    3.019144] xhci_hcd 0000:0d:00.0: hcc params 0x0110ffc5 hci version
0x120 quirks 0x0000000200000410
[    3.019369] xhci_hcd 0000:0d:00.0: xHCI Host Controller
[    3.019385] xhci_hcd 0000:0d:00.0: new USB bus registered, assigned bus
number 8
[    3.019387] xhci_hcd 0000:0d:00.0: Host supports USB 3.0 SuperSpeed
[    3.019402] usb usb7: New USB device found, idVendor=1d6b,
idProduct=0002, bcdDevice= 6.09
[    3.019404] usb usb7: New USB device strings: Mfr=3, Product=2,
SerialNumber=1
[    3.019405] usb usb7: Product: xHCI Host Controller
[    3.019406] usb usb7: Manufacturer: Linux 6.9.0-RX7600XT xhci-hcd
[    3.019407] usb usb7: SerialNumber: 0000:0d:00.0
[    3.019436] hub 7-0:1.0: USB hub found
[    3.019439] hub 7-0:1.0: 1 port detected
[    3.019473] usb usb8: We don't know the algorithms for LPM for this
host, disabling LPM.
[    3.019480] usb usb8: New USB device found, idVendor=1d6b,
idProduct=0003, bcdDevice= 6.09
[    3.019481] usb usb8: New USB device strings: Mfr=3, Product=2,
SerialNumber=1
[    3.019482] usb usb8: Product: xHCI Host Controller
[    3.019483] usb usb8: Manufacturer: Linux 6.9.0-RX7600XT xhci-hcd
[    3.019484] usb usb8: SerialNumber: 0000:0d:00.0
[    3.019509] hub 8-0:1.0: USB hub found
[    3.019511] hub 8-0:1.0: config failed, hub doesn't have any ports! (err
-19)
[    3.019588] usbcore: registered new interface driver usbserial_generic
[    3.019591] usbserial: USB Serial support registered for generic
[    3.019603] i8042: PNP: PS/2 Controller [PNP0303:PS2K] at 0x60,0x64 irq
1
[    3.019605] i8042: PNP: PS/2 appears to have AUX port disabled, if this
is incorrect please boot with i8042.nopn
p
[    3.022376] serio: i8042 KBD port at 0x60,0x64 irq 1
[    3.022407] mousedev: PS/2 mouse device common for all mice
[    3.023403] rtc_cmos 00:02: RTC can wake from S4
[    3.023565] rtc_cmos 00:02: registered as rtc0
[    3.023595] rtc_cmos 00:02: setting system clock to 2024-05-15T18:01:33
UTC (1715796093)
[    3.023611] rtc_cmos 00:02: alarms up to one month, 114 bytes nvram
[    3.023618] device-mapper: core: CONFIG_IMA_DISABLE_HTABLE is disabled.
Duplicate IMA measurements will not be r
ecorded in the IMA log.
[    3.023622] device-mapper: uevent: version 1.0.3
[    3.023659] device-mapper: ioctl: 4.48.0-ioctl (2023-03-01) initialised:
dm-devel@lists.linux.dev
[    3.025513] [drm] Initialized simpledrm 1.0.0 20200625 for
simple-framebuffer.0 on minor 0
[    3.029153] Console: switching to colour frame buffer device 320x100
[    3.031731] simple-framebuffer simple-framebuffer.0: [drm] fb0:
simpledrmdrmfb frame buffer device
[    3.031817] hid: raw HID events driver (C) Jiri Kosina
[    3.031861] usbcore: registered new interface driver usbhid
[    3.031872] usbhid: USB HID core driver
[    3.032031] drop_monitor: Initializing network drop monitor service
[    3.032102] Initializing XFRM netlink socket
[    3.032126] NET: Registered PF_INET6 protocol family
[    3.034626] Segment Routing with IPv6
[    3.034632] RPL Segment Routing with IPv6
[    3.034641] In-situ OAM (IOAM) with IPv6
[    3.034656] mip6: Mobile IPv6
[    3.034660] NET: Registered PF_PACKET protocol family
[    3.035557] microcode: Current revision: 0x0a601206
[    3.035916] resctrl: L3 allocation detected
[    3.035921] resctrl: MB allocation detected
[    3.035924] resctrl: SMBA allocation detected
[    3.035929] resctrl: L3 monitoring detected
[    3.035949] IPI shorthand broadcast: enabled
[    3.035957] AVX2 version of gcm_enc/dec engaged.
[    3.036140] AES CTR mode by8 optimization enabled
[    3.036830] sched_clock: Marking stable (3035023337,
1617963)->(3072096241, -35454941)
[    3.036919] Timer migration: 2 hierarchy levels; 8 children per group; 2
crossnode level
[    3.037030] registered taskstats version 1
[    3.037285] Loading compiled-in X.509 certificates
[    3.041637] Loaded X.509 cert 'Build time autogenerated kernel key:
ec3f0af369e59acf168b705afdf50840939a67ed'
[    3.042451] page_owner is disabled
[    3.042524] Key type .fscrypt registered
[    3.042528] Key type fscrypt-provisioning registered
[    3.042694] Btrfs loaded, zoned=yes, fsverity=yes
[    3.042705] Key type big_key registered
[    3.042712] Key type trusted registered
[    3.047823] input: AT Translated Set 2 keyboard as
/devices/platform/i8042/serio0/input/input3
[    3.049438] Key type encrypted registered
[    3.050310] integrity: Loading X.509 certificate: UEFI:db
[    3.050326] integrity: Loaded X.509 cert 'Microsoft Windows Production
PCA 2011: a92902398e16c49778cd90f99e4f9ae
17c55af53'
[    3.050334] integrity: Loading X.509 certificate: UEFI:db
[    3.050347] integrity: Loaded X.509 cert 'Microsoft Corporation UEFI CA
2011: 13adbf4309bd82709c8cd54f316ed52298
8a1bd4'
[    3.050355] integrity: Loading X.509 certificate: UEFI:db
[    3.054134] integrity: Loaded X.509 cert ':
9b398b58bae7d28e4449e715084144d8'
[    3.056203] Loading compiled-in module X.509 certificates
[    3.056575] Loaded X.509 cert 'Build time autogenerated kernel key:
ec3f0af369e59acf168b705afdf50840939a67ed'
[    3.056585] ima: Allocated hash algorithm: sha256
[    3.067633] ima: No architecture policies found
[    3.067642] evm: Initialising EVM extended attributes:
[    3.067647] evm: security.selinux
[    3.067650] evm: security.SMACK64 (disabled)
[    3.067655] evm: security.SMACK64EXEC (disabled)
[    3.067659] evm: security.SMACK64TRANSMUTE (disabled)
[    3.067663] evm: security.SMACK64MMAP (disabled)
[    3.067667] evm: security.apparmor (disabled)
[    3.067671] evm: security.ima
[    3.067674] evm: security.capability
[    3.067677] evm: HMAC attrs: 0x1
[    3.084895] alg: No test for 842 (842-scomp)
[    3.084935] alg: No test for 842 (842-generic)
[    3.139553] PM:   Magic number: 8:990:38
[    3.141124] RAS: Correctable Errors collector initialized.
[    3.152986] clk: Disabling unused clocks
[    3.152995] PM: genpd: Disabling unused power domains
[    3.153418] Freeing unused decrypted memory: 2028K
[    3.153724] Freeing unused kernel image (initmem) memory: 4580K
[    3.153731] Write protecting the kernel read-only data: 36864k
[    3.153926] Freeing unused kernel image (rodata/data gap) memory: 1292K
[    3.158731] x86/mm: Checked W+X mappings: passed, no W+X pages found.
[    3.158807] Run /init as init process
[    3.158812]   with arguments:
[    3.158813]     /init
[    3.158814]   with environment:
[    3.158814]     HOME=/
[    3.158814]     TERM=linux
[    3.158815]     BOOT_IMAGE=(hd1,gpt2)/vmlinuz-6.9.0-RX7600XT
[    3.169366] systemd[1]: systemd 255.6-1.fc40 running in system mode
(+PAM +AUDIT +SELINUX -APPARMOR +IMA +SMACK
+SECCOMP -GCRYPT +GNUTLS +OPENSSL +ACL +BLKID +CURL +ELFUTILS +FIDO2 +IDN2
-IDN -IPTC +KMOD +LIBCRYPTSETUP +LIBFDIS
K +PCRE2 +PWQUALITY +P11KIT +QRENCODE +TPM2 +BZIP2 +LZ4 +XZ +ZLIB +ZSTD
+BPF_FRAMEWORK +XKBCOMMON +UTMP +SYSVINIT d
efault-hierarchy=unified)
[    3.169387] systemd[1]: Detected architecture x86-64.
[    3.169392] systemd[1]: Running in initrd.
[    3.169468] systemd[1]: Hostname set to <watchman>.
[    3.257984] usb 5-1: new high-speed USB device number 2 using xhci_hcd
[    3.258023] usb 7-1: new high-speed USB device number 2 using xhci_hcd
[    3.319987] usb 1-1: new high-speed USB device number 2 using xhci_hcd
[    3.390798] usb 5-1: New USB device found, idVendor=2109,
idProduct=2817, bcdDevice= 7.c3
[    3.391214] usb 5-1: New USB device strings: Mfr=1, Product=2,
SerialNumber=0
[    3.391493] usb 5-1: Product: USB2.0 Hub
[    3.391761] usb 5-1: Manufacturer: VIA Labs, Inc.
[    3.395560] usb 7-1: New USB device found, idVendor=0bda,
idProduct=555a, bcdDevice=24.71
[    3.395959] usb 7-1: New USB device strings: Mfr=3, Product=1,
SerialNumber=2
[    3.396235] usb 7-1: Product: Integrated_Webcam_FHD
[    3.396497] usb 7-1: Manufacturer: C7FME20T08142000B280
[    3.396756] usb 7-1: SerialNumber: 200901010001
[    3.434766] hub 5-1:1.0: USB hub found
[    3.437596] hub 5-1:1.0: 4 ports detected
[    3.483704] systemd[1]: bpf-lsm: LSM BPF program attached
[    3.508098] systemd[1]: Queued start job for default target
initrd.target.
[    3.516178] usb 1-1: New USB device found, idVendor=2109,
idProduct=2822, bcdDevice=37.64
[    3.516528] usb 1-1: New USB device strings: Mfr=1, Product=2,
SerialNumber=3
[    3.516806] usb 1-1: Product: USB2.0 Hub
[    3.517065] usb 1-1: Manufacturer: VIA Labs, Inc.
[    3.517318] usb 1-1: SerialNumber: 000000001
[    3.524412] hub 1-1:1.0: USB hub found
[    3.526391] systemd[1]: Expecting device
dev-disk-by\x2duuid-ac66d86f\x2da430\x2d4aef\x2d8f35\x2d53cc5f761de5.de
vice - /dev/disk/by-uuid/ac66d86f-a430-4aef-8f35-53cc5f761de5...
[    3.526490] hub 1-1:1.0: 5 ports detected
[    3.527345] systemd[1]: Reached target initrd-usr-fs.target - Initrd
/usr File System.
[    3.528894] systemd[1]: Reached target slices.target - Slice Units.
[    3.529791] systemd[1]: Reached target swap.target - Swaps.
[    3.530846] systemd[1]: Reached target timers.target - Timer Units.
[    3.532070] systemd[1]: Listening on dbus.socket - D-Bus System Message
Bus Socket.
[    3.532662] usb 6-1: new SuperSpeed USB device number 2 using xhci_hcd
[    3.534060] systemd[1]: Listening on systemd-journald-dev-log.socket -
Journal Socket (/dev/log).
[    3.535247] systemd[1]: Listening on systemd-journald.socket - Journal
Socket.
[    3.536537] systemd[1]: Listening on systemd-udevd-control.socket - udev
Control Socket.
[    3.538164] systemd[1]: Listening on systemd-udevd-kernel.socket - udev
Kernel Socket.
[    3.539490] systemd[1]: Reached target sockets.target - Socket Units.
[    3.541740] systemd[1]: Starting kmod-static-nodes.service - Create List
of Static Device Nodes...
[    3.543155] systemd[1]: memstrack.service - Memstrack Anylazing Service
was skipped because no trigger condition
checks were met.
[    3.545432] systemd[1]: Starting systemd-journald.service - Journal
Service...
[    3.548084] systemd[1]: Starting systemd-modules-load.service - Load
Kernel Modules...
[    3.550229] systemd[1]: Starting systemd-vconsole-setup.service -
Virtual Console Setup...
[    3.552096] systemd[1]: Finished kmod-static-nodes.service - Create List
of Static Device Nodes.
[    3.552378] systemd-journald[417]: Collecting audit messages is
disabled.
[    3.555086] i2c_dev: i2c /dev entries driver
[    3.559267] systemd[1]: Starting
systemd-tmpfiles-setup-dev-early.service - Create Static Device Nodes in
/dev g
racefully...
[    3.566433] systemd[1]: Finished
systemd-tmpfiles-setup-dev-early.service - Create Static Device Nodes in
/dev g
racefully.
[    3.569189] systemd[1]: Starting systemd-sysusers.service - Create
System Users...
[    3.571186] systemd[1]: Started systemd-journald.service - Journal
Service.
[    3.573290] fuse: init (API version 7.40)
[    3.578724] alua: device handler registered
[    3.580378] emc: device handler registered
[    3.584777] rdac: device handler registered
[    3.632774] usb 2-1: new SuperSpeed Plus Gen 2x1 USB device number 2
using xhci_hcd
[    3.650204] usb 6-1: New USB device found, idVendor=2109,
idProduct=0817, bcdDevice= 7.c3
[    3.650592] usb 6-1: New USB device strings: Mfr=1, Product=2,
SerialNumber=0
[    3.650965] usb 6-1: Product: USB3.0 Hub
[    3.651324] usb 6-1: Manufacturer: VIA Labs, Inc.
[    3.673645] hub 6-1:1.0: USB hub found
[    3.675942] hub 6-1:1.0: 4 ports detected
[    3.692638] usb 2-1: New USB device found, idVendor=2109,
idProduct=0822, bcdDevice=37.64
[    3.693049] usb 2-1: New USB device strings: Mfr=1, Product=2,
SerialNumber=3
[    3.693424] usb 2-1: Product: USB3.1 Hub
[    3.693425] usb 2-1: Manufacturer: VIA Labs, Inc.
[    3.693425] usb 2-1: SerialNumber: 000000001
[    3.702219] hub 2-1:1.0: USB hub found
[    3.704796] hub 2-1:1.0: 4 ports detected
[    3.705494] wmi_bus wmi_bus-PNP0C14:00: [Firmware Bug]: WQBC data block
query control method not found
[    3.707497] wmi_bus wmi_bus-PNP0C14:00: [Firmware Bug]: WMBD method
block execution control method not found
[    3.711356] sp5100_tco: SP5100/SB800 TCO WatchDog Timer Driver
[    3.711441] sp5100-tco sp5100-tco: Using 0xfeb00000 for watchdog MMIO
address
[    3.711520] sp5100-tco sp5100-tco: initialized. heartbeat=60 sec
(nowayout=0)
[    3.792401] ccp 0000:0c:00.2: tee enabled
[    3.792872] ccp 0000:0c:00.2: psp enabled
[    3.793672] input: DELL0C4C:00 04F3:328A Mouse as
/devices/platform/AMDI0010:00/i2c-0/i2c-DELL0C4C:00/0018:04F3:
328A.0001/input/input4
[    3.794385] input: DELL0C4C:00 04F3:328A Touchpad as
/devices/platform/AMDI0010:00/i2c-0/i2c-DELL0C4C:00/0018:04
F3:328A.0001/input/input5
[    3.794844] hid-generic 0018:04F3:328A.0001: input,hidraw0: I2C HID
v1.00 Mouse [DELL0C4C:00 04F3:328A] on i2c-D
ELL0C4C:00
[    3.839989] nvme 0000:04:00.0: platform quirk: setting simple suspend
[    3.839989] nvme 0000:05:00.0: platform quirk: setting simple suspend
[    3.840023] r8169 0000:0b:00.0 eth0: RTL8125B, ac:1a:3d:cc:f8:2b, XID
641, IRQ 86
[    3.840027] r8169 0000:0b:00.0 eth0: jumbo features [frames: 9194 bytes,
tx checksumming: ko]
[    3.840074] nvme nvme0: pci function 0000:04:00.0
[    3.840074] nvme nvme1: pci function 0000:05:00.0
[    3.855747] nvme nvme1: missing or invalid SUBNQN field.
[    3.856421] nvme nvme1: D3 entry latency set to 8 seconds
[    3.857039] nvme nvme0: D3 entry latency set to 10 seconds
[    3.889103] nvme nvme0: 24/0/0 default/read/poll queues
[    3.892839]  nvme0n1: p1 p2 p3 p4
[    3.973600] input: DELL0C4C:00 04F3:328A Mouse as
/devices/platform/AMDI0010:00/i2c-0/i2c-DELL0C4C:00/0018:04F3:
328A.0001/input/input7
[    3.974469] input: DELL0C4C:00 04F3:328A Touchpad as
/devices/platform/AMDI0010:00/i2c-0/i2c-DELL0C4C:00/0018:04
F3:328A.0001/input/input8
[    3.974841] hid-multitouch 0018:04F3:328A.0001: input,hidraw0: I2C HID
v1.00 Mouse [DELL0C4C:00 04F3:328A] on i2
c-DELL0C4C:00
[    4.011150] nvme nvme1: 24/0/0 default/read/poll queues
[    4.036653]  nvme1n1: p1 p2 p3
[    4.038947] r8169 0000:0b:00.0 enp11s0: renamed from eth0
[    4.080154] ucsi_acpi USBC000:00: UCSI_GET_PDOS failed (-95)
[    4.141779] ucsi_acpi USBC000:00: UCSI_GET_PDOS failed (-95)
[    4.205622] usb 5-1.2: new full-speed USB device number 3 using xhci_hcd
[    4.220057] ACPI: video: Video Device [VGA] (multi-head: yes  rom: no
 post: no)
[    4.220208] input: Video Bus as
/devices/LNXSYSTM:00/LNXSYBUS:00/PNP0A08:00/device:1e/LNXVIDEO:00/input/input10

[    4.269641] usb 1-1.1: new low-speed USB device number 3 using xhci_hcd
[    4.367192] usb 5-1.2: New USB device found, idVendor=8087,
idProduct=0032, bcdDevice= 0.00
[    4.367200] usb 5-1.2: New USB device strings: Mfr=0, Product=0,
SerialNumber=0
[    4.397742] ucsi_acpi USBC000:00: UCSI_GET_PDOS failed (-95)
[    4.504643] usb 5-1.3: new full-speed USB device number 4 using xhci_hcd
[    4.516045] usb 1-1.1: New USB device found, idVendor=045e,
idProduct=0040, bcdDevice= 3.00
[    4.516054] usb 1-1.1: New USB device strings: Mfr=1, Product=3,
SerialNumber=0
[    4.516056] usb 1-1.1: Product: Microsoft 3-Button Mouse with
IntelliEye(TM)
[    4.516057] usb 1-1.1: Manufacturer: Microsoft
[    4.528180] input: Microsoft Microsoft 3-Button Mouse with
IntelliEye(TM) as /devices/pci0000:00/0000:00:02.1/00
00:06:00.0/0000:07:02.0/0000:08:00.0/usb1/1-1/1-1.1/1-1.1:1.0/0003:045E:0040.0002/input/input11

[    4.528271] hid-generic 0003:045E:0040.0002: input,hidraw1: USB HID
v1.10 Mouse [Microsoft Microsoft 3-Button Mo
use with IntelliEye(TM)] on usb-0000:08:00.0-1.1/input0
[    4.601651] usb 2-1.3: new SuperSpeed Plus Gen 2x1 USB device number 3
using xhci_hcd
[    4.622760] usb 5-1.3: New USB device found, idVendor=0d62,
idProduct=bab0, bcdDevice=33.09
[    4.622770] usb 5-1.3: New USB device strings: Mfr=1, Product=2,
SerialNumber=0
[    4.622772] usb 5-1.3: Product: Keyboard
[    4.622773] usb 5-1.3: Manufacturer: DELL Technologies
[    4.652374] usb 2-1.3: New USB device found, idVendor=2109,
idProduct=0822, bcdDevice=38.23
[    4.652377] usb 2-1.3: New USB device strings: Mfr=1, Product=2,
SerialNumber=3
[    4.652378] usb 2-1.3: Product: USB3.1 Hub
[    4.652378] usb 2-1.3: Manufacturer: VIA Labs, Inc.
[    4.652379] usb 2-1.3: SerialNumber: 000000001
[    4.662035] hub 2-1.3:1.0: USB hub found
[    4.663487] hub 2-1.3:1.0: 4 ports detected
[    4.689210] input: DELL Technologies Keyboard as
/devices/pci0000:00/0000:00:08.1/0000:0c:00.4/usb5/5-1/5-1.3/5-
1.3:1.0/0003:0D62:BAB0.0003/input/input12
[    4.741825] hid-generic 0003:0D62:BAB0.0003: input,hiddev96,hidraw2: USB
HID v1.10 Keyboard [DELL Technologies K
eyboard] on usb-0000:0c:00.4-1.3/input0
[    4.777482] usb 1-1.3: new high-speed USB device number 4 using xhci_hcd
[    4.893632] usb 5-1.4: new full-speed USB device number 5 using xhci_hcd
[    4.907483] ucsi_acpi USBC000:00: UCSI_GET_PDOS failed (-95)
[    4.959740] usb 1-1.3: New USB device found, idVendor=2109,
idProduct=2822, bcdDevice=38.23
[    4.965730] usb 1-1.3: New USB device strings: Mfr=1, Product=2,
SerialNumber=3
[    4.980949] usb 1-1.3: Product: USB2.0 Hub
[    4.981576] usb 1-1.3: Manufacturer: VIA Labs, Inc.
[    4.981577] usb 1-1.3: SerialNumber: 000000001
[    5.021591] hub 1-1.3:1.0: USB hub found
[    5.036480] hub 1-1.3:1.0: 5 ports detected
[    5.046587] usb 2-1.4: new SuperSpeed USB device number 4 using xhci_hcd
[    5.093414] ucsi_acpi USBC000:00: UCSI_GET_PDOS failed (-95)
[    5.106131] usb 2-1.4: New USB device found, idVendor=2109,
idProduct=0817, bcdDevice=37.23
[    5.106870] usb 2-1.4: New USB device strings: Mfr=1, Product=2,
SerialNumber=3
[    5.107324] usb 2-1.4: Product: USB3.0 Hub
[    5.107741] usb 2-1.4: Manufacturer: VIA Labs, Inc.
[    5.108617] usb 2-1.4: SerialNumber: 000000000
[    5.120896] usb 5-1.4: New USB device found, idVendor=187c,
idProduct=0551, bcdDevice= 2.00
[    5.120898] usb 5-1.4: New USB device strings: Mfr=1, Product=2,
SerialNumber=3
[    5.120899] usb 5-1.4: Product: AW-ELC
[    5.120899] usb 5-1.4: Manufacturer: Alienware
[    5.120900] usb 5-1.4: SerialNumber: 00.01
[    5.131911] hub 2-1.4:1.0: USB hub found
[    5.152640] hub 2-1.4:1.0: 4 ports detected
[    5.217190] hid-generic 0003:187C:0551.0004: hiddev97,hidraw3: USB HID
v1.11 Device [Alienware AW-ELC] on usb-00
00:0c:00.4-1.4/input0
[    5.217192] ucsi_acpi USBC000:00: UCSI_GET_PDOS failed (-95)
[    5.369500] usb 1-1.4: new high-speed USB device number 5 using xhci_hcd
[    5.528035] ucsi_acpi USBC000:00: UCSI_GET_PDOS failed (-95)
[    5.563473] usb 1-1.4: New USB device found, idVendor=2109,
idProduct=2817, bcdDevice=37.23
[    5.574682] usb 1-1.4: New USB device strings: Mfr=1, Product=2,
SerialNumber=3
[    5.575285] usb 1-1.4: Product: USB2.0 Hub
[    5.575826] usb 1-1.4: Manufacturer: VIA Labs, Inc.
[    5.576354] usb 1-1.4: SerialNumber: 000000000
[    5.590013] ucsi_acpi USBC000:00: UCSI_GET_PDOS failed (-95)
[    5.602216] hub 1-1.4:1.0: USB hub found
[    5.607330] hub 1-1.4:1.0: 5 ports detected
[    6.699087] [drm] amdgpu kernel modesetting enabled.
[    6.700923] amdgpu: Virtual CRAT table created for CPU
[    6.700933] amdgpu: Topology: Add CPU node
[    6.701390] [drm] initializing kernel modesetting (IP DISCOVERY
0x1002:0x7480 0x1028:0x0C4C 0xC7).
[    6.707710] [drm] register mmio base: 0xC0E00000
[    6.708560] [drm] register mmio size: 1048576
[    6.715018] [drm] add ip block number 0 <soc21_common>
[    6.715819] [drm] add ip block number 1 <gmc_v11_0>
[    6.716235] [drm] add ip block number 2 <ih_v6_0>
[    6.716593] [drm] add ip block number 3 <psp>
[    6.716934] [drm] add ip block number 4 <smu>
[    6.717260] [drm] add ip block number 5 <dm>
[    6.717261] [drm] add ip block number 6 <gfx_v11_0>
[    6.717262] [drm] add ip block number 7 <sdma_v6_0>
[    6.717263] [drm] add ip block number 8 <vcn_v4_0>
[    6.717263] [drm] add ip block number 9 <jpeg_v4_0>
[    6.717263] [drm] add ip block number 10 <mes_v11_0>
[    6.717702] amdgpu 0000:03:00.0: amdgpu: Fetched VBIOS from VFCT
[    6.726781] amdgpu: ATOM BIOS: 113-BRT115767-001
[    6.748170] amdgpu 0000:03:00.0: amdgpu: CP RS64 enable
[    6.759147] [drm] VCN(0) encode/decode are enabled in VM mode
[    6.771265] amdgpu 0000:03:00.0: [drm:jpeg_v4_0_early_init [amdgpu]]
JPEG decode is enabled in VM mode
[    6.780654] Console: switching to colour dummy device 80x25
[    6.790951] amdgpu 0000:03:00.0: vgaarb: deactivate vga console
[    6.790954] amdgpu 0000:03:00.0: amdgpu: Trusted Memory Zone (TMZ)
feature not supported
[    6.791049] [drm] vm size is 262144 GB, 4 levels, block size is 9-bit,
fragment size is 9-bit
[    6.791052] [drm] System can't access extended configuration
space,please check!!
[    6.791054] amdgpu 0000:03:00.0: amdgpu: VRAM: 8176M 0x0000008000000000
- 0x00000081FEFFFFFF (8176M used)
[    6.791056] amdgpu 0000:03:00.0: amdgpu: GART: 512M 0x00007FFF00000000 -
0x00007FFF1FFFFFFF
[    6.791062] [drm] Detected VRAM RAM=8176M, BAR=8192M
[    6.791063] [drm] RAM width 128bits GDDR6
[    6.791144] [drm] amdgpu: 8176M of VRAM memory ready
