Return-Path: <dri-devel-bounces@lists.freedesktop.org>
X-Original-To: lists+dri-devel@lfdr.de
Delivered-To: lists+dri-devel@lfdr.de
Received: from gabe.freedesktop.org (gabe.freedesktop.org [131.252.210.177])
	by mail.lfdr.de (Postfix) with ESMTPS id AC8C361DDA2
	for <lists+dri-devel@lfdr.de>; Sat,  5 Nov 2022 20:12:40 +0100 (CET)
Received: from gabe.freedesktop.org (localhost [127.0.0.1])
	by gabe.freedesktop.org (Postfix) with ESMTP id D7A6910E165;
	Sat,  5 Nov 2022 19:12:35 +0000 (UTC)
X-Original-To: dri-devel@lists.freedesktop.org
Delivered-To: dri-devel@lists.freedesktop.org
Received: from mx0a-0031df01.pphosted.com (mx0a-0031df01.pphosted.com
 [205.220.168.131])
 by gabe.freedesktop.org (Postfix) with ESMTPS id 089B910E031;
 Sat,  5 Nov 2022 03:05:24 +0000 (UTC)
Received: from pps.filterd (m0279866.ppops.net [127.0.0.1])
 by mx0a-0031df01.pphosted.com (8.17.1.19/8.17.1.19) with ESMTP id
 2A52oXqG028084; Sat, 5 Nov 2022 03:05:18 GMT
DKIM-Signature: v=1; a=rsa-sha256; c=relaxed/relaxed; d=quicinc.com;
 h=content-type :
 message-id : date : mime-version : subject : to : cc : references : from :
 in-reply-to; s=qcppdkim1; bh=kB07xqFIl1onVGgZCRxF39T7aPA0y4AAOvZoHAhSXSo=;
 b=krHS9wyuBWA6ECuqkElewc7tqRH0FfM24jpyMzaYc/C3z313RzEHtOkGXmNP/iQTP2El
 34PViSDiXJKBlt0SuK85jLv7YseBzSXX2/CDshbr1dbvC3WyeryZXgkOQB7AVAm5C2kS
 Yj+1WVTCdSPre0zjbe8HtLqn+QQYoT/aTqP8GQzqJD0S/uHGF3E4nCp3QjEjx9uT0ruD
 MQP9u6sSP3UtSi/F4rZZuoCO7rlD4zhkplHj/tUGi0bZRSS4ip9vNjgIZfX3xGbVmaIk
 nrEGkmjluwjFXZza/QJjO331/vSNu+zxQrKBeE/rddB05FLoikreCjmZpa9RiPzB+UAB Mw== 
Received: from nasanppmta05.qualcomm.com (i-global254.qualcomm.com
 [199.106.103.254])
 by mx0a-0031df01.pphosted.com (PPS) with ESMTPS id 3kn6a4133n-1
 (version=TLSv1.2 cipher=ECDHE-RSA-AES256-GCM-SHA384 bits=256 verify=NOT);
 Sat, 05 Nov 2022 03:05:18 +0000
Received: from nasanex01b.na.qualcomm.com (nasanex01b.na.qualcomm.com
 [10.46.141.250])
 by NASANPPMTA05.qualcomm.com (8.17.1.5/8.17.1.5) with ESMTPS id 2A535HZn024075
 (version=TLSv1.2 cipher=ECDHE-RSA-AES256-GCM-SHA384 bits=256 verify=NOT);
 Sat, 5 Nov 2022 03:05:17 GMT
Received: from [10.110.46.169] (10.80.80.8) by nasanex01b.na.qualcomm.com
 (10.46.141.250) with Microsoft SMTP Server (version=TLS1_2,
 cipher=TLS_ECDHE_RSA_WITH_AES_256_GCM_SHA384) id 15.2.986.29; Fri, 4 Nov 2022
 20:05:16 -0700
Content-Type: multipart/mixed; boundary="------------hECn0Gqn7zl1YaMJg36Sy4Qd"
Message-ID: <d05d2567-5559-7a3d-e6a6-b6fb3db4c460@quicinc.com>
Date: Fri, 4 Nov 2022 20:05:14 -0700
MIME-Version: 1.0
User-Agent: Mozilla/5.0 (Windows NT 10.0; Win64; x64; rv:102.0) Gecko/20100101
 Thunderbird/102.2.2
Subject: Re: [PATCH v1 1/4] drm/msm/mdp5: stop overriding drvdata
Content-Language: en-US
To: Dmitry Baryshkov <dmitry.baryshkov@linaro.org>, Rob Clark
 <robdclark@gmail.com>, Sean Paul <sean@poorly.run>, Abhinav Kumar
 <quic_abhinavk@quicinc.com>
References: <20220620213054.1872954-1-dmitry.baryshkov@linaro.org>
 <20220620213054.1872954-2-dmitry.baryshkov@linaro.org>
From: Jessica Zhang <quic_jesszhan@quicinc.com>
In-Reply-To: <20220620213054.1872954-2-dmitry.baryshkov@linaro.org>
X-Originating-IP: [10.80.80.8]
X-ClientProxiedBy: nasanex01a.na.qualcomm.com (10.52.223.231) To
 nasanex01b.na.qualcomm.com (10.46.141.250)
X-QCInternal: smtphost
X-Proofpoint-Virus-Version: vendor=nai engine=6200 definitions=5800
 signatures=585085
X-Proofpoint-GUID: A2KcQq62SWVp1j4aMKJBUXXTLVC3mjx2
X-Proofpoint-ORIG-GUID: A2KcQq62SWVp1j4aMKJBUXXTLVC3mjx2
X-Proofpoint-Virus-Version: vendor=baseguard
 engine=ICAP:2.0.219,Aquarius:18.0.895,Hydra:6.0.545,FMLib:17.11.122.1
 definitions=2022-11-04_12,2022-11-03_01,2022-06-22_01
X-Proofpoint-Spam-Details: rule=outbound_notspam policy=outbound score=0
 mlxlogscore=999
 suspectscore=0 priorityscore=1501 adultscore=0 impostorscore=0
 phishscore=0 clxscore=1011 bulkscore=0 mlxscore=0 malwarescore=0
 spamscore=0 lowpriorityscore=0 classifier=spam adjust=0 reason=mlx
 scancount=1 engine=8.12.0-2210170000 definitions=main-2211050021
X-Mailman-Approved-At: Sat, 05 Nov 2022 19:11:56 +0000
X-BeenThere: dri-devel@lists.freedesktop.org
X-Mailman-Version: 2.1.29
Precedence: list
List-Id: Direct Rendering Infrastructure - Development
 <dri-devel.lists.freedesktop.org>
List-Unsubscribe: <https://lists.freedesktop.org/mailman/options/dri-devel>,
 <mailto:dri-devel-request@lists.freedesktop.org?subject=unsubscribe>
List-Archive: <https://lists.freedesktop.org/archives/dri-devel>
List-Post: <mailto:dri-devel@lists.freedesktop.org>
List-Help: <mailto:dri-devel-request@lists.freedesktop.org?subject=help>
List-Subscribe: <https://lists.freedesktop.org/mailman/listinfo/dri-devel>,
 <mailto:dri-devel-request@lists.freedesktop.org?subject=subscribe>
Cc: David Airlie <airlied@linux.ie>, linux-arm-msm@vger.kernel.org,
 dri-devel@lists.freedesktop.org, Stephen Boyd <swboyd@chromium.org>,
 Bjorn Andersson <bjorn.andersson@linaro.org>, freedreno@lists.freedesktop.org
Errors-To: dri-devel-bounces@lists.freedesktop.org
Sender: "dri-devel" <dri-devel-bounces@lists.freedesktop.org>

--------------hECn0Gqn7zl1YaMJg36Sy4Qd
Content-Type: text/plain; charset="UTF-8"; format=flowed
Content-Transfer-Encoding: 7bit



On 6/20/2022 2:30 PM, Dmitry Baryshkov wrote:
> The rest of the code expects that master's device drvdata is the
> struct msm_drm_private instance. Do not override the mdp5's drvdata.
> 
> Fixes: 6874f48bb8b0 ("drm/msm: make mdp5/dpu devices master components")
> Signed-off-by: Dmitry Baryshkov <dmitry.baryshkov@linaro.org>

Hey Dmitry,

Just wanted to report that it looks like MSM CI is failing on APQ8016 
due to this patch [1]. I was able to reproduce this issue locally by 
cherry-picking this patch on top of msm-next.

The device throws several clock warnings then goes into a boot loop. The 
full boot log and config file are attached.

Can you confirm if you also see this issue on DB410c?

Thanks,

Jessica Zhang

[1] https://gitlab.freedesktop.org/drm/msm/-/jobs/31083929

> ---
>   drivers/gpu/drm/msm/disp/mdp5/mdp5_kms.c | 19 +++++++++----------
>   1 file changed, 9 insertions(+), 10 deletions(-)
> 
> diff --git a/drivers/gpu/drm/msm/disp/mdp5/mdp5_kms.c b/drivers/gpu/drm/msm/disp/mdp5/mdp5_kms.c
> index c668a4b27cc6..daf5b5ca7233 100644
> --- a/drivers/gpu/drm/msm/disp/mdp5/mdp5_kms.c
> +++ b/drivers/gpu/drm/msm/disp/mdp5/mdp5_kms.c
> @@ -203,7 +203,7 @@ static int mdp5_set_split_display(struct msm_kms *kms,
>   							  slave_encoder);
>   }
>   
> -static void mdp5_destroy(struct platform_device *pdev);
> +static void mdp5_destroy(struct mdp5_kms *mdp5_kms);
>   
>   static void mdp5_kms_destroy(struct msm_kms *kms)
>   {
> @@ -223,7 +223,7 @@ static void mdp5_kms_destroy(struct msm_kms *kms)
>   	}
>   
>   	mdp_kms_destroy(&mdp5_kms->base);
> -	mdp5_destroy(mdp5_kms->pdev);
> +	mdp5_destroy(mdp5_kms);
>   }
>   
>   #ifdef CONFIG_DEBUG_FS
> @@ -651,9 +651,8 @@ static int mdp5_kms_init(struct drm_device *dev)
>   	return ret;
>   }
>   
> -static void mdp5_destroy(struct platform_device *pdev)
> +static void mdp5_destroy(struct mdp5_kms *mdp5_kms)
>   {
> -	struct mdp5_kms *mdp5_kms = platform_get_drvdata(pdev);
>   	int i;
>   
>   	if (mdp5_kms->ctlm)
> @@ -667,7 +666,7 @@ static void mdp5_destroy(struct platform_device *pdev)
>   		kfree(mdp5_kms->intfs[i]);
>   
>   	if (mdp5_kms->rpm_enabled)
> -		pm_runtime_disable(&pdev->dev);
> +		pm_runtime_disable(&mdp5_kms->pdev->dev);
>   
>   	drm_atomic_private_obj_fini(&mdp5_kms->glob_state);
>   	drm_modeset_lock_fini(&mdp5_kms->glob_state_lock);
> @@ -816,8 +815,6 @@ static int mdp5_init(struct platform_device *pdev, struct drm_device *dev)
>   		goto fail;
>   	}
>   
> -	platform_set_drvdata(pdev, mdp5_kms);
> -
>   	spin_lock_init(&mdp5_kms->resource_lock);
>   
>   	mdp5_kms->dev = dev;
> @@ -915,7 +912,7 @@ static int mdp5_init(struct platform_device *pdev, struct drm_device *dev)
>   	return 0;
>   fail:
>   	if (mdp5_kms)
> -		mdp5_destroy(pdev);
> +		mdp5_destroy(mdp5_kms);
>   	return ret;
>   }
>   
> @@ -975,7 +972,8 @@ static int mdp5_dev_remove(struct platform_device *pdev)
>   static __maybe_unused int mdp5_runtime_suspend(struct device *dev)
>   {
>   	struct platform_device *pdev = to_platform_device(dev);
> -	struct mdp5_kms *mdp5_kms = platform_get_drvdata(pdev);
> +	struct msm_drm_private *priv = platform_get_drvdata(pdev);
> +	struct mdp5_kms *mdp5_kms = to_mdp5_kms(to_mdp_kms(priv->kms));
>   
>   	DBG("");
>   
> @@ -985,7 +983,8 @@ static __maybe_unused int mdp5_runtime_suspend(struct device *dev)
>   static __maybe_unused int mdp5_runtime_resume(struct device *dev)
>   {
>   	struct platform_device *pdev = to_platform_device(dev);
> -	struct mdp5_kms *mdp5_kms = platform_get_drvdata(pdev);
> +	struct msm_drm_private *priv = platform_get_drvdata(pdev);
> +	struct mdp5_kms *mdp5_kms = to_mdp5_kms(to_mdp_kms(priv->kms));
>   
>   	DBG("");
>   
> -- 
> 2.35.1
> 
--------------hECn0Gqn7zl1YaMJg36Sy4Qd
Content-Type: text/plain; charset="windows-1252";
	name="db410c_msm_next+drvdata"
Content-Disposition: attachment; filename="db410c_msm_next+drvdata"
Content-Transfer-Encoding: 8bit

[2124700] [2124700] fastboot: reboot
[2124700] [2124700] rebooting the device

Format: Log Type - Time(microsec) - Message - Optional Info
Log Type: B - Since Boot(Power On Reset),  D - Delta,  S - Statistic
S - QC_IMAGE_VERSION_STRING=BOOT.BF.3.0-00288
S - IMAGE_VARIANT_STRING=HAAAANAZA
S - OEM_IMAGE_VERSION_STRING=CRM
S - Boot Config, 0x000002e1
S - Core 0 Frequency, 0 MHz
B -      1545 - PBL, Start
B -      3490 - bootable_media_detect_entry, Start
B -    287355 - bootable_media_detect_success, Start
B -    287360 - elf_loader_entry, Start
B -    288875 - auth_hash_seg_entry, Start
B -    289085 - auth_hash_seg_exit, Start
B -    304982 - elf_segs_hash_verify_entry, Start
B -    365543 - PBL, End
B -    372222 - SBL1, Start
B -    434930 - pm_device_init, Start
D -     14731 - pm_device_init, Delta
B -    450058 - boot_flash_init, Start
D -        30 - boot_flash_init, Delta
B -    454053 - boot_config_data_table_init, Start
D -     31567 - boot_config_data_table_init, Delta - (452 Bytes)
B -    490196 - CDT version:3,Platform ID:24,Major ID:1,Minor ID:0,Subtype:0
B -    496448 - sbl1_ddr_set_params, Start
B -    500230 - cpr_init, Start
D -         0 - cpr_init, Delta
B -    505842 - Pre_DDR_clock_init, Start
D -       183 - Pre_DDR_clock_init, Delta
D -         0 - sbl1_ddr_set_params, Delta
B -    518439 - pm_driver_init, Start
D -      3477 - pm_driver_init, Delta
B -    530547 - SBC platform detected: XO_ADJ_FINE = 0x20
B -    530578 - clock_init, Start
D -        30 - clock_init, Delta
B -    545492 - Image Load, Start
D -     23912 - QSEE Image Loaded, Delta - (571664 Bytes)
B -    569435 - Image Load, Start
D -       213 - SEC Image Loaded, Delta - (2048 Bytes)
B -    576663 - sbl1_efs_handle_cookies, Start
D -       305 - sbl1_efs_handle_cookies, Delta
B -    584410 - Image Load, Start
D -     12078 - QHEE Image Loaded, Delta - (56048 Bytes)
B -    596519 - Image Load, Start
D -     13389 - RPM Image Loaded, Delta - (149316 Bytes)
B -    609939 - Image Load, Start
D -     13572 - APPSBL Image Loaded, Delta - (519728 Bytes)
B -    623542 - QSEE Execution, Start
D -        91 - QSEE Execution, Delta
B -    629245 - SBL1, End
D -    259372 - SBL1, Delta
S - Flash Throughput, 122000 KB/s  (1299256 Bytes,  10644 us)
S - DDR Frequency, 400 MHz
Android Bootloader - UART_DM Initialized!!!
[0] [0] BUILD_VERSION=
[0] [0] BUILD_DATE=15:18:29 - Dec  5 2021
[0] [0] welcome to lk

[10] [10] platform_init()
[10] [10] target_init()
[40] [40] SDHC Running in HS200 mode
[70] [70] Done initialization of the card
[70] [70] pm8x41_get_is_cold_boot: cold boot
[570] [570] Neither 'config' nor 'frp' partition found
[580] [580] Not able to search the panel:
[580] [580] Display not enabled for 24 HW type
[590] [590] Target panel init not found!
[590] [590] pm8x41_get_is_cold_boot: cold boot
[590] [590] partition misc doesn't exist
[600] [600] error in emmc_recovery_init
[600] [600] Unable to locate /bootselect partition
[610] [610] No 'misc' partition found
[610] [610] Error reading MISC partition
[610] [610] failed to get ffbm cookie[620] [620] Loading boot image (40099840): start
[1010] [1010] Loading boot image (40099840): done
[1010] [1010] use_signed_kernel=0, is_unlocked=0, is_tampered=0.
[2130] [2130] qcom,msm-id entry not found
[2130] [2130] Only one appended non-skales DTB, select it.
[2140] [2140] target_display_panel_node:510: hw_id=24 panel_name=""
[2140] [2140] cmdline: ignore_loglevel earlycon root=/dev/mmcblk0p14 copy_modules -- androidboot.emmc=true androidboot.serialno=5d400375 androidboot.baseband=apq mdss_mdp.panel=0:dsi:0:
[2160] [2160] Updating device tree: start
[2250] [2250] Setting WLAN mac address in DT: 02:00:5D:40:03:75
[2270] [2270] Setting Bluetooth BD address in DT: 02:00:5D:40:03:74
[2270] [2270] Setting BT mac address in DT: 02:00:5D:40:03:74
[2280] [2280] Updating device tree: done
[2280] [2280] booting linux @ 0x80080000, ramdisk @ 0x91474800 (19699646), tags/device tree @ 0x85e00000
[2290] [2290] Jumping to kernel via monitor
[    0.000000] Booting Linux on physical CPU 0x0000000000 [0x410fd030]
[    0.000000] Linux version 6.1.0-rc2-13606-g8bd1db35ef72-dirty (jesszhan@jesszhan-linux) (aarch64-linux-gnu-gcc (Ubuntu/Linaro 7.5.0-3ubuntu1~18.04) 7.5.0, GNU ld (GNU Binutils for Ubuntu) 2.30) #14 SMP PREEMPT Fri Nov  4 19:49:32 PDT 2022
[    0.000000] Machine model: Qualcomm Technologies, Inc. APQ 8016 SBC
[    0.000000] printk: debug: ignoring loglevel setting.
[    0.000000] efi: UEFI not found.
[    0.000000] [Firmware Bug]: Kernel image misaligned at boot, please fix your bootloader!
[    0.000000] earlycon: msm_serial_dm0 at MMIO 0x00000000078b0000 (options '')
[    0.000000] printk: bootconsole [msm_serial_dm0] enabled
[    0.000000] NUMA: No NUMA configuration found
[    0.000000] NUMA: Faking a node at [mem 0x0000000080000000-0x00000000bfffffff]
[    0.000000] NUMA: NODE_DATA [mem 0xbfccda00-0xbfccffff]
[    0.000000] Zone ranges:
[    0.000000]   DMA      [mem 0x0000000080000000-0x00000000bfffffff]
[    0.000000]   DMA32    empty
[    0.000000]   Normal   empty
[    0.000000] Movable zone start for each node
[    0.000000] Early memory node ranges
[    0.000000]   node   0: [mem 0x0000000080000000-0x0000000085ffffff]
[    0.000000]   node   0: [mem 0x0000000086000000-0x0000000089efffff]
[    0.000000]   node   0: [mem 0x0000000089f00000-0x000000008e9fffff]
[    0.000000]   node   0: [mem 0x000000008ea00000-0x000000008eafffff]
[    0.000000]   node   0: [mem 0x000000008eb00000-0x00000000bfffffff]
[    0.000000] Initmem setup node 0 [mem 0x0000000080000000-0x00000000bfffffff]
[    0.000000] cma: Reserved 32 MiB at 0x00000000bcc00000
[    0.000000] psci: probing for conduit method from DT.
[    0.000000] psci: PSCIv1.0 detected in firmware.
[    0.000000] psci: Using standard PSCI v0.2 function IDs
[    0.000000] psci: MIGRATE_INFO_TYPE not supported.
[    0.000000] psci: SMC Calling Convention v1.0
[    0.000000] psci: OSI mode supported.
[    0.000000] psci: failed to set PC mode: -3
[    0.000000] percpu: Embedded 20 pages/cpu s44840 r8192 d28888 u81920
[    0.000000] pcpu-alloc: s44840 r8192 d28888 u81920 alloc=20*4096
[    0.000000] pcpu-alloc: [0] 0 [0] 1 [0] 2 [0] 3 
[    0.000000] Detected VIPT I-cache on CPU0
[    0.000000] CPU features: kernel page table isolation forced ON by KASLR
[    0.000000] CPU features: detected: Kernel page table isolation (KPTI)
[    0.000000] CPU features: detected: ARM erratum 843419
[    0.000000] CPU features: detected: ARM erratum 845719
[    0.000000] CPU features: detected: ARM errata 826319, 827319, 824069, or 819472
[    0.000000] alternatives: applying boot alternatives
[    0.000000] Fallback order for Node 0: 0 
[    0.000000] Built 1 zonelists, mobility grouping on.  Total pages: 258048
[    0.000000] Policy zone: DMA
[    0.000000] Kernel command line: ignore_loglevel earlycon root=/dev/mmcblk0p14 copy_modules -- androidboot.emmc=true androidboot.serialno=5d400375 androidboot.baseband=apq mdss_mdp.panel=0:dsi:0:
[    0.000000] Unknown kernel command line parameters "copy_modules", will be passed to user space.
[    0.000000] Dentry cache hash table entries: 131072 (order: 8, 1048576 bytes, linear)
[    0.000000] Inode-cache hash table entries: 65536 (order: 7, 524288 bytes, linear)
[    0.000000] mem auto-init: stack:off, heap alloc:off, heap free:off
[    0.000000] Memory: 856604K/1048576K available (16192K kernel code, 3704K rwdata, 24600K rodata, 7552K init, 615K bss, 159204K reserved, 32768K cma-reserved)
[    0.000000] SLUB: HWalign=64, Order=0-3, MinObjects=0, CPUs=4, Nodes=1
[    0.000000] rcu: Preemptible hierarchical RCU implementation.
[    0.000000] rcu: 	RCU event tracing is enabled.
[    0.000000] rcu: 	RCU restricting CPUs from NR_CPUS=256 to nr_cpu_ids=4.
[    0.000000] 	Trampoline variant of Tasks RCU enabled.
[    0.000000] 	Tracing variant of Tasks RCU enabled.
[    0.000000] rcu: RCU calculated value of scheduler-enlistment delay is 25 jiffies.
[    0.000000] rcu: Adjusting geometry for rcu_fanout_leaf=16, nr_cpu_ids=4
[    0.000000] NR_IRQS: 64, nr_irqs: 64, preallocated irqs: 0
[    0.000000] Root IRQ handler: gic_handle_irq
[    0.000000] rcu: srcu_init: Setting srcu_struct sizes based on contention.
[    0.000000] arch_timer: cp15 and mmio timer(s) running at 19.20MHz (virt/virt).
[    0.000000] clocksource: arch_sys_counter: mask: 0xffffffffffffff max_cycles: 0x46d987e47, max_idle_ns: 440795202767 ns
[    0.000000] sched_clock: 56 bits at 19MHz, resolution 52ns, wraps every 4398046511078ns
[    0.011097] Console: colour dummy device 80x25
[    0.018756] printk: console [tty0] enabled
[    0.023261] printk: bootconsole [msm_serial_dm0] disabled
[    0.000000] Booting Linux on physical CPU 0x0000000000 [0x410fd030]
[    0.000000] Linux version 6.1.0-rc2-13606-g8bd1db35ef72-dirty (jesszhan@jesszhan-linux) (aarch64-linux-gnu-gcc (Ubuntu/Linaro 7.5.0-3ubuntu1~18.04) 7.5.0, GNU ld (GNU Binutils for Ubuntu) 2.30) #14 SMP PREEMPT Fri Nov  4 19:49:32 PDT 2022
[    0.000000] Machine model: Qualcomm Technologies, Inc. APQ 8016 SBC
[    0.000000] printk: debug: ignoring loglevel setting.
[    0.000000] efi: UEFI not found.
[    0.000000] [Firmware Bug]: Kernel image misaligned at boot, please fix your bootloader!
[    0.000000] earlycon: msm_serial_dm0 at MMIO 0x00000000078b0000 (options '')
[    0.000000] printk: bootconsole [msm_serial_dm0] enabled
[    0.000000] NUMA: No NUMA configuration found
[    0.000000] NUMA: Faking a node at [mem 0x0000000080000000-0x00000000bfffffff]
[    0.000000] NUMA: NODE_DATA [mem 0xbfccda00-0xbfccffff]
[    0.000000] Zone ranges:
[    0.000000]   DMA      [mem 0x0000000080000000-0x00000000bfffffff]
[    0.000000]   DMA32    empty
[    0.000000]   Normal   empty
[    0.000000] Movable zone start for each node
[    0.000000] Early memory node ranges
[    0.000000]   node   0: [mem 0x0000000080000000-0x0000000085ffffff]
[    0.000000]   node   0: [mem 0x0000000086000000-0x0000000089efffff]
[    0.000000]   node   0: [mem 0x0000000089f00000-0x000000008e9fffff]
[    0.000000]   node   0: [mem 0x000000008ea00000-0x000000008eafffff]
[    0.000000]   node   0: [mem 0x000000008eb00000-0x00000000bfffffff]
[    0.000000] Initmem setup node 0 [mem 0x0000000080000000-0x00000000bfffffff]
[    0.000000] cma: Reserved 32 MiB at 0x00000000bcc00000
[    0.000000] psci: probing for conduit method from DT.
[    0.000000] psci: PSCIv1.0 detected in firmware.
[    0.000000] psci: Using standard PSCI v0.2 function IDs
[    0.000000] psci: MIGRATE_INFO_TYPE not supported.
[    0.000000] psci: SMC Calling Convention v1.0
[    0.000000] psci: OSI mode supported.
[    0.000000] psci: failed to set PC mode: -3
[    0.000000] percpu: Embedded 20 pages/cpu s44840 r8192 d28888 u81920
[    0.000000] pcpu-alloc: s44840 r8192 d28888 u81920 alloc=20*4096
[    0.000000] pcpu-alloc: [0] 0 [0] 1 [0] 2 [0] 3 
[    0.000000] Detected VIPT I-cache on CPU0
[    0.000000] CPU features: kernel page table isolation forced ON by KASLR
[    0.000000] CPU features: detected: Kernel page table isolation (KPTI)
[    0.000000] CPU features: detected: ARM erratum 843419
[    0.000000] CPU features: detected: ARM erratum 845719
[    0.000000] CPU features: detected: ARM errata 826319, 827319, 824069, or 819472
[    0.000000] alternatives: applying boot alternatives
[    0.000000] Fallback order for Node 0: 0 
[    0.000000] Built 1 zonelists, mobility grouping on.  Total pages: 258048
[    0.000000] Policy zone: DMA
[    0.000000] Kernel command line: ignore_loglevel earlycon root=/dev/mmcblk0p14 copy_modules -- androidboot.emmc=true androidboot.serialno=5d400375 androidboot.baseband=apq mdss_mdp.panel=0:dsi:0:
[    0.000000] Unknown kernel command line parameters "copy_modules", will be passed to user space.
[    0.000000] Dentry cache hash table entries: 131072 (order: 8, 1048576 bytes, linear)
[    0.000000] Inode-cache hash table entries: 65536 (order: 7, 524288 bytes, linear)
[    0.000000] mem auto-init: stack:off, heap alloc:off, heap free:off
[    0.000000] Memory: 856604K/1048576K available (16192K kernel code, 3704K rwdata, 24600K rodata, 7552K init, 615K bss, 159204K reserved, 32768K cma-reserved)
[    0.000000] SLUB: HWalign=64, Order=0-3, MinObjects=0, CPUs=4, Nodes=1
[    0.000000] rcu: Preemptible hierarchical RCU implementation.
[    0.000000] rcu: 	RCU event tracing is enabled.
[    0.000000] rcu: 	RCU restricting CPUs from NR_CPUS=256 to nr_cpu_ids=4.
[    0.000000] 	Trampoline variant of Tasks RCU enabled.
[    0.000000] 	Tracing variant of Tasks RCU enabled.
[    0.000000] rcu: RCU calculated value of scheduler-enlistment delay is 25 jiffies.
[    0.000000] rcu: Adjusting geometry for rcu_fanout_leaf=16, nr_cpu_ids=4
[    0.000000] NR_IRQS: 64, nr_irqs: 64, preallocated irqs: 0
[    0.000000] Root IRQ handler: gic_handle_irq
[    0.000000] rcu: srcu_init: Setting srcu_struct sizes based on contention.
[    0.000000] arch_timer: cp15 and mmio timer(s) running at 19.20MHz (virt/virt).
[    0.000000] clocksource: arch_sys_counter: mask: 0xffffffffffffff max_cycles: 0x46d987e47, max_idle_ns: 440795202767 ns
[    0.000000] sched_clock: 56 bits at 19MHz, resolution 52ns, wraps every 4398046511078ns
[    0.011097] Console: colour dummy device 80x25
[    0.018756] printk: console [tty0] enabled
[    0.023261] printk: bootconsole [msm_serial_dm0] disabled
[    0.027434] Calibrating delay loop (skipped), value calculated using timer frequency.. 38.40 BogoMIPS (lpj=76800)
[    0.027466] pid_max: default: 32768 minimum: 301
[    0.027566] LSM: Security Framework initializing
[    0.027698] Mount-cache hash table entries: 2048 (order: 2, 16384 bytes, linear)
[    0.027731] Mountpoint-cache hash table entries: 2048 (order: 2, 16384 bytes, linear)
[    0.029678] cblist_init_generic: Setting adjustable number of callback queues.
[    0.029711] cblist_init_generic: Setting shift to 2 and lim to 1.
[    0.029817] cblist_init_generic: Setting shift to 2 and lim to 1.
[    0.030065] rcu: Hierarchical SRCU implementation.
[    0.030083] rcu: 	Max phase no-delay instances is 1000.
[    0.037450] EFI services will not be available.
[    0.037785] smp: Bringing up secondary CPUs ...
[    0.038547] Detected VIPT I-cache on CPU1
[    0.038686] CPU1: Booted secondary processor 0x0000000001 [0x410fd030]
[    0.039495] Detected VIPT I-cache on CPU2
[    0.039617] CPU2: Booted secondary processor 0x0000000002 [0x410fd030]
[    0.040382] Detected VIPT I-cache on CPU3
[    0.040503] CPU3: Booted secondary processor 0x0000000003 [0x410fd030]
[    0.040590] smp: Brought up 1 node, 4 CPUs
[    0.040672] SMP: Total of 4 processors activated.
[    0.040690] CPU features: detected: 32-bit EL0 Support
[    0.040705] CPU features: detected: 32-bit EL1 Support
[    0.040722] CPU features: detected: CRC32 instructions
[    0.040817] CPU: All CPU(s) started at EL1
[    0.040856] alternatives: applying system-wide alternatives
[    0.042851] devtmpfs: initialized
[    0.056655] clocksource: jiffies: mask: 0xffffffff max_cycles: 0xffffffff, max_idle_ns: 7645041785100000 ns
[    0.056714] futex hash table entries: 1024 (order: 4, 65536 bytes, linear)
[    0.057986] pinctrl core: initialized pinctrl subsystem
[    0.062457] DMI not present or invalid.
[    0.063466] NET: Registered PF_NETLINK/PF_ROUTE protocol family
[    0.064929] DMA: preallocated 128 KiB GFP_KERNEL pool for atomic allocations
[    0.065282] DMA: preallocated 128 KiB GFP_KERNEL|GFP_DMA pool for atomic allocations
[    0.065457] DMA: preallocated 128 KiB GFP_KERNEL|GFP_DMA32 pool for atomic allocations
[    0.065541] audit: initializing netlink subsys (disabled)
[    0.065782] audit: type=2000 audit(0.052:1): state=initialized audit_enabled=0 res=1
[    0.068071] thermal_sys: Registered thermal governor 'step_wise'
[    0.068080] thermal_sys: Registered thermal governor 'power_allocator'
[    0.068175] cpuidle: using governor menu
[    0.068522] hw-breakpoint: found 6 breakpoint and 4 watchpoint registers.
[    0.068656] ASID allocator initialised with 32768 entries
[    0.071848] Serial: AMBA PL011 UART driver
[    0.091584] amba 821000.funnel: Fixing up cyclic dependency with 802000.stm
[    0.091866] amba 824000.replicator: Fixing up cyclic dependency with 820000.tpiu
[    0.092184] amba 825000.etf: Fixing up cyclic dependency with 824000.replicator
[    0.092277] amba 825000.etf: Fixing up cyclic dependency with 821000.funnel
[    0.092529] amba 826000.etr: Fixing up cyclic dependency with 824000.replicator
[    0.092793] amba 841000.funnel: Fixing up cyclic dependency with 821000.funnel
[    0.093796] amba 85c000.etm: Fixing up cyclic dependency with 841000.funnel
[    0.094040] amba 85d000.etm: Fixing up cyclic dependency with 841000.funnel
[    0.094279] amba 85e000.etm: Fixing up cyclic dependency with 841000.funnel
[    0.094530] amba 85f000.etm: Fixing up cyclic dependency with 841000.funnel
[    0.097874] platform 1800000.clock-controller: Fixing up cyclic dependency with dsi-phy@1a98300 (1a00000.mdss)
[    0.117185] KASLR enabled
[    0.130216] HugeTLB: registered 1.00 GiB page size, pre-allocated 0 pages
[    0.130253] HugeTLB: 16380 KiB vmemmap can be freed for a 1.00 GiB page
[    0.130274] HugeTLB: registered 32.0 MiB page size, pre-allocated 0 pages
[    0.130292] HugeTLB: 508 KiB vmemmap can be freed for a 32.0 MiB page
[    0.130312] HugeTLB: registered 2.00 MiB page size, pre-allocated 0 pages
[    0.130330] HugeTLB: 28 KiB vmemmap can be freed for a 2.00 MiB page
[    0.130350] HugeTLB: registered 64.0 KiB page size, pre-allocated 0 pages
[    0.130367] HugeTLB: 0 KiB vmemmap can be freed for a 64.0 KiB page
[    0.132600] ACPI: Interpreter disabled.
[    0.137038] iommu: Default domain type: Translated 
[    0.137068] iommu: DMA domain TLB invalidation policy: strict mode 
[    0.137398] SCSI subsystem initialized
[    0.137585] libata version 3.00 loaded.
[    0.138007] usbcore: registered new interface driver usbfs
[    0.138075] usbcore: registered new interface driver hub
[    0.138134] usbcore: registered new device driver usb
[    0.139721] pps_core: LinuxPPS API ver. 1 registered
[    0.139742] pps_core: Software ver. 5.3.6 - Copyright 2005-2007 Rodolfo Giometti <giometti@linux.it>
[    0.139778] PTP clock support registered
[    0.139963] EDAC MC: Ver: 3.0.0
[    0.140436] CPUidle PSCI: Initialized CPU PM domain topology
[    0.142801] FPGA manager framework
[    0.142994] Advanced Linux Sound Architecture Driver Initialized.
[    0.144067] vgaarb: loaded
[    0.144540] clocksource: Switched to clocksource arch_sys_counter
[    0.144809] VFS: Disk quotas dquot_6.6.0
[    0.144885] VFS: Dquot-cache hash table entries: 512 (order 0, 4096 bytes)
[    0.145120] pnp: PnP ACPI: disabled
[    0.153882] NET: Registered PF_INET protocol family
[    0.154113] IP idents hash table entries: 16384 (order: 5, 131072 bytes, linear)
[    0.155559] tcp_listen_portaddr_hash hash table entries: 512 (order: 1, 8192 bytes, linear)
[    0.155662] Table-perturb hash table entries: 65536 (order: 6, 262144 bytes, linear)
[    0.155703] TCP established hash table entries: 8192 (order: 4, 65536 bytes, linear)
[    0.155809] TCP bind hash table entries: 8192 (order: 6, 262144 bytes, linear)
[    0.156124] TCP: Hash tables configured (established 8192 bind 8192)
[    0.156264] UDP hash table entries: 512 (order: 2, 16384 bytes, linear)
[    0.156320] UDP-Lite hash table entries: 512 (order: 2, 16384 bytes, linear)
[    0.156515] NET: Registered PF_UNIX/PF_LOCAL protocol family
[    0.157016] RPC: Registered named UNIX socket transport module.
[    0.157039] RPC: Registered udp transport module.
[    0.157055] RPC: Registered tcp transport module.
[    0.157069] RPC: Registered tcp NFSv4.1 backchannel transport module.
[    0.157092] PCI: CLS 0 bytes, default 64
[    0.157388] Unpacking initramfs...
[    0.169303] hw perfevents: enabled with armv8_cortex_a53 PMU driver, 7 counters available
[    0.170019] kvm [1]: HYP mode not available
[    0.171298] Initialise system trusted keyrings
[    0.171601] workingset: timestamp_bits=42 max_order=18 bucket_order=0
[    0.180930] squashfs: version 4.0 (2009/01/31) Phillip Lougher
[    0.181808] NFS: Registering the id_resolver key type
[    0.181909] Key type id_resolver registered
[    0.181929] Key type id_legacy registered
[    0.182047] nfs4filelayout_init: NFSv4 File Layout Driver Registering...
[    0.182072] nfs4flexfilelayout_init: NFSv4 Flexfile Layout Driver Registering...
[    0.182352] 9p: Installing v9fs 9p2000 file system support
[    0.237268] Key type asymmetric registered
[    0.237312] Asymmetric key parser 'x509' registered
[    0.237432] Block layer SCSI generic (bsg) driver version 0.4 loaded (major 245)
[    0.237461] io scheduler mq-deadline registered
[    0.237478] io scheduler kyber registered
[    0.259200] EINJ: ACPI disabled.
[    0.296961] Serial: 8250/16550 driver, 4 ports, IRQ sharing enabled
[    0.301581] SuperH (H)SCI(F) driver initialized
[    0.302615] msm_serial: driver initialized
[    0.313676] loop: module loaded
[    0.315369] megasas: 07.719.03.00-rc1
[    0.321585] spmi spmi-0: PMIC arbiter version v2 (0x20010000)
[    0.331151] gpio gpiochip1: (200f000.spmi:pmic@0:mpps@a000): not an immutable chip, please consider fixing it!
[    0.339877] tun: Universal TUN/TAP device driver, 1.6
[    0.341732] thunder_xcv, ver 1.0
[    0.341809] thunder_bgx, ver 1.0
[    0.341879] nicpf, ver 1.0
[    0.344184] hns3: Hisilicon Ethernet Network Driver for Hip08 Family - version
[    0.344214] hns3: Copyright (c) 2017 Huawei Corporation.
[    0.344307] hclge is initializing
[    0.344344] e1000: Intel(R) PRO/1000 Network Driver
[    0.344361] e1000: Copyright (c) 1999-2006 Intel Corporation.
[    0.344425] e1000e: Intel(R) PRO/1000 Network Driver
[    0.344441] e1000e: Copyright(c) 1999 - 2015 Intel Corporation.
[    0.344502] igb: Intel(R) Gigabit Ethernet Network Driver
[    0.344520] igb: Copyright (c) 2007-2014 Intel Corporation.
[    0.344620] igbvf: Intel(R) Gigabit Virtual Function Network Driver
[    0.344639] igbvf: Copyright (c) 2009 - 2012 Intel Corporation.
[    0.345291] sky2: driver version 1.30
[    0.347458] VFIO - User Level meta-driver version: 0.3
[    0.353468] usbcore: registered new interface driver usb-storage
[    0.374007] usb3503 usb2513: switched to HUB mode
[    0.374050] usb3503 usb2513: usb3503_probe: probed in hub mode
[    0.374926] usbcore: registered new device driver onboard-usb-hub
[    0.380088] i2c_dev: i2c /dev entries driver
[    0.394831] sdhci: Secure Digital Host Controller Interface driver
[    0.394869] sdhci: Copyright(c) Pierre Ossman
[    0.396427] Synopsys Designware Multimedia Card Interface Driver
[    0.398474] sdhci-pltfm: SDHCI platform and OF driver helper
[    0.403966] ledtrig-cpu: registered to indicate activity on CPUs
[    0.407988] usbcore: registered new interface driver usbhid
[    0.408026] usbhid: USB HID core driver
[    0.423450] NET: Registered PF_PACKET protocol family
[    0.423664] 9pnet: Installing 9P2000 support
[    0.423766] Key type dns_resolver registered
[    0.424733] registered taskstats version 1
[    0.424791] Loading compiled-in X.509 certificates
[    0.458666] s3: Bringing 0uV into 375000-375000uV
[    0.459098] s4: Bringing 0uV into 1800000-1800000uV
[    0.459667] l1: Bringing 0uV into 375000-375000uV
[    0.459936] l2: Bringing 0uV into 1200000-1200000uV
[    0.460196] l4: Bringing 0uV into 1750000-1750000uV
[    0.460485] l5: Bringing 0uV into 1750000-1750000uV
[    0.460816] l6: Bringing 0uV into 1800000-1800000uV
[    0.461088] l7: Bringing 0uV into 1750000-1750000uV
[    0.461362] l8: Bringing 0uV into 1750000-1750000uV
[    0.461651] l9: Bringing 0uV into 1750000-1750000uV
[    0.461938] l10: Bringing 0uV into 1750000-1750000uV
[    0.462236] l11: Bringing 0uV into 1750000-1750000uV
[    0.462511] l12: Bringing 0uV into 1750000-1750000uV
[    0.462791] l13: Bringing 0uV into 1750000-1750000uV
[    0.463095] l14: Bringing 0uV into 1750000-1750000uV
[    0.463445] l15: Bringing 0uV into 1750000-1750000uV
[    0.467830] qcom_scm: convention: smc arm 32
[    0.472140] l16: Bringing 0uV into 1750000-1750000uV
[    0.472609] l17: Bringing 0uV into 3300000-3300000uV
[    0.473056] l18: Bringing 0uV into 1750000-1750000uV
[    0.479021] msm_serial 78af000.serial: msm_serial: detected port #1
[    0.479094] msm_serial 78af000.serial: uartclk = 19200000
[    0.479232] 78af000.serial: ttyMSM1 at MMIO 0x78af000 (irq = 25, base_baud = 1200000) is a MSM
[    0.481511] msm_serial 78b0000.serial: msm_serial: detected port #0
[    0.481572] msm_serial 78b0000.serial: uartclk = 7372800
[    0.481703] 78b0000.serial: ttyMSM0 at MMIO 0x78b0000 (irq = 26, base_baud = 460800) is a MSM
[    0.481749] msm_serial: console setup on port #0
[    1.599619] Freeing initrd memory: 19232K
[    1.601663] printk: console [ttyMSM0] enabled
[    1.912001] qcom-iommu 1ef0000.iommu: iommu sec: pgtable size: 94208
[    1.927132] spi_qup 78b7000.spi: IN:block:16, fifo:64, OUT:block:16, fifo:64
[    1.930272] spi_qup 78b9000.spi: IN:block:16, fifo:64, OUT:block:16, fifo:64
[    1.987289] i2c_qup 78b6000.i2c: using default clock-frequency 100000
[    1.987352] i2c_qup 78b6000.i2c: 
[    1.987352]  tx channel not available
[    1.995671] i2c_qup 78b8000.i2c: using default clock-frequency 100000
[    1.999542] i2c_qup 78b8000.i2c: 
[    1.999542]  tx channel not available
[    2.007020] i2c 3-0039: Fixing up cyclic dependency with hdmi-out
[    2.015712] i2c_qup 78ba000.i2c: using default clock-frequency 100000
[    2.019149] i2c_qup 78ba000.i2c: 
[    2.019149]  tx channel not available
[    2.042388] sdhci_msm 7864900.mmc: Got CD GPIO
[    2.076157] mmc0: SDHCI controller on 7824900.mmc [7824900.mmc] using ADMA 64-bit
[    2.078282] mmc1: SDHCI controller on 7864900.mmc [7864900.mmc] using ADMA 64-bit
[    2.093501] debugfs: Directory 'ci_hdrc.0' with parent 'ulpi' already present!
[    2.124692] debugfs: Directory 'ci_hdrc.0' with parent 'ulpi' already present!
[    2.154138] mmc0: Card appears overclocked; req 177770000 Hz, actual 177777777 Hz
[    2.154208] mmc0: Card appears overclocked; req 177770000 Hz, actual 177777777 Hz
[    2.160688] debugfs: Directory 'ci_hdrc.0' with parent 'ulpi' already present!
[    2.166855] input: gpio-keys as /devices/platform/gpio-keys/input/input0
[    2.176235] ALSA device list:
[    2.180496] mmc0: new HS200 MMC card at address 0001
[    2.182087]   No soundcards found.
û[    2.197977] Freeing unused kernel memory: 7552K
[    2.198357]  mmcblk0: p1 p2 p3 p4 p5 p6 p7 p8 p9 p10 p11 p12 p13 p14
[    2.203503] mmcblk0boot0: mmc0:0001 S10008 4.00 MiB 
[    2.207588] debugfs: Directory 'ci_hdrc.0' with parent 'ulpi' already present!
[    2.209287] mmcblk0boot1: mmc0:0001 S10008 4.00 MiB 
[    2.216732] Run /init as init process
[    2.221100] mmcblk0rpmb: mmc0:0001 S10008 4.00 MiB, chardev (234:0)
[    2.225041]   with arguments:
[    2.234734]     /init
[    2.237790]     copy_modules
[    2.240033]     androidboot.emmc=true
[    2.243000]     androidboot.serialno=5d400375
[    2.246558]     androidboot.baseband=apq
[    2.250896]     mdss_mdp.panel=0:dsi:0:
[    2.254890]   with environment:
[    2.257049] debugfs: Directory 'ci_hdrc.0' with parent 'ulpi' already present!
[    2.258437]     HOME=/
[    2.268883]     TERM=linux
Starting version 250.4-1-gc3aead5+
[    2.887302] debugfs: Directory 'ci_hdrc.0' with parent 'ulpi' already present!
[    2.928820] debugfs: Directory 'ci_hdrc.0' with parent 'ulpi' already present!
[    2.962827] debugfs: Directory 'ci_hdrc.0' with parent 'ulpi' already present!
[    2.981525] adreno 1c00000.gpu: Adding to iommu group 0
[    2.985599] platform 1a98000.dsi: Fixing up cyclic dependency with 3-0039
[    2.985730] platform 1a98000.dsi: Fixing up cyclic dependency with 1a01000.mdp
[    2.993218] mc: Linux media interface: v0.10
[    3.004893] debugfs: Directory 'ci_hdrc.0' with parent 'ulpi' already present!
[    3.006067] videodev: Linux video capture interface: v2.00
[    3.025789] qcom-venus 1d00000.video-codec: Adding to iommu group 1
[    3.039810] debugfs: Directory 'ci_hdrc.0' with parent 'ulpi' already present!
[    3.042561] msm_mdp 1a01000.mdp: Adding to iommu group 2
[    3.052925] msm_mdp 1a01000.mdp: No interconnect support may cause display underflows!
[    3.061130] qcom-camss 1b0ac00.camss: Adding to iommu group 3
[    3.094286] rtc-pm8xxx 200f000.spmi:pmic@0:rtc@6000: registered as rtc0
[    3.094392] rtc-pm8xxx 200f000.spmi:pmic@0:rtc@6000: setting system clock to 1970-01-01T00:59:51 UTC (3591)
[    3.106275] qcom-camss 1b0ac00.camss: Failed to configure power domains: -17
[    3.109756] qcom-camss: probe of 1b0ac00.camss failed with error -17
[    3.117190] input: pm8941_pwrkey as /devices/platform/soc@0/200f000.spmi/spmi-0/0-00/200f000.spmi:pmic@0:pon@800/200f000.spmi:pmic@0:pon@800:pwrkey/input/input1
[    3.128295] NET: Registered PF_QIPCRTR protocol family
[    3.138677] input: pm8941_resin as /devices/platform/soc@0/200f000.spmi/spmi-0/0-00/200f000.spmi:pmic@0:pon@800/200f000.spmi:pmic@0:pon@800:resin/input/input2
[    3.139191] remoteproc remoteproc0: 4080000.remoteproc is available
[    3.142593] debugfs: Directory 'ci_hdrc.0' with parent 'ulpi' already present!
[    3.166737] spmi-temp-alarm 200f000.spmi:pmic@0:temp-alarm@2400: failed to register sensor
[    3.171413] apq8016-lpass-cpu 7708000.audio-controller: qcom,lpass-cpu-apq8016 compatible is deprecated
[    3.199710] debugfs: Directory 'ci_hdrc.0' with parent 'ulpi' already present!
[    3.210208]  cs_system_cfg: CoreSight Configuration manager initialised
[    3.216758] coresight stm0: STM32 initialized
[    3.225167] adv7511 3-0039: supply dvdd not found, using dummy regulator
[    3.225377] adv7511 3-0039: supply pvdd not found, using dummy regulator
[    3.231157] adv7511 3-0039: supply a2vdd not found, using dummy regulator
[    3.231371] coresight cti_sys0: CTI initialized
[    3.244702] debugfs: Directory 'ci_hdrc.0' with parent 'ulpi' already present!
[    3.256056] coresight cti_sys1: CTI initialized
[    3.264112] coresight cti_cpu0: CTI initialized
[    3.270804] msm_mdp 1a01000.mdp: bound 1a98000.dsi (ops dsi_ops [msm])
[    3.270978] coresight cti_cpu1: CTI initialized
[    3.272381] coresight cti_cpu2: CTI initialized
[    3.282970] debugfs: Directory 'ci_hdrc.0' with parent 'ulpi' already present!
[    3.283579] adreno 1c00000.gpu: supply vdd not found, using dummy regulator
[    3.285095] coresight cti_cpu3: CTI initialized
[    3.300022] adreno 1c00000.gpu: supply vddcx not found, using dummy regulator
[    3.304972] msm_mdp 1a01000.mdp: bound 1c00000.gpu (ops a3xx_ops [msm])
[    3.312003] ------------[ cut here ]------------
[    3.317782] gcc_mdss_ahb_clk status stuck at 'off'
[    3.317825] WARNING: CPU: 0 PID: 259 at drivers/clk/qcom/clk-branch.c:92 clk_branch_toggle+0x194/0x1b8
[    3.327250] Modules linked in: coresight_tmc coresight_replicator coresight_funnel coresight_tpiu adv7511(+) cec coresight_stm coresight_cti stm_core coresight snd_soc_lpass_apq8016 snd_soc_apq8016_sbc snd_soc_qcom_common snd_soc_lpass_cpu snd_soc_msm8916_digital snd_soc_lpass_platform soundwire_bus qrtr snd_soc_msm8916_analog qcom_spmi_vadc qcom_spmi_temp_alarm qcom_pon qcom_vadc_common rtc_pm8xxx qcom_q6v5_mss qcom_pil_info qcom_camss qcom_q6v5 qcom_sysmon videobuf2_dma_sg qcom_common qnoc_msm8916 qcom_glink_smem qmi_helpers v4l2_fwnode v4l2_async venus_core(+) v4l2_mem2mem videobuf2_memops videobuf2_v4l2 videobuf2_common videodev qcom_stats qcom_rng mc msm i2c_qcom_cci mdt_loader llcc_qcom ocmem gpu_sched drm_dp_aux_bus drm_display_helper icc_smd_rpm rpmsg_ctrl rpmsg_char display_connector drm_kms_helper rmtfs_mem drm socinfo
[    3.328429] debugfs: Directory 'ci_hdrc.0' with parent 'ulpi' already present!
[    3.387812] CPU: 0 PID: 259 Comm: udevd Not tainted 6.1.0-rc2-13606-g8bd1db35ef72-dirty #14
[    3.387822] Hardware name: Qualcomm Technologies, Inc. APQ 8016 SBC (DT)
[    3.387827] pstate: 600000c5 (nZCv daIF -PAN -UAO -TCO -DIT -SSBS BTYPE=--)
[    3.387835] pc : clk_branch_toggle+0x194/0x1b8
[    3.438975] lr : clk_branch_toggle+0x194/0x1b8
[    3.443470] sp : ffff80000c26b530
[    3.447893] x29: ffff80000c26b530 x28: ffff80000afe9c90 x27: ffff0000123bae80
[    3.451288] x26: ffff80006a5e2000 x25: ffff80000a6fcea0 x24: 0000000000000000
[    3.458405] x23: ffff80000b185118 x22: ffff80000877bfa8 x21: 0000000000000001
[    3.465522] x20: 0000000000000000 x19: ffff80000a7ea000 x18: ffffffffffffffff
[    3.472641] x17: 706f725073795374 x16: ffff800008736a60 x15: 0000000000000151
[    3.479759] x14: ffff80000c26b2f0 x13: 00000000ffffffea x12: ffff80000b073228
[    3.486877] x11: 0000000000000001 x10: 0000000000000001 x9 : ffff80000b05b240
[    3.493994] x8 : c0000000ffffefff x7 : 0000000000017fe8 x6 : ffff80000b05b1e8
[    3.501113] x5 : 0000000000057fa8 x4 : 0000000000000000 x3 : 00000000ffffefff
[    3.508230] x2 : ffff80000b003138 x1 : c583fdb1c5aaf100 x0 : 0000000000000000
[    3.515350] Call trace:
[    3.522458]  clk_branch_toggle+0x194/0x1b8
[    3.524719]  clk_branch2_enable+0x1c/0x28
[    3.528884]  clk_core_enable+0x78/0xc0
[    3.532963]  clk_core_enable_lock+0x24/0x48
[    3.536610]  clk_enable+0x18/0x30
[    3.540689]  mdp5_enable+0xb0/0x198 [msm]
[    3.544163]  mdp5_kms_init+0x49c/0x818 [msm]
[    3.548158]  msm_drm_bind+0x1d8/0x638 [msm]
[    3.552497]  try_to_bring_up_aggregate_device+0x17c/0x1e8
[    3.556404]  __component_add+0xa8/0x180
[    3.561957]  component_add+0x14/0x20
[    3.565602]  dsi_dev_attach+0x20/0x30 [msm]
[    3.569423]  dsi_host_attach+0xa0/0x140 [msm]
[    3.573331]  devm_mipi_dsi_attach+0x3c/0xa8
[    3.577842]  adv7533_attach_dsi+0x98/0x118 [adv7511]
[    3.581838]  adv7511_probe+0x8ac/0x908 [adv7511]
[    3.587045]  i2c_device_probe+0x35c/0x378
[    3.591644]  really_probe+0xc0/0x2b8
[    3.595550]  __driver_probe_device+0x7c/0xe8
[    3.599197]  driver_probe_device+0x38/0x118
[    3.603450]  __driver_attach+0xa8/0x138
[    3.607355]  bus_for_each_dev+0x7c/0xd8
[    3.611175]  driver_attach+0x24/0x30
[    3.614994]  bus_add_driver+0x15c/0x210
[    3.618815]  driver_register+0x64/0x120
[    3.622373]  i2c_register_driver+0x48/0xb0
[    3.626193]  adv7511_init+0x48/0x1000 [adv7511]
[    3.630361]  do_one_initcall+0x60/0x1f0
[    3.634786]  do_init_module+0x48/0x1a8
[    3.638606]  load_module+0x183c/0x1b28
[    3.642424]  __do_sys_finit_module+0xc4/0x118
[    3.646159]  __arm64_sys_finit_module+0x20/0x30
[    3.650586]  invoke_syscall+0x44/0x100
[    3.654925]  el0_svc_common.constprop.3+0x6c/0xf0
[    3.658747]  do_el0_svc+0x2c/0xc8
[    3.663517]  el0_svc+0x20/0x60
[    3.666816]  el0t_64_sync_handler+0x98/0xc0
[    3.669769]  el0t_64_sync+0x170/0x174
[    3.673849] ---[ end trace 0000000000000000 ]---
[    3.678119] ------------[ cut here ]------------
[    3.682365] gcc_mdss_axi_clk status stuck at 'off'
[    3.682405] WARNING: CPU: 0 PID: 259 at drivers/clk/qcom/clk-branch.c:92 clk_branch_toggle+0x194/0x1b8
[    3.691572] Modules linked in: coresight_tmc coresight_replicator coresight_funnel coresight_tpiu adv7511(+) cec coresight_stm coresight_cti stm_core coresight snd_soc_lpass_apq8016 snd_soc_apq8016_sbc snd_soc_qcom_common snd_soc_lpass_cpu snd_soc_msm8916_digital snd_soc_lpass_platform soundwire_bus qrtr snd_soc_msm8916_analog qcom_spmi_vadc qcom_spmi_temp_alarm qcom_pon qcom_vadc_common rtc_pm8xxx qcom_q6v5_mss qcom_pil_info qcom_camss qcom_q6v5 qcom_sysmon videobuf2_dma_sg qcom_common qnoc_msm8916 qcom_glink_smem qmi_helpers v4l2_fwnode v4l2_async venus_core(+) v4l2_mem2mem videobuf2_memops videobuf2_v4l2 videobuf2_common videodev qcom_stats qcom_rng mc msm i2c_qcom_cci mdt_loader llcc_qcom ocmem gpu_sched drm_dp_aux_bus drm_display_helper icc_smd_rpm rpmsg_ctrl rpmsg_char display_connector drm_kms_helper rmtfs_mem drm socinfo
[    3.752218] CPU: 0 PID: 259 Comm: udevd Tainted: G        W          6.1.0-rc2-13606-g8bd1db35ef72-dirty #14
[    3.774385] Hardware name: Qualcomm Technologies, Inc. APQ 8016 SBC (DT)
[    3.784186] pstate: 600000c5 (nZCv daIF -PAN -UAO -TCO -DIT -SSBS BTYPE=--)
[    3.790869] pc : clk_branch_toggle+0x194/0x1b8
[    3.797547] lr : clk_branch_toggle+0x194/0x1b8
[    3.802062] sp : ffff80000c26b530
[    3.806485] x29: ffff80000c26b530 x28: ffff80000afe9c90 x27: ffff0000123bae80
[    3.809880] x26: ffff80006a5e2000 x25: ffff80000a6fce88 x24: 0000000000000000
[    3.816997] x23: ffff80000b185098 x22: ffff80000877bfa8 x21: 0000000000000001
[    3.824116] x20: 0000000000000000 x19: ffff80000a7ea000 x18: ffffffffffffffff
[    3.831233] x17: 706f725073795374 x16: ffff800008736a60 x15: 000000000000018e
[    3.838352] x14: ffff80000c26b2f0 x13: 00000000ffffffea x12: ffff80000b073228
[    3.845470] x11: 0000000000000001 x10: 0000000000000001 x9 : ffff80000b05b240
[    3.852589] x8 : c0000000ffffefff x7 : 0000000000017fe8 x6 : ffff80000b05b1e8
[    3.859706] x5 : 0000000000057fa8 x4 : 0000000000000000 x3 : 00000000ffffefff
[    3.866825] x2 : ffff80000b003138 x1 : c583fdb1c5aaf100 x0 : 0000000000000000
[    3.873944] Call trace:
[    3.881052]  clk_branch_toggle+0x194/0x1b8
[    3.883311]  clk_branch2_enable+0x1c/0x28
[    3.887477]  clk_core_enable+0x78/0xc0
[    3.891556]  clk_core_enable_lock+0x24/0x48
[    3.895203]  clk_enable+0x18/0x30
[    3.899282]  mdp5_enable+0xd8/0x198 [msm]
[    3.902758]  mdp5_kms_init+0x49c/0x818 [msm]
[    3.906751]  msm_drm_bind+0x1d8/0x638 [msm]
[    3.911090]  try_to_bring_up_aggregate_device+0x17c/0x1e8
[    3.914999]  __component_add+0xa8/0x180
[    3.920551]  component_add+0x14/0x20
[    3.924195]  dsi_dev_attach+0x20/0x30 [msm]
[    3.928017]  dsi_host_attach+0xa0/0x140 [msm]
[    3.931924]  devm_mipi_dsi_attach+0x3c/0xa8
[    3.936436]  adv7533_attach_dsi+0x98/0x118 [adv7511]
[    3.940431]  adv7511_probe+0x8ac/0x908 [adv7511]
[    3.945638]  i2c_device_probe+0x35c/0x378
[    3.950239]  really_probe+0xc0/0x2b8
[    3.954144]  __driver_probe_device+0x7c/0xe8
[    3.957791]  driver_probe_device+0x38/0x118
[    3.962044]  __driver_attach+0xa8/0x138
[    3.965948]  bus_for_each_dev+0x7c/0xd8
[    3.969769]  driver_attach+0x24/0x30
[    3.973589]  bus_add_driver+0x15c/0x210
[    3.977408]  driver_register+0x64/0x120
[    3.980967]  i2c_register_driver+0x48/0xb0
[    3.984786]  adv7511_init+0x48/0x1000 [adv7511]
[    3.988955]  do_one_initcall+0x60/0x1f0
[    3.993380]  do_init_module+0x48/0x1a8
[    3.997200]  load_module+0x183c/0x1b28
[    4.001019]  __do_sys_finit_module+0xc4/0x118
[    4.004753]  __arm64_sys_finit_module+0x20/0x30
[    4.009180]  invoke_syscall+0x44/0x100
[    4.013518]  el0_svc_common.constprop.3+0x6c/0xf0
[    4.017340]  do_el0_svc+0x2c/0xc8
[    4.022112]  el0_svc+0x20/0x60
[    4.025409]  el0t_64_sync_handler+0x98/0xc0
[    4.028363]  el0t_64_sync+0x170/0x174
[    4.032442] ---[ end trace 0000000000000000 ]---
[    4.036752] ------------[ cut here ]------------
[    4.040955] gcc_mdss_mdp_clk status stuck at 'off'
[    4.040996] WARNING: CPU: 0 PID: 259 at drivers/clk/qcom/clk-branch.c:92 clk_branch_toggle+0x194/0x1b8
[    4.050164] Modules linked in: coresight_tmc coresight_replicator coresight_funnel coresight_tpiu adv7511(+) cec coresight_stm coresight_cti stm_core coresight snd_soc_lpass_apq8016 snd_soc_apq8016_sbc snd_soc_qcom_common snd_soc_lpass_cpu snd_soc_msm8916_digital snd_soc_lpass_platform soundwire_bus qrtr snd_soc_msm8916_analog qcom_spmi_vadc qcom_spmi_temp_alarm qcom_pon qcom_vadc_common rtc_pm8xxx qcom_q6v5_mss qcom_pil_info qcom_camss qcom_q6v5 qcom_sysmon videobuf2_dma_sg qcom_common qnoc_msm8916 qcom_glink_smem qmi_helpers v4l2_fwnode v4l2_async venus_core(+) v4l2_mem2mem videobuf2_memops videobuf2_v4l2 videobuf2_common videodev qcom_stats qcom_rng mc msm i2c_qcom_cci mdt_loader llcc_qcom ocmem gpu_sched drm_dp_aux_bus drm_display_helper icc_smd_rpm rpmsg_ctrl rpmsg_char display_connector drm_kms_helper rmtfs_mem drm socinfo
[    4.110812] CPU: 0 PID: 259 Comm: udevd Tainted: G        W          6.1.0-rc2-13606-g8bd1db35ef72-dirty #14
[    4.132979] Hardware name: Qualcomm Technologies, Inc. APQ 8016 SBC (DT)
[    4.142780] pstate: 600000c5 (nZCv daIF -PAN -UAO -TCO -DIT -SSBS BTYPE=--)
[    4.149463] pc : clk_branch_toggle+0x194/0x1b8
[    4.156141] lr : clk_branch_toggle+0x194/0x1b8
[    4.160656] sp : ffff80000c26b530
[    4.165080] x29: ffff80000c26b530 x28: ffff80000afe9c90 x27: ffff0000123bae80
[    4.168473] x26: ffff80006a5e2000 x25: ffff80000a6fce40 x24: 0000000000000000
[    4.175592] x23: ffff80000b184f18 x22: ffff80000877bfa8 x21: 0000000000000001
[    4.182710] x20: 0000000000000000 x19: ffff80000a7ea000 x18: ffffffffffffffff
[    4.189828] x17: 706f725073795374 x16: ffff800008736a60 x15: 00000000000001ca
[    4.196946] x14: ffff80000c26b2f0 x13: 00000000ffffffea x12: ffff80000b073228
[    4.204064] x11: 0000000000000001 x10: 0000000000000001 x9 : ffff80000b05b240
[    4.211181] x8 : c0000000ffffefff x7 : 0000000000017fe8 x6 : ffff80000b05b1e8
[    4.218301] x5 : 0000000000057fa8 x4 : 0000000000000000 x3 : 00000000ffffefff
[    4.225418] x2 : ffff80000b003138 x1 : c583fdb1c5aaf100 x0 : 0000000000000000
[    4.232536] Call trace:
[    4.239644]  clk_branch_toggle+0x194/0x1b8
[    4.241906]  clk_branch2_enable+0x1c/0x28
[    4.246072]  clk_core_enable+0x78/0xc0
[    4.250150]  clk_core_enable_lock+0x24/0x48
[    4.253798]  clk_enable+0x18/0x30
[    4.257876]  mdp5_enable+0x100/0x198 [msm]
[    4.261352]  mdp5_kms_init+0x49c/0x818 [msm]
[    4.265344]  msm_drm_bind+0x1d8/0x638 [msm]
[    4.269771]  try_to_bring_up_aggregate_device+0x17c/0x1e8
[    4.273678]  __component_add+0xa8/0x180
[    4.279231]  component_add+0x14/0x20
[    4.282875]  dsi_dev_attach+0x20/0x30 [msm]
[    4.286697]  dsi_host_attach+0xa0/0x140 [msm]
[    4.290603]  devm_mipi_dsi_attach+0x3c/0xa8
[    4.295117]  adv7533_attach_dsi+0x98/0x118 [adv7511]
[    4.299113]  adv7511_probe+0x8ac/0x908 [adv7511]
[    4.304318]  i2c_device_probe+0x35c/0x378
[    4.308919]  really_probe+0xc0/0x2b8
[    4.312824]  __driver_probe_device+0x7c/0xe8
[    4.316471]  driver_probe_device+0x38/0x118
[    4.320725]  __driver_attach+0xa8/0x138
[    4.324629]  bus_for_each_dev+0x7c/0xd8
[    4.328449]  driver_attach+0x24/0x30
[    4.332269]  bus_add_driver+0x15c/0x210
[    4.336088]  driver_register+0x64/0x120
[    4.339647]  i2c_register_driver+0x48/0xb0
[    4.343467]  adv7511_init+0x48/0x1000 [adv7511]
[    4.347634]  do_one_initcall+0x60/0x1f0
[    4.352060]  do_init_module+0x48/0x1a8
[    4.355880]  load_module+0x183c/0x1b28
[    4.359698]  __do_sys_finit_module+0xc4/0x118
[    4.363434]  __arm64_sys_finit_module+0x20/0x30
[    4.367861]  invoke_syscall+0x44/0x100
[    4.372198]  el0_svc_common.constprop.3+0x6c/0xf0
[    4.376022]  do_el0_svc+0x2c/0xc8
[    4.380792]  el0_svc+0x20/0x60
[    4.384090]  el0t_64_sync_handler+0x98/0xc0
[    4.387044]  el0t_64_sync+0x170/0x174
[    4.391123] ---[ end trace 0000000000000000 ]---

Format: Log Type - Time(microsec) - Message - Optional Info
Log Type: B - Since Boot(Power On Reset),  D - Delta,  S - Statistic
S - QC_IMAGE_VERSION_STRING=BOOT.BF.3.0-00288
S - IMAGE_VARIANT_STRING=HAAAANAZA
S - OEM_IMAGE_VERSION_STRING=CRM
S - Boot Config, 0x000002e1
S - Core 0 Frequency, 0 MHz
B -      1545 - PBL, Start
B -      3490 - bootable_media_detect_entry, Start
B -    155363 - bootable_media_detect_success, Start
B -    155368 - elf_loader_entry, Start
B -    156934 - auth_hash_seg_entry, Start
B -    157143 - auth_hash_seg_exit, Start
B -    173218 - elf_segs_hash_verify_entry, Start
B -    233807 - PBL, End
B -    240340 - SBL1, Start
B -    302987 - pm_device_init, Start
D -     14731 - pm_device_init, Delta
B -    318145 - boot_flash_init, Start
D -         0 - boot_flash_init, Delta
B -    322171 - boot_config_data_table_init, Start
D -     31628 - boot_config_data_table_init, Delta - (452 Bytes)
B -    358375 - CDT version:3,Platform ID:24,Major ID:1,Minor ID:0,Subtype:0
B -    364627 - sbl1_ddr_set_params, Start
B -    368409 - cpr_init, Start
D -         0 - cpr_init, Delta
B -    374021 - Pre_DDR_clock_init, Start
D -       183 - Pre_DDR_clock_init, Delta
D -         0 - sbl1_ddr_set_params, Delta
B -    386618 - pm_driver_init, Start
D -      3477 - pm_driver_init, Delta
B -    398665 - SBC platform detected: XO_ADJ_FINE = 0x20
B -    398726 - clock_init, Start
D -        61 - clock_init, Delta
B -    416050 - Image Load, Start
D -     24430 - QSEE Image Loaded, Delta - (571664 Bytes)
B -    440481 - Image Load, Start
D -       213 - SEC Image Loaded, Delta - (2048 Bytes)
B -    447709 - sbl1_efs_handle_cookies, Start
D -       335 - sbl1_efs_handle_cookies, Delta
B -    455487 - Image Load, Start
D -     12078 - QHEE Image Loaded, Delta - (56048 Bytes)
B -    467595 - Image Load, Start
D -     13664 - RPM Image Loaded, Delta - (149316 Bytes)
B -    481290 - Image Load, Start
D -     13694 - APPSBL Image Loaded, Delta - (519728 Bytes)
B -    495015 - QSEE Execution, Start
D -        91 - QSEE Execution, Delta
B -    500718 - SBL1, End
D -    262727 - SBL1, Delta
S - Flash Throughput, 121000 KB/s  (1299256 Bytes,  10705 us)
S - DDR Frequency, 400 MHz
Android Bootloader - UART_DM Initialized!!!
[0] [0] BUILD_VERSION=
[0] [0] BUILD_DATE=15:18:29 - Dec  5 2021
[0] [0] welcome to lk

[10] [10] platform_init()
[10] [10] target_init()
[40] [40] SDHC Running in HS200 mode
[70] [70] Done initialization of the card
[70] [70] pm8x41_get_is_cold_boot: Warm boot
[570] [570] Neither 'config' nor 'frp' partition found
[580] [580] Not able to search the panel:
[580] [580] Display not enabled for 24 HW type
[580] [580] Target panel init not found!
[590] [590] pm8x41_get_is_cold_boot: Warm boot
[590] [590] partition misc doesn't exist
[600] [600] error in emmc_recovery_init
[600] [600] Unable to locate /bootselect partition
[600] [600] No 'misc' partition found
[610] [610] Error reading MISC partition
[610] [610] failed to get ffbm cookie[610] [610] Loading boot image (40099840): start
[1000] [1000] Loading boot image (40099840): done
[1010] [1010] use_signed_kernel=0, is_unlocked=0, is_tampered=0.
[2120] [2120] qcom,msm-id entry not found
[2130] [2130] Only one appended non-skales DTB, select it.
[2130] [2130] target_display_panel_node:510: hw_id=24 panel_name=""
[2140] [2140] cmdline: ignore_loglevel earlycon root=/dev/mmcblk0p14 copy_modules -- androidboot.emmc=true androidboot.serialno=5d400375 androidboot.baseband=apq mdss_mdp.panel=0:dsi:0:
[2160] [2160] Updating device tree: start
[2240] [2240] Setting WLAN mac address in DT: 02:00:5D:40:03:75
[2260] [2260] Setting Bluetooth BD address in DT: 02:00:5D:40:03:74
[2270] [2270] Setting BT mac address in DT: 02:00:5D:40:03:74
[2280] [2280] Updating device tree: done
[2280] [2280] booting linux @ 0x80080000, ramdisk @ 0x91474800 (19699646), tags/device tree @ 0x85e00000
[2290] [2290] Jumping to kernel via monitor
[    0.000000] Booting Linux on physical CPU 0x0000000000 [0x410fd030]
[    0.000000] Linux version 6.1.0-rc2-13606-g8bd1db35ef72-dirty (jesszhan@jesszhan-linux) (aarch64-linux-gnu-gcc (Ubuntu/Linaro 7.5.0-3ubuntu1~18.04) 7.5.0, GNU ld (GNU Binutils for Ubuntu) 2.30) #14 SMP PREEMPT Fri Nov  4 19:49:32 PDT 2022
[    0.000000] Machine model: Qualcomm Technologies, Inc. APQ 8016 SBC
[    0.000000] printk: debug: ignoring loglevel setting.
[    0.000000] efi: UEFI not found.
[    0.000000] [Firmware Bug]: Kernel image misaligned at boot, please fix your bootloader!
[    0.000000] earlycon: msm_serial_dm0 at MMIO 0x00000000078b0000 (options '')
[    0.000000] printk: bootconsole [msm_serial_dm0] enabled
[    0.000000] NUMA: No NUMA configuration found
[    0.000000] NUMA: Faking a node at [mem 0x0000000080000000-0x00000000bfffffff]
[    0.000000] NUMA: NODE_DATA [mem 0xbfccda00-0xbfccffff]
[    0.000000] Zone ranges:
[    0.000000]   DMA      [mem 0x0000000080000000-0x00000000bfffffff]
[    0.000000]   DMA32    empty
[    0.000000]   Normal   empty
[    0.000000] Movable zone start for each node
[    0.000000] Early memory node ranges
[    0.000000]   node   0: [mem 0x0000000080000000-0x0000000085ffffff]
[    0.000000]   node   0: [mem 0x0000000086000000-0x0000000089efffff]
[    0.000000]   node   0: [mem 0x0000000089f00000-0x000000008e9fffff]
[    0.000000]   node   0: [mem 0x000000008ea00000-0x000000008eafffff]
[    0.000000]   node   0: [mem 0x000000008eb00000-0x00000000bfffffff]
[    0.000000] Initmem setup node 0 [mem 0x0000000080000000-0x00000000bfffffff]
[    0.000000] cma: Reserved 32 MiB at 0x00000000bcc00000
[    0.000000] psci: probing for conduit method from DT.
[    0.000000] psci: PSCIv1.0 detected in firmware.
[    0.000000] psci: Using standard PSCI v0.2 function IDs
[    0.000000] psci: MIGRATE_INFO_TYPE not supported.
[    0.000000] psci: SMC Calling Convention v1.0
[    0.000000] psci: OSI mode supported.
[    0.000000] psci: failed to set PC mode: -3
[    0.000000] percpu: Embedded 20 pages/cpu s44840 r8192 d28888 u81920
[    0.000000] pcpu-alloc: s44840 r8192 d28888 u81920 alloc=20*4096
[    0.000000] pcpu-alloc: [0] 0 [0] 1 [0] 2 [0] 3 
[    0.000000] Detected VIPT I-cache on CPU0
[    0.000000] CPU features: kernel page table isolation forced ON by KASLR
[    0.000000] CPU features: detected: Kernel page table isolation (KPTI)
[    0.000000] CPU features: detected: ARM erratum 843419
[    0.000000] CPU features: detected: ARM erratum 845719
[    0.000000] CPU features: detected: ARM errata 826319, 827319, 824069, or 819472
[    0.000000] alternatives: applying boot alternatives
[    0.000000] Fallback order for Node 0: 0 
[    0.000000] Built 1 zonelists, mobility grouping on.  Total pages: 258048
[    0.000000] Policy zone: DMA
[    0.000000] Kernel command line: ignore_loglevel earlycon root=/dev/mmcblk0p14 copy_modules -- androidboot.emmc=true androidboot.serialno=5d400375 androidboot.baseband=apq mdss_mdp.panel=0:dsi:0:
[    0.000000] Unknown kernel command line parameters "copy_modules", will be passed to user space.
[    0.000000] Dentry cache hash table entries: 131072 (order: 8, 1048576 bytes, linear)
[    0.000000] Inode-cache hash table entries: 65536 (order: 7, 524288 bytes, linear)
[    0.000000] mem auto-init: stack:off, heap alloc:off, heap free:off
[    0.000000] Memory: 856604K/1048576K available (16192K kernel code, 3704K rwdata, 24600K rodata, 7552K init, 615K bss, 159204K reserved, 32768K cma-reserved)
[    0.000000] SLUB: HWalign=64, Order=0-3, MinObjects=0, CPUs=4, Nodes=1
[    0.000000] rcu: Preemptible hierarchical RCU implementation.
[    0.000000] rcu: 	RCU event tracing is enabled.
[    0.000000] rcu: 	RCU restricting CPUs from NR_CPUS=256 to nr_cpu_ids=4.
[    0.000000] 	Trampoline variant of Tasks RCU enabled.
[    0.000000] 	Tracing variant of Tasks RCU enabled.
[    0.000000] rcu: RCU calculated value of scheduler-enlistment delay is 25 jiffies.
[    0.000000] rcu: Adjusting geometry for rcu_fanout_leaf=16, nr_cpu_ids=4
[    0.000000] NR_IRQS: 64, nr_irqs: 64, preallocated irqs: 0
[    0.000000] Root IRQ handler: gic_handle_irq
[    0.000000] rcu: srcu_init: Setting srcu_struct sizes based on contention.
[    0.000000] arch_timer: cp15 and mmio timer(s) running at 19.20MHz (virt/virt).
[    0.000000] clocksource: arch_sys_counter: mask: 0xffffffffffffff max_cycles: 0x46d987e47, max_idle_ns: 440795202767 ns
[    0.000000] sched_clock: 56 bits at 19MHz, resolution 52ns, wraps every 4398046511078ns
[    0.011101] Console: colour dummy device 80x25
[    0.018757] printk: console [tty0] enabled
[    0.023261] printk: bootconsole [msm_serial_dm0] disabled
[    0.000000] Booting Linux on physical CPU 0x0000000000 [0x410fd030]
[    0.000000] Linux version 6.1.0-rc2-13606-g8bd1db35ef72-dirty (jesszhan@jesszhan-linux) (aarch64-linux-gnu-gcc (Ubuntu/Linaro 7.5.0-3ubuntu1~18.04) 7.5.0, GNU ld (GNU Binutils for Ubuntu) 2.30) #14 SMP PREEMPT Fri Nov  4 19:49:32 PDT 2022
[    0.000000] Machine model: Qualcomm Technologies, Inc. APQ 8016 SBC
[    0.000000] printk: debug: ignoring loglevel setting.
[    0.000000] efi: UEFI not found.
[    0.000000] [Firmware Bug]: Kernel image misaligned at boot, please fix your bootloader!
[    0.000000] earlycon: msm_serial_dm0 at MMIO 0x00000000078b0000 (options '')
[    0.000000] printk: bootconsole [msm_serial_dm0] enabled
[    0.000000] NUMA: No NUMA configuration found
[    0.000000] NUMA: Faking a node at [mem 0x0000000080000000-0x00000000bfffffff]
[    0.000000] NUMA: NODE_DATA [mem 0xbfccda00-0xbfccffff]
[    0.000000] Zone ranges:
[    0.000000]   DMA      [mem 0x0000000080000000-0x00000000bfffffff]
[    0.000000]   DMA32    empty
[    0.000000]   Normal   empty
[    0.000000] Movable zone start for each node
[    0.000000] Early memory node ranges
[    0.000000]   node   0: [mem 0x0000000080000000-0x0000000085ffffff]
[    0.000000]   node   0: [mem 0x0000000086000000-0x0000000089efffff]
[    0.000000]   node   0: [mem 0x0000000089f00000-0x000000008e9fffff]
[    0.000000]   node   0: [mem 0x000000008ea00000-0x000000008eafffff]
[    0.000000]   node   0: [mem 0x000000008eb00000-0x00000000bfffffff]
[    0.000000] Initmem setup node 0 [mem 0x0000000080000000-0x00000000bfffffff]
[    0.000000] cma: Reserved 32 MiB at 0x00000000bcc00000
[    0.000000] psci: probing for conduit method from DT.
[    0.000000] psci: PSCIv1.0 detected in firmware.
[    0.000000] psci: Using standard PSCI v0.2 function IDs
[    0.000000] psci: MIGRATE_INFO_TYPE not supported.
[    0.000000] psci: SMC Calling Convention v1.0
[    0.000000] psci: OSI mode supported.
[    0.000000] psci: failed to set PC mode: -3
[    0.000000] percpu: Embedded 20 pages/cpu s44840 r8192 d28888 u81920
[    0.000000] pcpu-alloc: s44840 r8192 d28888 u81920 alloc=20*4096
[    0.000000] pcpu-alloc: [0] 0 [0] 1 [0] 2 [0] 3 
[    0.000000] Detected VIPT I-cache on CPU0
[    0.000000] CPU features: kernel page table isolation forced ON by KASLR
[    0.000000] CPU features: detected: Kernel page table isolation (KPTI)
[    0.000000] CPU features: detected: ARM erratum 843419
[    0.000000] CPU features: detected: ARM erratum 845719
[    0.000000] CPU features: detected: ARM errata 826319, 827319, 824069, or 819472
[    0.000000] alternatives: applying boot alternatives
[    0.000000] Fallback order for Node 0: 0 
[    0.000000] Built 1 zonelists, mobility grouping on.  Total pages: 258048
[    0.000000] Policy zone: DMA
[    0.000000] Kernel command line: ignore_loglevel earlycon root=/dev/mmcblk0p14 copy_modules -- androidboot.emmc=true androidboot.serialno=5d400375 androidboot.baseband=apq mdss_mdp.panel=0:dsi:0:
[    0.000000] Unknown kernel command line parameters "copy_modules", will be passed to user space.
[    0.000000] Dentry cache hash table entries: 131072 (order: 8, 1048576 bytes, linear)
[    0.000000] Inode-cache hash table entries: 65536 (order: 7, 524288 bytes, linear)
[    0.000000] mem auto-init: stack:off, heap alloc:off, heap free:off
[    0.000000] Memory: 856604K/1048576K available (16192K kernel code, 3704K rwdata, 24600K rodata, 7552K init, 615K bss, 159204K reserved, 32768K cma-reserved)
[    0.000000] SLUB: HWalign=64, Order=0-3, MinObjects=0, CPUs=4, Nodes=1
[    0.000000] rcu: Preemptible hierarchical RCU implementation.
[    0.000000] rcu: 	RCU event tracing is enabled.
[    0.000000] rcu: 	RCU restricting CPUs from NR_CPUS=256 to nr_cpu_ids=4.
[    0.000000] 	Trampoline variant of Tasks RCU enabled.
[    0.000000] 	Tracing variant of Tasks RCU enabled.
[    0.000000] rcu: RCU calculated value of scheduler-enlistment delay is 25 jiffies.
[    0.000000] rcu: Adjusting geometry for rcu_fanout_leaf=16, nr_cpu_ids=4
[    0.000000] NR_IRQS: 64, nr_irqs: 64, preallocated irqs: 0
[    0.000000] Root IRQ handler: gic_handle_irq
[    0.000000] rcu: srcu_init: Setting srcu_struct sizes based on contention.
[    0.000000] arch_timer: cp15 and mmio timer(s) running at 19.20MHz (virt/virt).
[    0.000000] clocksource: arch_sys_counter: mask: 0xffffffffffffff max_cycles: 0x46d987e47, max_idle_ns: 440795202767 ns
[    0.000000] sched_clock: 56 bits at 19MHz, resolution 52ns, wraps every 4398046511078ns
[    0.011101] Console: colour dummy device 80x25
[    0.018757] printk: console [tty0] enabled
[    0.023261] printk: bootconsole [msm_serial_dm0] disabled
[    0.027432] Calibrating delay loop (skipped), value calculated using timer frequency.. 38.40 BogoMIPS (lpj=76800)
[    0.027466] pid_max: default: 32768 minimum: 301
[    0.027564] LSM: Security Framework initializing
[    0.027696] Mount-cache hash table entries: 2048 (order: 2, 16384 bytes, linear)
[    0.027730] Mountpoint-cache hash table entries: 2048 (order: 2, 16384 bytes, linear)
[    0.029664] cblist_init_generic: Setting adjustable number of callback queues.
[    0.029696] cblist_init_generic: Setting shift to 2 and lim to 1.
[    0.029805] cblist_init_generic: Setting shift to 2 and lim to 1.
[    0.030054] rcu: Hierarchical SRCU implementation.
[    0.030071] rcu: 	Max phase no-delay instances is 1000.
[    0.037475] EFI services will not be available.
[    0.037811] smp: Bringing up secondary CPUs ...
[    0.038576] Detected VIPT I-cache on CPU1
[    0.038714] CPU1: Booted secondary processor 0x0000000001 [0x410fd030]
[    0.039518] Detected VIPT I-cache on CPU2
[    0.039638] CPU2: Booted secondary processor 0x0000000002 [0x410fd030]
[    0.040436] Detected VIPT I-cache on CPU3
[    0.040557] CPU3: Booted secondary processor 0x0000000003 [0x410fd030]
[    0.040654] smp: Brought up 1 node, 4 CPUs
[    0.040737] SMP: Total of 4 processors activated.
[    0.040754] CPU features: detected: 32-bit EL0 Support
[    0.040770] CPU features: detected: 32-bit EL1 Support
[    0.040787] CPU features: detected: CRC32 instructions
[    0.040880] CPU: All CPU(s) started at EL1
[    0.040918] alternatives: applying system-wide alternatives
[    0.042914] devtmpfs: initialized
[    0.056702] clocksource: jiffies: mask: 0xffffffff max_cycles: 0xffffffff, max_idle_ns: 7645041785100000 ns
[    0.056764] futex hash table entries: 1024 (order: 4, 65536 bytes, linear)
[    0.058035] pinctrl core: initialized pinctrl subsystem
[    0.062506] DMI not present or invalid.
[    0.063518] NET: Registered PF_NETLINK/PF_ROUTE protocol family
[    0.064968] DMA: preallocated 128 KiB GFP_KERNEL pool for atomic allocations
[    0.065321] DMA: preallocated 128 KiB GFP_KERNEL|GFP_DMA pool for atomic allocations
[    0.065495] DMA: preallocated 128 KiB GFP_KERNEL|GFP_DMA32 pool for atomic allocations
[    0.065577] audit: initializing netlink subsys (disabled)
[    0.065822] audit: type=2000 audit(0.052:1): state=initialized audit_enabled=0 res=1
[    0.068115] thermal_sys: Registered thermal governor 'step_wise'
[    0.068125] thermal_sys: Registered thermal governor 'power_allocator'
[    0.068219] cpuidle: using governor menu
[    0.068561] hw-breakpoint: found 6 breakpoint and 4 watchpoint registers.
[    0.068698] ASID allocator initialised with 32768 entries
[    0.071894] Serial: AMBA PL011 UART driver
[    0.091701] amba 821000.funnel: Fixing up cyclic dependency with 802000.stm
[    0.091983] amba 824000.replicator: Fixing up cyclic dependency with 820000.tpiu
[    0.092300] amba 825000.etf: Fixing up cyclic dependency with 824000.replicator
[    0.092392] amba 825000.etf: Fixing up cyclic dependency with 821000.funnel
[    0.092643] amba 826000.etr: Fixing up cyclic dependency with 824000.replicator
[    0.092909] amba 841000.funnel: Fixing up cyclic dependency with 821000.funnel
[    0.093908] amba 85c000.etm: Fixing up cyclic dependency with 841000.funnel
[    0.094154] amba 85d000.etm: Fixing up cyclic dependency with 841000.funnel
[    0.094394] amba 85e000.etm: Fixing up cyclic dependency with 841000.funnel
[    0.094649] amba 85f000.etm: Fixing up cyclic dependency with 841000.funnel
[    0.097972] platform 1800000.clock-controller: Fixing up cyclic dependency with dsi-phy@1a98300 (1a00000.mdss)
[    0.117240] KASLR enabled
[    0.130259] HugeTLB: registered 1.00 GiB page size, pre-allocated 0 pages
[    0.130297] HugeTLB: 16380 KiB vmemmap can be freed for a 1.00 GiB page
[    0.130318] HugeTLB: registered 32.0 MiB page size, pre-allocated 0 pages
[    0.130336] HugeTLB: 508 KiB vmemmap can be freed for a 32.0 MiB page
[    0.130356] HugeTLB: registered 2.00 MiB page size, pre-allocated 0 pages
[    0.130374] HugeTLB: 28 KiB vmemmap can be freed for a 2.00 MiB page
[    0.130394] HugeTLB: registered 64.0 KiB page size, pre-allocated 0 pages
[    0.130412] HugeTLB: 0 KiB vmemmap can be freed for a 64.0 KiB page
[    0.132647] ACPI: Interpreter disabled.
[    0.137100] iommu: Default domain type: Translated 
[    0.137130] iommu: DMA domain TLB invalidation policy: strict mode 
[    0.137462] SCSI subsystem initialized
[    0.137651] libata version 3.00 loaded.
[    0.138072] usbcore: registered new interface driver usbfs
[    0.138139] usbcore: registered new interface driver hub
[    0.138197] usbcore: registered new device driver usb
[    0.139792] pps_core: LinuxPPS API ver. 1 registered
[    0.139813] pps_core: Software ver. 5.3.6 - Copyright 2005-2007 Rodolfo Giometti <giometti@linux.it>
[    0.139850] PTP clock support registered
[    0.140035] EDAC MC: Ver: 3.0.0
[    0.140519] CPUidle PSCI: Initialized CPU PM domain topology
[    0.142890] FPGA manager framework
[    0.143077] Advanced Linux Sound Architecture Driver Initialized.
[    0.144153] vgaarb: loaded
[    0.144629] clocksource: Switched to clocksource arch_sys_counter
[    0.144899] VFS: Disk quotas dquot_6.6.0
[    0.144971] VFS: Dquot-cache hash table entries: 512 (order 0, 4096 bytes)
[    0.145207] pnp: PnP ACPI: disabled
[    0.154052] NET: Registered PF_INET protocol family
[    0.154300] IP idents hash table entries: 16384 (order: 5, 131072 bytes, linear)
[    0.155784] tcp_listen_portaddr_hash hash table entries: 512 (order: 1, 8192 bytes, linear)
[    0.155886] Table-perturb hash table entries: 65536 (order: 6, 262144 bytes, linear)
[    0.155927] TCP established hash table entries: 8192 (order: 4, 65536 bytes, linear)
[    0.156033] TCP bind hash table entries: 8192 (order: 6, 262144 bytes, linear)
[    0.156356] TCP: Hash tables configured (established 8192 bind 8192)
[    0.156493] UDP hash table entries: 512 (order: 2, 16384 bytes, linear)
[    0.156550] UDP-Lite hash table entries: 512 (order: 2, 16384 bytes, linear)
[    0.156776] NET: Registered PF_UNIX/PF_LOCAL protocol family
[    0.157256] RPC: Registered named UNIX socket transport module.
[    0.157280] RPC: Registered udp transport module.
[    0.157295] RPC: Registered tcp transport module.
[    0.157310] RPC: Registered tcp NFSv4.1 backchannel transport module.
[    0.157333] PCI: CLS 0 bytes, default 64
[    0.157639] Unpacking initramfs...
[    0.158228] hw perfevents: enabled with armv8_cortex_a53 PMU driver, 7 counters available
[    0.158928] kvm [1]: HYP mode not available
[    0.160202] Initialise system trusted keyrings
[    0.160507] workingset: timestamp_bits=42 max_order=18 bucket_order=0
[    0.169761] squashfs: version 4.0 (2009/01/31) Phillip Lougher
[    0.170695] NFS: Registering the id_resolver key type
[    0.170781] Key type id_resolver registered
[    0.170800] Key type id_legacy registered
[    0.170912] nfs4filelayout_init: NFSv4 File Layout Driver Registering...
[    0.170935] nfs4flexfilelayout_init: NFSv4 Flexfile Layout Driver Registering...
[    0.171163] 9p: Installing v9fs 9p2000 file system support
[    0.225417] Key type asymmetric registered
[    0.225460] Asymmetric key parser 'x509' registered
[    0.225573] Block layer SCSI generic (bsg) driver version 0.4 loaded (major 245)
[    0.225602] io scheduler mq-deadline registered
[    0.225618] io scheduler kyber registered
[    0.247361] EINJ: ACPI disabled.
[    0.284995] Serial: 8250/16550 driver, 4 ports, IRQ sharing enabled
[    0.289591] SuperH (H)SCI(F) driver initialized
[    0.290651] msm_serial: driver initialized
[    0.301616] loop: module loaded
[    0.303298] megasas: 07.719.03.00-rc1
[    0.309597] spmi spmi-0: PMIC arbiter version v2 (0x20010000)
[    0.319142] gpio gpiochip1: (200f000.spmi:pmic@0:mpps@a000): not an immutable chip, please consider fixing it!
[    0.327989] tun: Universal TUN/TAP device driver, 1.6
[    0.329796] thunder_xcv, ver 1.0
[    0.329870] thunder_bgx, ver 1.0
[    0.329929] nicpf, ver 1.0
[    0.332255] hns3: Hisilicon Ethernet Network Driver for Hip08 Family - version
[    0.332286] hns3: Copyright (c) 2017 Huawei Corporation.
[    0.332374] hclge is initializing
[    0.332416] e1000: Intel(R) PRO/1000 Network Driver
[    0.332434] e1000: Copyright (c) 1999-2006 Intel Corporation.
[    0.332499] e1000e: Intel(R) PRO/1000 Network Driver
[    0.332516] e1000e: Copyright(c) 1999 - 2015 Intel Corporation.
[    0.332584] igb: Intel(R) Gigabit Ethernet Network Driver
[    0.332603] igb: Copyright (c) 2007-2014 Intel Corporation.
[    0.332691] igbvf: Intel(R) Gigabit Virtual Function Network Driver
[    0.332711] igbvf: Copyright (c) 2009 - 2012 Intel Corporation.
[    0.333369] sky2: driver version 1.30
[    0.335510] VFIO - User Level meta-driver version: 0.3
[    0.341535] usbcore: registered new interface driver usb-storage
[    0.362068] usb3503 usb2513: switched to HUB mode
[    0.362114] usb3503 usb2513: usb3503_probe: probed in hub mode
[    0.363004] usbcore: registered new device driver onboard-usb-hub
[    0.368151] i2c_dev: i2c /dev entries driver
[    0.382672] sdhci: Secure Digital Host Controller Interface driver
[    0.382715] sdhci: Copyright(c) Pierre Ossman
[    0.384358] Synopsys Designware Multimedia Card Interface Driver
[    0.386490] sdhci-pltfm: SDHCI platform and OF driver helper
[    0.392096] ledtrig-cpu: registered to indicate activity on CPUs
[    0.396078] usbcore: registered new interface driver usbhid
[    0.396116] usbhid: USB HID core driver
[    0.411407] NET: Registered PF_PACKET protocol family
[    0.411616] 9pnet: Installing 9P2000 support
[    0.411737] Key type dns_resolver registered
[    0.412708] registered taskstats version 1
[    0.412762] Loading compiled-in X.509 certificates
[    0.446750] s3: Bringing 0uV into 375000-375000uV
[    0.447169] s4: Bringing 0uV into 1800000-1800000uV
[    0.447716] l1: Bringing 0uV into 375000-375000uV
[    0.447971] l2: Bringing 0uV into 1200000-1200000uV
[    0.448251] l4: Bringing 0uV into 1750000-1750000uV
[    0.448511] l5: Bringing 0uV into 1750000-1750000uV
[    0.448818] l6: Bringing 0uV into 1800000-1800000uV
[    0.449101] l7: Bringing 0uV into 1750000-1750000uV
[    0.449358] l8: Bringing 0uV into 1750000-1750000uV
[    0.449643] l9: Bringing 0uV into 1750000-1750000uV
[    0.449946] l10: Bringing 0uV into 1750000-1750000uV
[    0.450224] l11: Bringing 0uV into 1750000-1750000uV
[    0.450519] l12: Bringing 0uV into 1750000-1750000uV
[    0.450805] l13: Bringing 0uV into 1750000-1750000uV
[    0.451085] l14: Bringing 0uV into 1750000-1750000uV
[    0.451449] l15: Bringing 0uV into 1750000-1750000uV
[    0.455703] qcom_scm: convention: smc arm 32
[    0.459985] l16: Bringing 0uV into 1750000-1750000uV
[    0.460470] l17: Bringing 0uV into 3300000-3300000uV
[    0.460945] l18: Bringing 0uV into 1750000-1750000uV
[    0.465823] msm_serial 78af000.serial: msm_serial: detected port #1
[    0.465893] msm_serial 78af000.serial: uartclk = 19200000
[    0.466012] 78af000.serial: ttyMSM1 at MMIO 0x78af000 (irq = 25, base_baud = 1200000) is a MSM
[    0.468342] msm_serial 78b0000.serial: msm_serial: detected port #0
[    0.468412] msm_serial 78b0000.serial: uartclk = 7372800
[    0.468548] 78b0000.serial: ttyMSM0 at MMIO 0x78b0000 (irq = 26, base_baud = 460800) is a MSM
[    0.468594] msm_serial: console setup on port #0
[    1.598977] Freeing initrd memory: 19232K
[    1.601500] printk: console [ttyMSM0] enabled
[    1.898883] qcom-iommu 1ef0000.iommu: iommu sec: pgtable size: 94208
[    1.914511] spi_qup 78b7000.spi: IN:block:16, fifo:64, OUT:block:16, fifo:64
[    1.917722] spi_qup 78b9000.spi: IN:block:16, fifo:64, OUT:block:16, fifo:64
[    1.974526] i2c_qup 78b6000.i2c: using default clock-frequency 100000
[    1.974589] i2c_qup 78b6000.i2c: 
[    1.974589]  tx channel not available
[    1.982660] i2c_qup 78b8000.i2c: using default clock-frequency 100000
[    1.986770] i2c_qup 78b8000.i2c: 
[    1.986770]  tx channel not available
[    1.994358] i2c 3-0039: Fixing up cyclic dependency with hdmi-out
[    2.002854] i2c_qup 78ba000.i2c: using default clock-frequency 100000
[    2.006384] i2c_qup 78ba000.i2c: 
[    2.006384]  tx channel not available
[    2.029107] sdhci_msm 7864900.mmc: Got CD GPIO
[    2.062724] mmc0: SDHCI controller on 7824900.mmc [7824900.mmc] using ADMA 64-bit
[    2.065845] mmc1: SDHCI controller on 7864900.mmc [7864900.mmc] using ADMA 64-bit
[    2.080757] debugfs: Directory 'ci_hdrc.0' with parent 'ulpi' already present!
[    2.113906] debugfs: Directory 'ci_hdrc.0' with parent 'ulpi' already present!
[    2.141628] mmc0: Card appears overclocked; req 177770000 Hz, actual 177777777 Hz
[    2.141699] mmc0: Card appears overclocked; req 177770000 Hz, actual 177777777 Hz
[    2.158884] debugfs: Directory 'ci_hdrc.0' with parent 'ulpi' already present!
[    2.160014] mmc0: new HS200 MMC card at address 0001
[    2.160551] input: gpio-keys as /devices/platform/gpio-keys/input/input0
[    2.165942] mmcblk0: mmc0:0001 S10008 7.13 GiB 
[    2.171275] ALSA device list:
[    2.185399]  mmcblk0: p1 p2 p3 p4 p5 p6 p7 p8 p9 p10 p11 p12 p13 p14
[    2.188909] Freeing unused kernel memory: 7552K
[    2.190305] mmcblk0boot0: mmc0:0001 S10008 4.00 MiB 
[    2.196462] mmcblk0boot1: mmc0:0001 S10008 4.00 MiB 
[    2.201393] debugfs: Directory 'ci_hdrc.0' with parent 'ulpi' already present!
[    2.201511] mmcblk0rpmb: mmc0:0001 S10008 4.00 MiB, chardev (234:0)
[    2.220984] Run /init as init process
[    2.221028]   with arguments:
[    2.223627]     /init
[    2.226615]     copy_modules
[    2.228857]     androidboot.emmc=true
[    2.231789]     androidboot.serialno=5d400375
[    2.235366]     androidboot.baseband=apq
[    2.239706]     mdss_mdp.panel=0:dsi:0:
[    2.240899] debugfs: Directory 'ci_hdrc.0' with parent 'ulpi' already present!
[    2.243689]   with environment:
[    2.254587]     HOME=/
[    2.257577]     TERM=linux
Starting version 250.4-1-gc3aead5+
[    2.884992] debugfs: Directory 'ci_hdrc.0' with parent 'ulpi' already present!
[    2.925450] debugfs: Directory 'ci_hdrc.0' with parent 'ulpi' already present!
[    2.959603] debugfs: Directory 'ci_hdrc.0' with parent 'ulpi' already present!
[    2.992595] mc: Linux media interface: v0.10
[    2.993925] debugfs: Directory 'ci_hdrc.0' with parent 'ulpi' already present!
[    3.026565] debugfs: Directory 'ci_hdrc.0' with parent 'ulpi' already present!
[    3.028218] videodev: Linux video capture interface: v2.00
[    3.067984] debugfs: Directory 'ci_hdrc.0' with parent 'ulpi' already present!
[    3.075611] qcom-camss 1b0ac00.camss: Adding to iommu group 1
[    3.076237] adreno 1c00000.gpu: Adding to iommu group 2
[    3.085761] qcom-venus 1d00000.video-codec: Adding to iommu group 0
[    3.093220] rtc-pm8xxx 200f000.spmi:pmic@0:rtc@6000: registered as rtc0
[    3.093388] rtc-pm8xxx 200f000.spmi:pmic@0:rtc@6000: setting system clock to 1970-01-01T01:00:02 UTC (3602)
[    3.095123] platform 1a98000.dsi: Fixing up cyclic dependency with 3-0039
[    3.100435] debugfs: Directory 'ci_hdrc.0' with parent 'ulpi' already present!
[    3.116250] platform 1a98000.dsi: Fixing up cyclic dependency with 1a01000.mdp
[    3.133021] qcom-camss 1b0ac00.camss: Failed to configure power domains: -17
[    3.133137] qcom-camss: probe of 1b0ac00.camss failed with error -17
[    3.149084] spmi-temp-alarm 200f000.spmi:pmic@0:temp-alarm@2400: failed to register sensor
[    3.153045] input: pm8941_pwrkey as /devices/platform/soc@0/200f000.spmi/spmi-0/0-00/200f000.spmi:pmic@0:pon@800/200f000.spmi:pmic@0:pon@800:pwrkey/input/input1
[    3.165907] debugfs: Directory 'ci_hdrc.0' with parent 'ulpi' already present!
[    3.166257] apq8016-lpass-cpu 7708000.audio-controller: qcom,lpass-cpu-apq8016 compatible is deprecated
[    3.173440] msm_mdp 1a01000.mdp: Adding to iommu group 3
[    3.178512] NET: Registered PF_QIPCRTR protocol family
[    3.187339] msm_mdp 1a01000.mdp: No interconnect support may cause display underflows!
[    3.192799] input: pm8941_resin as /devices/platform/soc@0/200f000.spmi/spmi-0/0-00/200f000.spmi:pmic@0:pon@800/200f000.spmi:pmic@0:pon@800:resin/input/input2
[    3.206851] remoteproc remoteproc0: 4080000.remoteproc is available
[    3.239757] debugfs: Directory 'ci_hdrc.0' with parent 'ulpi' already present!
[    3.251362]  cs_system_cfg: CoreSight Configuration manager initialised
[    3.274340] coresight cti_sys0: CTI initialized
[    3.278031] debugfs: Directory 'ci_hdrc.0' with parent 'ulpi' already present!
[    3.278756] adv7511 3-0039: supply dvdd not found, using dummy regulator
[    3.284460] coresight cti_sys1: CTI initialized
[    3.285207] adv7511 3-0039: supply pvdd not found, using dummy regulator
[    3.292085] coresight stm0: STM32 initialized
[    3.296179] adv7511 3-0039: supply a2vdd not found, using dummy regulator
[    3.308991] coresight cti_cpu0: CTI initialized
[    3.311659] debugfs: Directory 'ci_hdrc.0' with parent 'ulpi' already present!
[    3.318642] coresight cti_cpu1: CTI initialized
[    3.327896] coresight cti_cpu2: CTI initialized
[    3.331433] coresight cti_cpu3: CTI initialized
[    3.331719] msm_mdp 1a01000.mdp: bound 1a98000.dsi (ops dsi_ops [msm])
[    3.341309] adreno 1c00000.gpu: supply vdd not found, using dummy regulator
[    3.346062] adreno 1c00000.gpu: supply vddcx not found, using dummy regulator
[    3.354525] Unable to handle kernel NULL pointer dereference at virtual address 0000000000000000
[    3.360005] Mem abort info:
[    3.365075] msm_mdp 1a01000.mdp: bound 1c00000.gpu (ops a3xx_ops [msm])
[    3.368337] debugfs: Directory 'ci_hdrc.0' with parent 'ulpi' already present!
[    3.368813]   ESR = 0x0000000096000006
[    3.371743] ------------[ cut here ]------------
[    3.377881]   EC = 0x25: DABT (current EL), IL = 32 bits
[    3.385137] gcc_mdss_ahb_clk status stuck at 'off'
[    3.385181] WARNING: CPU: 1 PID: 260 at drivers/clk/qcom/clk-branch.c:92 clk_branch_toggle+0x194/0x1b8
[    3.388884]   SET = 0, FnV = 0
[    3.393646] Modules linked in: adv7511(+) coresight_replicator cec
[    3.398952]   EA = 0, S1PTW = 0
[    3.403547]  coresight_stm coresight_tpiu coresight_funnel coresight_cti stm_core
[    3.405676] debugfs: Directory 'ci_hdrc.0' with parent 'ulpi' already present!
[    3.412841]   FSC = 0x06: level 2 translation fault
[    3.415869]  coresight snd_soc_msm8916_digital
[    3.422044] Data abort info:
[    3.425071]  snd_soc_apq8016_sbc snd_soc_qcom_common soundwire_bus qrtr snd_soc_lpass_apq8016
[    3.432721]   ISV = 0, ISS = 0x00000006
[    3.439825]  snd_soc_lpass_cpu snd_soc_lpass_platform snd_soc_msm8916_analog qcom_spmi_vadc qcom_vadc_common
[    3.444608]   CM = 0, WnR = 0
[    3.449111]  qcom_q6v5_mss qcom_pon qcom_spmi_temp_alarm rtc_pm8xxx
[    3.452156] user pgtable: 4k pages, 48-bit VAs, pgdp=000000009221a000
[    3.460571]  qcom_pil_info qcom_q6v5 qcom_sysmon qcom_common qcom_camss
[    3.464234] [0000000000000000] pgd=080000008d53b003
[    3.474285]  videobuf2_dma_sg v4l2_fwnode msm venus_core v4l2_async v4l2_mem2mem videobuf2_memops
[    3.477163] , p4d=080000008d53b003
[    3.483230]  videobuf2_v4l2 qcom_glink_smem llcc_qcom videobuf2_common
[    3.489837] , pud=080000009230b003
[    3.496249]  ocmem qmi_helpers mdt_loader qnoc_msm8916
[    3.501124] , pmd=0000000000000000
[    3.510136]  videodev gpu_sched qcom_rng drm_dp_aux_bus
[    3.513447] 
[    3.519945]  qcom_stats mc drm_display_helper i2c_qcom_cci
[    3.523342] Internal error: Oops: 0000000096000006 [#1] PREEMPT SMP
[    3.528451]  display_connector
[    3.531840] Modules linked in:
[    3.536957]  drm_kms_helper
[    3.538698]  adv7511(+)
[    3.543993]  icc_smd_rpm
[    3.550152]  coresight_replicator
[    3.553278]  rpmsg_ctrl
[    3.556315]  cec
[    3.559006]  rpmsg_char
[    3.561438]  coresight_stm
[    3.564216]  drm
[    3.567426]  coresight_tpiu
[    3.569683]  socinfo
[    3.571765]  coresight_funnel
[    3.573937]  rmtfs_mem
[    3.576714]  coresight_cti
[    3.578712] 
[    3.581228]  stm_core
[    3.583662] CPU: 1 PID: 260 Comm: udevd Not tainted 6.1.0-rc2-13606-g8bd1db35ef72-dirty #14
[    3.586523]  coresight
[    3.588781] Hardware name: Qualcomm Technologies, Inc. APQ 8016 SBC (DT)
[    3.591471]  snd_soc_msm8916_digital
[    3.593121] pstate: 600000c5 (nZCv daIF -PAN -UAO -TCO -DIT -SSBS BTYPE=--)
[    3.595298]  snd_soc_apq8016_sbc
[    3.603450] pc : clk_branch_toggle+0x194/0x1b8
[    3.605886]  snd_soc_qcom_common
[    3.612740] lr : clk_branch_toggle+0x194/0x1b8
[    3.616303]  soundwire_bus
[    3.622982] sp : ffff80000c25b530
[    3.626456]  qrtr
[    3.630708] x29: ffff80000c25b530
[    3.634095]  snd_soc_lpass_apq8016
[    3.638346]  x28: ffff80000afe9c90
[    3.641039]  snd_soc_lpass_cpu
[    3.644422]  x27: ffff00000db94480
[    3.646333]  snd_soc_lpass_platform
[    3.649632] 
[    3.652931]  snd_soc_msm8916_analog
[    3.656315] x26: ffff8000444b6000
[    3.659354]  qcom_spmi_vadc
[    3.662739]  x25: ffff80000a6fcea0
[    3.666122]  qcom_vadc_common
[    3.667860]  x24: 0000000000000000
[    3.671072]  qcom_q6v5_mss
[    3.674544] 
[    3.677149]  qcom_pon
[    3.680620] x23: ffff80000b185118
[    3.683659]  qcom_spmi_temp_alarm
[    3.686956]  x22: ffff80000877bfa8
[    3.689647]  rtc_pm8xxx
[    3.691297]  x21: 0000000000000001
[    3.693468]  qcom_pil_info
[    3.696767] 
[    3.700066]  qcom_q6v5
[    3.703363] x20: 0000000000000000
[    3.705708]  qcom_sysmon
[    3.709179]  x19: ffff80000a7ea000
[    3.711869]  qcom_common
[    3.713519]  x18: ffffffffffffffff
[    3.715692]  qcom_camss
[    3.719075] 
[    3.721680]  videobuf2_dma_sg
[    3.724890] x17: 0000000000000000
[    3.727584]  v4l2_fwnode
[    3.730793]  x16: ffff800008736a60
[    3.733137]  msm
[    3.734874]  x15: ffff80000b003218
[    3.737740]  venus_core
[    3.741038] 
[    3.743643]  v4l2_async
[    3.746852] x14: 0000000000000000
[    3.748850]  v4l2_mem2mem
[    3.752061]  x13: 6f27207461206b63
[    3.754405]  videobuf2_memops
[    3.756141]  x12: 7574732073757461
[    3.758312]  videobuf2_v4l2
[    3.761783] 
[    3.764388]  qcom_glink_smem
[    3.767688] x11: 0000000005f5e0ff
[    3.770725]  llcc_qcom
[    3.774023]  x10: 0000000000000027
[    3.776712]  videobuf2_common
[    3.778450]  x9 : ffff80000c25b530
[    3.781316]  ocmem
[    3.784526] 
[    3.786786]  qmi_helpers
[    3.790169] x8 : ffff80000b0031e8
[    3.793208]  mdt_loader
[    3.796504]  x7 : ffff80000c25b340
[    3.798501]  qnoc_msm8916
[    3.800152]  x6 : ffff80000b05b240
[    3.802670]  videodev
[    3.805881] 
[    3.808140]  gpu_sched
[    3.811611] x5 : 0000000000000000
[    3.814302]  qcom_rng
[    3.817600]  x4 : 0000000000000000
[    3.819943]  drm_dp_aux_bus
[    3.821505]  x3 : 00000000ffffffff
[    3.823677]  qcom_stats
[    3.827060] 
[    3.829320]  mc
[    3.832617] x2 : ffff80000b003138
[    3.835309]  drm_display_helper
[    3.838779]  x1 : b07c09de59c9c000
[    3.841123]  i2c_qcom_cci
[    3.842859]  x0 : 0000000000000000
[    3.844337]  display_connector
[    3.847809] 
[    3.850761]  drm_kms_helper
[    3.854233] Call trace:
[    3.856924]  icc_smd_rpm
[    3.860223]  clk_branch_toggle+0x194/0x1b8
[    3.863258]  rpmsg_ctrl
[    3.864909]  clk_branch2_enable+0x1c/0x28
[    3.867426]  rpmsg_char
[    3.869857]  clk_core_enable+0x78/0xc0
[    3.872637]  drm
[    3.876539]  clk_core_enable_lock+0x24/0x48
[    3.878886]  socinfo
[    3.883051]  clk_enable+0x18/0x30
[    3.885309]  rmtfs_mem
[    3.889126]  mdp5_enable+0xb0/0x198 [msm]
[    3.891126] 
[    3.891130] CPU: 2 PID: 255 Comm: udevd Not tainted 6.1.0-rc2-13606-g8bd1db35ef72-dirty #14
[    3.895031]  mdp5_kms_init+0x49c/0x818 [msm]
[    3.897462] Hardware name: Qualcomm Technologies, Inc. APQ 8016 SBC (DT)
[    3.900672]  msm_drm_bind+0x1d8/0x638 [msm]
[    3.902933] pstate: 00000005 (nzcv daif -PAN -UAO -TCO -DIT -SSBS BTYPE=--)
[    3.907009]  try_to_bring_up_aggregate_device+0x17c/0x1e8
[    3.908579] pc : sysfs_kf_seq_show+0x34/0x140
[    3.916647]  __component_add+0xa8/0x180
[    3.921164] lr : kernfs_seq_show+0x2c/0x38
[    3.927844]  component_add+0x14/0x20
[    3.931754] sp : ffff80000c1cbc20
[    3.938698]  dsi_dev_attach+0x20/0x30 [msm]
[    3.944252] x29: ffff80000c1cbc20
[    3.948591]  dsi_host_attach+0xa0/0x140 [msm]
[    3.952237]  x28: 0000000000000001
[    3.956403]  devm_mipi_dsi_attach+0x3c/0xa8
[    3.960135]  x27: 0000000000400cc0
[    3.963349]  adv7533_attach_dsi+0x98/0x118 [adv7511]
[    3.967340] 
[    3.970813]  adv7511_probe+0x8ac/0x908 [adv7511]
[    3.975152] x26: 000000007ffff000
[    3.978452]  i2c_device_probe+0x35c/0x378
[    3.982531]  x25: ffff00001220d0b0
[    3.986007]  really_probe+0xc0/0x2b8
[    3.991122]  x24: ffff00001220d0a0
[    3.992602]  __driver_probe_device+0x7c/0xe8
[    3.997201] 
[    4.000414]  driver_probe_device+0x38/0x118
[    4.004405] x23: 0000000000000000
[    4.007705]  __driver_attach+0xa8/0x138
[    4.011438]  x22: ffff0000120906e8
[    4.014650]  bus_for_each_dev+0x7c/0xd8
[    4.019075]  x21: ffff00001211b800
[    4.020554]  driver_attach+0x24/0x30
[    4.024457] 
[    4.027931]  bus_add_driver+0x15c/0x210
[    4.031576] x20: 0000000000000000
[    4.035049]  driver_register+0x64/0x120
[    4.038781]  x19: ffff00001220d078
[    4.042254]  i2c_register_driver+0x48/0xb0
[    4.045983]  x18: 0000000000000000
[    4.047462]  adv7511_init+0x48/0x1000 [adv7511]
[    4.051021] 
[    4.054494]  do_one_initcall+0x60/0x1f0
[    4.058139] x17: 0000000000000000
[    4.061612]  do_init_module+0x48/0x1a8
[    4.065690]  x16: 0000000000000000
[    4.069077]  load_module+0x183c/0x1b28
[    4.073500]  x15: 0000000000000000
[    4.075240]  __do_sys_finit_module+0xc4/0x118
[    4.078798] 
[    4.082271]  __arm64_sys_finit_module+0x20/0x30
[    4.085916] x14: 0000000000000000
[    4.089302]  invoke_syscall+0x44/0x100
[    4.093034]  x13: 0000000000000000
[    4.096421]  el0_svc_common.constprop.3+0x6c/0xf0
[    4.100845]  x12: 0000000000000000
[    4.102412]  do_el0_svc+0x2c/0xc8
[    4.106663] 
[    4.110136]  el0_svc+0x20/0x60
[    4.113781] x11: 0000000000000000
[    4.117169]  el0t_64_sync_handler+0x98/0xc0
[    4.121941]  x10: 0000000000000000
[    4.125239]  el0t_64_sync+0x170/0x174
[    4.128622]  x9 : 0000000000000000
[    4.130188] ---[ end trace 0000000000000000 ]---
[    4.133052] 
[    4.133054] x8 : 00000000ffffffff
[    4.136899] ------------[ cut here ]------------
[    4.140430]  x7 : ffff00001226d880 x6 : 0000000000000000
[    4.143905] gcc_mdss_axi_clk status stuck at 'off'
[    4.147636] x5 : 0000000000000000
[    4.150972] WARNING: CPU: 1 PID: 260 at drivers/clk/qcom/clk-branch.c:92 clk_branch_toggle+0x194/0x1b8
[    4.155705]  x4 : 0000000000000001
[    4.157184] Modules linked in:
[    4.160397]  x3 : ffff00001211b800
[    4.165087]  adv7511(+)
[    4.170380] 
[    4.170382] x2 : ffff8000083dbee0
[    4.174980]  coresight_replicator
[    4.178371]  x1 : 0000000000000000
[    4.187567]  cec
[    4.190950]  x0 : ffff00001220d078
[    4.193991]  coresight_stm
[    4.197374] 
[    4.199716]  coresight_tpiu
[    4.201455] Call trace:
[    4.204667]  coresight_funnel
[    4.207967]  sysfs_kf_seq_show+0x34/0x140
[    4.211262]  coresight_cti
[    4.213261]  kernfs_seq_show+0x2c/0x38
[    4.216472]  stm_core
[    4.219161]  seq_read_iter+0xe0/0x458
[    4.220812]  coresight
[    4.223328]  kernfs_fop_read_iter+0x140/0x1d8
[    4.225761]  snd_soc_msm8916_digital
[    4.228886]  vfs_read+0x22c/0x2b8
[    4.232879]  snd_soc_apq8016_sbc
[    4.235484]  ksys_read+0x6c/0x100
[    4.239214]  snd_soc_qcom_common
[    4.241559]  __arm64_sys_read+0x1c/0x28
[    4.245204]  soundwire_bus
[    4.247464]  invoke_syscall+0x44/0x100
[    4.251889]  qrtr
[    4.255534]  el0_svc_common.constprop.3+0x6c/0xf0
[    4.258747]  snd_soc_lpass_apq8016
[    4.262045]  do_el0_svc+0x2c/0xc8
[    4.265258]  snd_soc_lpass_cpu
[    4.268556]  el0_svc+0x20/0x60
[    4.272114]  snd_soc_lpass_platform
[    4.274893]  el0t_64_sync_handler+0x98/0xc0
[    4.278623]  snd_soc_msm8916_analog
[    4.280623]  el0t_64_sync+0x170/0x174
[    4.285309]  qcom_spmi_vadc
[    4.288612] Code: f9403036 f94016c1 b4000041 f9400434 (f9400281) 
[    4.291992]  qcom_vadc_common
[    4.294945] ---[ end trace 0000000000000000 ]---
[    4.297983]  qcom_q6v5_mss qcom_pon qcom_spmi_temp_alarm rtc_pm8xxx qcom_pil_info qcom_q6v5 qcom_sysmon qcom_common qcom_camss videobuf2_dma_sg v4l2_fwnode msm venus_core v4l2_async v4l2_mem2mem videobuf2_memops videobuf2_v4l2 qcom_glink_smem llcc_qcom videobuf2_common ocmem qmi_helpers mdt_loader qnoc_msm8916 videodev gpu_sched qcom_rng drm_dp_aux_bus qcom_stats mc drm_display_helper i2c_qcom_cci display_connector drm_kms_helper icc_smd_rpm rpmsg_ctrl rpmsg_char drm socinfo rmtfs_mem
[    4.349940] CPU: 1 PID: 260 Comm: udevd Tainted: G      D W          6.1.0-rc2-13606-g8bd1db35ef72-dirty #14
[    4.372139] Hardware name: Qualcomm Technologies, Inc. APQ 8016 SBC (DT)
[    4.382026] pstate: 600000c5 (nZCv daIF -PAN -UAO -TCO -DIT -SSBS BTYPE=--)
[    4.388709] pc : clk_branch_toggle+0x194/0x1b8
[    4.395389] lr : clk_branch_toggle+0x194/0x1b8
[    4.399902] sp : ffff80000c25b530
[    4.404327] x29: ffff80000c25b530 x28: ffff80000afe9c90 x27: ffff00000db94480
[    4.407720] x26: ffff8000444b6000 x25: ffff80000a6fce88 x24: 0000000000000000
[    4.414839] x23: ffff80000b185098 x22: ffff80000877bfa8 x21: 0000000000000001
[    4.421956] x20: 0000000000000000 x19: ffff80000a7ea000 x18: ffffffffffffffff
[    4.429075] x17: 0000000000000000 x16: ffff800008736a60 x15: ffff80000a7eabd8
[    4.436193] x14: 0000000000000000 x13: 2d2d2d5d20303030 x12: 3030303030303030
[    4.443310] x11: 3030303030206563 x10: 0000000000000004 x9 : 000000000000000a
[    4.450428] x8 : 0000000000000000 x7 : 0000000000000001 x6 : 0000000000000035
[    4.457547] x5 : 0000000000000000 x4 : 0000000000000000 x3 : 00000000ffffffff
[    4.464666] x2 : ffff80000b003138 x1 : b07c09de59c9c000 x0 : 0000000000000000
[    4.471783] Call trace:
[    4.478892]  clk_branch_toggle+0x194/0x1b8
[    4.481151]  clk_branch2_enable+0x1c/0x28
[    4.485318]  clk_core_enable+0x78/0xc0
[    4.489396]  clk_core_enable_lock+0x24/0x48
[    4.493043]  clk_enable+0x18/0x30
[    4.497122]  mdp5_enable+0xd8/0x198 [msm]
[    4.500598]  mdp5_kms_init+0x49c/0x818 [msm]
[    4.504592]  msm_drm_bind+0x1d8/0x638 [msm]
[    4.508930]  try_to_bring_up_aggregate_device+0x17c/0x1e8
[    4.512839]  __component_add+0xa8/0x180
[    4.518390]  component_add+0x14/0x20
[    4.522036]  dsi_dev_attach+0x20/0x30 [msm]
[    4.525857]  dsi_host_attach+0xa0/0x140 [msm]
[    4.529764]  devm_mipi_dsi_attach+0x3c/0xa8
[    4.534277]  adv7533_attach_dsi+0x98/0x118 [adv7511]
[    4.538272]  adv7511_probe+0x8ac/0x908 [adv7511]
[    4.543479]  i2c_device_probe+0x35c/0x378
[    4.548079]  really_probe+0xc0/0x2b8
[    4.551984]  __driver_probe_device+0x7c/0xe8
[    4.555631]  driver_probe_device+0x38/0x118
[    4.559884]  __driver_attach+0xa8/0x138
[    4.563789]  bus_for_each_dev+0x7c/0xd8
[    4.567609]  driver_attach+0x24/0x30
[    4.571428]  bus_add_driver+0x15c/0x210
[    4.575248]  driver_register+0x64/0x120
[    4.578806]  i2c_register_driver+0x48/0xb0
[    4.582627]  adv7511_init+0x48/0x1000 [adv7511]
[    4.586795]  do_one_initcall+0x60/0x1f0
[    4.591220]  do_init_module+0x48/0x1a8
[    4.595041]  load_module+0x183c/0x1b28
[    4.598859]  __do_sys_finit_module+0xc4/0x118
[    4.602594]  __arm64_sys_finit_module+0x20/0x30
[    4.607020]  invoke_syscall+0x44/0x100
[    4.611359]  el0_svc_common.constprop.3+0x6c/0xf0
[    4.615180]  do_el0_svc+0x2c/0xc8
[    4.619951]  el0_svc+0x20/0x60
[    4.623250]  el0t_64_sync_handler+0x98/0xc0
[    4.626203]  el0t_64_sync+0x170/0x174
[    4.630284] ---[ end trace 0000000000000000 ]---
[    4.634473] ------------[ cut here ]------------
[    4.638795] gcc_mdss_mdp_clk status stuck at 'off'
[    4.638835] WARNING: CPU: 1 PID: 260 at drivers/clk/qcom/clk-branch.c:92 clk_branch_toggle+0x194/0x1b8
[    4.648004] Modules linked in: adv7511(+) coresight_replicator cec coresight_stm coresight_tpiu coresight_funnel coresight_cti stm_core coresight snd_soc_msm8916_digital snd_soc_apq8016_sbc snd_soc_qcom_common soundwire_bus qrtr snd_soc_lpass_apq8016 snd_soc_lpass_cpu snd_soc_lpass_platform snd_soc_msm8916_analog qcom_spmi_vadc qcom_vadc_common qcom_q6v5_mss qcom_pon qcom_spmi_temp_alarm rtc_pm8xxx qcom_pil_info qcom_q6v5 qcom_sysmon qcom_common qcom_camss videobuf2_dma_sg v4l2_fwnode msm venus_core v4l2_async v4l2_mem2mem videobuf2_memops videobuf2_v4l2 qcom_glink_smem llcc_qcom videobuf2_common ocmem qmi_helpers mdt_loader qnoc_msm8916 videodev gpu_sched qcom_rng drm_dp_aux_bus qcom_stats mc drm_display_helper i2c_qcom_cci display_connector drm_kms_helper icc_smd_rpm rpmsg_ctrl rpmsg_char drm socinfo rmtfs_mem
[    4.706914] CPU: 1 PID: 260 Comm: udevd Tainted: G      D W          6.1.0-rc2-13606-g8bd1db35ef72-dirty #14
[    4.729082] Hardware name: Qualcomm Technologies, Inc. APQ 8016 SBC (DT)
[    4.739144] pstate: 600000c5 (nZCv daIF -PAN -UAO -TCO -DIT -SSBS BTYPE=--)
[    4.745827] pc : clk_branch_toggle+0x194/0x1b8
[    4.752506] lr : clk_branch_toggle+0x194/0x1b8
[    4.757020] sp : ffff80000c25b530
[    4.761446] x29: ffff80000c25b530 x28: ffff80000afe9c90 x27: ffff00000db94480
[    4.764838] x26: ffff8000444b6000 x25: ffff80000a6fce40 x24: 0000000000000000
[    4.771957] x23: ffff80000b184f18 x22: ffff80000877bfa8 x21: 0000000000000001
[    4.779074] x20: 0000000000000000 x19: ffff80000a7ea000 x18: ffffffffffffffff
[    4.786192] x17: 0000000000000000 x16: ffff800008736a60 x15: 000000000000029f
[    4.793310] x14: ffff80000c25b2f0 x13: 00000000ffffffea x12: ffff80000b073228
[    4.800429] x11: 0000000000000001 x10: 0000000000000001 x9 : ffff80000b05b240
[    4.807547] x8 : c0000000ffffefff x7 : 0000000000017fe8 x6 : ffff80000b05b1e8
[    4.814664] x5 : 0000000000057fa8 x4 : 0000000000000000 x3 : 00000000ffffefff
[    4.821782] x2 : ffff80000b003138 x1 : b07c09de59c9c000 x0 : 0000000000000000
[    4.828902] Call trace:
[    4.836009]  clk_branch_toggle+0x194/0x1b8
[    4.838269]  clk_branch2_enable+0x1c/0x28
[    4.842436]  clk_core_enable+0x78/0xc0
[    4.846516]  clk_core_enable_lock+0x24/0x48
[    4.850161]  clk_enable+0x18/0x30
[    4.854240]  mdp5_enable+0x100/0x198 [msm]
[    4.857715]  mdp5_kms_init+0x49c/0x818 [msm]
[    4.861708]  msm_drm_bind+0x1d8/0x638 [msm]
