Return-Path: <dri-devel-bounces@lists.freedesktop.org>
X-Original-To: lists+dri-devel@lfdr.de
Delivered-To: lists+dri-devel@lfdr.de
Received: from gabe.freedesktop.org (gabe.freedesktop.org [IPv6:2610:10:20:722:a800:ff:fe36:1795])
	by mail.lfdr.de (Postfix) with ESMTPS id EE1327A4214
	for <lists+dri-devel@lfdr.de>; Mon, 18 Sep 2023 09:17:47 +0200 (CEST)
Received: from gabe.freedesktop.org (localhost [127.0.0.1])
	by gabe.freedesktop.org (Postfix) with ESMTP id D16C010E1F0;
	Mon, 18 Sep 2023 07:17:33 +0000 (UTC)
X-Original-To: dri-devel@lists.freedesktop.org
Delivered-To: dri-devel@lists.freedesktop.org
X-Greylist: delayed 912 seconds by postgrey-1.36 at gabe;
 Fri, 15 Sep 2023 15:30:03 UTC
Received: from www325.your-server.de (www325.your-server.de [78.47.199.85])
 by gabe.freedesktop.org (Postfix) with ESMTPS id 64B6310E647
 for <dri-devel@lists.freedesktop.org>; Fri, 15 Sep 2023 15:30:03 +0000 (UTC)
DKIM-Signature: v=1; a=rsa-sha256; q=dns/txt; c=relaxed/relaxed;
 d=zwiebeltoralf.de; s=default1902; h=Subject:From:Cc:To:MIME-Version:Date:
 Message-ID:Content-Type:Sender:Reply-To:Content-Transfer-Encoding:Content-ID:
 Content-Description:Resent-Date:Resent-From:Resent-Sender:Resent-To:Resent-Cc
 :Resent-Message-ID:In-Reply-To:References;
 bh=XMY5IiNbJRjrDya16HXxYk0gWqxCUtOgos+vAMFuVOI=; b=b8Qnp2YrCxYARsgV1oQpN6cA+2
 DL3eFs3B3TRc7Wt/iyxQbzCd+8E9ZTwhVF7jxOYHavTlhvtWneKlGpKiHPX1wlxyxU1eUP+e2W3gS
 8FN2EoQj5WbmNpfjyrpkyARApp1iG78sclViLSEr+9TU5k3J0S+tNpFuhtR60thVC4Cr7wkn8jKKV
 f+gLwt/qAY9bFzu8XMCzova4mNc82/OX+bCf1bUDwUsaRtVxbnYSymHOdgrF8h6BSmsOvAZ2dramw
 QMR8R6QtqfjBfw6Ksn4ehUbxfXp/UAmJ9CfV+chmDf7qSUPHrR6LWfjiQpG5/Dbgt/wWHVM27ZybG
 AeKF7Bpg==;
Received: from sslproxy01.your-server.de ([78.46.139.224])
 by www325.your-server.de with esmtpsa  (TLS1.3) tls TLS_AES_256_GCM_SHA384
 (Exim 4.94.2) (envelope-from <tinderbox@zwiebeltoralf.de>)
 id 1qhAWu-000Aw5-Mo; Fri, 15 Sep 2023 17:14:48 +0200
Received: from [78.50.74.52] (helo=[192.168.178.33])
 by sslproxy01.your-server.de with esmtpsa (TLSv1.3:TLS_AES_256_GCM_SHA384:256)
 (Exim 4.92) (envelope-from <tinderbox@zwiebeltoralf.de>)
 id 1qhAWu-0002q8-Ai; Fri, 15 Sep 2023 17:14:48 +0200
Content-Type: multipart/mixed; boundary="------------tmAQGE30o8GoiMk0FJGzUKDW"
Message-ID: <f7583005-73c8-c720-8595-93f616556915@zwiebeltoralf.de>
Date: Fri, 15 Sep 2023 17:14:48 +0200
MIME-Version: 1.0
User-Agent: Mozilla/5.0 (X11; Linux x86_64; rv:102.0) Gecko/20100101
 Thunderbird/102.15.0
Content-Language: en-US
To: dri-devel <dri-devel@lists.freedesktop.org>
From: =?UTF-8?Q?Toralf_F=c3=b6rster?= <tinderbox@zwiebeltoralf.de>
Subject: WARNING: CPU: 14 PID: 125 at drivers/gpu/drm/drm_mode_object.c:45
 drm_mode_object_add+0x80/0x90 [drm]
X-Authenticated-Sender: tinderbox@zwiebeltoralf.de
X-Virus-Scanned: Clear (ClamAV 0.103.10/27032/Fri Sep 15 09:38:51 2023)
X-Mailman-Approved-At: Mon, 18 Sep 2023 07:16:21 +0000
X-BeenThere: dri-devel@lists.freedesktop.org
X-Mailman-Version: 2.1.29
Precedence: list
List-Id: Direct Rendering Infrastructure - Development
 <dri-devel.lists.freedesktop.org>
List-Unsubscribe: <https://lists.freedesktop.org/mailman/options/dri-devel>,
 <mailto:dri-devel-request@lists.freedesktop.org?subject=unsubscribe>
List-Archive: <https://lists.freedesktop.org/archives/dri-devel>
List-Post: <mailto:dri-devel@lists.freedesktop.org>
List-Help: <mailto:dri-devel-request@lists.freedesktop.org?subject=help>
List-Subscribe: <https://lists.freedesktop.org/mailman/listinfo/dri-devel>,
 <mailto:dri-devel-request@lists.freedesktop.org?subject=subscribe>
Cc: Linux Kernel <linux-kernel@vger.kernel.org>
Errors-To: dri-devel-bounces@lists.freedesktop.org
Sender: "dri-devel" <dri-devel-bounces@lists.freedesktop.org>

This is a multi-part message in MIME format.
--------------tmAQGE30o8GoiMk0FJGzUKDW
Content-Type: text/plain; charset=UTF-8; format=flowed
Content-Transfer-Encoding: 8bit

I do suffer since 1 or 2 weeks from amd gpu problems (6.1.53 and before) 
like

Sep 15 16:51:22 p14s kernel: [drm:amdgpu_job_timedout [amdgpu]] *ERROR* 
ring sdma0 timeout, signaled seq=122011, emitted seq=122013
Sep 15 16:51:22 p14s kernel: [drm:amdgpu_job_timedout [amdgpu]] *ERROR* 
Process information: process  pid 0 thread  pid 0
Sep 15 16:51:22 p14s kernel: amdgpu 0000:04:00.0: amdgpu: GPU reset begin!
Sep 15 16:51:23 p14s kernel: amdgpu 0000:04:00.0: amdgpu: free PSP TMR 
buffer
Sep 15 16:51:23 p14s kernel: amdgpu 0000:04:00.0: amdgpu: MODE2 reset
Sep 15 16:51:23 p14s kernel: amdgpu 0000:04:00.0: amdgpu: GPU reset 
succeeded, trying to resume
Sep 15 16:51:23 p14s kernel: [drm] PCIE GART of 1024M enabled (table at 
0x000000F43FC00000).
Sep 15 16:51:23 p14s kernel: [drm] PSP is resuming...
Sep 15 16:51:23 p14s kernel: [drm] reserve 0xa00000 from 0xf43e000000 
for PSP TMR

and tried therefore 6.5.3. But dmesg gives:

WARNING: CPU: 14 PID: 125 at drivers/gpu/drm/drm_mode_object.c:45 
drm_mode_object_add+0x80/0x90 [drm]
WARNING: CPU: 14 PID: 125 at drivers/gpu/drm/drm_mode_object.c:45 
drm_mode_object_add+0x80/0x90 [drm]
WARNING: CPU: 14 PID: 125 at drivers/gpu/drm/drm_mode_object.c:45 
drm_mode_object_add+0x80/0x90 [drm]

Are those warning harmless ? Full dmesg and .config are attached.
TIA

--
toralf
--------------tmAQGE30o8GoiMk0FJGzUKDW
Content-Type: application/x-troff-man; name="dmesg-6.5.3"
Content-Disposition: attachment; filename="dmesg-6.5.3"
Content-Transfer-Encoding: quoted-printable

Linux version 6.5.3 (root@p14s) (gcc (Gentoo Hardened 12.3.1_p20230526 p2=
) 12.3.1 20230526, GNU ld (Gentoo 2.40 p5) 2.40.0) #1 SMP Fri Sep 15 17:0=
3:54 CEST 2023
Command line: BOOT_IMAGE=3D/vmlinuz-6.5.3 root=3DPARTUUID=3D4bfc6d65-4c00=
-de4f-871c-e851f5e48783 ro amd_pstate=3Dguided
KERNEL supported cpus:
  AMD AuthenticAMD
BIOS-provided physical RAM map:
BIOS-e820: [mem 0x0000000000000000-0x000000000009ffff] usable
BIOS-e820: [mem 0x0000000000100000-0x0000000009bfffff] usable
BIOS-e820: [mem 0x0000000009c00000-0x0000000009da0fff] reserved
BIOS-e820: [mem 0x0000000009da1000-0x0000000009efffff] usable
BIOS-e820: [mem 0x0000000009f00000-0x0000000009f27fff] ACPI NVS
BIOS-e820: [mem 0x0000000009f28000-0x000000007057dfff] usable
BIOS-e820: [mem 0x000000007057e000-0x000000007077dfff] type 20
BIOS-e820: [mem 0x000000007077e000-0x000000007677dfff] reserved
BIOS-e820: [mem 0x000000007677e000-0x000000007777dfff] ACPI NVS
BIOS-e820: [mem 0x000000007777e000-0x00000000777fdfff] ACPI data
BIOS-e820: [mem 0x00000000777fe000-0x0000000079ffcfff] usable
BIOS-e820: [mem 0x0000000079ffd000-0x000000007bffffff] reserved
BIOS-e820: [mem 0x000000007ce00000-0x000000007fffffff] reserved
BIOS-e820: [mem 0x00000000e0000000-0x00000000efffffff] reserved
BIOS-e820: [mem 0x00000000fde00000-0x00000000fdefffff] reserved
BIOS-e820: [mem 0x00000000fed80000-0x00000000fed80fff] reserved
BIOS-e820: [mem 0x0000000100000000-0x000000083e2fffff] usable
BIOS-e820: [mem 0x000000083f340000-0x00000008a01fffff] reserved
NX (Execute Disable) protection: active
efi: EFI v2.7 by Lenovo
efi: ACPI=3D0x777fd000 ACPI 2.0=3D0x777fd014 SMBIOS=3D0x73694000 SMBIOS 3=
=2E0=3D0x73687000 TPMFinalLog=3D0x77753000 MEMATTR=3D0x69b7e018 ESRT=3D0x=
69d46c18=20
efi: Remove mem49: MMIO range=3D[0xfde00000-0xfdefffff] (1MB) from e820 m=
ap
e820: remove [mem 0xfde00000-0xfdefffff] reserved
efi: Not removing mem50: MMIO range=3D[0xfed80000-0xfed80fff] (4KB) from =
e820 map
efi: Remove mem52: MMIO range=3D[0x880000000-0x8a01fffff] (514MB) from e8=
20 map
e820: remove [mem 0x880000000-0x8a01fffff] reserved
SMBIOS 3.3.0 present.
DMI: LENOVO 21J5002FGE/21J5002FGE, BIOS R23ET60W (1.30 ) 09/14/2022
tsc: Fast TSC calibration using PIT
tsc: Detected 2694.969 MHz processor
e820: update [mem 0x00000000-0x00000fff] usable =3D=3D> reserved
e820: remove [mem 0x000a0000-0x000fffff] usable
last_pfn =3D 0x83e300 max_arch_pfn =3D 0x400000000
MTRR map: 9 entries (3 fixed + 6 variable; max 20), built from 9 variable=
 MTRRs
x86/PAT: Configuration [0-7]: WB  WC  UC- UC  WB  WP  UC- WT =20
last_pfn =3D 0x79ffd max_arch_pfn =3D 0x400000000
esrt: Reserving ESRT space from 0x0000000069d46c18 to 0x0000000069d46d68.=

e820: update [mem 0x69d46000-0x69d46fff] usable =3D=3D> reserved
Using GB pages for direct mapping
Secure boot disabled
ACPI: Early table checksum verification disabled
ACPI: RSDP 0x00000000777FD014 000024 (v02 LENOVO)
ACPI: XSDT 0x00000000777FB188 000154 (v01 LENOVO TP-R23   00001240 PTEC 0=
0000002)
ACPI: FACP 0x0000000071381000 000114 (v06 LENOVO TP-R23   00001240 PTEC 0=
0000002)
ACPI: DSDT 0x0000000071367000 0148E0 (v01 LENOVO TP-R23   00001240 INTL 2=
0180313)
ACPI: FACS 0x000000007774E000 000040
ACPI: SSDT 0x000000007369B000 0000A2 (v01 LENOVO PID0Ssdt 00000001 INTL 2=
0180313)
ACPI: SSDT 0x000000007369A000 000A93 (v01 LENOVO UsbCTabl 00000001 INTL 2=
0180313)
ACPI: SSDT 0x000000007362F000 007F5B (v02 LENOVO TP-R23   00000002 MSFT 0=
2000002)
ACPI: SSDT 0x000000007362E000 000586 (v01 LENOVO ACDC     00000001 INTL 2=
0180313)
ACPI: SSDT 0x000000007362D000 0001D8 (v01 LENOVO STD3     00000001 INTL 2=
0180313)
ACPI: SSDT 0x000000007359B000 00062A (v02 LENOVO Tpm2Tabl 00001000 INTL 2=
0180313)
ACPI: TPM2 0x000000007359A000 000034 (v03 LENOVO TP-R23   00001240 PTEC 0=
0000002)
ACPI: MSDM 0x0000000073599000 000055 (v03 LENOVO TP-R23   00001240 PTEC 0=
0000002)
ACPI: BATB 0x0000000073583000 00004A (v02 LENOVO TP-R23   00001240 PTEC 0=
0000002)
ACPI: HPET 0x0000000071380000 000038 (v01 LENOVO TP-R23   00001240 PTEC 0=
0000002)
ACPI: APIC 0x000000007137F000 00014C (v02 LENOVO TP-R23   00001240 PTEC 0=
0000002)
ACPI: MCFG 0x000000007137E000 00003C (v01 LENOVO TP-R23   00001240 PTEC 0=
0000002)
ACPI: SBST 0x000000007137D000 000030 (v01 LENOVO TP-R23   00001240 PTEC 0=
0000002)
ACPI: WSMT 0x000000007137C000 000028 (v01 LENOVO TP-R23   00001240 PTEC 0=
0000002)
ACPI: SSDT 0x0000000071361000 005354 (v02 LENOVO TP-R23   00000001 AMD  0=
0000001)
ACPI: CRAT 0x0000000071360000 000EC0 (v01 LENOVO TP-R23   00001240 PTEC 0=
0000002)
ACPI: CDIT 0x000000007135F000 000029 (v01 LENOVO TP-R23   00001240 PTEC 0=
0000002)
ACPI: VFCT 0x0000000071354000 00AE84 (v01 LENOVO TP-R23   00001240 PTEC 0=
0000002)
ACPI: FPDT 0x0000000071353000 000034 (v01 LENOVO TP-R23   00001240 PTEC 0=
0000002)
ACPI: SSDT 0x0000000073585000 000BC3 (v01 LENOVO TP-R23   00000001 INTL 2=
0180313)
ACPI: SSDT 0x000000007132B000 0015F7 (v01 LENOVO TP-R23   00000001 INTL 2=
0180313)
ACPI: SSDT 0x0000000071322000 0085B1 (v01 LENOVO TP-R23   00000001 INTL 2=
0180313)
ACPI: BGRT 0x0000000071321000 000038 (v01 LENOVO TP-R23   00001240 PTEC 0=
0000002)
ACPI: SSDT 0x0000000071320000 0007CF (v01 LENOVO TP-R23   00000001 INTL 2=
0180313)
ACPI: SSDT 0x000000007131F000 000410 (v01 LENOVO TP-R23   00000001 INTL 2=
0180313)
ACPI: SSDT 0x000000007131E000 000024 (v01 LENOVO TP-R23   00000001 INTL 2=
0180313)
ACPI: SSDT 0x000000007131C000 00185A (v01 LENOVO TP-R23   00000001 INTL 2=
0180313)
ACPI: SSDT 0x000000007131B000 0007AF (v01 LENOVO TP-R23   00000001 INTL 2=
0180313)
ACPI: SSDT 0x0000000071311000 009B23 (v01 LENOVO TP-R23   00000001 INTL 2=
0180313)
ACPI: SSDT 0x000000007130B000 0051C4 (v01 LENOVO TP-R23   00000001 INTL 2=
0180313)
ACPI: SSDT 0x000000007130A000 000DB2 (v01 LENOVO TP-R23   00000001 INTL 2=
0180313)
ACPI: SSDT 0x0000000071309000 000762 (v01 LENOVO TP-R23   00000001 INTL 2=
0180313)
ACPI: UEFI 0x000000007774D000 00009E (v01 LENOVO TP-R23   00001240 PTEC 0=
0000002)
ACPI: SSDT 0x0000000071308000 000052 (v01 LENOVO DRTM     00000001 INTL 2=
0180313)
ACPI: IVRS 0x0000000071307000 0001E4 (v02 LENOVO TP-R23   00001240 PTEC 0=
0000002)
ACPI: SSDT 0x0000000073699000 000090 (v01 LENOVO TP-R23   00000001 INTL 2=
0180313)
ACPI: SSDT 0x0000000073697000 001203 (v01 LENOVO TP-R23   00000001 INTL 2=
0180313)
ACPI: Reserving FACP table memory at [mem 0x71381000-0x71381113]
ACPI: Reserving DSDT table memory at [mem 0x71367000-0x7137b8df]
ACPI: Reserving FACS table memory at [mem 0x7774e000-0x7774e03f]
ACPI: Reserving SSDT table memory at [mem 0x7369b000-0x7369b0a1]
ACPI: Reserving SSDT table memory at [mem 0x7369a000-0x7369aa92]
ACPI: Reserving SSDT table memory at [mem 0x7362f000-0x73636f5a]
ACPI: Reserving SSDT table memory at [mem 0x7362e000-0x7362e585]
ACPI: Reserving SSDT table memory at [mem 0x7362d000-0x7362d1d7]
ACPI: Reserving SSDT table memory at [mem 0x7359b000-0x7359b629]
ACPI: Reserving TPM2 table memory at [mem 0x7359a000-0x7359a033]
ACPI: Reserving MSDM table memory at [mem 0x73599000-0x73599054]
ACPI: Reserving BATB table memory at [mem 0x73583000-0x73583049]
ACPI: Reserving HPET table memory at [mem 0x71380000-0x71380037]
ACPI: Reserving APIC table memory at [mem 0x7137f000-0x7137f14b]
ACPI: Reserving MCFG table memory at [mem 0x7137e000-0x7137e03b]
ACPI: Reserving SBST table memory at [mem 0x7137d000-0x7137d02f]
ACPI: Reserving WSMT table memory at [mem 0x7137c000-0x7137c027]
ACPI: Reserving SSDT table memory at [mem 0x71361000-0x71366353]
ACPI: Reserving CRAT table memory at [mem 0x71360000-0x71360ebf]
ACPI: Reserving CDIT table memory at [mem 0x7135f000-0x7135f028]
ACPI: Reserving VFCT table memory at [mem 0x71354000-0x7135ee83]
ACPI: Reserving FPDT table memory at [mem 0x71353000-0x71353033]
ACPI: Reserving SSDT table memory at [mem 0x73585000-0x73585bc2]
ACPI: Reserving SSDT table memory at [mem 0x7132b000-0x7132c5f6]
ACPI: Reserving SSDT table memory at [mem 0x71322000-0x7132a5b0]
ACPI: Reserving BGRT table memory at [mem 0x71321000-0x71321037]
ACPI: Reserving SSDT table memory at [mem 0x71320000-0x713207ce]
ACPI: Reserving SSDT table memory at [mem 0x7131f000-0x7131f40f]
ACPI: Reserving SSDT table memory at [mem 0x7131e000-0x7131e023]
ACPI: Reserving SSDT table memory at [mem 0x7131c000-0x7131d859]
ACPI: Reserving SSDT table memory at [mem 0x7131b000-0x7131b7ae]
ACPI: Reserving SSDT table memory at [mem 0x71311000-0x7131ab22]
ACPI: Reserving SSDT table memory at [mem 0x7130b000-0x713101c3]
ACPI: Reserving SSDT table memory at [mem 0x7130a000-0x7130adb1]
ACPI: Reserving SSDT table memory at [mem 0x71309000-0x71309761]
ACPI: Reserving UEFI table memory at [mem 0x7774d000-0x7774d09d]
ACPI: Reserving SSDT table memory at [mem 0x71308000-0x71308051]
ACPI: Reserving IVRS table memory at [mem 0x71307000-0x713071e3]
ACPI: Reserving SSDT table memory at [mem 0x73699000-0x7369908f]
ACPI: Reserving SSDT table memory at [mem 0x73697000-0x73698202]
No NUMA configuration found
Faking a node at [mem 0x0000000000000000-0x000000083e2fffff]
NODE_DATA(0) allocated [mem 0x83e2fd000-0x83e2fffff]
Zone ranges:
  DMA      [mem 0x0000000000001000-0x0000000000ffffff]
  DMA32    [mem 0x0000000001000000-0x00000000ffffffff]
  Normal   [mem 0x0000000100000000-0x000000083e2fffff]
Movable zone start for each node
Early memory node ranges
  node   0: [mem 0x0000000000001000-0x000000000009ffff]
  node   0: [mem 0x0000000000100000-0x0000000009bfffff]
  node   0: [mem 0x0000000009da1000-0x0000000009efffff]
  node   0: [mem 0x0000000009f28000-0x000000007057dfff]
  node   0: [mem 0x00000000777fe000-0x0000000079ffcfff]
  node   0: [mem 0x0000000100000000-0x000000083e2fffff]
Initmem setup node 0 [mem 0x0000000000001000-0x000000083e2fffff]
On node 0, zone DMA: 1 pages in unavailable ranges
On node 0, zone DMA: 96 pages in unavailable ranges
On node 0, zone DMA32: 417 pages in unavailable ranges
On node 0, zone DMA32: 40 pages in unavailable ranges
On node 0, zone DMA32: 29312 pages in unavailable ranges
On node 0, zone Normal: 24579 pages in unavailable ranges
On node 0, zone Normal: 7424 pages in unavailable ranges
ACPI: PM-Timer IO Port: 0x408
ACPI: LAPIC_NMI (acpi_id[0x00] high edge lint[0x1])
ACPI: LAPIC_NMI (acpi_id[0x01] high edge lint[0x1])
ACPI: LAPIC_NMI (acpi_id[0x02] high edge lint[0x1])
ACPI: LAPIC_NMI (acpi_id[0x03] high edge lint[0x1])
ACPI: LAPIC_NMI (acpi_id[0x04] high edge lint[0x1])
ACPI: LAPIC_NMI (acpi_id[0x05] high edge lint[0x1])
ACPI: LAPIC_NMI (acpi_id[0x06] high edge lint[0x1])
ACPI: LAPIC_NMI (acpi_id[0x07] high edge lint[0x1])
ACPI: LAPIC_NMI (acpi_id[0x08] high edge lint[0x1])
ACPI: LAPIC_NMI (acpi_id[0x09] high edge lint[0x1])
ACPI: LAPIC_NMI (acpi_id[0x0a] high edge lint[0x1])
ACPI: LAPIC_NMI (acpi_id[0x0b] high edge lint[0x1])
ACPI: LAPIC_NMI (acpi_id[0x0c] high edge lint[0x1])
ACPI: LAPIC_NMI (acpi_id[0x0d] high edge lint[0x1])
ACPI: LAPIC_NMI (acpi_id[0x0e] high edge lint[0x1])
ACPI: LAPIC_NMI (acpi_id[0x0f] high edge lint[0x1])
IOAPIC[0]: apic_id 32, version 33, address 0xfec00000, GSI 0-23
IOAPIC[1]: apic_id 33, version 33, address 0xfec01000, GSI 24-55
ACPI: INT_SRC_OVR (bus 0 bus_irq 1 global_irq 1 low edge)
ACPI: INT_SRC_OVR (bus 0 bus_irq 12 global_irq 12 low edge)
ACPI: INT_SRC_OVR (bus 0 bus_irq 0 global_irq 2 dfl dfl)
ACPI: INT_SRC_OVR (bus 0 bus_irq 9 global_irq 9 low level)
ACPI: Using ACPI (MADT) for SMP configuration information
ACPI: HPET id: 0x43538210 base: 0xfed00000
smpboot: Allowing 16 CPUs, 0 hotplug CPUs
[mem 0x80000000-0xdfffffff] available for PCI devices
Booting paravirtualized kernel on bare hardware
clocksource: refined-jiffies: mask: 0xffffffff max_cycles: 0xffffffff, ma=
x_idle_ns: 6370452778343963 ns
setup_percpu: NR_CPUS:16 nr_cpumask_bits:16 nr_cpu_ids:16 nr_node_ids:1
percpu: Embedded 45 pages/cpu s147456 r8192 d28672 u262144
pcpu-alloc: s147456 r8192 d28672 u262144 alloc=3D1*2097152
pcpu-alloc: [0] 00 01 02 03 04 05 06 07 [0] 08 09 10 11 12 13 14 15=20
Kernel command line: BOOT_IMAGE=3D/vmlinuz-6.5.3 root=3DPARTUUID=3D4bfc6d=
65-4c00-de4f-871c-e851f5e48783 ro amd_pstate=3Dguided
Unknown kernel command line parameters "BOOT_IMAGE=3D/vmlinuz-6.5.3", wil=
l be passed to user space.
random: crng init done
Dentry cache hash table entries: 4194304 (order: 13, 33554432 bytes, line=
ar)
Inode-cache hash table entries: 2097152 (order: 12, 16777216 bytes, linea=
r)
Fallback order for Node 0: 0=20
Built 1 zonelists, mobility grouping on.  Total pages: 7938425
Policy zone: Normal
mem auto-init: stack:off, heap alloc:on, heap free:on
mem auto-init: clearing system memory may take some time...
software IO TLB: area num 16.
Memory: 31459100K/32258380K available (12288K kernel code, 1677K rwdata, =
2684K rodata, 1972K init, 5144K bss, 799020K reserved, 0K cma-reserved)
SLUB: HWalign=3D64, Order=3D0-3, MinObjects=3D0, CPUs=3D16, Nodes=3D1
rcu: Hierarchical RCU implementation.
rcu: 	RCU event tracing is enabled.
rcu: RCU calculated value of scheduler-enlistment delay is 30 jiffies.
NR_IRQS: 4352, nr_irqs: 1096, preallocated irqs: 16
rcu: srcu_init: Setting srcu_struct sizes based on contention.
Console: colour dummy device 80x25
printk: console [tty0] enabled
ACPI: Core revision 20230331
clocksource: hpet: mask: 0xffffffff max_cycles: 0xffffffff, max_idle_ns: =
133484873504 ns
APIC: Switch to symmetric I/O mode setup
AMD-Vi: ivrs, add hid:AMDI0020, uid:\_SB.FUR0, rdevid:160
AMD-Vi: ivrs, add hid:AMDI0020, uid:\_SB.FUR1, rdevid:160
AMD-Vi: ivrs, add hid:AMDI0020, uid:\_SB.FUR2, rdevid:160
AMD-Vi: ivrs, add hid:AMDI0020, uid:\_SB.FUR3, rdevid:160
AMD-Vi: Using global IVHD EFR:0x246577efa2254afa, EFR2:0x0
x2apic: IRQ remapping doesn't support X2APIC mode
Switched APIC routing to physical flat.
=2E.TIMER: vector=3D0x30 apic1=3D0 pin1=3D2 apic2=3D-1 pin2=3D-1
clocksource: tsc-early: mask: 0xffffffffffffffff max_cycles: 0x26d8ad9f90=
8, max_idle_ns: 440795236529 ns
Calibrating delay loop (skipped), value calculated using timer frequency.=
=2E 5392.51 BogoMIPS (lpj=3D8983230)
x86/cpu: User Mode Instruction Prevention (UMIP) activated
LVT offset 1 assigned for vector 0xf9
LVT offset 2 assigned for vector 0xf4
process: using mwait in idle threads
Last level iTLB entries: 4KB 512, 2MB 512, 4MB 256
Last level dTLB entries: 4KB 2048, 2MB 2048, 4MB 1024, 1GB 0
Spectre V1 : Mitigation: usercopy/swapgs barriers and __user pointer sani=
tization
Spectre V2 : Mitigation: Retpolines
Spectre V2 : Spectre v2 / SpectreRSB mitigation: Filling RSB on context s=
witch
Spectre V2 : Spectre v2 / SpectreRSB : Filling RSB on VMEXIT
Spectre V2 : Enabling Restricted Speculation for firmware calls
Spectre V2 : mitigation: Enabling conditional Indirect Branch Prediction =
Barrier
Spectre V2 : User space: Mitigation: STIBP always-on protection
Speculative Store Bypass: Mitigation: Speculative Store Bypass disabled v=
ia prctl
Speculative Return Stack Overflow: IBPB-extending microcode not applied!
Speculative Return Stack Overflow: WARNING: See https://kernel.org/doc/ht=
ml/latest/admin-guide/hw-vuln/srso.html for mitigation options.
Speculative Return Stack Overflow: Mitigation: safe RET, no microcode
x86/fpu: Supporting XSAVE feature 0x001: 'x87 floating point registers'
x86/fpu: Supporting XSAVE feature 0x002: 'SSE registers'
x86/fpu: Supporting XSAVE feature 0x004: 'AVX registers'
x86/fpu: Supporting XSAVE feature 0x200: 'Protection Keys User registers'=

x86/fpu: xstate_offset[2]:  576, xstate_sizes[2]:  256
x86/fpu: xstate_offset[9]:  832, xstate_sizes[9]:    8
x86/fpu: Enabled xstate features 0x207, context size is 840 bytes, using =
'compacted' format.
Freeing SMP alternatives memory: 36K
pid_max: default: 32768 minimum: 301
LSM: initializing lsm=3Dcapability,yama,integrity
Yama: becoming mindful.
Mount-cache hash table entries: 65536 (order: 7, 524288 bytes, linear)
Mountpoint-cache hash table entries: 65536 (order: 7, 524288 bytes, linea=
r)
smpboot: CPU0: AMD Ryzen 7 PRO 6850U with Radeon Graphics (family: 0x19, =
model: 0x44, stepping: 0x1)
Performance Events: Fam17h+ core perfctr, AMD PMU driver.
=2E.. version:                0
=2E.. bit width:              48
=2E.. generic registers:      6
=2E.. value mask:             0000ffffffffffff
=2E.. max period:             00007fffffffffff
=2E.. fixed-purpose events:   0
=2E.. event mask:             000000000000003f
signal: max sigframe size: 2976
rcu: Hierarchical SRCU implementation.
rcu: 	Max phase no-delay instances is 1000.
NMI watchdog: Enabled. Permanently consumes one hw-PMU counter.
smp: Bringing up secondary CPUs ...
smpboot: x86: Booting SMP configuration:
=2E... node  #0, CPUs:        #2  #4  #6  #8 #10 #12 #14
TSC synchronization [CPU#0 -> CPU#2]:
Measured 2588706918 cycles TSC warp between CPUs, turning off TSC clock.
tsc: Marking TSC unstable due to check_tsc_sync_source failed
  #1  #3  #5  #7  #9 #11 #13 #15
Spectre V2 : Update user space SMT mitigation: STIBP always-on
smp: Brought up 1 node, 16 CPUs
smpboot: Max logical packages: 1
smpboot: Total of 16 processors activated (86273.30 BogoMIPS)
devtmpfs: initialized
ACPI: PM: Registering ACPI NVS region [mem 0x09f00000-0x09f27fff] (163840=
 bytes)
ACPI: PM: Registering ACPI NVS region [mem 0x7677e000-0x7777dfff] (167772=
16 bytes)
clocksource: jiffies: mask: 0xffffffff max_cycles: 0xffffffff, max_idle_n=
s: 6370867519511994 ns
futex hash table entries: 4096 (order: 6, 262144 bytes, linear)
pinctrl core: initialized pinctrl subsystem
NET: Registered PF_NETLINK/PF_ROUTE protocol family
DMA: preallocated 4096 KiB GFP_KERNEL pool for atomic allocations
DMA: preallocated 4096 KiB GFP_KERNEL|GFP_DMA pool for atomic allocations=

DMA: preallocated 4096 KiB GFP_KERNEL|GFP_DMA32 pool for atomic allocatio=
ns
audit: initializing netlink subsys (disabled)
audit: type=3D2000 audit(1694790300.163:1): state=3Dinitialized audit_ena=
bled=3D0 res=3D1
thermal_sys: Registered thermal governor 'fair_share'
thermal_sys: Registered thermal governor 'bang_bang'
thermal_sys: Registered thermal governor 'step_wise'
thermal_sys: Registered thermal governor 'user_space'
cpuidle: using governor menu
ACPI FADT declares the system doesn't support PCIe ASPM, so disable it
acpiphp: ACPI Hot Plug PCI Controller Driver version: 0.5
PCI: MMCONFIG for domain 0000 [bus 00-ff] at [mem 0xe0000000-0xefffffff] =
(base 0xe0000000)
PCI: MMCONFIG at [mem 0xe0000000-0xefffffff] reserved as E820 entry
PCI: Using configuration type 1 for base access
mtrr: your CPUs had inconsistent fixed MTRR settings
mtrr: your CPUs had inconsistent variable MTRR settings
mtrr: probably your BIOS does not setup all CPUs.
mtrr: corrected configuration.
HugeTLB: registered 1.00 GiB page size, pre-allocated 0 pages
HugeTLB: 16380 KiB vmemmap can be freed for a 1.00 GiB page
HugeTLB: registered 2.00 MiB page size, pre-allocated 0 pages
HugeTLB: 28 KiB vmemmap can be freed for a 2.00 MiB page
cryptd: max_cpu_qlen set to 1000
fbcon: Taking over console
ACPI: Added _OSI(Module Device)
ACPI: Added _OSI(Processor Device)
ACPI: Added _OSI(3.0 _SCP Extensions)
ACPI: Added _OSI(Processor Aggregator Device)
ACPI: 23 ACPI AML tables successfully acquired and loaded
ACPI: [Firmware Bug]: BIOS _OSI(Linux) query ignored
ACPI: EC: EC started
ACPI: EC: interrupt blocked
ACPI: EC: EC_CMD/EC_SC=3D0x66, EC_DATA=3D0x62
ACPI: \_SB_.PCI0.LPC0.EC0_: Boot DSDT EC used to handle transactions
ACPI: Interpreter enabled
ACPI: PM: (supports S0 S5)
ACPI: Using IOAPIC for interrupt routing
PCI: Using host bridge windows from ACPI; if necessary, use "pci=3Dnocrs"=
 and report a bug
PCI: Using E820 reservations for host bridge windows
ACPI: Enabled 2 GPEs in block 00 to 1F
ACPI: \_SB_.PCI0.GPP6.PXSX.WRST: New power resource
ACPI: \_SB_.PCI0.GPP7.P0WW: New power resource
ACPI: \_SB_.PCI0.GPP8.P0NV: New power resource
ACPI: \_SB_.PCI0.GP11.PWRS: New power resource
ACPI: \_SB_.PCI0.GP11: Overriding _PRW sleep state (S4) by S0 from power =
resources
ACPI: \_SB_.PCI0.GP11.SWUS.PWRS: New power resource
ACPI: \_SB_.PCI0.GP12.PWRS: New power resource
ACPI: \_SB_.PCI0.GP12: Overriding _PRW sleep state (S4) by S0 from power =
resources
ACPI: \_SB_.PCI0.GP12.SWUS.PWRS: New power resource
ACPI: \_SB_.PCI0.GP17.PWRS: New power resource
ACPI: \_SB_.PCI0.GP17.VGA_.PWRS: New power resource
ACPI: \_SB_.PCI0.GP17.ACP_.PWRS: New power resource
ACPI: \_SB_.PCI0.GP17.AZAL.PWRS: New power resource
ACPI: \_SB_.PCI0.GP17.HDAU.PWRS: New power resource
ACPI: \_SB_.PCI0.GP17.XHC0.PWRS: New power resource
ACPI: \_SB_.PCI0.GP17.XHC0.RHUB.HS03.HS01.BTRT: New power resource
ACPI: \_SB_.PCI0.GP17.XHC1.PWRS: New power resource
ACPI: \_SB_.PCI0.GP18.SATA.P0S0: New power resource
ACPI: \_SB_.PCI0.GP18.SATA.P3S0: New power resource
ACPI: \_SB_.PCI0.GP19.NHI0.PWRS: New power resource
ACPI: \_SB_.PCI0.GP19.NHI0: Overriding _PRW sleep state (S3) by S0 from p=
ower resources
ACPI: \_SB_.PCI0.GP19.NHI1.PWRS: New power resource
ACPI: \_SB_.PCI0.GP19.NHI1: Overriding _PRW sleep state (S3) by S0 from p=
ower resources
ACPI: \_SB_.PCI0.GP19.XHC2.PWRS: New power resource
ACPI: \_SB_.PCI0.GP19.XHC3.PWRS: New power resource
ACPI: \_SB_.PCI0.GP19.XHC4.PWRS: New power resource
ACPI: PCI Root Bridge [PCI0] (domain 0000 [bus 00-ff])
acpi PNP0A08:00: _OSC: OS supports [ExtendedConfig ASPM ClockPM Segments =
MSI EDR HPX-Type3]
acpi PNP0A08:00: _OSC: platform does not support [SHPCHotplug AER]
acpi PNP0A08:00: _OSC: OS now controls [PCIeHotplug PME PCIeCapability LT=
R DPC]
acpi PNP0A08:00: FADT indicates ASPM is unsupported, using BIOS configura=
tion
PCI host bridge to bus 0000:00
pci_bus 0000:00: root bus resource [mem 0x000a0000-0x000effff window]
pci_bus 0000:00: root bus resource [mem 0x80000000-0xdfffffff window]
pci_bus 0000:00: root bus resource [mem 0xf0000000-0xfdbfffff window]
pci_bus 0000:00: root bus resource [mem 0x880000000-0xffffffffff window]
pci_bus 0000:00: root bus resource [io  0x0000-0x0cf7 window]
pci_bus 0000:00: root bus resource [io  0x0d00-0xffff window]
pci_bus 0000:00: root bus resource [bus 00-ff]
pci 0000:00:00.0: [1022:14b5] type 00 class 0x060000
pci 0000:00:00.2: [1022:14b6] type 00 class 0x080600
pci 0000:00:01.0: [1022:14b7] type 00 class 0x060000
pci 0000:00:02.0: [1022:14b7] type 00 class 0x060000
pci 0000:00:02.1: [1022:14ba] type 01 class 0x060400
pci 0000:00:02.1: PME# supported from D0 D3hot D3cold
pci 0000:00:02.2: [1022:14ba] type 01 class 0x060400
pci 0000:00:02.2: PME# supported from D0 D3hot D3cold
pci 0000:00:02.4: [1022:14ba] type 01 class 0x060400
pci 0000:00:02.4: PME# supported from D0 D3hot D3cold
pci 0000:00:03.0: [1022:14b7] type 00 class 0x060000
pci 0000:00:04.0: [1022:14b7] type 00 class 0x060000
pci 0000:00:08.0: [1022:14b7] type 00 class 0x060000
pci 0000:00:08.1: [1022:14b9] type 01 class 0x060400
pci 0000:00:08.1: enabling Extended Tags
pci 0000:00:08.1: PME# supported from D0 D3hot D3cold
pci 0000:00:08.3: [1022:14b9] type 01 class 0x060400
pci 0000:00:08.3: enabling Extended Tags
pci 0000:00:08.3: PME# supported from D0 D3hot D3cold
pci 0000:00:14.0: [1022:790b] type 00 class 0x0c0500
pci 0000:00:14.3: [1022:790e] type 00 class 0x060100
pci 0000:00:18.0: [1022:1679] type 00 class 0x060000
pci 0000:00:18.1: [1022:167a] type 00 class 0x060000
pci 0000:00:18.2: [1022:167b] type 00 class 0x060000
pci 0000:00:18.3: [1022:167c] type 00 class 0x060000
pci 0000:00:18.4: [1022:167d] type 00 class 0x060000
pci 0000:00:18.5: [1022:167e] type 00 class 0x060000
pci 0000:00:18.6: [1022:167f] type 00 class 0x060000
pci 0000:00:18.7: [1022:1680] type 00 class 0x060000
pci 0000:01:00.0: [10ec:8168] type 00 class 0x020000
pci 0000:01:00.0: reg 0x10: [io  0x2000-0x20ff]
pci 0000:01:00.0: reg 0x18: [mem 0x80a04000-0x80a04fff 64bit]
pci 0000:01:00.0: reg 0x20: [mem 0x80a00000-0x80a03fff 64bit]
pci 0000:01:00.0: supports D1 D2
pci 0000:01:00.0: PME# supported from D0 D1 D2 D3hot D3cold
pci 0000:00:02.1: PCI bridge to [bus 01]
pci 0000:00:02.1:   bridge window [io  0x2000-0x2fff]
pci 0000:00:02.1:   bridge window [mem 0x80a00000-0x80afffff]
pci 0000:02:00.0: [17cb:1103] type 00 class 0x028000
pci 0000:02:00.0: reg 0x10: [mem 0x80000000-0x801fffff 64bit]
pci 0000:02:00.0: PME# supported from D0 D3hot D3cold
pci 0000:02:00.0: 4.000 Gb/s available PCIe bandwidth, limited by 5.0 GT/=
s PCIe x1 link at 0000:00:02.2 (capable of 7.876 Gb/s with 8.0 GT/s PCIe =
x1 link)
pci 0000:00:02.2: PCI bridge to [bus 02]
pci 0000:00:02.2:   bridge window [mem 0x80000000-0x801fffff]
pci 0000:03:00.0: [1c5c:174a] type 00 class 0x010802
pci 0000:03:00.0: reg 0x10: [mem 0x80900000-0x80903fff 64bit]
pci 0000:03:00.0: reg 0x18: [mem 0x80905000-0x80905fff]
pci 0000:03:00.0: reg 0x1c: [mem 0x80904000-0x80904fff]
pci 0000:00:02.4: PCI bridge to [bus 03]
pci 0000:00:02.4:   bridge window [mem 0x80900000-0x809fffff]
pci 0000:04:00.0: [1002:1681] type 00 class 0x030000
pci 0000:04:00.0: reg 0x10: [mem 0x8b0000000-0x8bfffffff 64bit pref]
pci 0000:04:00.0: reg 0x18: [mem 0x8c0000000-0x8c01fffff 64bit pref]
pci 0000:04:00.0: reg 0x20: [io  0x1000-0x10ff]
pci 0000:04:00.0: reg 0x24: [mem 0x80800000-0x8087ffff]
pci 0000:04:00.0: enabling Extended Tags
pci 0000:04:00.0: BAR 0: assigned to efifb
pci 0000:04:00.0: PME# supported from D1 D2 D3hot D3cold
pci 0000:04:00.1: [1002:1640] type 00 class 0x040300
pci 0000:04:00.1: reg 0x10: [mem 0x808c8000-0x808cbfff]
pci 0000:04:00.1: enabling Extended Tags
pci 0000:04:00.1: PME# supported from D1 D2 D3hot D3cold
pci 0000:04:00.2: [1022:1649] type 00 class 0x108000
pci 0000:04:00.2: reg 0x18: [mem 0x80700000-0x807fffff]
pci 0000:04:00.2: reg 0x24: [mem 0x808cc000-0x808cdfff]
pci 0000:04:00.2: enabling Extended Tags
pci 0000:04:00.3: [1022:161d] type 00 class 0x0c0330
pci 0000:04:00.3: reg 0x10: [mem 0x80500000-0x805fffff 64bit]
pci 0000:04:00.3: enabling Extended Tags
pci 0000:04:00.3: PME# supported from D0 D3hot D3cold
pci 0000:04:00.4: [1022:161e] type 00 class 0x0c0330
pci 0000:04:00.4: reg 0x10: [mem 0x80600000-0x806fffff 64bit]
pci 0000:04:00.4: enabling Extended Tags
pci 0000:04:00.4: PME# supported from D0 D3hot D3cold
pci 0000:04:00.5: [1022:15e2] type 00 class 0x048000
pci 0000:04:00.5: reg 0x10: [mem 0x80880000-0x808bffff]
pci 0000:04:00.5: enabling Extended Tags
pci 0000:04:00.5: PME# supported from D0 D3hot D3cold
pci 0000:04:00.6: [1022:15e3] type 00 class 0x040300
pci 0000:04:00.6: reg 0x10: [mem 0x808c0000-0x808c7fff]
pci 0000:04:00.6: enabling Extended Tags
pci 0000:04:00.6: PME# supported from D0 D3hot D3cold
pci 0000:00:08.1: PCI bridge to [bus 04]
pci 0000:00:08.1:   bridge window [io  0x1000-0x1fff]
pci 0000:00:08.1:   bridge window [mem 0x80500000-0x808fffff]
pci 0000:00:08.1:   bridge window [mem 0x8b0000000-0x8c01fffff 64bit pref=
]
pci 0000:05:00.0: [1022:161f] type 00 class 0x0c0330
pci 0000:05:00.0: reg 0x10: [mem 0x80200000-0x802fffff 64bit]
pci 0000:05:00.0: enabling Extended Tags
pci 0000:05:00.0: PME# supported from D0 D3hot D3cold
pci 0000:05:00.3: [1022:15d6] type 00 class 0x0c0330
pci 0000:05:00.3: reg 0x10: [mem 0x80300000-0x803fffff 64bit]
pci 0000:05:00.3: enabling Extended Tags
pci 0000:05:00.3: PME# supported from D0 D3hot D3cold
pci 0000:05:00.4: [1022:15d7] type 00 class 0x0c0330
pci 0000:05:00.4: reg 0x10: [mem 0x80400000-0x804fffff 64bit]
pci 0000:05:00.4: enabling Extended Tags
pci 0000:05:00.4: PME# supported from D0 D3hot D3cold
pci 0000:00:08.3: PCI bridge to [bus 05]
pci 0000:00:08.3:   bridge window [mem 0x80200000-0x804fffff]
ACPI: PCI: Interrupt link LNKA configured for IRQ 0
ACPI: PCI: Interrupt link LNKB configured for IRQ 0
ACPI: PCI: Interrupt link LNKC configured for IRQ 0
ACPI: PCI: Interrupt link LNKD configured for IRQ 0
ACPI: PCI: Interrupt link LNKE configured for IRQ 0
ACPI: PCI: Interrupt link LNKF configured for IRQ 0
ACPI: PCI: Interrupt link LNKG configured for IRQ 0
ACPI: PCI: Interrupt link LNKH configured for IRQ 0
Low-power S0 idle used by default for system suspend
ACPI: EC: interrupt unblocked
ACPI: EC: event unblocked
ACPI: EC: EC_CMD/EC_SC=3D0x66, EC_DATA=3D0x62
ACPI: EC: GPE=3D0xb
ACPI: \_SB_.PCI0.LPC0.EC0_: Boot DSDT EC initialization complete
ACPI: \_SB_.PCI0.LPC0.EC0_: EC: Used to handle transactions and events
iommu: Default domain type: Translated
iommu: DMA domain TLB invalidation policy: lazy mode
ACPI: bus type USB registered
usbcore: registered new interface driver usbfs
usbcore: registered new interface driver hub
usbcore: registered new device driver usb
pps_core: LinuxPPS API ver. 1 registered
pps_core: Software ver. 5.3.6 - Copyright 2005-2007 Rodolfo Giometti <gio=
metti@linux.it>
PTP clock support registered
EDAC MC: Ver: 3.0.0
efivars: Registered efivars operations
NetLabel: Initializing
NetLabel:  domain hash size =3D 128
NetLabel:  protocols =3D UNLABELED CIPSOv4 CALIPSO
NetLabel:  unlabeled traffic allowed by default
PCI: Using ACPI for IRQ routing
PCI: pci_cache_line_size set to 64 bytes
e820: reserve RAM buffer [mem 0x09c00000-0x0bffffff]
e820: reserve RAM buffer [mem 0x09f00000-0x0bffffff]
e820: reserve RAM buffer [mem 0x69d46000-0x6bffffff]
e820: reserve RAM buffer [mem 0x7057e000-0x73ffffff]
e820: reserve RAM buffer [mem 0x79ffd000-0x7bffffff]
e820: reserve RAM buffer [mem 0x83e300000-0x83fffffff]
pci 0000:04:00.0: vgaarb: setting as boot VGA device
pci 0000:04:00.0: vgaarb: bridge control possible
pci 0000:04:00.0: vgaarb: VGA device added: decodes=3Dio+mem,owns=3Dnone,=
locks=3Dnone
vgaarb: loaded
hpet0: at MMIO 0xfed00000, IRQs 2, 8, 0
hpet0: 3 comparators, 32-bit 14.318180 MHz counter
clocksource: Switched to clocksource hpet
pnp: PnP ACPI init
system 00:00: [mem 0xfec00000-0xfec01fff] could not be reserved
system 00:00: [mem 0xfee00000-0xfee00fff] has been reserved
system 00:00: [mem 0xe0000000-0xefffffff] has been reserved
system 00:02: [io  0x0400-0x04cf] has been reserved
system 00:02: [io  0x04d0-0x04d1] has been reserved
system 00:02: [io  0x04d6] has been reserved
system 00:02: [io  0x0c00-0x0c01] has been reserved
system 00:02: [io  0x0c14] has been reserved
system 00:02: [io  0x0c50-0x0c52] has been reserved
system 00:02: [io  0x0c6c] has been reserved
system 00:02: [io  0x0c6f] has been reserved
system 00:02: [io  0x0cd0-0x0cdb] has been reserved
system 00:03: [mem 0x000e0000-0x000fffff] could not be reserved
system 00:03: [mem 0x00000000-0x01ffffff] could not be reserved
system 00:03: [mem 0xffffffe0-0xffffffff] has been reserved
system 00:03: [mem 0xfed00000-0xfed003ff] has been reserved
system 00:03: [mem 0xfed61000-0xfed613ff] has been reserved
system 00:03: [mem 0xfed80000-0xfed80fff] has been reserved
pnp: PnP ACPI: found 6 devices
clocksource: acpi_pm: mask: 0xffffff max_cycles: 0xffffff, max_idle_ns: 2=
085701024 ns
NET: Registered PF_INET protocol family
IP idents hash table entries: 262144 (order: 9, 2097152 bytes, linear)
tcp_listen_portaddr_hash hash table entries: 16384 (order: 6, 262144 byte=
s, linear)
Table-perturb hash table entries: 65536 (order: 6, 262144 bytes, linear)
TCP established hash table entries: 262144 (order: 9, 2097152 bytes, line=
ar)
TCP bind hash table entries: 65536 (order: 9, 2097152 bytes, linear)
TCP: Hash tables configured (established 262144 bind 65536)
MPTCP token hash table entries: 32768 (order: 7, 786432 bytes, linear)
UDP hash table entries: 16384 (order: 7, 524288 bytes, linear)
UDP-Lite hash table entries: 16384 (order: 7, 524288 bytes, linear)
NET: Registered PF_UNIX/PF_LOCAL protocol family
pci 0000:00:02.1: PCI bridge to [bus 01]
pci 0000:00:02.1:   bridge window [io  0x2000-0x2fff]
pci 0000:00:02.1:   bridge window [mem 0x80a00000-0x80afffff]
pci 0000:00:02.2: PCI bridge to [bus 02]
pci 0000:00:02.2:   bridge window [mem 0x80000000-0x801fffff]
pci 0000:00:02.4: PCI bridge to [bus 03]
pci 0000:00:02.4:   bridge window [mem 0x80900000-0x809fffff]
pci 0000:00:08.1: PCI bridge to [bus 04]
pci 0000:00:08.1:   bridge window [io  0x1000-0x1fff]
pci 0000:00:08.1:   bridge window [mem 0x80500000-0x808fffff]
pci 0000:00:08.1:   bridge window [mem 0x8b0000000-0x8c01fffff 64bit pref=
]
pci 0000:00:08.3: PCI bridge to [bus 05]
pci 0000:00:08.3:   bridge window [mem 0x80200000-0x804fffff]
pci_bus 0000:00: resource 4 [mem 0x000a0000-0x000effff window]
pci_bus 0000:00: resource 5 [mem 0x80000000-0xdfffffff window]
pci_bus 0000:00: resource 6 [mem 0xf0000000-0xfdbfffff window]
pci_bus 0000:00: resource 7 [mem 0x880000000-0xffffffffff window]
pci_bus 0000:00: resource 8 [io  0x0000-0x0cf7 window]
pci_bus 0000:00: resource 9 [io  0x0d00-0xffff window]
pci_bus 0000:01: resource 0 [io  0x2000-0x2fff]
pci_bus 0000:01: resource 1 [mem 0x80a00000-0x80afffff]
pci_bus 0000:02: resource 1 [mem 0x80000000-0x801fffff]
pci_bus 0000:03: resource 1 [mem 0x80900000-0x809fffff]
pci_bus 0000:04: resource 0 [io  0x1000-0x1fff]
pci_bus 0000:04: resource 1 [mem 0x80500000-0x808fffff]
pci_bus 0000:04: resource 2 [mem 0x8b0000000-0x8c01fffff 64bit pref]
pci_bus 0000:05: resource 1 [mem 0x80200000-0x804fffff]
pci 0000:04:00.1: D0 power state depends on 0000:04:00.0
PCI: CLS 32 bytes, default 64
pci 0000:00:00.2: AMD-Vi: IOMMU performance counters supported
pci 0000:00:01.0: Adding to iommu group 0
pci 0000:00:02.0: Adding to iommu group 1
pci 0000:00:02.1: Adding to iommu group 2
pci 0000:00:02.2: Adding to iommu group 3
pci 0000:00:02.4: Adding to iommu group 4
pci 0000:00:03.0: Adding to iommu group 5
pci 0000:00:04.0: Adding to iommu group 6
pci 0000:00:08.0: Adding to iommu group 7
pci 0000:00:08.1: Adding to iommu group 8
pci 0000:00:08.3: Adding to iommu group 9
pci 0000:00:14.0: Adding to iommu group 10
pci 0000:00:14.3: Adding to iommu group 10
pci 0000:00:18.0: Adding to iommu group 11
pci 0000:00:18.1: Adding to iommu group 11
pci 0000:00:18.2: Adding to iommu group 11
pci 0000:00:18.3: Adding to iommu group 11
pci 0000:00:18.4: Adding to iommu group 11
pci 0000:00:18.5: Adding to iommu group 11
pci 0000:00:18.6: Adding to iommu group 11
pci 0000:00:18.7: Adding to iommu group 11
pci 0000:01:00.0: Adding to iommu group 12
pci 0000:02:00.0: Adding to iommu group 13
pci 0000:03:00.0: Adding to iommu group 14
pci 0000:04:00.0: Adding to iommu group 15
pci 0000:04:00.1: Adding to iommu group 16
pci 0000:04:00.2: Adding to iommu group 17
pci 0000:04:00.3: Adding to iommu group 18
pci 0000:04:00.4: Adding to iommu group 19
pci 0000:04:00.5: Adding to iommu group 20
pci 0000:04:00.6: Adding to iommu group 21
pci 0000:05:00.0: Adding to iommu group 22
pci 0000:05:00.3: Adding to iommu group 23
pci 0000:05:00.4: Adding to iommu group 24
pci 0000:00:00.2: can't derive routing for PCI INT A
pci 0000:00:00.2: PCI INT A: not connected
pci 0000:00:00.2: AMD-Vi: Found IOMMU cap 0x40
AMD-Vi: Extended features (0x246577efa2254afa, 0x0): PPR NX GT [5] IA GA =
PC GA_vAPIC
AMD-Vi: Interrupt remapping enabled
AMD-Vi: Virtual APIC enabled
PCI-DMA: Using software bounce buffering for IO (SWIOTLB)
software IO TLB: mapped [mem 0x0000000065a6c000-0x0000000069a6c000] (64MB=
)
LVT offset 0 assigned for vector 0x400
perf: AMD IBS detected (0x000003fd)
perf/amd_iommu: Detected AMD IOMMU #0 (2 banks, 4 counters/bank).
Initialise system trusted keyrings
Key type blacklist registered
workingset: timestamp_bits=3D42 max_order=3D23 bucket_order=3D0
zbud: loaded
NET: Registered PF_ALG protocol family
Key type asymmetric registered
Asymmetric key parser 'x509' registered
io scheduler mq-deadline registered
io scheduler kyber registered
io scheduler bfq registered
pcieport 0000:00:02.1: PME: Signaling with IRQ 34
pcieport 0000:00:02.2: PME: Signaling with IRQ 35
pcieport 0000:00:02.4: PME: Signaling with IRQ 36
pcieport 0000:00:08.1: PME: Signaling with IRQ 37
pcieport 0000:00:08.3: PME: Signaling with IRQ 38
shpchp: Standard Hot Plug PCI Controller Driver version: 0.4
efifb: probing for efifb
efifb: framebuffer at 0x8b0000000, using 8128k, total 8128k
efifb: mode is 1920x1080x32, linelength=3D7680, pages=3D1
efifb: scrolling: redraw
efifb: Truecolor: size=3D8:8:8:8, shift=3D24:16:8:0
Console: switching to colour frame buffer device 240x67
fb0: EFI VGA frame buffer device
ACPI: AC: AC Adapter [AC] (on-line)
input: Power Button as /devices/LNXSYSTM:00/LNXSYBUS:00/PNP0C0C:00/input/=
input0
ACPI: button: Power Button [PWRB]
input: Lid Switch as /devices/LNXSYSTM:00/LNXSYBUS:00/PNP0C0D:00/input/in=
put1
ACPI: button: Lid Switch [LID]
input: Sleep Button as /devices/LNXSYSTM:00/LNXSYBUS:00/PNP0C0E:00/input/=
input2
ACPI: button: Sleep Button [SLPB]
input: Power Button as /devices/LNXSYSTM:00/LNXPWRBN:00/input/input3
ACPI: button: Power Button [PWRF]
Estimated ratio of average max frequency by base frequency (times 1024): =
1416
Monitor-Mwait will be used to enter C-1 state
ACPI: \_SB_.PLTF.C000: Found 3 idle states
ACPI: \_SB_.PLTF.C001: Found 3 idle states
ACPI: \_SB_.PLTF.C002: Found 3 idle states
ACPI: \_SB_.PLTF.C003: Found 3 idle states
ACPI: \_SB_.PLTF.C004: Found 3 idle states
ACPI: \_SB_.PLTF.C005: Found 3 idle states
ACPI: \_SB_.PLTF.C006: Found 3 idle states
ACPI: \_SB_.PLTF.C007: Found 3 idle states
ACPI: \_SB_.PLTF.C008: Found 3 idle states
ACPI: \_SB_.PLTF.C009: Found 3 idle states
ACPI: \_SB_.PLTF.C00A: Found 3 idle states
ACPI: \_SB_.PLTF.C00B: Found 3 idle states
ACPI: \_SB_.PLTF.C00C: Found 3 idle states
ACPI: \_SB_.PLTF.C00D: Found 3 idle states
ACPI: \_SB_.PLTF.C00E: Found 3 idle states
ACPI: \_SB_.PLTF.C00F: Found 3 idle states
ACPI: thermal: [Firmware Bug]: Invalid critical threshold (0)
ACPI: thermal: [Firmware Bug]: No valid trip found
thermal LNXTHERM:01: registered as thermal_zone0
ACPI: thermal: Thermal Zone [TZ01] (20 C)
Serial: 8250/16550 driver, 32 ports, IRQ sharing enabled
ACPI: battery: Slot [BAT0] (battery present)
Non-volatile memory driver v1.3
tpm_tis STM0151:00: 2.0 TPM (device-id 0x0, rev-id 78)
loop: module loaded
nvme 0000:03:00.0: platform quirk: setting simple suspend
usbcore: registered new interface driver usbserial_generic
nvme nvme0: pci function 0000:03:00.0
usbserial: USB Serial support registered for generic
i8042: PNP: PS/2 Controller [PNP0303:KBD,PNP0f13:MOU] at 0x60,0x64 irq 1,=
12
i8042: Warning: Keylock active
serio: i8042 KBD port at 0x60,0x64 irq 1
serio: i8042 AUX port at 0x60,0x64 irq 12
mousedev: PS/2 mouse device common for all mice
rtc_cmos 00:01: RTC can wake from S4
rtc_cmos 00:01: registered as rtc0
rtc_cmos 00:01: setting system clock to 2023-09-15T15:05:01 UTC (16947903=
01)
rtc_cmos 00:01: alarms up to one month, y3k, 114 bytes nvram, hpet irqs
input: AT Translated Set 2 keyboard as /devices/platform/i8042/serio0/inp=
ut/input4
device-mapper: core: CONFIG_IMA_DISABLE_HTABLE is disabled. Duplicate IMA=
 measurements will not be recorded in the IMA log.
device-mapper: uevent: version 1.0.3
device-mapper: ioctl: 4.48.0-ioctl (2023-03-01) initialised: dm-devel@red=
hat.com
hid: raw HID events driver (C) Jiri Kosina
usbcore: registered new interface driver usbhid
usbhid: USB HID core driver
Initializing XFRM netlink socket
NET: Registered PF_INET6 protocol family
Segment Routing with IPv6
RPL Segment Routing with IPv6
In-situ OAM (IOAM) with IPv6
mip6: Mobile IPv6
NET: Registered PF_PACKET protocol family
microcode: CPU0: patch_level=3D0x0a404102
microcode: CPU6: patch_level=3D0x0a404102
microcode: CPU7: patch_level=3D0x0a404102
microcode: CPU10: patch_level=3D0x0a404102
microcode: CPU11: patch_level=3D0x0a404102
microcode: CPU8: patch_level=3D0x0a404102
microcode: CPU9: patch_level=3D0x0a404102
microcode: CPU13: patch_level=3D0x0a404102
microcode: CPU2: patch_level=3D0x0a404102
microcode: CPU14: patch_level=3D0x0a404102
microcode: CPU1: patch_level=3D0x0a404102
microcode: CPU4: patch_level=3D0x0a404102
microcode: CPU3: patch_level=3D0x0a404102
microcode: CPU15: patch_level=3D0x0a404102
microcode: CPU5: patch_level=3D0x0a404102
microcode: CPU12: patch_level=3D0x0a404102
microcode: Microcode Update Driver: v2.2.
resctrl: L3 allocation detected
resctrl: MB allocation detected
resctrl: L3 monitoring detected
IPI shorthand broadcast: enabled
AVX2 version of gcm_enc/dec engaged.
AES CTR mode by8 optimization enabled
registered taskstats version 1
Loading compiled-in X.509 certificates
Key type .fscrypt registered
Key type fscrypt-provisioning registered
Key type big_key registered
Key type encrypted registered
ima: Allocated hash algorithm: sha256
ima: No architecture policies found
evm: Initialising EVM extended attributes:
evm: security.selinux (disabled)
evm: security.SMACK64 (disabled)
evm: security.SMACK64EXEC (disabled)
evm: security.SMACK64TRANSMUTE (disabled)
evm: security.SMACK64MMAP (disabled)
evm: security.apparmor (disabled)
evm: security.ima
evm: security.capability
evm: HMAC attrs: 0x1
RAS: Correctable Errors collector initialized.
clk: Disabling unused clocks
nvme nvme0: 16/0/0 default/read/poll queues
nvme nvme0: Ignoring bogus Namespace Identifiers
 nvme0n1: p1 p2 p3 p4 p5
psmouse serio1: trackpoint: Elan TrackPoint firmware: 0x00, buttons: 3/3
input: TPPS/2 Elan TrackPoint as /devices/platform/i8042/serio1/input/inp=
ut6
EXT4-fs (nvme0n1p4): mounted filesystem 9a0e55b4-4970-4a97-b563-74319b834=
566 ro with ordered data mode. Quota mode: disabled.
VFS: Mounted root (ext4 filesystem) readonly on device 259:4.
devtmpfs: mounted
Freeing unused decrypted memory: 2036K
Freeing unused kernel image (initmem) memory: 1972K
Write protecting the kernel read-only data: 16384k
Freeing unused kernel image (rodata/data gap) memory: 1412K
x86/mm: Checked W+X mappings: passed, no W+X pages found.
Run /sbin/init as init process
  with arguments:
    /sbin/init
  with environment:
    HOME=3D/
    TERM=3Dlinux
    BOOT_IMAGE=3D/vmlinuz-6.5.3
acpi-tad ACPI000E:00: Missing _PRW
piix4_smbus 0000:00:14.0: SMBus Host Controller at 0xb00, revision 0
piix4_smbus 0000:00:14.0: Using register 0x02 for SMBus port selection
ACPI: bus type drm_connector registered
piix4_smbus 0000:00:14.0: Auxiliary SMBus Host Controller at 0xb20
r8169 0000:01:00.0: enabling device (0000 -> 0003)
r8169 0000:01:00.0: can't disable ASPM; OS doesn't have ASPM control
ccp 0000:04:00.2: enabling device (0000 -> 0002)
ACPI: video: Video Device [VGA] (multi-head: yes  rom: no  post: no)
input: Video Bus as /devices/LNXSYSTM:00/LNXSYBUS:00/PNP0A08:00/device:0f=
/LNXVIDEO:00/input/input7
RAPL PMU: API unit is 2^-32 Joules, 1 fixed counters, 163840 ms ovfl time=
r
RAPL PMU: hw unit of domain package 2^-16 Joules
ccp 0000:04:00.2: tee enabled
ccp 0000:04:00.2: psp enabled
r8169 0000:01:00.0 eth0: RTL8168ep/8111ep, 9c:2d:cd:dc:6f:e5, XID 502, IR=
Q 61
r8169 0000:01:00.0 eth0: jumbo features [frames: 9194 bytes, tx checksumm=
ing: ko]
sp5100_tco: SP5100/SB800 TCO WatchDog Timer Driver
sp5100-tco sp5100-tco: Using 0xfeb00000 for watchdog MMIO address
xhci_hcd 0000:04:00.3: xHCI Host Controller
xhci_hcd 0000:04:00.3: new USB bus registered, assigned bus number 1
xhci_hcd 0000:04:00.3: hcc params 0x0120ffc5 hci version 0x120 quirks 0x0=
000000200000410
xhci_hcd 0000:04:00.3: xHCI Host Controller
xhci_hcd 0000:04:00.3: new USB bus registered, assigned bus number 2
xhci_hcd 0000:04:00.3: Host supports USB 3.1 Enhanced SuperSpeed
usb usb1: New USB device found, idVendor=3D1d6b, idProduct=3D0002, bcdDev=
ice=3D 6.05
usb usb1: New USB device strings: Mfr=3D3, Product=3D2, SerialNumber=3D1
usb usb1: Product: xHCI Host Controller
usb usb1: Manufacturer: Linux 6.5.3 xhci-hcd
usb usb1: SerialNumber: 0000:04:00.3
sp5100-tco sp5100-tco: initialized. heartbeat=3D60 sec (nowayout=3D0)
cfg80211: Loading compiled-in X.509 certificates for regulatory database
Loaded X.509 cert 'sforshee: 00b28ddf47aef9cea7'
hub 1-0:1.0: USB hub found
hub 1-0:1.0: 4 ports detected
usb usb2: We don't know the algorithms for LPM for this host, disabling L=
PM.
usb usb2: New USB device found, idVendor=3D1d6b, idProduct=3D0003, bcdDev=
ice=3D 6.05
usb usb2: New USB device strings: Mfr=3D3, Product=3D2, SerialNumber=3D1
usb usb2: Product: xHCI Host Controller
usb usb2: Manufacturer: Linux 6.5.3 xhci-hcd
usb usb2: SerialNumber: 0000:04:00.3
hub 2-0:1.0: USB hub found
hub 2-0:1.0: 2 ports detected
xhci_hcd 0000:04:00.4: xHCI Host Controller
xhci_hcd 0000:04:00.4: new USB bus registered, assigned bus number 3
xhci_hcd 0000:04:00.4: hcc params 0x0120ffc5 hci version 0x120 quirks 0x0=
000000200000410
xhci_hcd 0000:04:00.4: xHCI Host Controller
xhci_hcd 0000:04:00.4: new USB bus registered, assigned bus number 4
xhci_hcd 0000:04:00.4: Host supports USB 3.1 Enhanced SuperSpeed
usb usb3: New USB device found, idVendor=3D1d6b, idProduct=3D0002, bcdDev=
ice=3D 6.05
usb usb3: New USB device strings: Mfr=3D3, Product=3D2, SerialNumber=3D1
usb usb3: Product: xHCI Host Controller
usb usb3: Manufacturer: Linux 6.5.3 xhci-hcd
usb usb3: SerialNumber: 0000:04:00.4
hub 3-0:1.0: USB hub found
hub 3-0:1.0: 3 ports detected
usb usb4: We don't know the algorithms for LPM for this host, disabling L=
PM.
usb usb4: New USB device found, idVendor=3D1d6b, idProduct=3D0003, bcdDev=
ice=3D 6.05
usb usb4: New USB device strings: Mfr=3D3, Product=3D2, SerialNumber=3D1
usb usb4: Product: xHCI Host Controller
usb usb4: Manufacturer: Linux 6.5.3 xhci-hcd
usb usb4: SerialNumber: 0000:04:00.4
hub 4-0:1.0: USB hub found
hub 4-0:1.0: 2 ports detected
xhci_hcd 0000:05:00.0: xHCI Host Controller
xhci_hcd 0000:05:00.0: new USB bus registered, assigned bus number 5
r8169 0000:01:00.0 enp1s0f0: renamed from eth0
xhci_hcd 0000:05:00.0: USB3 root hub has no ports
xhci_hcd 0000:05:00.0: hcc params 0x0110ffc5 hci version 0x120 quirks 0x0=
000000200000410
xhci_hcd 0000:05:00.0: xHCI Host Controller
xhci_hcd 0000:05:00.0: new USB bus registered, assigned bus number 6
xhci_hcd 0000:05:00.0: Host supports USB 3.0 SuperSpeed
usb usb5: New USB device found, idVendor=3D1d6b, idProduct=3D0002, bcdDev=
ice=3D 6.05
usb usb5: New USB device strings: Mfr=3D3, Product=3D2, SerialNumber=3D1
usb usb5: Product: xHCI Host Controller
usb usb5: Manufacturer: Linux 6.5.3 xhci-hcd
usb usb5: SerialNumber: 0000:05:00.0
hub 5-0:1.0: USB hub found
hub 5-0:1.0: 1 port detected
usb usb6: We don't know the algorithms for LPM for this host, disabling L=
PM.
usb usb6: New USB device found, idVendor=3D1d6b, idProduct=3D0003, bcdDev=
ice=3D 6.05
usb usb6: New USB device strings: Mfr=3D3, Product=3D2, SerialNumber=3D1
usb usb6: Product: xHCI Host Controller
usb usb6: Manufacturer: Linux 6.5.3 xhci-hcd
usb usb6: SerialNumber: 0000:05:00.0
hub 6-0:1.0: USB hub found
hub 6-0:1.0: config failed, hub doesn't have any ports! (err -19)
xhci_hcd 0000:05:00.3: xHCI Host Controller
xhci_hcd 0000:05:00.3: new USB bus registered, assigned bus number 7
xhci_hcd 0000:05:00.3: hcc params 0x0110ffc5 hci version 0x120 quirks 0x0=
000000200000410
xhci_hcd 0000:05:00.3: xHCI Host Controller
xhci_hcd 0000:05:00.3: new USB bus registered, assigned bus number 8
xhci_hcd 0000:05:00.3: Host supports USB 3.1 Enhanced SuperSpeed
usb usb7: New USB device found, idVendor=3D1d6b, idProduct=3D0002, bcdDev=
ice=3D 6.05
usb usb7: New USB device strings: Mfr=3D3, Product=3D2, SerialNumber=3D1
usb usb7: Product: xHCI Host Controller
usb usb7: Manufacturer: Linux 6.5.3 xhci-hcd
usb usb7: SerialNumber: 0000:05:00.3
hub 7-0:1.0: USB hub found
hub 7-0:1.0: 1 port detected
usb usb8: We don't know the algorithms for LPM for this host, disabling L=
PM.
usb usb8: New USB device found, idVendor=3D1d6b, idProduct=3D0003, bcdDev=
ice=3D 6.05
usb usb8: New USB device strings: Mfr=3D3, Product=3D2, SerialNumber=3D1
usb usb8: Product: xHCI Host Controller
usb usb8: Manufacturer: Linux 6.5.3 xhci-hcd
usb usb8: SerialNumber: 0000:05:00.3
hub 8-0:1.0: USB hub found
hub 8-0:1.0: 1 port detected
xhci_hcd 0000:05:00.4: xHCI Host Controller
xhci_hcd 0000:05:00.4: new USB bus registered, assigned bus number 9
xhci_hcd 0000:05:00.4: hcc params 0x0110ffc5 hci version 0x120 quirks 0x0=
000000200000410
xhci_hcd 0000:05:00.4: xHCI Host Controller
xhci_hcd 0000:05:00.4: new USB bus registered, assigned bus number 10
xhci_hcd 0000:05:00.4: Host supports USB 3.1 Enhanced SuperSpeed
usb usb9: New USB device found, idVendor=3D1d6b, idProduct=3D0002, bcdDev=
ice=3D 6.05
usb usb9: New USB device strings: Mfr=3D3, Product=3D2, SerialNumber=3D1
usb usb9: Product: xHCI Host Controller
usb usb9: Manufacturer: Linux 6.5.3 xhci-hcd
usb usb9: SerialNumber: 0000:05:00.4
input: SYNA8018:00 06CB:CE67 Mouse as /devices/platform/AMDI0010:01/i2c-1=
/i2c-SYNA8018:00/0018:06CB:CE67.0001/input/input8
input: SYNA8018:00 06CB:CE67 Touchpad as /devices/platform/AMDI0010:01/i2=
c-1/i2c-SYNA8018:00/0018:06CB:CE67.0001/input/input9
hid-generic 0018:06CB:CE67.0001: input,hidraw0: I2C HID v1.00 Mouse [SYNA=
8018:00 06CB:CE67] on i2c-SYNA8018:00
hub 9-0:1.0: USB hub found
thinkpad_acpi: ThinkPad ACPI Extras v0.26
thinkpad_acpi: http://ibm-acpi.sf.net/
thinkpad_acpi: ThinkPad BIOS R23ET60W (1.30 ), EC R23HT57W
thinkpad_acpi: Lenovo ThinkPad P14s Gen 3, model 21J5002FGE
hub 9-0:1.0: 1 port detected
usb usb10: We don't know the algorithms for LPM for this host, disabling =
LPM.
usb usb10: New USB device found, idVendor=3D1d6b, idProduct=3D0003, bcdDe=
vice=3D 6.05
usb usb10: New USB device strings: Mfr=3D3, Product=3D2, SerialNumber=3D1=

usb usb10: Product: xHCI Host Controller
usb usb10: Manufacturer: Linux 6.5.3 xhci-hcd
usb usb10: SerialNumber: 0000:05:00.4
kvm_amd: TSC scaling supported
kvm_amd: Nested Virtualization enabled
kvm_amd: Nested Paging enabled
kvm_amd: Virtual VMLOAD VMSAVE supported
kvm_amd: Virtual GIF supported
kvm_amd: LBR virtualization supported
hub 10-0:1.0: USB hub found
hub 10-0:1.0: 1 port detected
AMD-Vi: AMD IOMMUv2 loaded and initialized
Linux agpgart interface v0.103
thinkpad_acpi: radio switch found; radios are enabled
thinkpad_acpi: This ThinkPad has standard ACPI backlight brightness contr=
ol, supported by the ACPI video driver
thinkpad_acpi: Disabling thinkpad-acpi brightness events by default...
MCE: In-kernel MCE decoding enabled.
snd_hda_intel 0000:04:00.1: enabling device (0000 -> 0002)
snd_hda_intel 0000:04:00.6: enabling device (0000 -> 0002)
intel_rapl_common: Found RAPL domain package
intel_rapl_common: Found RAPL domain core
input: HD-Audio Generic HDMI/DP,pcm=3D3 as /devices/pci0000:00/0000:00:08=
=2E1/0000:04:00.1/sound/card0/input12
thinkpad_acpi: rfkill switch tpacpi_bluetooth_sw: radio is unblocked
snd_hda_codec_realtek hdaudioC1D0: autoconfig for ALC257: line_outs=3D1 (=
0x14/0x0/0x0/0x0/0x0) type:speaker
snd_hda_codec_realtek hdaudioC1D0:    speaker_outs=3D0 (0x0/0x0/0x0/0x0/0=
x0)
snd_hda_codec_realtek hdaudioC1D0:    hp_outs=3D1 (0x21/0x0/0x0/0x0/0x0)
snd_hda_codec_realtek hdaudioC1D0:    mono: mono_out=3D0x0
snd_hda_codec_realtek hdaudioC1D0:    inputs:
snd_hda_codec_realtek hdaudioC1D0:      Mic=3D0x19
ath11k_pci 0000:02:00.0: BAR 0: assigned [mem 0x80000000-0x801fffff 64bit=
]
ath11k_pci 0000:02:00.0: enabling device (0000 -> 0002)
ath11k_pci 0000:02:00.0: MSI vectors: 32
ath11k_pci 0000:02:00.0: wcn6855 hw2.1
NET: Registered PF_QIPCRTR protocol family
thinkpad_acpi: Standard ACPI backlight interface available, not loading n=
ative one
input: HD-Audio Generic Mic as /devices/pci0000:00/0000:00:08.1/0000:04:0=
0.6/sound/card1/input15
thinkpad_acpi: battery 1 registered (start 65, stop 100, behaviours: 0x7)=

ACPI: battery: new extension: ThinkPad Battery Extension
[drm] amdgpu kernel modesetting enabled.
input: ThinkPad Extra Buttons as /devices/platform/thinkpad_acpi/input/in=
put11
mhi mhi0: Requested to power ON
mhi mhi0: Power on setup success
input: HD-Audio Generic HDMI/DP,pcm=3D7 as /devices/pci0000:00/0000:00:08=
=2E1/0000:04:00.1/sound/card0/input13
input: HD-Audio Generic HDMI/DP,pcm=3D8 as /devices/pci0000:00/0000:00:08=
=2E1/0000:04:00.1/sound/card0/input14
input: HD-Audio Generic Headphone as /devices/pci0000:00/0000:00:08.1/000=
0:04:00.6/sound/card1/input16
usb 3-2: new full-speed USB device number 2 using xhci_hcd
usb 1-3: new high-speed USB device number 2 using xhci_hcd
usb 5-1: new high-speed USB device number 2 using xhci_hcd
usb 9-1: new high-speed USB device number 2 using xhci_hcd
input: SYNA8018:00 06CB:CE67 Mouse as /devices/platform/AMDI0010:01/i2c-1=
/i2c-SYNA8018:00/0018:06CB:CE67.0001/input/input17
input: SYNA8018:00 06CB:CE67 Touchpad as /devices/platform/AMDI0010:01/i2=
c-1/i2c-SYNA8018:00/0018:06CB:CE67.0001/input/input18
hid-multitouch 0018:06CB:CE67.0001: input,hidraw0: I2C HID v1.00 Mouse [S=
YNA8018:00 06CB:CE67] on i2c-SYNA8018:00
amdgpu: CRAT table disabled by module option
amdgpu: Virtual CRAT table created for CPU
amdgpu: Topology: Add CPU node
amdgpu 0000:04:00.0: enabling device (0006 -> 0007)
[drm] initializing kernel modesetting (YELLOW_CARP 0x1002:0x1681 0x17AA:0=
x50B7 0xD1).
[drm] register mmio base: 0x80800000
[drm] register mmio size: 524288
alsactl[997]: memfd_create() called without MFD_EXEC or MFD_NOEXEC_SEAL s=
et
[drm] add ip block number 0 <nv_common>
[drm] add ip block number 1 <gmc_v10_0>
[drm] add ip block number 2 <navi10_ih>
[drm] add ip block number 3 <psp>
[drm] add ip block number 4 <smu>
[drm] add ip block number 5 <dm>
[drm] add ip block number 6 <gfx_v10_0>
[drm] add ip block number 7 <sdma_v5_2>
[drm] add ip block number 8 <vcn_v3_0>
[drm] add ip block number 9 <jpeg_v3_0>
amdgpu 0000:04:00.0: amdgpu: Fetched VBIOS from VFCT
amdgpu: ATOM BIOS: 113-REMBRANDT-X37
[drm] VCN(0) decode is enabled in VM mode
[drm] VCN(0) encode is enabled in VM mode
[drm] JPEG decode is enabled in VM mode
Console: switching to colour dummy device 80x25
amdgpu 0000:04:00.0: vgaarb: deactivate vga console
amdgpu 0000:04:00.0: amdgpu: Trusted Memory Zone (TMZ) feature disabled a=
s experimental (default)
[drm] vm size is 262144 GB, 4 levels, block size is 9-bit, fragment size =
is 9-bit
amdgpu 0000:04:00.0: amdgpu: VRAM: 1024M 0x000000F400000000 - 0x000000F43=
FFFFFFF (1024M used)
amdgpu 0000:04:00.0: amdgpu: GART: 1024M 0x0000000000000000 - 0x000000003=
FFFFFFF
amdgpu 0000:04:00.0: amdgpu: AGP: 267419648M 0x000000F800000000 - 0x0000F=
FFFFFFFFFFF
[drm] Detected VRAM RAM=3D1024M, BAR=3D1024M
[drm] RAM width 128bits LPDDR5
[drm] amdgpu: 1024M of VRAM memory ready
[drm] amdgpu: 15433M of GTT memory ready.
[drm] GART: num cpu pages 262144, num gpu pages 262144
[drm] PCIE GART of 1024M enabled (table at 0x000000F43FC00000).
[drm] Loading DMUB firmware via PSP: version=3D0x0400003E
[drm] use_doorbell being set to: [true]
[drm] Found VCN firmware Version ENC: 1.27 DEC: 2 VEP: 0 Revision: 0
amdgpu 0000:04:00.0: amdgpu: Will use PSP to load VCN firmware
[drm] reserve 0xa00000 from 0xf43e000000 for PSP TMR
usb 1-3: New USB device found, idVendor=3D05e3, idProduct=3D0610, bcdDevi=
ce=3D61.60
usb 1-3: New USB device strings: Mfr=3D0, Product=3D1, SerialNumber=3D0
usb 1-3: Product: USB2.0 Hub
usb 5-1: New USB device found, idVendor=3D04f2, idProduct=3Db74f, bcdDevi=
ce=3D56.20
usb 5-1: New USB device strings: Mfr=3D3, Product=3D1, SerialNumber=3D2
usb 5-1: Product: Integrated Camera
usb 5-1: Manufacturer: Chicony Electronics Co.,Ltd.
usb 5-1: SerialNumber: 0001
usb 3-2: New USB device found, idVendor=3D046d, idProduct=3Dc52b, bcdDevi=
ce=3D12.10
usb 3-2: New USB device strings: Mfr=3D1, Product=3D2, SerialNumber=3D0
usb 3-2: Product: USB Receiver
usb 3-2: Manufacturer: Logitech
mc: Linux media interface: v0.10
videodev: Linux video capture interface: v2.00
usb 9-1: New USB device found, idVendor=3D17ef, idProduct=3D30af, bcdDevi=
ce=3D60.90
usb 9-1: New USB device strings: Mfr=3D10, Product=3D11, SerialNumber=3D0=

usb 9-1: Product: USB2.0 Hub
usb 9-1: Manufacturer: Lenovo
usb 5-1: Found UVC 1.10 device Integrated Camera (04f2:b74f)
hub 1-3:1.0: USB hub found
hub 1-3:1.0: 3 ports detected
usb 5-1: Found UVC 1.50 device Integrated Camera (04f2:b74f)
input: Logitech USB Receiver as /devices/pci0000:00/0000:00:08.1/0000:04:=
00.4/usb3/3-2/3-2:1.0/0003:046D:C52B.0002/input/input20
usbcore: registered new interface driver uvcvideo
hub 9-1:1.0: USB hub found
hub 9-1:1.0: 3 ports detected
hid-generic 0003:046D:C52B.0002: input,hidraw1: USB HID v1.11 Keyboard [L=
ogitech USB Receiver] on usb-0000:04:00.4-2/input0
input: Logitech USB Receiver Mouse as /devices/pci0000:00/0000:00:08.1/00=
00:04:00.4/usb3/3-2/3-2:1.1/0003:046D:C52B.0003/input/input21
input: Logitech USB Receiver Consumer Control as /devices/pci0000:00/0000=
:00:08.1/0000:04:00.4/usb3/3-2/3-2:1.1/0003:046D:C52B.0003/input/input22
amdgpu 0000:04:00.0: amdgpu: RAS: optional ras ta ucode is not available
amdgpu 0000:04:00.0: amdgpu: RAP: optional rap ta ucode is not available
amdgpu 0000:04:00.0: amdgpu: SECUREDISPLAY: securedisplay ta ucode is not=
 available
amdgpu 0000:04:00.0: amdgpu: SMU is initialized successfully!
[drm] Display Core v3.2.241 initialized on DCN 3.1
[drm] DP-HDMI FRL PCON supported
[drm] DMUB hardware initialized: version=3D0x0400003E
usb 10-1: new SuperSpeed Plus Gen 2x1 USB device number 2 using xhci_hcd
snd_hda_intel 0000:04:00.1: bound 0000:04:00.0 (ops amdgpu_dm_audio_compo=
nent_bind_ops [amdgpu])
input: Logitech USB Receiver System Control as /devices/pci0000:00/0000:0=
0:08.1/0000:04:00.4/usb3/3-2/3-2:1.1/0003:046D:C52B.0003/input/input23
hid-generic 0003:046D:C52B.0003: input,hiddev96,hidraw2: USB HID v1.11 Mo=
use [Logitech USB Receiver] on usb-0000:04:00.4-2/input1
hid-generic 0003:046D:C52B.0004: hiddev97,hidraw3: USB HID v1.11 Device [=
Logitech USB Receiver] on usb-0000:04:00.4-2/input2
mhi mhi0: Wait for device to enter SBL or Mission mode
usb 10-1: New USB device found, idVendor=3D17ef, idProduct=3D30ab, bcdDev=
ice=3D51.34
usb 10-1: New USB device strings: Mfr=3D1, Product=3D2, SerialNumber=3D3
usb 10-1: Product: USB3.1 Hub            =20
usb 10-1: Manufacturer: VIA Labs, Inc.        =20
usb 10-1: SerialNumber: 000000001
hub 10-1:1.0: USB hub found
hub 10-1:1.0: 4 ports detected
[drm] PSR support 1, DC PSR ver 0, sink PSR ver 3 DPCD caps 0x19 su_y_gra=
nularity 4
usb 3-3: new full-speed USB device number 3 using xhci_hcd
[drm] DM_MST: Differing MST start on aconnector: 0000000098159945 [id: 10=
2]
[drm] kiq ring mec 2 pipe 1 q 0
[drm] VCN decode and encode initialized successfully(under DPG Mode).
[drm] JPEG decode initialized successfully.
kfd kfd: amdgpu: Allocated 3969056 bytes on gart
kfd kfd: amdgpu: Total number of KFD nodes to be created: 1
amdgpu: Virtual CRAT table created for GPU
amdgpu: Topology: Add dGPU node [0x1681:0x1002]
kfd kfd: amdgpu: added device 1002:1681
amdgpu 0000:04:00.0: amdgpu: SE 1, SH per SE 2, CU per SH 6, active_cu_nu=
mber 12
amdgpu 0000:04:00.0: amdgpu: ring gfx_0.0.0 uses VM inv eng 0 on hub 0
amdgpu 0000:04:00.0: amdgpu: ring comp_1.0.0 uses VM inv eng 1 on hub 0
amdgpu 0000:04:00.0: amdgpu: ring comp_1.1.0 uses VM inv eng 4 on hub 0
amdgpu 0000:04:00.0: amdgpu: ring comp_1.2.0 uses VM inv eng 5 on hub 0
amdgpu 0000:04:00.0: amdgpu: ring comp_1.3.0 uses VM inv eng 6 on hub 0
amdgpu 0000:04:00.0: amdgpu: ring comp_1.0.1 uses VM inv eng 7 on hub 0
amdgpu 0000:04:00.0: amdgpu: ring comp_1.1.1 uses VM inv eng 8 on hub 0
amdgpu 0000:04:00.0: amdgpu: ring comp_1.2.1 uses VM inv eng 9 on hub 0
amdgpu 0000:04:00.0: amdgpu: ring comp_1.3.1 uses VM inv eng 10 on hub 0
amdgpu 0000:04:00.0: amdgpu: ring kiq_0.2.1.0 uses VM inv eng 11 on hub 0=

amdgpu 0000:04:00.0: amdgpu: ring sdma0 uses VM inv eng 12 on hub 0
amdgpu 0000:04:00.0: amdgpu: ring vcn_dec_0 uses VM inv eng 0 on hub 8
amdgpu 0000:04:00.0: amdgpu: ring vcn_enc_0.0 uses VM inv eng 1 on hub 8
amdgpu 0000:04:00.0: amdgpu: ring vcn_enc_0.1 uses VM inv eng 4 on hub 8
amdgpu 0000:04:00.0: amdgpu: ring jpeg_dec uses VM inv eng 5 on hub 8
[drm] Initialized amdgpu 3.54.0 20150101 for 0000:04:00.0 on minor 0
fbcon: amdgpudrmfb (fb0) is primary device
[drm] DSC precompute is not needed.
usb 9-1.1: new high-speed USB device number 3 using xhci_hcd
usb 1-3.1: new full-speed USB device number 3 using xhci_hcd
Key type trusted registered
usb 3-3: New USB device found, idVendor=3D06cb, idProduct=3D00f9, bcdDevi=
ce=3D 0.00
usb 3-3: New USB device strings: Mfr=3D0, Product=3D0, SerialNumber=3D1
usb 3-3: SerialNumber: 1a00e33a7846
usb 9-1.1: New USB device found, idVendor=3D17ef, idProduct=3D30ac, bcdDe=
vice=3D51.34
usb 9-1.1: New USB device strings: Mfr=3D1, Product=3D2, SerialNumber=3D3=

usb 9-1.1: Product: USB2.0 Hub            =20
usb 9-1.1: Manufacturer: VIA Labs, Inc.        =20
usb 9-1.1: SerialNumber: 000000001
------------[ cut here ]------------
WARNING: CPU: 14 PID: 125 at drivers/gpu/drm/drm_mode_object.c:45 drm_mod=
e_object_add+0x80/0x90 [drm]
Modules linked in: hid_logitech_dj(+) dm_crypt trusted asn1_encoder uvcvi=
deo videobuf2_vmalloc videobuf2_memops uvc videobuf2_v4l2 videodev videob=
uf2_common mc amdgpu(+) qrtr snd_ctl_led ath11k_pci(+) mhi snd_hda_codec_=
realtek snd_hda_codec_generic ath11k qmi_helpers snd_hda_codec_hdmi intel=
_rapl_msr intel_rapl_common drm_ttm_helper snd_hda_intel edac_mce_amd ttm=
 snd_intel_dspcfg agpgart amdxcp snd_hda_codec mac80211 iommu_v2 hid_mult=
itouch gpu_sched snd_hwdep think_lmi(+) kvm_amd i2c_algo_bit thinkpad_acp=
i snd_hda_core snd_pci_acp5x drm_buddy hid_generic libarc4 firmware_attri=
butes_class wmi_bmof snd_pcm drm_suballoc_helper snd_rn_pci_acp3x ledtrig=
_audio snd_timer kvm snd_acp_config drm_display_helper platform_profile c=
fg80211 irqbypass sp5100_tco xhci_pci ucsi_acpi snd_soc_acpi drm_kms_help=
er snd xhci_pci_renesas typec_ucsi crct10dif_pclmul crc32_pclmul crc32c_i=
ntel ghash_clmulni_intel rapl serio_raw video roles cec ccp xhci_hcd snd_=
pci_acp3x soundcore rfkill r8169 k10temp i2c_piix4 typec drm
 i2c_hid_acpi wmi i2c_hid amd_pmc acpi_tad
CPU: 14 PID: 125 Comm: kworker/14:1 Tainted: G                T  6.5.3 #1=

Hardware name: LENOVO 21J5002FGE/21J5002FGE, BIOS R23ET60W (1.30 ) 09/14/=
2022
Workqueue: events_long drm_dp_mst_link_probe_work [drm_display_helper]
RIP: 0010:drm_mode_object_add+0x80/0x90 [drm]
Code: 89 ef e8 d3 a5 6d d0 31 c0 85 db 0f 4e c3 5b 5d 41 5c 41 5d 31 d2 3=
1 c9 31 f6 31 ff 45 31 c0 e9 66 fe 6d d0 80 7f 58 00 74 9d <0f> 0b eb 99 =
66 66 2e 0f 1f 84 00 00 00 00 00 90 66 0f 1f 00 41 54
RSP: 0018:ffffb4a8407cf9d0 EFLAGS: 00010202
RAX: ffffffffc118d8e0 RBX: ffff8e5e53300010 RCX: 0000000000000000
RDX: 00000000b0b0b0b0 RSI: ffff8e5e54e5bc10 RDI: ffff8e5e53300010
RBP: ffff8e5e54e5bc10 R08: 0000000000000000 R09: 0000000000000000
R10: 0000000000000dc0 R11: 0000000000000000 R12: 00000000b0b0b0b0
R13: 0000000000000005 R14: ffffffffc02ee996 R15: 0000000000000003
FS:  0000000000000000(0000) GS:ffff8e655f180000(0000) knlGS:0000000000000=
000
CS:  0010 DS: 0000 ES: 0000 CR0: 0000000080050033
CR2: 0000564626382000 CR3: 00000001063a0000 CR4: 0000000000750ee0
PKRU: 55555554
Call Trace:
 <TASK>
 ? __warn+0x6f/0xd0
 ? drm_mode_object_add+0x80/0x90 [drm]
 ? report_bug+0x148/0x190
 ? handle_bug+0x3c/0x70
 ? exc_invalid_op+0x17/0x80
 ? asm_exc_invalid_op+0x1a/0x20
 ? drm_mode_object_add+0x80/0x90 [drm]
 drm_property_create+0xbc/0x150 [drm]
 drm_property_create_enum+0x1d/0x80 [drm]
 drm_mode_create_colorspace_property+0xb1/0x100 [drm]
 ? srso_alias_return_thunk+0x5/0x7f
 ? kvasprintf+0x84/0xe0
 ? srso_alias_return_thunk+0x5/0x7f
 ? __kmem_cache_alloc_node+0x177/0x300
 ? amdgpu_dm_connector_funcs_reset+0x3b/0xb0 [amdgpu]
 ? srso_alias_return_thunk+0x5/0x7f
 ? srso_alias_return_thunk+0x5/0x7f
 ? amdgpu_dm_connector_funcs_reset+0x3b/0xb0 [amdgpu]
 amdgpu_dm_connector_init_helper+0x1f0/0x2f0 [amdgpu]
 dm_dp_add_mst_connector+0xb8/0x1a0 [amdgpu]
 drm_dp_mst_port_add_connector+0x1f3/0x2e0 [drm_display_helper]
 ? srso_alias_return_thunk+0x5/0x7f
 ? up+0x3f/0x50
 ? srso_alias_return_thunk+0x5/0x7f
 ? klist_next+0x154/0x160
 ? __process_new_driver+0x30/0x30
 ? srso_alias_return_thunk+0x5/0x7f
 ? bus_for_each_drv+0x9e/0xe0
 ? srso_alias_return_thunk+0x5/0x7f
 ? i2c_register_adapter+0x272/0x760
 ? srso_alias_return_thunk+0x5/0x7f
 ? drm_dp_port_set_pdt+0x187/0x360 [drm_display_helper]
 drm_dp_send_link_address+0x545/0xb00 [drm_display_helper]
 ? __queue_work+0x15f/0x3f0
 ? srso_alias_return_thunk+0x5/0x7f
 ? queue_work_on+0x29/0x30
 drm_dp_check_and_send_link_address+0x79/0xa0 [drm_display_helper]
 drm_dp_mst_link_probe_work+0x120/0x1a0 [drm_display_helper]
 process_one_work+0x20d/0x380
 worker_thread+0x4c/0x3d0
 ? srso_alias_return_thunk+0x5/0x7f
 ? process_one_work+0x380/0x380
 kthread+0xce/0x100
 ? kthread_complete_and_exit+0x20/0x20
 ret_from_fork+0x2f/0x50
 ? kthread_complete_and_exit+0x20/0x20
 ret_from_fork_asm+0x11/0x20
 </TASK>
---[ end trace 0000000000000000 ]---
------------[ cut here ]------------
WARNING: CPU: 14 PID: 125 at drivers/gpu/drm/drm_mode_object.c:45 drm_mod=
e_object_add+0x80/0x90 [drm]
Modules linked in: hid_logitech_dj(+) dm_crypt trusted asn1_encoder uvcvi=
deo videobuf2_vmalloc videobuf2_memops uvc videobuf2_v4l2 videodev videob=
uf2_common mc amdgpu(+) qrtr snd_ctl_led ath11k_pci(+) mhi snd_hda_codec_=
realtek snd_hda_codec_generic ath11k qmi_helpers snd_hda_codec_hdmi intel=
_rapl_msr intel_rapl_common drm_ttm_helper snd_hda_intel edac_mce_amd ttm=
 snd_intel_dspcfg agpgart amdxcp snd_hda_codec mac80211 iommu_v2 hid_mult=
itouch gpu_sched snd_hwdep think_lmi(+) kvm_amd i2c_algo_bit thinkpad_acp=
i snd_hda_core snd_pci_acp5x drm_buddy hid_generic libarc4 firmware_attri=
butes_class wmi_bmof snd_pcm drm_suballoc_helper snd_rn_pci_acp3x ledtrig=
_audio snd_timer kvm snd_acp_config drm_display_helper platform_profile c=
fg80211 irqbypass sp5100_tco xhci_pci ucsi_acpi snd_soc_acpi drm_kms_help=
er snd xhci_pci_renesas typec_ucsi crct10dif_pclmul crc32_pclmul crc32c_i=
ntel ghash_clmulni_intel rapl serio_raw video roles cec ccp xhci_hcd snd_=
pci_acp3x soundcore rfkill r8169 k10temp i2c_piix4 typec drm
 i2c_hid_acpi wmi i2c_hid amd_pmc acpi_tad
CPU: 14 PID: 125 Comm: kworker/14:1 Tainted: G        W       T  6.5.3 #1=

Hardware name: LENOVO 21J5002FGE/21J5002FGE, BIOS R23ET60W (1.30 ) 09/14/=
2022
Workqueue: events_long drm_dp_mst_link_probe_work [drm_display_helper]
RIP: 0010:drm_mode_object_add+0x80/0x90 [drm]
Code: 89 ef e8 d3 a5 6d d0 31 c0 85 db 0f 4e c3 5b 5d 41 5c 41 5d 31 d2 3=
1 c9 31 f6 31 ff 45 31 c0 e9 66 fe 6d d0 80 7f 58 00 74 9d <0f> 0b eb 99 =
66 66 2e 0f 1f 84 00 00 00 00 00 90 66 0f 1f 00 41 54
RSP: 0018:ffffb4a8407cf9d0 EFLAGS: 00010202
RAX: ffffffffc118d8e0 RBX: ffff8e5e53300010 RCX: 0000000000000000
RDX: 00000000b0b0b0b0 RSI: ffff8e5e54e5bd10 RDI: ffff8e5e53300010
RBP: ffff8e5e54e5bd10 R08: 0000000000000000 R09: 0000000000000000
R10: 0000000000000dc0 R11: 0000000000000000 R12: 00000000b0b0b0b0
R13: 0000000000000005 R14: ffffffffc02ee996 R15: 0000000000000003
FS:  0000000000000000(0000) GS:ffff8e655f180000(0000) knlGS:0000000000000=
000
CS:  0010 DS: 0000 ES: 0000 CR0: 0000000080050033
CR2: 0000564626382000 CR3: 0000000791016000 CR4: 0000000000750ee0
PKRU: 55555554
Call Trace:
 <TASK>
 ? __warn+0x6f/0xd0
 ? drm_mode_object_add+0x80/0x90 [drm]
 ? report_bug+0x148/0x190
 ? handle_bug+0x3c/0x70
 ? exc_invalid_op+0x17/0x80
 ? asm_exc_invalid_op+0x1a/0x20
 ? drm_mode_object_add+0x80/0x90 [drm]
 drm_property_create+0xbc/0x150 [drm]
 drm_property_create_enum+0x1d/0x80 [drm]
 drm_mode_create_colorspace_property+0xb1/0x100 [drm]
 ? srso_alias_return_thunk+0x5/0x7f
 ? kvasprintf+0x84/0xe0
 ? srso_alias_return_thunk+0x5/0x7f
 ? __kmem_cache_alloc_node+0x177/0x300
 ? amdgpu_dm_connector_funcs_reset+0x3b/0xb0 [amdgpu]
 ? srso_alias_return_thunk+0x5/0x7f
 ? srso_alias_return_thunk+0x5/0x7f
 ? amdgpu_dm_connector_funcs_reset+0x3b/0xb0 [amdgpu]
 amdgpu_dm_connector_init_helper+0x1f0/0x2f0 [amdgpu]
 dm_dp_add_mst_connector+0xb8/0x1a0 [amdgpu]
 drm_dp_mst_port_add_connector+0x1f3/0x2e0 [drm_display_helper]
 ? srso_alias_return_thunk+0x5/0x7f
 ? up+0x3f/0x50
 ? srso_alias_return_thunk+0x5/0x7f
 ? klist_next+0x154/0x160
 ? srso_alias_return_thunk+0x5/0x7f
 ? __kmem_cache_alloc_node+0x177/0x300
 ? drm_dp_mst_add_port+0x2a/0x100 [drm_display_helper]
 drm_dp_send_link_address+0x545/0xb00 [drm_display_helper]
 ? __queue_work+0x15f/0x3f0
 ? srso_alias_return_thunk+0x5/0x7f
 ? queue_work_on+0x29/0x30
 drm_dp_check_and_send_link_address+0x79/0xa0 [drm_display_helper]
 drm_dp_mst_link_probe_work+0x120/0x1a0 [drm_display_helper]
 process_one_work+0x20d/0x380
 worker_thread+0x4c/0x3d0
 ? srso_alias_return_thunk+0x5/0x7f
 ? process_one_work+0x380/0x380
 kthread+0xce/0x100
 ? kthread_complete_and_exit+0x20/0x20
 ret_from_fork+0x2f/0x50
 ? kthread_complete_and_exit+0x20/0x20
 ret_from_fork_asm+0x11/0x20
 </TASK>
---[ end trace 0000000000000000 ]---
------------[ cut here ]------------
WARNING: CPU: 14 PID: 125 at drivers/gpu/drm/drm_mode_object.c:45 drm_mod=
e_object_add+0x80/0x90 [drm]
Modules linked in: hid_logitech_dj(+) dm_crypt trusted asn1_encoder uvcvi=
deo videobuf2_vmalloc videobuf2_memops uvc videobuf2_v4l2 videodev videob=
uf2_common mc amdgpu(+) qrtr snd_ctl_led ath11k_pci(+) mhi snd_hda_codec_=
realtek snd_hda_codec_generic ath11k qmi_helpers snd_hda_codec_hdmi intel=
_rapl_msr intel_rapl_common drm_ttm_helper snd_hda_intel edac_mce_amd ttm=
 snd_intel_dspcfg agpgart amdxcp snd_hda_codec mac80211 iommu_v2 hid_mult=
itouch gpu_sched snd_hwdep think_lmi(+) kvm_amd i2c_algo_bit thinkpad_acp=
i snd_hda_core snd_pci_acp5x drm_buddy hid_generic libarc4 firmware_attri=
butes_class wmi_bmof snd_pcm drm_suballoc_helper snd_rn_pci_acp3x ledtrig=
_audio snd_timer kvm snd_acp_config drm_display_helper platform_profile c=
fg80211 irqbypass sp5100_tco xhci_pci ucsi_acpi snd_soc_acpi drm_kms_help=
er snd xhci_pci_renesas typec_ucsi crct10dif_pclmul crc32_pclmul crc32c_i=
ntel ghash_clmulni_intel rapl serio_raw video roles cec ccp xhci_hcd snd_=
pci_acp3x soundcore rfkill r8169 k10temp i2c_piix4 typec drm
 i2c_hid_acpi wmi i2c_hid amd_pmc acpi_tad
CPU: 14 PID: 125 Comm: kworker/14:1 Tainted: G        W       T  6.5.3 #1=

Hardware name: LENOVO 21J5002FGE/21J5002FGE, BIOS R23ET60W (1.30 ) 09/14/=
2022
Workqueue: events_long drm_dp_mst_link_probe_work [drm_display_helper]
RIP: 0010:drm_mode_object_add+0x80/0x90 [drm]
Code: 89 ef e8 d3 a5 6d d0 31 c0 85 db 0f 4e c3 5b 5d 41 5c 41 5d 31 d2 3=
1 c9 31 f6 31 ff 45 31 c0 e9 66 fe 6d d0 80 7f 58 00 74 9d <0f> 0b eb 99 =
66 66 2e 0f 1f 84 00 00 00 00 00 90 66 0f 1f 00 41 54
RSP: 0018:ffffb4a8407cf9d0 EFLAGS: 00010202
RAX: ffffffffc118d8e0 RBX: ffff8e5e53300010 RCX: 0000000000000000
RDX: 00000000b0b0b0b0 RSI: ffff8e5e54e5be10 RDI: ffff8e5e53300010
RBP: ffff8e5e54e5be10 R08: 0000000000000000 R09: 0000000000000000
R10: 0000000000000dc0 R11: 0000000000000000 R12: 00000000b0b0b0b0
R13: 0000000000000005 R14: ffffffffc02ee996 R15: 0000000000000003
FS:  0000000000000000(0000) GS:ffff8e655f180000(0000) knlGS:0000000000000=
000
CS:  0010 DS: 0000 ES: 0000 CR0: 0000000080050033
CR2: 0000564626382000 CR3: 0000000791016000 CR4: 0000000000750ee0
PKRU: 55555554
Call Trace:
 <TASK>
 ? __warn+0x6f/0xd0
 ? drm_mode_object_add+0x80/0x90 [drm]
 ? report_bug+0x148/0x190
 ? handle_bug+0x3c/0x70
 ? exc_invalid_op+0x17/0x80
 ? asm_exc_invalid_op+0x1a/0x20
 ? drm_mode_object_add+0x80/0x90 [drm]
 drm_property_create+0xbc/0x150 [drm]
 drm_property_create_enum+0x1d/0x80 [drm]
 drm_mode_create_colorspace_property+0xb1/0x100 [drm]
 ? srso_alias_return_thunk+0x5/0x7f
 ? kvasprintf+0x84/0xe0
 ? srso_alias_return_thunk+0x5/0x7f
 ? __kmem_cache_alloc_node+0x177/0x300
 ? amdgpu_dm_connector_funcs_reset+0x3b/0xb0 [amdgpu]
 ? srso_alias_return_thunk+0x5/0x7f
 ? srso_alias_return_thunk+0x5/0x7f
 ? amdgpu_dm_connector_funcs_reset+0x3b/0xb0 [amdgpu]
 amdgpu_dm_connector_init_helper+0x1f0/0x2f0 [amdgpu]
 dm_dp_add_mst_connector+0xb8/0x1a0 [amdgpu]
 drm_dp_mst_port_add_connector+0x1f3/0x2e0 [drm_display_helper]
 ? srso_alias_return_thunk+0x5/0x7f
 ? up+0x3f/0x50
 ? srso_alias_return_thunk+0x5/0x7f
 ? klist_next+0x154/0x160
 ? srso_alias_return_thunk+0x5/0x7f
 ? __kmem_cache_alloc_node+0x177/0x300
 ? drm_dp_mst_add_port+0x2a/0x100 [drm_display_helper]
 drm_dp_send_link_address+0x545/0xb00 [drm_display_helper]
 ? __queue_work+0x15f/0x3f0
 ? srso_alias_return_thunk+0x5/0x7f
 ? queue_work_on+0x29/0x30
 drm_dp_check_and_send_link_address+0x79/0xa0 [drm_display_helper]
 drm_dp_mst_link_probe_work+0x120/0x1a0 [drm_display_helper]
 process_one_work+0x20d/0x380
 worker_thread+0x4c/0x3d0
 ? srso_alias_return_thunk+0x5/0x7f
 ? process_one_work+0x380/0x380
 kthread+0xce/0x100
 ? kthread_complete_and_exit+0x20/0x20
 ret_from_fork+0x2f/0x50
 ? kthread_complete_and_exit+0x20/0x20
 ret_from_fork_asm+0x11/0x20
 </TASK>
---[ end trace 0000000000000000 ]---
usb 1-3.1: New USB device found, idVendor=3D10ab, idProduct=3D9309, bcdDe=
vice=3D 0.01
usb 1-3.1: New USB device strings: Mfr=3D0, Product=3D0, SerialNumber=3D0=

hub 9-1.1:1.0: USB hub found
hub 9-1.1:1.0: 4 ports detected
EXT4-fs (nvme0n1p4): re-mounted 9a0e55b4-4970-4a97-b563-74319b834566 r/w.=
 Quota mode: disabled.
EXT4-fs (nvme0n1p4): re-mounted 9a0e55b4-4970-4a97-b563-74319b834566 r/w.=
 Quota mode: disabled.
Adding 34603004k swap on /dev/mapper/crypt-swap.  Priority:-2 extents:1 a=
cross:34603004k SSFS
usb 1-3.2: new full-speed USB device number 4 using xhci_hcd
EXT4-fs (nvme0n1p2): mounted filesystem 758145eb-f888-4b0e-acbc-f498dbd12=
0ad r/w with ordered data mode. Quota mode: disabled.
usb 1-3.2: New USB device found, idVendor=3D2ce3, idProduct=3D9563, bcdDe=
vice=3D 1.20
usb 1-3.2: New USB device strings: Mfr=3D1, Product=3D2, SerialNumber=3D0=

usb 1-3.2: Product: EMV Smartcard Reader
usb 1-3.2: Manufacturer: Generic
ath11k_pci 0000:02:00.0: chip_id 0x12 chip_family 0xb board_id 0xff soc_i=
d 0x400c1211
ath11k_pci 0000:02:00.0: fw_version 0x110b196e fw_build_timestamp 2022-12=
-22 12:54 fw_build_id WLAN.HSP.1.1-03125-QCAHSPSWPL_V1_V2_SILICONZ_LITE-3=
=2E6510.23
Bluetooth: Core ver 2.22
elogind-daemon[1540]: Watching system buttons on /dev/input/event3 (Power=
 Button)
elogind-daemon[1540]: Watching system buttons on /dev/input/event0 (Power=
 Button)
elogind-daemon[1540]: Watching system buttons on /dev/input/event1 (Lid S=
witch)
elogind-daemon[1540]: Watching system buttons on /dev/input/event2 (Sleep=
 Button)
elogind-daemon[1540]: Watching system buttons on /dev/input/event4 (AT Tr=
anslated Set 2 keyboard)
elogind-daemon[1540]: Watching system buttons on /dev/input/event11 (Thin=
kPad Extra Buttons)
elogind-daemon[1540]: New seat seat0.
NET: Registered PF_BLUETOOTH protocol family
Bluetooth: HCI device and connection manager initialized
Bluetooth: HCI socket layer initialized
Bluetooth: L2CAP socket layer initialized
Bluetooth: SCO socket layer initialized
usbcore: registered new interface driver btusb
Bluetooth: hci0: HCI Enhanced Setup Synchronous Connection command is adv=
ertised, but not supported.
usb 9-1.2: new full-speed USB device number 4 using xhci_hcd
Console: switching to colour frame buffer device 240x75
amdgpu 0000:04:00.0: [drm] fb0: amdgpudrmfb frame buffer device
ath11k_pci 0000:02:00.0 wlp2s0: renamed from wlan0
usb 9-1.2: New USB device found, idVendor=3D17ef, idProduct=3D30b0, bcdDe=
vice=3D 0.43
usb 9-1.2: New USB device strings: Mfr=3D1, Product=3D2, SerialNumber=3D3=

usb 9-1.2: Product: ThinkPad USB-C Dock Audio
usb 9-1.2: Manufacturer: Lenovo
usb 9-1.2: SerialNumber: 000000000000
usb 10-1.1: new SuperSpeed USB device number 3 using xhci_hcd
usb 10-1.1: New USB device found, idVendor=3D0bda, idProduct=3D8153, bcdD=
evice=3D31.23
usb 10-1.1: New USB device strings: Mfr=3D1, Product=3D2, SerialNumber=3D=
6
usb 10-1.1: Product: Realtek USB LAN
usb 10-1.1: Manufacturer: Realtek
usb 10-1.1: SerialNumber: 321000001
hid-generic 0003:17EF:30B0.0005: hiddev98,hidraw1: USB HID v1.11 Device [=
Lenovo ThinkPad USB-C Dock Audio] on usb-0000:05:00.4-1.2/input3
[drm] Downstream port present 1, type 2
usb 9-1.3: new full-speed USB device number 5 using xhci_hcd
logitech-djreceiver 0003:046D:C52B.0004: hiddev96,hidraw2: USB HID v1.11 =
Device [Logitech USB Receiver] on usb-0000:04:00.4-2/input2
usb 9-1.3: New USB device found, idVendor=3D17ef, idProduct=3D30a9, bcdDe=
vice=3Dd0.d0
usb 9-1.3: New USB device strings: Mfr=3D1, Product=3D2, SerialNumber=3D3=

usb 9-1.3: Product: 40AY
usb 9-1.3: Manufacturer: Lenovo
usb 9-1.3: SerialNumber: 1S40AY0090EUZVR0H3TW
usb 10-1.3: new SuperSpeed Plus Gen 2x1 USB device number 4 using xhci_hc=
d
input: Logitech Wireless Device PID:4051 Mouse as /devices/pci0000:00/000=
0:00:08.1/0000:04:00.4/usb3/3-2/3-2:1.2/0003:046D:C52B.0004/0003:046D:405=
1.0006/input/input25
hid-generic 0003:046D:4051.0006: input,hidraw3: USB HID v1.11 Mouse [Logi=
tech Wireless Device PID:4051] on usb-0000:04:00.4-2/input2:1
usb 10-1.3: New USB device found, idVendor=3D17ef, idProduct=3D30ad, bcdD=
evice=3D51.33
usb 10-1.3: New USB device strings: Mfr=3D1, Product=3D2, SerialNumber=3D=
3
usb 10-1.3: Product: USB3.1 Hub            =20
usb 10-1.3: Manufacturer: VIA Labs, Inc.        =20
usb 10-1.3: SerialNumber: 000000001
input: Logitech M510 as /devices/pci0000:00/0000:00:08.1/0000:04:00.4/usb=
3/3-2/3-2:1.2/0003:046D:C52B.0004/0003:046D:4051.0006/input/input29
logitech-hidpp-device 0003:046D:4051.0006: input,hidraw3: USB HID v1.11 M=
ouse [Logitech M510] on usb-0000:04:00.4-2/input2:1
hub 10-1.3:1.0: USB hub found
hub 10-1.3:1.0: 4 ports detected
usb 9-1.1.2: new high-speed USB device number 6 using xhci_hcd
Bluetooth: BNEP (Ethernet Emulation) ver 1.3
Bluetooth: BNEP filters: protocol multicast
Bluetooth: BNEP socket layer initialized
Bluetooth: MGMT ver 1.22
usbcore: registered new device driver r8152-cfgselector
usbcore: registered new interface driver snd-usb-audio
usb 9-1.1.2: New USB device found, idVendor=3D17ef, idProduct=3D482f, bcd=
Device=3D 0.21
usb 9-1.1.2: New USB device strings: Mfr=3D1, Product=3D2, SerialNumber=3D=
3
usb 9-1.1.2: Product: Lenovo 500 RGB Camera
usb 9-1.1.2: Manufacturer: SunplusIT Inc
usb 9-1.1.2: SerialNumber: 01.00.00
r8152-cfgselector 10-1.1: reset SuperSpeed USB device number 3 using xhci=
_hcd
usb 9-1.1.2: Found UVC 1.50 device Lenovo 500 RGB Camera (17ef:482f)
r8152 10-1.1:1.0 (unnamed net_device) (uninitialized): Invalid header whe=
n reading pass-thru MAC addr
r8152 10-1.1:1.0: load rtl8153b-2 v2 04/27/23 successfully
r8152 10-1.1:1.0 eth0: v1.12.13
usbcore: registered new interface driver r8152
usbcore: registered new interface driver cdc_ether
usbcore: registered new interface driver r8153_ecm
r8152 10-1.1:1.0 enp5s0f4u1u1: renamed from eth0
usb 9-1.1.2: Found UVC 1.50 device Lenovo 500 RGB Camera (17ef:482f)
usb 9-1.1.3: new high-speed USB device number 7 using xhci_hcd
usb 9-1.1.3: New USB device found, idVendor=3D17ef, idProduct=3D30ae, bcd=
Device=3D51.33
usb 9-1.1.3: New USB device strings: Mfr=3D1, Product=3D2, SerialNumber=3D=
3
usb 9-1.1.3: Product: USB2.0 Hub            =20
usb 9-1.1.3: Manufacturer: VIA Labs, Inc.        =20
usb 9-1.1.3: SerialNumber: 000000001
hub 9-1.1.3:1.0: USB hub found
hub 9-1.1.3:1.0: 4 ports detected
usb 9-1.1.3.1: new full-speed USB device number 8 using xhci_hcd
8021q: 802.1Q VLAN Support v1.8
Generic FE-GE Realtek PHY r8169-0-100:00: attached PHY driver (mii_bus:ph=
y_addr=3Dr8169-0-100:00, irq=3DMAC)
usb 9-1.1.3.1: New USB device found, idVendor=3D0b0e, idProduct=3D0420, b=
cdDevice=3D 2.25
usb 9-1.1.3.1: New USB device strings: Mfr=3D0, Product=3D2, SerialNumber=
=3D3
usb 9-1.1.3.1: Product: Jabra SPEAK 510 USB
usb 9-1.1.3.1: SerialNumber: 70BF923A6257021900
r8169 0000:01:00.0 enp1s0f0: Link is Down
usb 9-1.1.3.3: new full-speed USB device number 9 using xhci_hcd
usb 9-1.1.3.3: New USB device found, idVendor=3D046d, idProduct=3Dc318, b=
cdDevice=3D55.03
usb 9-1.1.3.3: New USB device strings: Mfr=3D1, Product=3D2, SerialNumber=
=3D0
usb 9-1.1.3.3: Product: Logitech Illuminated Keyboard
usb 9-1.1.3.3: Manufacturer: Logitech
input: Logitech Logitech Illuminated Keyboard as /devices/pci0000:00/0000=
:00:08.3/0000:05:00.4/usb9/9-1/9-1.1/9-1.1.3/9-1.1.3.3/9-1.1.3.3:1.0/0003=
:046D:C318.0008/input/input30
hid-generic 0003:046D:C318.0008: input,hidraw4: USB HID v1.11 Keyboard [L=
ogitech Logitech Illuminated Keyboard] on usb-0000:05:00.4-1.1.3.3/input0=

input: Logitech Logitech Illuminated Keyboard Consumer Control as /device=
s/pci0000:00/0000:00:08.3/0000:05:00.4/usb9/9-1/9-1.1/9-1.1.3/9-1.1.3.3/9=
-1.1.3.3:1.1/0003:046D:C318.0009/input/input31
hid-generic 0003:046D:C318.0009: input,hiddev97,hidraw5: USB HID v1.11 De=
vice [Logitech Logitech Illuminated Keyboard] on usb-0000:05:00.4-1.1.3.3=
/input1
input: Jabra SPEAK 510 USB as /devices/pci0000:00/0000:00:08.3/0000:05:00=
=2E4/usb9/9-1/9-1.1/9-1.1.3/9-1.1.3.1/9-1.1.3.1:1.3/0003:0B0E:0420.0007/i=
nput/input33
jabra 0003:0B0E:0420.0007: input,hiddev99,hidraw6: USB HID v1.11 Device [=
Jabra SPEAK 510 USB] on usb-0000:05:00.4-1.1.3.1/input3
elogind-daemon[1540]: Watching system buttons on /dev/input/event16 (Logi=
tech Logitech Illuminated Keyboard)
elogind-daemon[1540]: Watching system buttons on /dev/input/event17 (Logi=
tech Logitech Illuminated Keyboard Consumer Control)
r8152 10-1.1:1.0 enp5s0f4u1u1: carrier on
[drm] crtc[1] needs mode_changed
elogind-daemon[1540]: New session c1 of user sddm.
elogind-daemon[1540]: New session 5 of user tfoerste.
elogind-daemon[1540]: Removed session c1.
fuse: init (API version 7.38)
Bluetooth: RFCOMM TTY layer initialized
Bluetooth: RFCOMM socket layer initialized
Bluetooth: RFCOMM ver 1.11
warning: `kdeconnectd' uses wireless extensions which will stop working f=
or Wi-Fi 7 hardware; use nl80211
logitech-hidpp-device 0003:046D:4051.0006: HID++ 4.5 device connected.
--------------tmAQGE30o8GoiMk0FJGzUKDW
Content-Type: text/plain; charset=UTF-8; name=".config"
Content-Disposition: attachment; filename=".config"
Content-Transfer-Encoding: base64

IwojIEF1dG9tYXRpY2FsbHkgZ2VuZXJhdGVkIGZpbGU7IERPIE5PVCBFRElULgojIExpbnV4
L3g4NiA2LjUuMyBLZXJuZWwgQ29uZmlndXJhdGlvbgojCkNPTkZJR19DQ19WRVJTSU9OX1RF
WFQ9ImdjYyAoR2VudG9vIEhhcmRlbmVkIDEyLjMuMV9wMjAyMzA1MjYgcDIpIDEyLjMuMSAy
MDIzMDUyNiIKQ09ORklHX0NDX0lTX0dDQz15CkNPTkZJR19HQ0NfVkVSU0lPTj0xMjAzMDEK
Q09ORklHX0NMQU5HX1ZFUlNJT049MApDT05GSUdfQVNfSVNfR05VPXkKQ09ORklHX0FTX1ZF
UlNJT049MjQwMDAKQ09ORklHX0xEX0lTX0JGRD15CkNPTkZJR19MRF9WRVJTSU9OPTI0MDAw
CkNPTkZJR19MTERfVkVSU0lPTj0wCkNPTkZJR19DQ19DQU5fTElOSz15CkNPTkZJR19DQ19D
QU5fTElOS19TVEFUSUM9eQpDT05GSUdfQ0NfSEFTX0FTTV9HT1RPX09VVFBVVD15CkNPTkZJ
R19DQ19IQVNfQVNNX0dPVE9fVElFRF9PVVRQVVQ9eQpDT05GSUdfVE9PTFNfU1VQUE9SVF9S
RUxSPXkKQ09ORklHX0NDX0hBU19BU01fSU5MSU5FPXkKQ09ORklHX0NDX0hBU19OT19QUk9G
SUxFX0ZOX0FUVFI9eQpDT05GSUdfUEFIT0xFX1ZFUlNJT049MApDT05GSUdfSVJRX1dPUks9
eQpDT05GSUdfQlVJTERUSU1FX1RBQkxFX1NPUlQ9eQpDT05GSUdfVEhSRUFEX0lORk9fSU5f
VEFTSz15CgojCiMgR2VuZXJhbCBzZXR1cAojCkNPTkZJR19JTklUX0VOVl9BUkdfTElNSVQ9
MzIKIyBDT05GSUdfQ09NUElMRV9URVNUIGlzIG5vdCBzZXQKIyBDT05GSUdfV0VSUk9SIGlz
IG5vdCBzZXQKQ09ORklHX0xPQ0FMVkVSU0lPTj0iIgojIENPTkZJR19MT0NBTFZFUlNJT05f
QVVUTyBpcyBub3Qgc2V0CkNPTkZJR19CVUlMRF9TQUxUPSIiCkNPTkZJR19IQVZFX0tFUk5F
TF9HWklQPXkKQ09ORklHX0hBVkVfS0VSTkVMX0JaSVAyPXkKQ09ORklHX0hBVkVfS0VSTkVM
X0xaTUE9eQpDT05GSUdfSEFWRV9LRVJORUxfWFo9eQpDT05GSUdfSEFWRV9LRVJORUxfTFpP
PXkKQ09ORklHX0hBVkVfS0VSTkVMX0xaND15CkNPTkZJR19IQVZFX0tFUk5FTF9aU1REPXkK
IyBDT05GSUdfS0VSTkVMX0daSVAgaXMgbm90IHNldAojIENPTkZJR19LRVJORUxfQlpJUDIg
aXMgbm90IHNldAojIENPTkZJR19LRVJORUxfTFpNQSBpcyBub3Qgc2V0CiMgQ09ORklHX0tF
Uk5FTF9YWiBpcyBub3Qgc2V0CiMgQ09ORklHX0tFUk5FTF9MWk8gaXMgbm90IHNldAojIENP
TkZJR19LRVJORUxfTFo0IGlzIG5vdCBzZXQKQ09ORklHX0tFUk5FTF9aU1REPXkKQ09ORklH
X0RFRkFVTFRfSU5JVD0iIgpDT05GSUdfREVGQVVMVF9IT1NUTkFNRT0iIgpDT05GSUdfU1lT
VklQQz15CkNPTkZJR19TWVNWSVBDX1NZU0NUTD15CkNPTkZJR19QT1NJWF9NUVVFVUU9eQpD
T05GSUdfUE9TSVhfTVFVRVVFX1NZU0NUTD15CkNPTkZJR19XQVRDSF9RVUVVRT15CkNPTkZJ
R19DUk9TU19NRU1PUllfQVRUQUNIPXkKIyBDT05GSUdfVVNFTElCIGlzIG5vdCBzZXQKQ09O
RklHX0FVRElUPXkKQ09ORklHX0hBVkVfQVJDSF9BVURJVFNZU0NBTEw9eQpDT05GSUdfQVVE
SVRTWVNDQUxMPXkKCiMKIyBJUlEgc3Vic3lzdGVtCiMKQ09ORklHX0dFTkVSSUNfSVJRX1BS
T0JFPXkKQ09ORklHX0dFTkVSSUNfSVJRX1NIT1c9eQpDT05GSUdfR0VORVJJQ19JUlFfRUZG
RUNUSVZFX0FGRl9NQVNLPXkKQ09ORklHX0dFTkVSSUNfUEVORElOR19JUlE9eQpDT05GSUdf
R0VORVJJQ19JUlFfTUlHUkFUSU9OPXkKQ09ORklHX0hBUkRJUlFTX1NXX1JFU0VORD15CkNP
TkZJR19JUlFfRE9NQUlOPXkKQ09ORklHX0lSUV9ET01BSU5fSElFUkFSQ0hZPXkKQ09ORklH
X0dFTkVSSUNfTVNJX0lSUT15CkNPTkZJR19JUlFfTVNJX0lPTU1VPXkKQ09ORklHX0dFTkVS
SUNfSVJRX01BVFJJWF9BTExPQ0FUT1I9eQpDT05GSUdfR0VORVJJQ19JUlFfUkVTRVJWQVRJ
T05fTU9ERT15CkNPTkZJR19JUlFfRk9SQ0VEX1RIUkVBRElORz15CkNPTkZJR19TUEFSU0Vf
SVJRPXkKIyBDT05GSUdfR0VORVJJQ19JUlFfREVCVUdGUyBpcyBub3Qgc2V0CiMgZW5kIG9m
IElSUSBzdWJzeXN0ZW0KCkNPTkZJR19DTE9DS1NPVVJDRV9XQVRDSERPRz15CkNPTkZJR19B
UkNIX0NMT0NLU09VUkNFX0lOSVQ9eQpDT05GSUdfQ0xPQ0tTT1VSQ0VfVkFMSURBVEVfTEFT
VF9DWUNMRT15CkNPTkZJR19HRU5FUklDX1RJTUVfVlNZU0NBTEw9eQpDT05GSUdfR0VORVJJ
Q19DTE9DS0VWRU5UUz15CkNPTkZJR19HRU5FUklDX0NMT0NLRVZFTlRTX0JST0FEQ0FTVD15
CkNPTkZJR19HRU5FUklDX0NMT0NLRVZFTlRTX01JTl9BREpVU1Q9eQpDT05GSUdfR0VORVJJ
Q19DTU9TX1VQREFURT15CkNPTkZJR19IQVZFX1BPU0lYX0NQVV9USU1FUlNfVEFTS19XT1JL
PXkKQ09ORklHX1BPU0lYX0NQVV9USU1FUlNfVEFTS19XT1JLPXkKQ09ORklHX0NPTlRFWFRf
VFJBQ0tJTkc9eQpDT05GSUdfQ09OVEVYVF9UUkFDS0lOR19JRExFPXkKCiMKIyBUaW1lcnMg
c3Vic3lzdGVtCiMKQ09ORklHX1RJQ0tfT05FU0hPVD15CkNPTkZJR19OT19IWl9DT01NT049
eQojIENPTkZJR19IWl9QRVJJT0RJQyBpcyBub3Qgc2V0CkNPTkZJR19OT19IWl9JRExFPXkK
IyBDT05GSUdfTk9fSFpfRlVMTCBpcyBub3Qgc2V0CiMgQ09ORklHX05PX0haIGlzIG5vdCBz
ZXQKQ09ORklHX0hJR0hfUkVTX1RJTUVSUz15CkNPTkZJR19DTE9DS1NPVVJDRV9XQVRDSERP
R19NQVhfU0tFV19VUz0xMDAKIyBlbmQgb2YgVGltZXJzIHN1YnN5c3RlbQoKQ09ORklHX0JQ
Rj15CkNPTkZJR19IQVZFX0VCUEZfSklUPXkKQ09ORklHX0FSQ0hfV0FOVF9ERUZBVUxUX0JQ
Rl9KSVQ9eQoKIwojIEJQRiBzdWJzeXN0ZW0KIwojIENPTkZJR19CUEZfU1lTQ0FMTCBpcyBu
b3Qgc2V0CiMgQ09ORklHX0JQRl9KSVQgaXMgbm90IHNldAojIGVuZCBvZiBCUEYgc3Vic3lz
dGVtCgpDT05GSUdfUFJFRU1QVF9WT0xVTlRBUllfQlVJTEQ9eQojIENPTkZJR19QUkVFTVBU
X05PTkUgaXMgbm90IHNldApDT05GSUdfUFJFRU1QVF9WT0xVTlRBUlk9eQojIENPTkZJR19Q
UkVFTVBUIGlzIG5vdCBzZXQKIyBDT05GSUdfUFJFRU1QVF9EWU5BTUlDIGlzIG5vdCBzZXQK
Q09ORklHX1NDSEVEX0NPUkU9eQoKIwojIENQVS9UYXNrIHRpbWUgYW5kIHN0YXRzIGFjY291
bnRpbmcKIwpDT05GSUdfVElDS19DUFVfQUNDT1VOVElORz15CiMgQ09ORklHX1ZJUlRfQ1BV
X0FDQ09VTlRJTkdfR0VOIGlzIG5vdCBzZXQKQ09ORklHX0lSUV9USU1FX0FDQ09VTlRJTkc9
eQpDT05GSUdfSEFWRV9TQ0hFRF9BVkdfSVJRPXkKQ09ORklHX0JTRF9QUk9DRVNTX0FDQ1Q9
eQpDT05GSUdfQlNEX1BST0NFU1NfQUNDVF9WMz15CkNPTkZJR19UQVNLU1RBVFM9eQpDT05G
SUdfVEFTS19ERUxBWV9BQ0NUPXkKQ09ORklHX1RBU0tfWEFDQ1Q9eQpDT05GSUdfVEFTS19J
T19BQ0NPVU5USU5HPXkKIyBDT05GSUdfUFNJIGlzIG5vdCBzZXQKIyBlbmQgb2YgQ1BVL1Rh
c2sgdGltZSBhbmQgc3RhdHMgYWNjb3VudGluZwoKQ09ORklHX0NQVV9JU09MQVRJT049eQoK
IwojIFJDVSBTdWJzeXN0ZW0KIwpDT05GSUdfVFJFRV9SQ1U9eQojIENPTkZJR19SQ1VfRVhQ
RVJUIGlzIG5vdCBzZXQKQ09ORklHX1RSRUVfU1JDVT15CkNPTkZJR19SQ1VfU1RBTExfQ09N
TU9OPXkKQ09ORklHX1JDVV9ORUVEX1NFR0NCTElTVD15CiMgZW5kIG9mIFJDVSBTdWJzeXN0
ZW0KCkNPTkZJR19JS0NPTkZJRz15CkNPTkZJR19JS0NPTkZJR19QUk9DPXkKIyBDT05GSUdf
SUtIRUFERVJTIGlzIG5vdCBzZXQKQ09ORklHX0xPR19CVUZfU0hJRlQ9MTgKQ09ORklHX0xP
R19DUFVfTUFYX0JVRl9TSElGVD0xMgojIENPTkZJR19QUklOVEtfSU5ERVggaXMgbm90IHNl
dApDT05GSUdfSEFWRV9VTlNUQUJMRV9TQ0hFRF9DTE9DSz15CgojCiMgU2NoZWR1bGVyIGZl
YXR1cmVzCiMKIyBDT05GSUdfVUNMQU1QX1RBU0sgaXMgbm90IHNldAojIGVuZCBvZiBTY2hl
ZHVsZXIgZmVhdHVyZXMKCkNPTkZJR19BUkNIX1NVUFBPUlRTX05VTUFfQkFMQU5DSU5HPXkK
Q09ORklHX0FSQ0hfV0FOVF9CQVRDSEVEX1VOTUFQX1RMQl9GTFVTSD15CkNPTkZJR19DQ19I
QVNfSU5UMTI4PXkKQ09ORklHX0NDX0lNUExJQ0lUX0ZBTExUSFJPVUdIPSItV2ltcGxpY2l0
LWZhbGx0aHJvdWdoPTUiCkNPTkZJR19HQ0MxMV9OT19BUlJBWV9CT1VORFM9eQpDT05GSUdf
Q0NfTk9fQVJSQVlfQk9VTkRTPXkKQ09ORklHX0FSQ0hfU1VQUE9SVFNfSU5UMTI4PXkKQ09O
RklHX05VTUFfQkFMQU5DSU5HPXkKQ09ORklHX05VTUFfQkFMQU5DSU5HX0RFRkFVTFRfRU5B
QkxFRD15CkNPTkZJR19DR1JPVVBTPXkKQ09ORklHX1BBR0VfQ09VTlRFUj15CiMgQ09ORklH
X0NHUk9VUF9GQVZPUl9EWU5NT0RTIGlzIG5vdCBzZXQKQ09ORklHX01FTUNHPXkKQ09ORklH
X01FTUNHX0tNRU09eQpDT05GSUdfQkxLX0NHUk9VUD15CkNPTkZJR19DR1JPVVBfV1JJVEVC
QUNLPXkKQ09ORklHX0NHUk9VUF9TQ0hFRD15CkNPTkZJR19GQUlSX0dST1VQX1NDSEVEPXkK
Q09ORklHX0NGU19CQU5EV0lEVEg9eQpDT05GSUdfUlRfR1JPVVBfU0NIRUQ9eQpDT05GSUdf
U0NIRURfTU1fQ0lEPXkKQ09ORklHX0NHUk9VUF9QSURTPXkKIyBDT05GSUdfQ0dST1VQX1JE
TUEgaXMgbm90IHNldApDT05GSUdfQ0dST1VQX0ZSRUVaRVI9eQpDT05GSUdfQ0dST1VQX0hV
R0VUTEI9eQpDT05GSUdfQ1BVU0VUUz15CkNPTkZJR19QUk9DX1BJRF9DUFVTRVQ9eQpDT05G
SUdfQ0dST1VQX0RFVklDRT15CkNPTkZJR19DR1JPVVBfQ1BVQUNDVD15CkNPTkZJR19DR1JP
VVBfUEVSRj15CkNPTkZJR19DR1JPVVBfTUlTQz15CiMgQ09ORklHX0NHUk9VUF9ERUJVRyBp
cyBub3Qgc2V0CkNPTkZJR19TT0NLX0NHUk9VUF9EQVRBPXkKQ09ORklHX05BTUVTUEFDRVM9
eQpDT05GSUdfVVRTX05TPXkKQ09ORklHX1RJTUVfTlM9eQpDT05GSUdfSVBDX05TPXkKQ09O
RklHX1VTRVJfTlM9eQpDT05GSUdfUElEX05TPXkKQ09ORklHX05FVF9OUz15CkNPTkZJR19D
SEVDS1BPSU5UX1JFU1RPUkU9eQpDT05GSUdfU0NIRURfQVVUT0dST1VQPXkKQ09ORklHX1JF
TEFZPXkKIyBDT05GSUdfQkxLX0RFVl9JTklUUkQgaXMgbm90IHNldAojIENPTkZJR19CT09U
X0NPTkZJRyBpcyBub3Qgc2V0CiMgQ09ORklHX0lOSVRSQU1GU19QUkVTRVJWRV9NVElNRSBp
cyBub3Qgc2V0CkNPTkZJR19DQ19PUFRJTUlaRV9GT1JfUEVSRk9STUFOQ0U9eQojIENPTkZJ
R19DQ19PUFRJTUlaRV9GT1JfU0laRSBpcyBub3Qgc2V0CkNPTkZJR19MRF9PUlBIQU5fV0FS
Tj15CkNPTkZJR19MRF9PUlBIQU5fV0FSTl9MRVZFTD0id2FybiIKQ09ORklHX1NZU0NUTD15
CkNPTkZJR19TWVNDVExfRVhDRVBUSU9OX1RSQUNFPXkKQ09ORklHX0hBVkVfUENTUEtSX1BM
QVRGT1JNPXkKQ09ORklHX0VYUEVSVD15CkNPTkZJR19NVUxUSVVTRVI9eQpDT05GSUdfU0dF
VE1BU0tfU1lTQ0FMTD15CkNPTkZJR19TWVNGU19TWVNDQUxMPXkKQ09ORklHX0ZIQU5ETEU9
eQpDT05GSUdfUE9TSVhfVElNRVJTPXkKQ09ORklHX1BSSU5USz15CkNPTkZJR19CVUc9eQpD
T05GSUdfRUxGX0NPUkU9eQojIENPTkZJR19QQ1NQS1JfUExBVEZPUk0gaXMgbm90IHNldApD
T05GSUdfQkFTRV9GVUxMPXkKQ09ORklHX0ZVVEVYPXkKQ09ORklHX0ZVVEVYX1BJPXkKQ09O
RklHX0VQT0xMPXkKQ09ORklHX1NJR05BTEZEPXkKQ09ORklHX1RJTUVSRkQ9eQpDT05GSUdf
RVZFTlRGRD15CkNPTkZJR19TSE1FTT15CkNPTkZJR19BSU89eQpDT05GSUdfSU9fVVJJTkc9
eQpDT05GSUdfQURWSVNFX1NZU0NBTExTPXkKQ09ORklHX01FTUJBUlJJRVI9eQpDT05GSUdf
S0FMTFNZTVM9eQojIENPTkZJR19LQUxMU1lNU19TRUxGVEVTVCBpcyBub3Qgc2V0CiMgQ09O
RklHX0tBTExTWU1TX0FMTCBpcyBub3Qgc2V0CkNPTkZJR19LQUxMU1lNU19BQlNPTFVURV9Q
RVJDUFU9eQpDT05GSUdfS0FMTFNZTVNfQkFTRV9SRUxBVElWRT15CkNPTkZJR19BUkNIX0hB
U19NRU1CQVJSSUVSX1NZTkNfQ09SRT15CkNPTkZJR19LQ01QPXkKQ09ORklHX1JTRVE9eQpD
T05GSUdfQ0FDSEVTVEFUX1NZU0NBTEw9eQojIENPTkZJR19ERUJVR19SU0VRIGlzIG5vdCBz
ZXQKIyBDT05GSUdfRU1CRURERUQgaXMgbm90IHNldApDT05GSUdfSEFWRV9QRVJGX0VWRU5U
Uz15CkNPTkZJR19HVUVTVF9QRVJGX0VWRU5UUz15CiMgQ09ORklHX1BDMTA0IGlzIG5vdCBz
ZXQKCiMKIyBLZXJuZWwgUGVyZm9ybWFuY2UgRXZlbnRzIEFuZCBDb3VudGVycwojCkNPTkZJ
R19QRVJGX0VWRU5UUz15CiMgQ09ORklHX0RFQlVHX1BFUkZfVVNFX1ZNQUxMT0MgaXMgbm90
IHNldAojIGVuZCBvZiBLZXJuZWwgUGVyZm9ybWFuY2UgRXZlbnRzIEFuZCBDb3VudGVycwoK
Q09ORklHX1NZU1RFTV9EQVRBX1ZFUklGSUNBVElPTj15CiMgQ09ORklHX1BST0ZJTElORyBp
cyBub3Qgc2V0CiMgZW5kIG9mIEdlbmVyYWwgc2V0dXAKCkNPTkZJR182NEJJVD15CkNPTkZJ
R19YODZfNjQ9eQpDT05GSUdfWDg2PXkKQ09ORklHX0lOU1RSVUNUSU9OX0RFQ09ERVI9eQpD
T05GSUdfT1VUUFVUX0ZPUk1BVD0iZWxmNjQteDg2LTY0IgpDT05GSUdfTE9DS0RFUF9TVVBQ
T1JUPXkKQ09ORklHX1NUQUNLVFJBQ0VfU1VQUE9SVD15CkNPTkZJR19NTVU9eQpDT05GSUdf
QVJDSF9NTUFQX1JORF9CSVRTX01JTj0yOApDT05GSUdfQVJDSF9NTUFQX1JORF9CSVRTX01B
WD0zMgpDT05GSUdfQVJDSF9NTUFQX1JORF9DT01QQVRfQklUU19NSU49OApDT05GSUdfQVJD
SF9NTUFQX1JORF9DT01QQVRfQklUU19NQVg9MTYKQ09ORklHX0dFTkVSSUNfSVNBX0RNQT15
CkNPTkZJR19HRU5FUklDX0JVRz15CkNPTkZJR19HRU5FUklDX0JVR19SRUxBVElWRV9QT0lO
VEVSUz15CkNPTkZJR19BUkNIX01BWV9IQVZFX1BDX0ZEQz15CkNPTkZJR19HRU5FUklDX0NB
TElCUkFURV9ERUxBWT15CkNPTkZJR19BUkNIX0hBU19DUFVfUkVMQVg9eQpDT05GSUdfQVJD
SF9ISUJFUk5BVElPTl9QT1NTSUJMRT15CkNPTkZJR19BUkNIX1NVU1BFTkRfUE9TU0lCTEU9
eQpDT05GSUdfQVVESVRfQVJDSD15CkNPTkZJR19IQVZFX0lOVEVMX1RYVD15CkNPTkZJR19Y
ODZfNjRfU01QPXkKQ09ORklHX0FSQ0hfU1VQUE9SVFNfVVBST0JFUz15CkNPTkZJR19GSVhf
RUFSTFlDT05fTUVNPXkKQ09ORklHX0RZTkFNSUNfUEhZU0lDQUxfTUFTSz15CkNPTkZJR19Q
R1RBQkxFX0xFVkVMUz00CkNPTkZJR19DQ19IQVNfU0FORV9TVEFDS1BST1RFQ1RPUj15Cgoj
CiMgUHJvY2Vzc29yIHR5cGUgYW5kIGZlYXR1cmVzCiMKQ09ORklHX1NNUD15CkNPTkZJR19Y
ODZfWDJBUElDPXkKIyBDT05GSUdfWDg2X01QUEFSU0UgaXMgbm90IHNldAojIENPTkZJR19H
T0xERklTSCBpcyBub3Qgc2V0CkNPTkZJR19YODZfQ1BVX1JFU0NUUkw9eQojIENPTkZJR19Y
ODZfRVhURU5ERURfUExBVEZPUk0gaXMgbm90IHNldApDT05GSUdfWDg2X0lOVEVMX0xQU1M9
eQpDT05GSUdfWDg2X0FNRF9QTEFURk9STV9ERVZJQ0U9eQpDT05GSUdfSU9TRl9NQkk9eQoj
IENPTkZJR19JT1NGX01CSV9ERUJVRyBpcyBub3Qgc2V0CkNPTkZJR19YODZfU1VQUE9SVFNf
TUVNT1JZX0ZBSUxVUkU9eQojIENPTkZJR19TQ0hFRF9PTUlUX0ZSQU1FX1BPSU5URVIgaXMg
bm90IHNldApDT05GSUdfSFlQRVJWSVNPUl9HVUVTVD15CkNPTkZJR19QQVJBVklSVD15CiMg
Q09ORklHX1BBUkFWSVJUX0RFQlVHIGlzIG5vdCBzZXQKQ09ORklHX1BBUkFWSVJUX1NQSU5M
T0NLUz15CkNPTkZJR19YODZfSFZfQ0FMTEJBQ0tfVkVDVE9SPXkKIyBDT05GSUdfWEVOIGlz
IG5vdCBzZXQKQ09ORklHX0tWTV9HVUVTVD15CkNPTkZJR19BUkNIX0NQVUlETEVfSEFMVFBP
TEw9eQpDT05GSUdfUFZIPXkKQ09ORklHX1BBUkFWSVJUX1RJTUVfQUNDT1VOVElORz15CkNP
TkZJR19QQVJBVklSVF9DTE9DSz15CiMgQ09ORklHX0pBSUxIT1VTRV9HVUVTVCBpcyBub3Qg
c2V0CiMgQ09ORklHX0FDUk5fR1VFU1QgaXMgbm90IHNldAojIENPTkZJR19NSzggaXMgbm90
IHNldAojIENPTkZJR19NUFNDIGlzIG5vdCBzZXQKIyBDT05GSUdfTUNPUkUyIGlzIG5vdCBz
ZXQKIyBDT05GSUdfTUFUT00gaXMgbm90IHNldApDT05GSUdfR0VORVJJQ19DUFU9eQpDT05G
SUdfWDg2X0lOVEVSTk9ERV9DQUNIRV9TSElGVD02CkNPTkZJR19YODZfTDFfQ0FDSEVfU0hJ
RlQ9NgpDT05GSUdfWDg2X1RTQz15CkNPTkZJR19YODZfQ01QWENIRzY0PXkKQ09ORklHX1g4
Nl9DTU9WPXkKQ09ORklHX1g4Nl9NSU5JTVVNX0NQVV9GQU1JTFk9NjQKQ09ORklHX1g4Nl9E
RUJVR0NUTE1TUj15CkNPTkZJR19QUk9DRVNTT1JfU0VMRUNUPXkKIyBDT05GSUdfQ1BVX1NV
UF9JTlRFTCBpcyBub3Qgc2V0CkNPTkZJR19DUFVfU1VQX0FNRD15CiMgQ09ORklHX0NQVV9T
VVBfSFlHT04gaXMgbm90IHNldAojIENPTkZJR19DUFVfU1VQX0NFTlRBVVIgaXMgbm90IHNl
dAojIENPTkZJR19DUFVfU1VQX1pIQU9YSU4gaXMgbm90IHNldApDT05GSUdfSFBFVF9USU1F
Uj15CkNPTkZJR19IUEVUX0VNVUxBVEVfUlRDPXkKQ09ORklHX0RNST15CiMgQ09ORklHX0dB
UlRfSU9NTVUgaXMgbm90IHNldApDT05GSUdfQk9PVF9WRVNBX1NVUFBPUlQ9eQojIENPTkZJ
R19NQVhTTVAgaXMgbm90IHNldApDT05GSUdfTlJfQ1BVU19SQU5HRV9CRUdJTj0yCkNPTkZJ
R19OUl9DUFVTX1JBTkdFX0VORD01MTIKQ09ORklHX05SX0NQVVNfREVGQVVMVD02NApDT05G
SUdfTlJfQ1BVUz0xNgpDT05GSUdfU0NIRURfQ0xVU1RFUj15CkNPTkZJR19TQ0hFRF9TTVQ9
eQpDT05GSUdfU0NIRURfTUM9eQpDT05GSUdfWDg2X0xPQ0FMX0FQSUM9eQpDT05GSUdfWDg2
X0lPX0FQSUM9eQpDT05GSUdfWDg2X1JFUk9VVEVfRk9SX0JST0tFTl9CT09UX0lSUVM9eQpD
T05GSUdfWDg2X01DRT15CkNPTkZJR19YODZfTUNFTE9HX0xFR0FDWT15CiMgQ09ORklHX1g4
Nl9NQ0VfSU5URUwgaXMgbm90IHNldApDT05GSUdfWDg2X01DRV9BTUQ9eQpDT05GSUdfWDg2
X01DRV9USFJFU0hPTEQ9eQojIENPTkZJR19YODZfTUNFX0lOSkVDVCBpcyBub3Qgc2V0Cgoj
CiMgUGVyZm9ybWFuY2UgbW9uaXRvcmluZwojCkNPTkZJR19QRVJGX0VWRU5UU19JTlRFTF9S
QVBMPW0KQ09ORklHX1BFUkZfRVZFTlRTX0FNRF9QT1dFUj1tCkNPTkZJR19QRVJGX0VWRU5U
U19BTURfVU5DT1JFPW0KQ09ORklHX1BFUkZfRVZFTlRTX0FNRF9CUlM9eQojIGVuZCBvZiBQ
ZXJmb3JtYW5jZSBtb25pdG9yaW5nCgpDT05GSUdfWDg2XzE2QklUPXkKQ09ORklHX1g4Nl9F
U1BGSVg2ND15CkNPTkZJR19YODZfVlNZU0NBTExfRU1VTEFUSU9OPXkKIyBDT05GSUdfWDg2
X0lPUExfSU9QRVJNIGlzIG5vdCBzZXQKQ09ORklHX01JQ1JPQ09ERT15CkNPTkZJR19NSUNS
T0NPREVfQU1EPXkKIyBDT05GSUdfTUlDUk9DT0RFX0xBVEVfTE9BRElORyBpcyBub3Qgc2V0
CkNPTkZJR19YODZfTVNSPXkKQ09ORklHX1g4Nl9DUFVJRD15CiMgQ09ORklHX1g4Nl81TEVW
RUwgaXMgbm90IHNldApDT05GSUdfWDg2X0RJUkVDVF9HQlBBR0VTPXkKIyBDT05GSUdfWDg2
X0NQQV9TVEFUSVNUSUNTIGlzIG5vdCBzZXQKQ09ORklHX1g4Nl9NRU1fRU5DUllQVD15CkNP
TkZJR19BTURfTUVNX0VOQ1JZUFQ9eQpDT05GSUdfQU1EX01FTV9FTkNSWVBUX0FDVElWRV9C
WV9ERUZBVUxUPXkKQ09ORklHX05VTUE9eQojIENPTkZJR19BTURfTlVNQSBpcyBub3Qgc2V0
CkNPTkZJR19YODZfNjRfQUNQSV9OVU1BPXkKIyBDT05GSUdfTlVNQV9FTVUgaXMgbm90IHNl
dApDT05GSUdfTk9ERVNfU0hJRlQ9NApDT05GSUdfQVJDSF9TUEFSU0VNRU1fRU5BQkxFPXkK
Q09ORklHX0FSQ0hfU1BBUlNFTUVNX0RFRkFVTFQ9eQpDT05GSUdfQVJDSF9QUk9DX0tDT1JF
X1RFWFQ9eQpDT05GSUdfSUxMRUdBTF9QT0lOVEVSX1ZBTFVFPTB4ZGVhZDAwMDAwMDAwMDAw
MApDT05GSUdfWDg2X1BNRU1fTEVHQUNZX0RFVklDRT15CkNPTkZJR19YODZfUE1FTV9MRUdB
Q1k9eQpDT05GSUdfWDg2X0NIRUNLX0JJT1NfQ09SUlVQVElPTj15CkNPTkZJR19YODZfQk9P
VFBBUkFNX01FTU9SWV9DT1JSVVBUSU9OX0NIRUNLPXkKQ09ORklHX01UUlI9eQpDT05GSUdf
