Return-Path: <dri-devel-bounces@lists.freedesktop.org>
X-Original-To: lists+dri-devel@lfdr.de
Delivered-To: lists+dri-devel@lfdr.de
Received: from gabe.freedesktop.org (gabe.freedesktop.org [IPv6:2610:10:20:722:a800:ff:fe36:1795])
	by mail.lfdr.de (Postfix) with ESMTPS id 4FE0767D6FC
	for <lists+dri-devel@lfdr.de>; Thu, 26 Jan 2023 21:58:49 +0100 (CET)
Received: from gabe.freedesktop.org (localhost [127.0.0.1])
	by gabe.freedesktop.org (Postfix) with ESMTP id 1F07210E2BD;
	Thu, 26 Jan 2023 20:58:34 +0000 (UTC)
X-Original-To: dri-devel@lists.freedesktop.org
Delivered-To: dri-devel@lists.freedesktop.org
Received: from tarta.nabijaczleweli.xyz (unknown [139.28.40.42])
 by gabe.freedesktop.org (Postfix) with ESMTP id C25CA10E947;
 Thu, 26 Jan 2023 15:42:38 +0000 (UTC)
Received: from nabtop.nabijaczleweli.xyz (nabtop_wifi.nabijaczleweli.xyz
 [192.168.1.165])
 by tarta.nabijaczleweli.xyz (Postfix) with ESMTPSA id ADC2D4BE;
 Thu, 26 Jan 2023 16:42:32 +0100 (CET)
DKIM-Signature: v=1; a=rsa-sha256; c=relaxed/simple; d=nabijaczleweli.xyz;
 s=202211; t=1674747752;
 bh=DK9o9LAmNxB5+I+1jx3E8JtFFw9zegE1WUPAuifGhcc=;
 h=Date:From:To:Cc:Subject:References:In-Reply-To:From;
 b=jwscXUNlyRcwweuek4FnkhcI9h1lRgAX/rmVDW4swKJ9oJlFGNdelGC0qRTAysmML
 94U7Klp/brN/4D4K7fZvxVCtxZn/BJ7pVVuWeNfoYqpzEWLJGLXkkG/uprfDwlMnbF
 UKZwqwI20HcGbcU0TRuXy1iiV+f82kFcHd8MKb5tdGVnTkD1CYkmz/BhlXJoyWDQrU
 XBo9L7VSTOjQYdkY3bE8u8fVcw3KJQttKGrDx7m1kE7OLG1ia+cPUU4lrsgXveM/G1
 VgU0pSVmrHxdTVGGfe77DM/AWZMIXeSSrBc1CAb37PGEnd1j8vKC2Vl7gPGSn4LfkL
 b7nFaHgsYl9uA==
Date: Thu, 26 Jan 2023 16:42:31 +0100
From: =?utf-8?B?0L3QsNCx?= <nabijaczleweli@nabijaczleweli.xyz>
To: Jani Nikula <jani.nikula@linux.intel.com>
Subject: Re: Assertion failure in i915 intel_display.c#assert_plane() after
 resume from hibernation
Message-ID: <20230126154231.xb5sq3dvuwugbnqo@nabtop.nabijaczleweli.xyz>
Mail-Followup-To: Jani Nikula <jani.nikula@linux.intel.com>,
 Salvatore Bonaccorso <carnil@debian.org>,
 David Airlie <airlied@gmail.com>, Daniel Vetter <daniel@ffwll.ch>,
 intel-gfx@lists.freedesktop.org, linux-kernel@vger.kernel.org,
 dri-devel@lists.freedesktop.org, 971068@bugs.debian.org
References: <Y89xbXITTRFpjm5B@eldamar.lan> <87bkmo6ivf.fsf@intel.com>
 <20230124173127.os3rwxnt6m6nloce@nabtop.nabijaczleweli.xyz>
 <878rhp5s2u.fsf@intel.com>
MIME-Version: 1.0
Content-Type: multipart/signed; micalg=pgp-sha512;
 protocol="application/pgp-signature"; boundary="7znspmlngdoyrbsy"
Content-Disposition: inline
In-Reply-To: <878rhp5s2u.fsf@intel.com>
User-Agent: NeoMutt/20200925
X-Mailman-Approved-At: Thu, 26 Jan 2023 20:58:31 +0000
X-BeenThere: dri-devel@lists.freedesktop.org
X-Mailman-Version: 2.1.29
Precedence: list
List-Id: Direct Rendering Infrastructure - Development
 <dri-devel.lists.freedesktop.org>
List-Unsubscribe: <https://lists.freedesktop.org/mailman/options/dri-devel>,
 <mailto:dri-devel-request@lists.freedesktop.org?subject=unsubscribe>
List-Archive: <https://lists.freedesktop.org/archives/dri-devel>
List-Post: <mailto:dri-devel@lists.freedesktop.org>
List-Help: <mailto:dri-devel-request@lists.freedesktop.org?subject=help>
List-Subscribe: <https://lists.freedesktop.org/mailman/listinfo/dri-devel>,
 <mailto:dri-devel-request@lists.freedesktop.org?subject=subscribe>
Cc: intel-gfx@lists.freedesktop.org, linux-kernel@vger.kernel.org,
 dri-devel@lists.freedesktop.org, 971068@bugs.debian.org,
 Salvatore Bonaccorso <carnil@debian.org>
Errors-To: dri-devel-bounces@lists.freedesktop.org
Sender: "dri-devel" <dri-devel-bounces@lists.freedesktop.org>


--7znspmlngdoyrbsy
Content-Type: text/plain; charset=us-ascii
Content-Disposition: inline
Content-Transfer-Encoding: quoted-printable

I'm not really up to building a fresh kernel right now, but here's the
same thing with the bullseye-backports one (6.0.12-1~bpo11+1);
I see vast heaps of debug info so it's probably worked around it?

Best,
-- >8 --
[    0.000000] Linux version 6.0.0-0.deb11.6-686-pae (debian-kernel@lists.d=
ebian.org) (gcc-10 (Debian 10.2.1-6) 10.2.1 20210110, GNU ld (GNU Binutils =
for Debian) 2.35.2) #1 SMP PREEMPT_DYNAMIC Debian 6.0.12-1~bpo11+1 (2022-12=
-19)
[    0.000000] x86/fpu: x87 FPU will use FXSAVE
[    0.000000] signal: max sigframe size: 1440
[    0.000000] BIOS-provided physical RAM map:
[    0.000000] BIOS-e820: [mem 0x0000000000000000-0x000000000009f3ff] usable
[    0.000000] BIOS-e820: [mem 0x000000000009f400-0x000000000009ffff] reser=
ved
[    0.000000] BIOS-e820: [mem 0x00000000000d2000-0x00000000000d3fff] reser=
ved
[    0.000000] BIOS-e820: [mem 0x00000000000dc000-0x00000000000fffff] reser=
ved
[    0.000000] BIOS-e820: [mem 0x0000000000100000-0x00000000b5aa0fff] usable
[    0.000000] BIOS-e820: [mem 0x00000000b5aa1000-0x00000000b5aa6fff] reser=
ved
[    0.000000] BIOS-e820: [mem 0x00000000b5aa7000-0x00000000b5bb9fff] usable
[    0.000000] BIOS-e820: [mem 0x00000000b5bba000-0x00000000b5c0efff] reser=
ved
[    0.000000] BIOS-e820: [mem 0x00000000b5c0f000-0x00000000b5d07fff] usable
[    0.000000] BIOS-e820: [mem 0x00000000b5d08000-0x00000000b5f0efff] reser=
ved
[    0.000000] BIOS-e820: [mem 0x00000000b5f0f000-0x00000000b5f17fff] usable
[    0.000000] BIOS-e820: [mem 0x00000000b5f18000-0x00000000b5f1efff] reser=
ved
[    0.000000] BIOS-e820: [mem 0x00000000b5f1f000-0x00000000b5f64fff] usable
[    0.000000] BIOS-e820: [mem 0x00000000b5f65000-0x00000000b5f9efff] ACPI =
NVS
[    0.000000] BIOS-e820: [mem 0x00000000b5f9f000-0x00000000b5fe0fff] usable
[    0.000000] BIOS-e820: [mem 0x00000000b5fe1000-0x00000000b5ffefff] ACPI =
data
[    0.000000] BIOS-e820: [mem 0x00000000b5fff000-0x00000000b5ffffff] usable
[    0.000000] BIOS-e820: [mem 0x0000000100000000-0x000000013fffffff] usable
[    0.000000] NX (Execute Disable) protection: active
[    0.000000] SMBIOS 2.5 present.
[    0.000000] DMI: TOSHIBA Satellite Pro U400/Satellite Pro U400, BIOS V5.=
00    10/26/2010
[    0.000000] tsc: Fast TSC calibration using PIT
[    0.000000] tsc: Detected 2261.035 MHz processor
[    0.002519] e820: update [mem 0x00000000-0x00000fff] usable =3D=3D> rese=
rved
[    0.002524] e820: remove [mem 0x000a0000-0x000fffff] usable
[    0.002537] last_pfn =3D 0x140000 max_arch_pfn =3D 0x1000000
[    0.003393] x86/PAT: Configuration [0-7]: WB  WC  UC- UC  WB  WP  UC- WT=
 =20
[    0.003823] e820: update [mem 0xb7e00000-0xffffffff] usable =3D=3D> rese=
rved
[    0.011077] found SMP MP-table at [mem 0x000f6f30-0x000f6f3f]
[    0.011092] initial memory mapped: [mem 0x00000000-0x0d3fffff]
[    0.011099] Kernel/User page tables isolation: disabled on command line.
[    0.020270] printk: log_buf_len: 4194304 bytes
[    0.020275] printk: early log buf free: 128820(98%)
[    0.020277] RAMDISK: [mem 0x366e3000-0x37368fff]
[    0.020281] Allocated new RAMDISK: [mem 0x349dd000-0x35662010]
[    0.029595] Move RAMDISK from [mem 0x366e3000-0x37368010] to [mem 0x349d=
d000-0x35662010]
[    0.029606] ACPI: Early table checksum verification disabled
[    0.029612] ACPI: RSDP 0x00000000000F6E70 000024 (v02 TOSQCI)
[    0.029618] ACPI: XSDT 0x00000000B5FF4A00 00007C (v01 TOSQCI TOSQCI00 06=
040000  LTP 00000000)
[    0.029627] ACPI: FACP 0x00000000B5FE5000 0000F4 (v03 T0SQCI TOSQCI00 06=
040000 ALAN 00000001)
[    0.029635] ACPI: DSDT 0x00000000B5FE6000 009F7C (v02 TOSQCI CANTIGA  06=
040000 INTL 20061109)
[    0.029642] ACPI: FACS 0x00000000B5F9EFC0 000040
[    0.029646] ACPI: FACS 0x00000000B5F9EFC0 000040
[    0.029651] ACPI: APIC 0x00000000B5FFED1E 000068 (v01 INTEL  CRESTLNE 06=
040000 LOHR 0000005A)
[    0.029656] ACPI: HPET 0x00000000B5FFED86 000038 (v01 TOSQCI TOSQCI00 06=
040000 LOHR 0000005A)
[    0.029661] ACPI: MCFG 0x00000000B5FFEDBE 00003C (v01 TOSQCI TOSQCI00 06=
040000 LOHR 0000005A)
[    0.029666] ACPI: APIC 0x00000000B5FFEDFA 000068 (v01 PTLTD  ? APIC   06=
040000  LTP 00000000)
[    0.029672] ACPI: BOOT 0x00000000B5FFEE62 000028 (v01 PTLTD  $SBFTBL$ 06=
040000  LTP 00000001)
[    0.029677] ACPI: SLIC 0x00000000B5FFEE8A 000176 (v01 TOSQCI TOSQCI00 06=
040000  LTP 00000000)
[    0.029682] ACPI: SSDT 0x00000000B5FF4AA4 000196 (v01 SataRe SataAhci 00=
001000 INTL 20061109)
[    0.029687] ACPI: SSDT 0x00000000B5FE4000 000655 (v01 PmRef  CpuPm    00=
003000 INTL 20061109)
[    0.029693] ACPI: SSDT 0x00000000B5FE3000 000259 (v01 PmRef  Cpu0Tst  00=
003000 INTL 20061109)
[    0.029698] ACPI: SSDT 0x00000000B5FE2000 00020F (v01 PmRef  ApTst    00=
003000 INTL 20061109)
[    0.029702] ACPI: Reserving FACP table memory at [mem 0xb5fe5000-0xb5fe5=
0f3]
[    0.029705] ACPI: Reserving DSDT table memory at [mem 0xb5fe6000-0xb5fef=
f7b]
[    0.029707] ACPI: Reserving FACS table memory at [mem 0xb5f9efc0-0xb5f9e=
fff]
[    0.029709] ACPI: Reserving FACS table memory at [mem 0xb5f9efc0-0xb5f9e=
fff]
[    0.029710] ACPI: Reserving APIC table memory at [mem 0xb5ffed1e-0xb5ffe=
d85]
[    0.029712] ACPI: Reserving HPET table memory at [mem 0xb5ffed86-0xb5ffe=
dbd]
[    0.029714] ACPI: Reserving MCFG table memory at [mem 0xb5ffedbe-0xb5ffe=
df9]
[    0.029715] ACPI: Reserving APIC table memory at [mem 0xb5ffedfa-0xb5ffe=
e61]
[    0.029717] ACPI: Reserving BOOT table memory at [mem 0xb5ffee62-0xb5ffe=
e89]
[    0.029719] ACPI: Reserving SLIC table memory at [mem 0xb5ffee8a-0xb5ffe=
fff]
[    0.029721] ACPI: Reserving SSDT table memory at [mem 0xb5ff4aa4-0xb5ff4=
c39]
[    0.029722] ACPI: Reserving SSDT table memory at [mem 0xb5fe4000-0xb5fe4=
654]
[    0.029724] ACPI: Reserving SSDT table memory at [mem 0xb5fe3000-0xb5fe3=
258]
[    0.029726] ACPI: Reserving SSDT table memory at [mem 0xb5fe2000-0xb5fe2=
20e]
[    0.029730] ACPI: BIOS bug: multiple APIC/MADT found, using 0
[    0.029732] ACPI: If "acpi_apic_instance=3D2" works better, notify linux=
-acpi@vger.kernel.org
[    0.029750] 4240MB HIGHMEM available.
[    0.029752] 879MB LOWMEM available.
[    0.029753]   mapped low ram: 0 - 36ffe000
[    0.029754]   low ram: 0 - 36ffe000
[    0.029778] Zone ranges:
[    0.029779]   DMA      [mem 0x0000000000001000-0x0000000000ffffff]
[    0.029782]   Normal   [mem 0x0000000001000000-0x0000000036ffdfff]
[    0.029785]   HighMem  [mem 0x0000000036ffe000-0x000000013fffffff]
[    0.029787] Movable zone start for each node
[    0.029788] Early memory node ranges
[    0.029789]   node   0: [mem 0x0000000000001000-0x000000000009efff]
[    0.029791]   node   0: [mem 0x0000000000100000-0x00000000b5aa0fff]
[    0.029792]   node   0: [mem 0x00000000b5aa7000-0x00000000b5bb9fff]
[    0.029794]   node   0: [mem 0x00000000b5c0f000-0x00000000b5d07fff]
[    0.029795]   node   0: [mem 0x00000000b5f0f000-0x00000000b5f17fff]
[    0.029797]   node   0: [mem 0x00000000b5f1f000-0x00000000b5f64fff]
[    0.029799]   node   0: [mem 0x00000000b5f9f000-0x00000000b5fe0fff]
[    0.029800]   node   0: [mem 0x00000000b5fff000-0x00000000b5ffffff]
[    0.029802]   node   0: [mem 0x0000000100000000-0x000000013fffffff]
[    0.029804] Initmem setup node 0 [mem 0x0000000000001000-0x000000013ffff=
fff]
[    0.029819] On node 0, zone DMA: 1 pages in unavailable ranges
[    0.029903] On node 0, zone DMA: 97 pages in unavailable ranges
[    0.045798] On node 0, zone HighMem: 6 pages in unavailable ranges
[    0.045809] On node 0, zone HighMem: 85 pages in unavailable ranges
[    0.045823] On node 0, zone HighMem: 519 pages in unavailable ranges
[    0.045826] On node 0, zone HighMem: 7 pages in unavailable ranges
[    0.045831] On node 0, zone HighMem: 58 pages in unavailable ranges
[    0.045833] On node 0, zone HighMem: 30 pages in unavailable ranges
[    0.058258] On node 0, zone HighMem: 303104 pages in unavailable ranges
[    0.058265] Using APIC driver default
[    0.058275] Reserving Intel graphics memory at [mem 0xb8000000-0xbffffff=
f]
[    0.058459] ACPI: PM-Timer IO Port: 0x408
[    0.058470] ACPI: LAPIC_NMI (acpi_id[0x00] high edge lint[0x1])
[    0.058473] ACPI: LAPIC_NMI (acpi_id[0x01] high edge lint[0x1])
[    0.058485] IOAPIC[0]: apic_id 1, version 32, address 0xfec00000, GSI 0-=
23
[    0.058489] ACPI: INT_SRC_OVR (bus 0 bus_irq 0 global_irq 2 dfl dfl)
[    0.058492] ACPI: INT_SRC_OVR (bus 0 bus_irq 9 global_irq 9 high level)
[    0.058497] ACPI: Using ACPI (MADT) for SMP configuration information
[    0.058499] ACPI: HPET id: 0x8086a201 base: 0xfed00000
[    0.058508] smpboot: Allowing 2 CPUs, 0 hotplug CPUs
[    0.058546] PM: hibernation: Registered nosave memory: [mem 0x00000000-0=
x00000fff]
[    0.058550] PM: hibernation: Registered nosave memory: [mem 0x0009f000-0=
x0009ffff]
[    0.058551] PM: hibernation: Registered nosave memory: [mem 0x000a0000-0=
x000d1fff]
[    0.058553] PM: hibernation: Registered nosave memory: [mem 0x000d2000-0=
x000d3fff]
[    0.058554] PM: hibernation: Registered nosave memory: [mem 0x000d4000-0=
x000dbfff]
[    0.058555] PM: hibernation: Registered nosave memory: [mem 0x000dc000-0=
x000fffff]
[    0.058558] PM: hibernation: Registered nosave memory: [mem 0xb5aa1000-0=
xb5aa6fff]
[    0.058561] PM: hibernation: Registered nosave memory: [mem 0xb5bba000-0=
xb5c0efff]
[    0.058564] PM: hibernation: Registered nosave memory: [mem 0xb5d08000-0=
xb5f0efff]
[    0.058567] PM: hibernation: Registered nosave memory: [mem 0xb5f18000-0=
xb5f1efff]
[    0.058570] PM: hibernation: Registered nosave memory: [mem 0xb5f65000-0=
xb5f9efff]
[    0.058573] PM: hibernation: Registered nosave memory: [mem 0xb5fe1000-0=
xb5ffefff]
[    0.058576] PM: hibernation: Registered nosave memory: [mem 0xb6000000-0=
xb7ffffff]
[    0.058578] PM: hibernation: Registered nosave memory: [mem 0xb8000000-0=
xbfffffff]
[    0.058579] PM: hibernation: Registered nosave memory: [mem 0xc0000000-0=
xffffffff]
[    0.058582] [mem 0xc0000000-0xffffffff] available for PCI devices
[    0.058584] Booting paravirtualized kernel on bare hardware
[    0.058588] clocksource: refined-jiffies: mask: 0xffffffff max_cycles: 0=
xffffffff, max_idle_ns: 7645519600211568 ns
[    0.058600] setup_percpu: NR_CPUS:32 nr_cpumask_bits:32 nr_cpu_ids:2 nr_=
node_ids:1
[    0.058757] percpu: Embedded 32 pages/cpu s100372 r0 d30700 u131072
[    0.058769] pcpu-alloc: s100372 r0 d30700 u131072 alloc=3D32*4096
[    0.058773] pcpu-alloc: [0] 0 [0] 1=20
[    0.058807] Built 1 zonelists, mobility grouping on.  Total pages: 10046=
13
[    0.058811] Kernel command line: BOOT_IMAGE=3D/vmlinuz-6.0.0-0.deb11.6-6=
86-pae root=3DUUID=3D6795a311-d78a-45d1-b8fc-313c70cfb3bb ro noibrs noibpb =
nopti nospectre_v2 nospectre_v1 l1tf=3Doff nospec_store_bypass_disable no_s=
tf_barrier mds=3Doff mitigations=3Doff no_console_suspend=3D1 resume=3DPART=
LABEL=3DU400-root resume_offset=3D1099776 tsc=3Dunstable drm.debug=3D0xe lo=
g_buf_len=3D4M
[    0.059354] tsc: Marking TSC unstable due to boot parameter
[    0.059434] Unknown kernel command line parameters "noibrs noibpb nopti =
nospectre_v2 nospec_store_bypass_disable no_stf_barrier BOOT_IMAGE=3D/vmlin=
uz-6.0.0-0.deb11.6-686-pae", will be passed to user space.
[    0.059607] Dentry cache hash table entries: 131072 (order: 7, 524288 by=
tes, linear)
[    0.059696] Inode-cache hash table entries: 65536 (order: 6, 262144 byte=
s, linear)
[    0.059732] microcode: microcode updated early to revision 0x60f, date =
=3D 2010-09-29
[    0.059739] mem auto-init: stack:off, heap alloc:on, heap free:off
[    0.059742] software IO TLB: area num 2.
[    0.102383] Initializing HighMem for node 0 (00036ffe:00140000)
[    0.375316] Initializing Movable for node 0 (00000000:00000000)
[    0.380328] Checking if this processor honours the WP bit even in superv=
isor mode...Ok.
[    0.380342] Memory: 3863548K/4027252K available (8957K kernel code, 1244=
K rwdata, 2908K rodata, 900K init, 476K bss, 163704K reserved, 0K cma-reser=
ved, 3126532K highmem)
[    0.380951] SLUB: HWalign=3D64, Order=3D0-3, MinObjects=3D0, CPUs=3D2, N=
odes=3D1
[    0.380980] ftrace: allocating 36341 entries in 71 pages
[    0.389434] ftrace: allocated 71 pages with 4 groups
[    0.389577] trace event string verifier disabled
[    0.389640] Dynamic Preempt: voluntary
[    0.389697] rcu: Preemptible hierarchical RCU implementation.
[    0.389698] rcu: 	RCU restricting CPUs from NR_CPUS=3D32 to nr_cpu_ids=
=3D2.
[    0.389700] 	Trampoline variant of Tasks RCU enabled.
[    0.389701] 	Rude variant of Tasks RCU enabled.
[    0.389701] 	Tracing variant of Tasks RCU enabled.
[    0.389703] rcu: RCU calculated value of scheduler-enlistment delay is 2=
5 jiffies.
[    0.389704] rcu: Adjusting geometry for rcu_fanout_leaf=3D16, nr_cpu_ids=
=3D2
[    0.401302] NR_IRQS: 2304, nr_irqs: 440, preallocated irqs: 16
[    0.401496] rcu: srcu_init: Setting srcu_struct sizes based on contentio=
n.
[    0.401591] Console: colour dummy device 80x25
[    0.402067] printk: console [tty0] enabled
[    0.402081] ACPI: Core revision 20220331
[    0.402086] ACPI: TOSHIBA Satellite detected - force copy of DSDT to loc=
al memory
[    0.402208] clocksource: hpet: mask: 0xffffffff max_cycles: 0xffffffff, =
max_idle_ns: 133484882848 ns
[    0.402231] APIC: Switch to symmetric I/O mode setup
[    0.402236] Enabling APIC mode:  Flat.  Using 1 I/O APICs
[    0.402658] ..TIMER: vector=3D0x30 apic1=3D0 pin1=3D2 apic2=3D-1 pin2=3D=
-1
[    0.422234] Calibrating delay loop (skipped), value calculated using tim=
er frequency.. 4522.07 BogoMIPS (lpj=3D9044140)
[    0.422244] pid_max: default: 32768 minimum: 301
[    0.422376] LSM: Security Framework initializing
[    0.422403] landlock: Up and running.
[    0.422408] Yama: disabled by default; enable with sysctl kernel.yama.*
[    0.422479] AppArmor: AppArmor initialized
[    0.422485] TOMOYO Linux initialized
[    0.422496] LSM support for eBPF active
[    0.422559] Mount-cache hash table entries: 2048 (order: 1, 8192 bytes, =
linear)
[    0.422569] Mountpoint-cache hash table entries: 2048 (order: 1, 8192 by=
tes, linear)
[    0.423056] x86/cpu: VMX (outside TXT) disabled by BIOS
[    0.423068] CPU0: Thermal monitoring enabled (TM2)
[    0.423086] process: using mwait in idle threads
[    0.423097] Last level iTLB entries: 4KB 128, 2MB 4, 4MB 4
[    0.423102] Last level dTLB entries: 4KB 256, 2MB 0, 4MB 32, 1GB 0
[    0.423112] Speculative Store Bypass: Vulnerable
[    0.423505] Freeing SMP alternatives memory: 32K
[    0.538032] smpboot: CPU0: Intel(R) Core(TM)2 Duo CPU     P8400  @ 2.26G=
Hz (family: 0x6, model: 0x17, stepping: 0x6)
[    0.538231] cblist_init_generic: Setting adjustable number of callback q=
ueues.
[    0.538231] cblist_init_generic: Setting shift to 1 and lim to 1.
[    0.538231] cblist_init_generic: Setting shift to 1 and lim to 1.
[    0.538231] cblist_init_generic: Setting shift to 1 and lim to 1.
[    0.538231] Performance Events: PEBS fmt0+, Core2 events, 4-deep LBR, In=
tel PMU driver.
[    0.538231] ... version:                2
[    0.538231] ... bit width:              40
[    0.538231] ... generic registers:      2
[    0.538231] ... value mask:             000000ffffffffff
[    0.538231] ... max period:             000000007fffffff
[    0.538231] ... fixed-purpose events:   3
[    0.538231] ... event mask:             0000000700000003
[    0.538231] rcu: Hierarchical SRCU implementation.
[    0.538231] rcu: 	Max phase no-delay instances is 1000.
[    0.538231] NMI watchdog: Enabled. Permanently consumes one hw-PMU count=
er.
[    0.538231] smp: Bringing up secondary CPUs ...
[    0.538231] x86: Booting SMP configuration:
[    0.538231] .... node  #0, CPUs:      #1
[    0.542347] smp: Brought up 1 node, 2 CPUs
[    0.542362] smpboot: Max logical packages: 1
[    0.542366] smpboot: Total of 2 processors activated (9044.14 BogoMIPS)
[    0.544489] devtmpfs: initialized
[    0.545260] ACPI: PM: Registering ACPI NVS region [mem 0xb5f65000-0xb5f9=
efff] (237568 bytes)
[    0.545350] clocksource: jiffies: mask: 0xffffffff max_cycles: 0xfffffff=
f, max_idle_ns: 7645041785100000 ns
[    0.545370] futex hash table entries: 512 (order: 3, 32768 bytes, linear)
[    0.545446] pinctrl core: initialized pinctrl subsystem
[    0.545848] NET: Registered PF_NETLINK/PF_ROUTE protocol family
[    0.546281] audit: initializing netlink subsys (disabled)
[    0.546338] audit: type=3D2000 audit(1674747359.144:1): state=3Dinitiali=
zed audit_enabled=3D0 res=3D1
[    0.546508] thermal_sys: Registered thermal governor 'fair_share'
[    0.546510] thermal_sys: Registered thermal governor 'bang_bang'
[    0.546516] thermal_sys: Registered thermal governor 'step_wise'
[    0.546520] thermal_sys: Registered thermal governor 'user_space'
[    0.546524] thermal_sys: Registered thermal governor 'power_allocator'
[    0.546544] cpuidle: using governor ladder
[    0.546817] Simple Boot Flag at 0x36 set to 0x1
[    0.546838] ACPI FADT declares the system doesn't support PCIe ASPM, so =
disable it
[    0.546845] acpiphp: ACPI Hot Plug PCI Controller Driver version: 0.5
[    0.546917] PCI: MMCONFIG for domain 0000 [bus 00-ff] at [mem 0xe0000000=
-0xefffffff] (base 0xe0000000)
[    0.546929] PCI: not using MMCONFIG
[    0.546937] PCI: Using configuration type 1 for base access
[    0.547272] mtrr: your CPUs had inconsistent variable MTRR settings
[    0.547278] mtrr: probably your BIOS does not setup all CPUs.
[    0.547282] mtrr: corrected configuration.
[    0.549159] kprobes: kprobe jump-optimization is enabled. All kprobes ar=
e optimized if possible.
[    0.566407] HugeTLB: registered 2.00 MiB page size, pre-allocated 0 pages
[    0.566415] HugeTLB: 0 KiB vmemmap can be freed for a 2.00 MiB page
[    0.567609] ACPI: Added _OSI(Module Device)
[    0.567618] ACPI: Added _OSI(Processor Device)
[    0.567622] ACPI: Added _OSI(3.0 _SCP Extensions)
[    0.567626] ACPI: Added _OSI(Processor Aggregator Device)
[    0.567631] ACPI: Added _OSI(Linux-Dell-Video)
[    0.567636] ACPI: Added _OSI(Linux-Lenovo-NV-HDMI-Audio)
[    0.567640] ACPI: Added _OSI(Linux-HPI-Hybrid-Graphics)
[    0.567701] ACPI: Forced DSDT copy: length 0x09F7C copied locally, origi=
nal unmapped
[    0.575326] ACPI: 5 ACPI AML tables successfully acquired and loaded
[    0.576717] ACPI: [Firmware Bug]: BIOS _OSI(Linux) query ignored
[    0.578047] ACPI: Dynamic OEM Table Load:
[    0.578061] ACPI: SSDT 0x00000000C1212C00 000265 (v01 PmRef  Cpu0Ist  00=
003000 INTL 20061109)
[    0.578766] ACPI: Dynamic OEM Table Load:
[    0.578778] ACPI: SSDT 0x00000000C1263800 000594 (v01 PmRef  Cpu0Cst  00=
003001 INTL 20061109)
[    0.579714] ACPI: Dynamic OEM Table Load:
[    0.579725] ACPI: SSDT 0x00000000C1340200 0001CF (v01 PmRef  ApIst    00=
003000 INTL 20061109)
[    0.580338] ACPI: Dynamic OEM Table Load:
[    0.580349] ACPI: SSDT 0x00000000C12896C0 00008D (v01 PmRef  ApCst    00=
003000 INTL 20061109)
[    0.581088] ACPI: EC: EC started
[    0.581094] ACPI: EC: interrupt blocked
[    0.590312] ACPI: EC: EC_CMD/EC_SC=3D0x66, EC_DATA=3D0x62
[    0.590320] ACPI: \_SB_.PCI0.LPCB.EC0_: Boot DSDT EC used to handle tran=
sactions
[    0.590327] ACPI: Interpreter enabled
[    0.590360] ACPI: PM: (supports S0 S3 S4 S5)
[    0.590365] ACPI: Using IOAPIC for interrupt routing
[    0.590401] PCI: MMCONFIG for domain 0000 [bus 00-ff] at [mem 0xe0000000=
-0xefffffff] (base 0xe0000000)
[    0.590924] PCI: MMCONFIG at [mem 0xe0000000-0xefffffff] reserved in ACP=
I motherboard resources
[    0.590933] PCI: Using MMCONFIG for extended config space
[    0.590944] PCI: Using host bridge windows from ACPI; if necessary, use =
"pci=3Dnocrs" and report a bug
[    0.590951] PCI: Using E820 reservations for host bridge windows
[    0.591230] ACPI: Enabled 14 GPEs in block 00 to 3F
[    0.602287] ACPI: PCI Root Bridge [PCI0] (domain 0000 [bus 00-ff])
[    0.602302] acpi PNP0A08:00: _OSC: OS supports [ExtendedConfig ASPM Cloc=
kPM Segments MSI HPX-Type3]
[    0.602315] acpi PNP0A08:00: _OSC: OS requested [PCIeHotplug SHPCHotplug=
 PME AER PCIeCapability LTR]
[    0.602323] acpi PNP0A08:00: _OSC: platform willing to grant [PCIeHotplu=
g SHPCHotplug PME AER PCIeCapability LTR]
[    0.602330] acpi PNP0A08:00: _OSC: platform retains control of PCIe feat=
ures (AE_NOT_FOUND)
[    0.603085] PCI host bridge to bus 0000:00
[    0.603092] pci_bus 0000:00: root bus resource [io  0x0000-0x0cf7 window]
[    0.603098] pci_bus 0000:00: root bus resource [io  0x0d00-0xffff window]
[    0.603104] pci_bus 0000:00: root bus resource [mem 0x000a0000-0x000bfff=
f window]
[    0.603111] pci_bus 0000:00: root bus resource [mem 0x000d4000-0x000dbff=
f window]
[    0.603117] pci_bus 0000:00: root bus resource [mem 0xc0000000-0xdffffff=
f window]
[    0.603124] pci_bus 0000:00: root bus resource [mem 0xf0000000-0xfebffff=
f window]
[    0.603131] pci_bus 0000:00: root bus resource [bus 00-ff]
[    0.603159] pci 0000:00:00.0: [8086:2a40] type 00 class 0x060000
[    0.603264] pci 0000:00:02.0: [8086:2a42] type 00 class 0x030000
[    0.603280] pci 0000:00:02.0: reg 0x10: [mem 0xf4000000-0xf43fffff 64bit]
[    0.603292] pci 0000:00:02.0: reg 0x18: [mem 0xd0000000-0xdfffffff 64bit=
 pref]
[    0.603303] pci 0000:00:02.0: reg 0x20: [io  0x1800-0x1807]
[    0.603323] pci 0000:00:02.0: Video device with shadowed ROM at [mem 0x0=
00c0000-0x000dffff]
[    0.603462] pci 0000:00:02.1: [8086:2a43] type 00 class 0x038000
[    0.603478] pci 0000:00:02.1: reg 0x10: [mem 0xf4400000-0xf44fffff 64bit]
[    0.603615] pci 0000:00:1a.0: [8086:2937] type 00 class 0x0c0300
[    0.603679] pci 0000:00:1a.0: reg 0x20: [io  0x1820-0x183f]
[    0.603853] pci 0000:00:1a.1: [8086:2938] type 00 class 0x0c0300
[    0.603917] pci 0000:00:1a.1: reg 0x20: [io  0x1840-0x185f]
[    0.604099] pci 0000:00:1a.2: [8086:2939] type 00 class 0x0c0300
[    0.604162] pci 0000:00:1a.2: reg 0x20: [io  0x1860-0x187f]
[    0.604340] pci 0000:00:1a.7: [8086:293c] type 00 class 0x0c0320
[    0.604366] pci 0000:00:1a.7: reg 0x10: [mem 0xf4a04800-0xf4a04bff]
[    0.604477] pci 0000:00:1a.7: PME# supported from D0 D3hot D3cold
[    0.604619] pci 0000:00:1b.0: [8086:293e] type 00 class 0x040300
[    0.604651] pci 0000:00:1b.0: reg 0x10: [mem 0xf4800000-0xf4803fff 64bit]
[    0.604767] pci 0000:00:1b.0: PME# supported from D0 D3hot D3cold
[    0.604914] pci 0000:00:1c.0: [8086:2940] type 01 class 0x060400
[    0.605037] pci 0000:00:1c.0: PME# supported from D0 D3hot D3cold
[    0.605199] pci 0000:00:1c.4: [8086:2948] type 01 class 0x060400
[    0.605324] pci 0000:00:1c.4: PME# supported from D0 D3hot D3cold
[    0.605476] pci 0000:00:1c.5: [8086:294a] type 01 class 0x060400
[    0.605599] pci 0000:00:1c.5: PME# supported from D0 D3hot D3cold
[    0.605750] pci 0000:00:1d.0: [8086:2934] type 00 class 0x0c0300
[    0.605822] pci 0000:00:1d.0: reg 0x20: [io  0x1880-0x189f]
[    0.606012] pci 0000:00:1d.1: [8086:2935] type 00 class 0x0c0300
[    0.606091] pci 0000:00:1d.1: reg 0x20: [io  0x18a0-0x18bf]
[    0.606270] pci 0000:00:1d.2: [8086:2936] type 00 class 0x0c0300
[    0.606334] pci 0000:00:1d.2: reg 0x20: [io  0x18c0-0x18df]
[    0.606533] pci 0000:00:1d.7: [8086:293a] type 00 class 0x0c0320
[    0.606560] pci 0000:00:1d.7: reg 0x10: [mem 0xf4a04c00-0xf4a04fff]
[    0.606672] pci 0000:00:1d.7: PME# supported from D0 D3hot D3cold
[    0.606815] pci 0000:00:1e.0: [8086:2448] type 01 class 0x060401
[    0.607013] pci 0000:00:1f.0: [8086:2919] type 00 class 0x060100
[    0.607296] pci 0000:00:1f.2: [8086:2929] type 00 class 0x010601
[    0.607322] pci 0000:00:1f.2: reg 0x10: [io  0x1818-0x181f]
[    0.607337] pci 0000:00:1f.2: reg 0x14: [io  0x180c-0x180f]
[    0.607351] pci 0000:00:1f.2: reg 0x18: [io  0x1810-0x1817]
[    0.607366] pci 0000:00:1f.2: reg 0x1c: [io  0x1808-0x180b]
[    0.607380] pci 0000:00:1f.2: reg 0x20: [io  0x18e0-0x18ff]
[    0.607395] pci 0000:00:1f.2: reg 0x24: [mem 0xf4a04000-0xf4a047ff]
[    0.607463] pci 0000:00:1f.2: PME# supported from D3hot
[    0.607590] pci 0000:00:1f.3: [8086:2930] type 00 class 0x0c0500
[    0.607622] pci 0000:00:1f.3: reg 0x10: [mem 0x00000000-0x000000ff 64bit]
[    0.607656] pci 0000:00:1f.3: reg 0x20: [io  0x1c00-0x1c1f]
[    0.607873] acpiphp: Slot [1] registered
[    0.607883] pci 0000:00:1c.0: PCI bridge to [bus 02-03]
[    0.607891] pci 0000:00:1c.0:   bridge window [io  0x0000-0x0fff]
[    0.607899] pci 0000:00:1c.0:   bridge window [mem 0x00000000-0x000fffff]
[    0.607910] pci 0000:00:1c.0:   bridge window [mem 0x00000000-0x000fffff=
 64bit pref]
[    0.608013] pci 0000:07:00.0: [11ab:436c] type 00 class 0x020000
[    0.608049] pci 0000:07:00.0: reg 0x10: [mem 0x00000000-0x00003fff 64bit]
[    0.608065] pci 0000:07:00.0: reg 0x18: [io  0x0000-0x00ff]
[    0.608107] pci 0000:07:00.0: reg 0x30: [mem 0x00000000-0x0001ffff pref]
[    0.608201] pci 0000:07:00.0: supports D1 D2
[    0.608206] pci 0000:07:00.0: PME# supported from D0 D1 D2 D3hot D3cold
[    0.608404] pci 0000:00:1c.4: PCI bridge to [bus 07]
[    0.608413] pci 0000:00:1c.4:   bridge window [io  0x0000-0x0fff]
[    0.608421] pci 0000:00:1c.4:   bridge window [mem 0x00000000-0x000fffff]
[    0.608433] pci 0000:00:1c.4:   bridge window [mem 0x00000000-0x000fffff=
 64bit pref]
[    0.608551] pci 0000:08:00.0: [8086:4232] type 00 class 0x028000
[    0.608601] pci 0000:08:00.0: reg 0x10: [mem 0x00000000-0x00001fff 64bit]
[    0.608792] pci 0000:08:00.0: PME# supported from D0 D3hot D3cold
[    0.609026] pci 0000:00:1c.5: PCI bridge to [bus 08]
[    0.609036] pci 0000:00:1c.5:   bridge window [io  0x0000-0x0fff]
[    0.609044] pci 0000:00:1c.5:   bridge window [mem 0x00000000-0x000fffff]
[    0.609055] pci 0000:00:1c.5:   bridge window [mem 0x00000000-0x000fffff=
 64bit pref]
[    0.609084] pci_bus 0000:0a: extended config space not accessible
[    0.609122] pci 0000:0a:01.0: [1217:00f7] type 00 class 0x0c0010
[    0.609149] pci 0000:0a:01.0: reg 0x10: [mem 0xff501000-0xff501fff]
[    0.609166] pci 0000:0a:01.0: reg 0x14: [mem 0xf4700000-0xf47007ff]
[    0.609261] pci 0000:0a:01.0: supports D1 D2
[    0.609266] pci 0000:0a:01.0: PME# supported from D0 D1 D2 D3hot D3cold
[    0.609349] pci 0000:0a:01.2: [1217:7120] type 00 class 0x080501
[    0.609379] pci 0000:0a:01.2: reg 0x10: [mem 0xf4700800-0xf47008ff]
[    0.609491] pci 0000:0a:01.2: supports D1 D2
[    0.609496] pci 0000:0a:01.2: PME# supported from D0 D1 D2 D3hot D3cold
[    0.609579] pci 0000:0a:01.3: [1217:7130] type 00 class 0x018000
[    0.609609] pci 0000:0a:01.3: reg 0x10: [mem 0xf4702000-0xf4702fff]
[    0.609722] pci 0000:0a:01.3: supports D1 D2
[    0.609728] pci 0000:0a:01.3: PME# supported from D0 D1 D2 D3hot D3cold
[    0.609862] pci 0000:00:1e.0: PCI bridge to [bus 0a] (subtractive decode)
[    0.609875] pci 0000:00:1e.0:   bridge window [mem 0xf4700000-0xf47fffff]
[    0.609886] pci 0000:00:1e.0:   bridge window [io  0x0000-0x0cf7 window]=
 (subtractive decode)
[    0.609893] pci 0000:00:1e.0:   bridge window [io  0x0d00-0xffff window]=
 (subtractive decode)
[    0.609900] pci 0000:00:1e.0:   bridge window [mem 0x000a0000-0x000bffff=
 window] (subtractive decode)
[    0.609907] pci 0000:00:1e.0:   bridge window [mem 0x000d4000-0x000dbfff=
 window] (subtractive decode)
[    0.609914] pci 0000:00:1e.0:   bridge window [mem 0xc0000000-0xdfffffff=
 window] (subtractive decode)
[    0.609921] pci 0000:00:1e.0:   bridge window [mem 0xf0000000-0xfebfffff=
 window] (subtractive decode)
[    0.609956] pci_bus 0000:00: on NUMA node 0
[    0.610788] ACPI: PCI: Interrupt link LNKA configured for IRQ 11
[    0.610864] ACPI: PCI: Interrupt link LNKB configured for IRQ 5
[    0.610937] ACPI: PCI: Interrupt link LNKC configured for IRQ 6
[    0.611010] ACPI: PCI: Interrupt link LNKD configured for IRQ 10
[    0.611083] ACPI: PCI: Interrupt link LNKE configured for IRQ 0
[    0.611089] ACPI: PCI: Interrupt link LNKE disabled
[    0.611160] ACPI: PCI: Interrupt link LNKF configured for IRQ 11
[    0.611233] ACPI: PCI: Interrupt link LNKG configured for IRQ 10
[    0.611306] ACPI: PCI: Interrupt link LNKH configured for IRQ 7
[    0.611893] ACPI: EC: interrupt unblocked
[    0.611898] ACPI: EC: event unblocked
[    0.611908] ACPI: EC: EC_CMD/EC_SC=3D0x66, EC_DATA=3D0x62
[    0.611913] ACPI: EC: GPE=3D0x18
[    0.611918] ACPI: \_SB_.PCI0.LPCB.EC0_: Boot DSDT EC initialization comp=
lete
[    0.611924] ACPI: \_SB_.PCI0.LPCB.EC0_: EC: Used to handle transactions =
and events
[    0.612064] iommu: Default domain type: Translated=20
[    0.612071] iommu: DMA domain TLB invalidation policy: lazy mode=20
[    0.612264] EDAC MC: Ver: 3.0.0
[    0.612760] NetLabel: Initializing
[    0.612765] NetLabel:  domain hash size =3D 128
[    0.612769] NetLabel:  protocols =3D UNLABELED CIPSOv4 CALIPSO
[    0.612793] NetLabel:  unlabeled traffic allowed by default
[    0.612798] PCI: Using ACPI for IRQ routing
[    0.623361] PCI: pci_cache_line_size set to 64 bytes
[    0.623395] pci 0000:0a:01.0: can't claim BAR 0 [mem 0xff501000-0xff501f=
ff]: no compatible bridge window
[    0.623450] e820: reserve RAM buffer [mem 0x0009f400-0x0009ffff]
[    0.623453] e820: reserve RAM buffer [mem 0xb5aa1000-0xb7ffffff]
[    0.623456] e820: reserve RAM buffer [mem 0xb5bba000-0xb7ffffff]
[    0.623459] e820: reserve RAM buffer [mem 0xb5d08000-0xb7ffffff]
[    0.623462] e820: reserve RAM buffer [mem 0xb5f18000-0xb7ffffff]
[    0.623464] e820: reserve RAM buffer [mem 0xb5f65000-0xb7ffffff]
[    0.623466] e820: reserve RAM buffer [mem 0xb5fe1000-0xb7ffffff]
[    0.623469] e820: reserve RAM buffer [mem 0xb6000000-0xb7ffffff]
[    0.623551] pci 0000:00:02.0: vgaarb: setting as boot VGA device
[    0.623558] pci 0000:00:02.0: vgaarb: bridge control possible
[    0.623563] pci 0000:00:02.0: vgaarb: VGA device added: decodes=3Dio+mem=
,owns=3Dio+mem,locks=3Dnone
[    0.623575] vgaarb: loaded
[    0.623863] hpet: 4 channels of 0 reserved for per-cpu timers
[    0.623871] hpet0: at MMIO 0xfed00000, IRQs 2, 8, 0, 0
[    0.623882] hpet0: 4 comparators, 64-bit 14.318180 MHz counter
[    0.625932] clocksource: Switched to clocksource hpet
[    0.640767] VFS: Disk quotas dquot_6.6.0
[    0.640812] VFS: Dquot-cache hash table entries: 1024 (order 0, 4096 byt=
es)
[    0.641075] AppArmor: AppArmor Filesystem Enabled
[    0.641119] pnp: PnP ACPI init
[    0.641462] system 00:00: [mem 0xfed00000-0xfed003ff] has been reserved
[    0.641524] pnp 00:01: disabling [io  0x002e-0x002f] because it overlaps=
 0000:07:00.0 BAR 2 [io  0x0000-0x00ff]
[    0.641535] pnp 00:01: disabling [io  0x004e-0x004f] because it overlaps=
 0000:07:00.0 BAR 2 [io  0x0000-0x00ff]
[    0.641543] pnp 00:01: disabling [io  0x0061] because it overlaps 0000:0=
7:00.0 BAR 2 [io  0x0000-0x00ff]
[    0.641550] pnp 00:01: disabling [io  0x0063] because it overlaps 0000:0=
7:00.0 BAR 2 [io  0x0000-0x00ff]
[    0.641558] pnp 00:01: disabling [io  0x0065] because it overlaps 0000:0=
7:00.0 BAR 2 [io  0x0000-0x00ff]
[    0.641565] pnp 00:01: disabling [io  0x0067] because it overlaps 0000:0=
7:00.0 BAR 2 [io  0x0000-0x00ff]
[    0.641572] pnp 00:01: disabling [io  0x0068] because it overlaps 0000:0=
7:00.0 BAR 2 [io  0x0000-0x00ff]
[    0.641580] pnp 00:01: disabling [io  0x006c] because it overlaps 0000:0=
7:00.0 BAR 2 [io  0x0000-0x00ff]
[    0.641587] pnp 00:01: disabling [io  0x0070] because it overlaps 0000:0=
7:00.0 BAR 2 [io  0x0000-0x00ff]
[    0.641594] pnp 00:01: disabling [io  0x0080] because it overlaps 0000:0=
7:00.0 BAR 2 [io  0x0000-0x00ff]
[    0.641602] pnp 00:01: disabling [io  0x0092] because it overlaps 0000:0=
7:00.0 BAR 2 [io  0x0000-0x00ff]
[    0.641609] pnp 00:01: disabling [io  0x00b2-0x00b3] because it overlaps=
 0000:07:00.0 BAR 2 [io  0x0000-0x00ff]
[    0.641663] system 00:01: [io  0x03e0-0x03e1] has been reserved
[    0.641670] system 00:01: [io  0x0400-0x047f] has been reserved
[    0.641677] system 00:01: [io  0x0680-0x069f] has been reserved
[    0.641683] system 00:01: [io  0x0480-0x048f] has been reserved
[    0.641689] system 00:01: [io  0xffff] has been reserved
[    0.641695] system 00:01: [io  0xffff] has been reserved
[    0.641700] system 00:01: [io  0x1180-0x11ff] has been reserved
[    0.641706] system 00:01: [io  0x164e-0x164f] has been reserved
[    0.641713] system 00:01: [io  0xfe00] has been reserved
[    0.642270] system 00:05: [mem 0xfed1c000-0xfed1ffff] has been reserved
[    0.642280] system 00:05: [mem 0xfed10000-0xfed13fff] has been reserved
[    0.642287] system 00:05: [mem 0xfed18000-0xfed18fff] has been reserved
[    0.642302] system 00:05: [mem 0xfed19000-0xfed19fff] has been reserved
[    0.642309] system 00:05: [mem 0xe0000000-0xefffffff] has been reserved
[    0.642316] system 00:05: [mem 0xfed20000-0xfed3ffff] has been reserved
[    0.642322] system 00:05: [mem 0xfed45000-0xfed8ffff] has been reserved
[    0.642565] pnp: PnP ACPI: found 6 devices
[    0.642572] PnPBIOS: Disabled by ACPI PNP
[    0.679957] clocksource: acpi_pm: mask: 0xffffff max_cycles: 0xffffff, m=
ax_idle_ns: 2085701024 ns
[    0.680097] NET: Registered PF_INET protocol family
[    0.680219] IP idents hash table entries: 16384 (order: 5, 131072 bytes,=
 linear)
[    0.680841] tcp_listen_portaddr_hash hash table entries: 512 (order: 0, =
4096 bytes, linear)
[    0.680956] Table-perturb hash table entries: 65536 (order: 6, 262144 by=
tes, linear)
[    0.681001] TCP established hash table entries: 8192 (order: 3, 32768 by=
tes, linear)
[    0.681041] TCP bind hash table entries: 8192 (order: 4, 65536 bytes, li=
near)
[    0.681063] TCP: Hash tables configured (established 8192 bind 8192)
[    0.681154] MPTCP token hash table entries: 1024 (order: 2, 16384 bytes,=
 linear)
[    0.681195] UDP hash table entries: 512 (order: 2, 16384 bytes, linear)
[    0.681212] UDP-Lite hash table entries: 512 (order: 2, 16384 bytes, lin=
ear)
[    0.681270] NET: Registered PF_UNIX/PF_LOCAL protocol family
[    0.681284] NET: Registered PF_XDP protocol family
[    0.681299] pci 0000:00:1c.0: bridge window [io  0x1000-0x0fff] to [bus =
02-03] add_size 1000
[    0.681310] pci 0000:00:1c.0: bridge window [mem 0x00100000-0x000fffff 6=
4bit pref] to [bus 02-03] add_size 200000 add_align 100000
[    0.681320] pci 0000:00:1c.0: bridge window [mem 0x00100000-0x000fffff] =
to [bus 02-03] add_size 200000 add_align 100000
[    0.681330] pci 0000:00:1c.4: bridge window [mem 0x00100000-0x000fffff 6=
4bit pref] to [bus 07] add_size 200000 add_align 100000
[    0.681339] pci 0000:00:1c.4: bridge window [mem 0x00100000-0x001fffff] =
to [bus 07] add_size 100000 add_align 100000
[    0.681348] pci 0000:00:1c.5: bridge window [io  0x1000-0x0fff] to [bus =
08] add_size 1000
[    0.681355] pci 0000:00:1c.5: bridge window [mem 0x00100000-0x000fffff 6=
4bit pref] to [bus 08] add_size 200000 add_align 100000
[    0.681365] pci 0000:00:1c.5: bridge window [mem 0x00100000-0x001fffff] =
to [bus 08] add_size 100000 add_align 100000
[    0.681387] pci 0000:00:1c.0: BAR 14: assigned [mem 0xc0000000-0xc01ffff=
f]
[    0.681399] pci 0000:00:1c.0: BAR 15: assigned [mem 0xc0200000-0xc03ffff=
f 64bit pref]
[    0.681407] pci 0000:00:1c.4: BAR 14: assigned [mem 0xc0400000-0xc05ffff=
f]
[    0.681418] pci 0000:00:1c.4: BAR 15: assigned [mem 0xc0600000-0xc07ffff=
f 64bit pref]
[    0.681426] pci 0000:00:1c.5: BAR 14: assigned [mem 0xc0800000-0xc09ffff=
f]
[    0.681437] pci 0000:00:1c.5: BAR 15: assigned [mem 0xc0a00000-0xc0bffff=
f 64bit pref]
[    0.681445] pci 0000:00:1c.0: BAR 13: assigned [io  0x2000-0x2fff]
[    0.681452] pci 0000:00:1c.4: BAR 13: assigned [io  0x3000-0x3fff]
[    0.681459] pci 0000:00:1c.5: BAR 13: assigned [io  0x4000-0x4fff]
[    0.681470] pci 0000:00:1f.3: BAR 0: assigned [mem 0xc0c00000-0xc0c000ff=
 64bit]
[    0.681489] pci 0000:00:1c.0: PCI bridge to [bus 02-03]
[    0.681496] pci 0000:00:1c.0:   bridge window [io  0x2000-0x2fff]
[    0.681505] pci 0000:00:1c.0:   bridge window [mem 0xc0000000-0xc01fffff]
[    0.681514] pci 0000:00:1c.0:   bridge window [mem 0xc0200000-0xc03fffff=
 64bit pref]
[    0.681528] pci 0000:07:00.0: BAR 6: assigned [mem 0xc0400000-0xc041ffff=
 pref]
[    0.681536] pci 0000:07:00.0: BAR 0: assigned [mem 0xc0420000-0xc0423fff=
 64bit]
[    0.681556] pci 0000:07:00.0: BAR 2: assigned [io  0x3000-0x30ff]
[    0.681566] pci 0000:00:1c.4: PCI bridge to [bus 07]
[    0.681572] pci 0000:00:1c.4:   bridge window [io  0x3000-0x3fff]
[    0.681582] pci 0000:00:1c.4:   bridge window [mem 0xc0400000-0xc05fffff]
[    0.681590] pci 0000:00:1c.4:   bridge window [mem 0xc0600000-0xc07fffff=
 64bit pref]
[    0.681603] pci 0000:08:00.0: BAR 0: assigned [mem 0xc0800000-0xc0801fff=
 64bit]
[    0.681629] pci 0000:00:1c.5: PCI bridge to [bus 08]
[    0.681635] pci 0000:00:1c.5:   bridge window [io  0x4000-0x4fff]
[    0.681644] pci 0000:00:1c.5:   bridge window [mem 0xc0800000-0xc09fffff]
[    0.681652] pci 0000:00:1c.5:   bridge window [mem 0xc0a00000-0xc0bfffff=
 64bit pref]
[    0.681665] pci 0000:0a:01.0: BAR 0: assigned [mem 0xf4701000-0xf4701fff]
[    0.681674] pci 0000:00:1e.0: PCI bridge to [bus 0a]
[    0.681683] pci 0000:00:1e.0:   bridge window [mem 0xf4700000-0xf47fffff]
[    0.681697] pci_bus 0000:00: resource 4 [io  0x0000-0x0cf7 window]
[    0.681703] pci_bus 0000:00: resource 5 [io  0x0d00-0xffff window]
[    0.681708] pci_bus 0000:00: resource 6 [mem 0x000a0000-0x000bffff windo=
w]
[    0.681714] pci_bus 0000:00: resource 7 [mem 0x000d4000-0x000dbfff windo=
w]
[    0.681719] pci_bus 0000:00: resource 8 [mem 0xc0000000-0xdfffffff windo=
w]
[    0.681725] pci_bus 0000:00: resource 9 [mem 0xf0000000-0xfebfffff windo=
w]
[    0.681731] pci_bus 0000:02: resource 0 [io  0x2000-0x2fff]
[    0.681736] pci_bus 0000:02: resource 1 [mem 0xc0000000-0xc01fffff]
[    0.681741] pci_bus 0000:02: resource 2 [mem 0xc0200000-0xc03fffff 64bit=
 pref]
[    0.681749] pci_bus 0000:07: resource 0 [io  0x3000-0x3fff]
[    0.681754] pci_bus 0000:07: resource 1 [mem 0xc0400000-0xc05fffff]
[    0.681760] pci_bus 0000:07: resource 2 [mem 0xc0600000-0xc07fffff 64bit=
 pref]
[    0.681766] pci_bus 0000:08: resource 0 [io  0x4000-0x4fff]
[    0.681771] pci_bus 0000:08: resource 1 [mem 0xc0800000-0xc09fffff]
[    0.681777] pci_bus 0000:08: resource 2 [mem 0xc0a00000-0xc0bfffff 64bit=
 pref]
[    0.681783] pci_bus 0000:0a: resource 1 [mem 0xf4700000-0xf47fffff]
[    0.681789] pci_bus 0000:0a: resource 4 [io  0x0000-0x0cf7 window]
[    0.681794] pci_bus 0000:0a: resource 5 [io  0x0d00-0xffff window]
[    0.681800] pci_bus 0000:0a: resource 6 [mem 0x000a0000-0x000bffff windo=
w]
[    0.681806] pci_bus 0000:0a: resource 7 [mem 0x000d4000-0x000dbfff windo=
w]
[    0.681812] pci_bus 0000:0a: resource 8 [mem 0xc0000000-0xdfffffff windo=
w]
[    0.681818] pci_bus 0000:0a: resource 9 [mem 0xf0000000-0xfebfffff windo=
w]
[    0.683455] PCI: CLS 64 bytes, default 64
[    0.683468] PCI-DMA: Using software bounce buffering for IO (SWIOTLB)
[    0.683473] software IO TLB: mapped [mem 0x000000002d7dd000-0x0000000031=
7dd000] (64MB)
[    0.683559] Trying to unpack rootfs image as initramfs...
[    0.684387] Initialise system trusted keyrings
[    0.684429] Key type blacklist registered
[    0.684549] workingset: timestamp_bits=3D14 max_order=3D20 bucket_order=
=3D6
[    0.687426] zbud: loaded
[    0.687840] integrity: Platform Keyring initialized
[    0.687848] Key type asymmetric registered
[    0.687853] Asymmetric key parser 'x509' registered
[    0.965573] Freeing initrd memory: 12824K
[    0.972085] alg: self-tests for CTR-KDF (hmac(sha256)) passed
[    0.972266] bounce: pool size: 64 pages
[    0.972349] Block layer SCSI generic (bsg) driver version 0.4 loaded (ma=
jor 251)
[    0.972407] io scheduler mq-deadline registered
[    0.974243] pcieport 0000:00:1c.0: enabling device (0000 -> 0003)
[    0.974475] pcieport 0000:00:1c.4: enabling device (0000 -> 0003)
[    0.974636] pcieport 0000:00:1c.5: enabling device (0000 -> 0003)
[    0.974880] shpchp: Standard Hot Plug PCI Controller Driver version: 0.4
[    0.974995] Monitor-Mwait will be used to enter C-1 state
[    0.975006] Monitor-Mwait will be used to enter C-2 state
[    0.975013] Monitor-Mwait will be used to enter C-3 state
[    0.975018] ACPI: \_PR_.CPU0: Found 3 idle states
[    0.979083] thermal LNXTHERM:00: registered as thermal_zone0
[    0.979094] ACPI: thermal: Thermal Zone [THRM] (66 C)
[    0.979222] isapnp: Scanning for PnP cards...
[    1.333183] isapnp: No Plug & Play device found
[    1.333405] Serial: 8250/16550 driver, 4 ports, IRQ sharing enabled
[    1.334305] Linux agpgart interface v0.103
[    1.334845] i8042: PNP: PS/2 Controller [PNP0303:PS2K,PNP0f13:PS2A] at 0=
x60,0x64 irq 1,12
[    1.340489] i8042: Detected active multiplexing controller, rev 1.1
[    1.341812] serio: i8042 KBD port at 0x60,0x64 irq 1
[    1.341823] serio: i8042 AUX0 port at 0x60,0x64 irq 12
[    1.341881] serio: i8042 AUX1 port at 0x60,0x64 irq 12
[    1.341929] serio: i8042 AUX2 port at 0x60,0x64 irq 12
[    1.341969] serio: i8042 AUX3 port at 0x60,0x64 irq 12
[    1.342185] mousedev: PS/2 mouse device common for all mice
[    1.342257] rtc_cmos 00:02: RTC can wake from S4
[    1.342615] rtc_cmos 00:02: registered as rtc0
[    1.342660] rtc_cmos 00:02: setting system clock to 2023-01-26T15:36:00 =
UTC (1674747360)
[    1.342692] rtc_cmos 00:02: alarms up to one month, y3k, 242 bytes nvram=
, hpet irqs
[    1.342753] intel_pstate: CPU model not supported
[    1.342792] ledtrig-cpu: registered to indicate activity on CPUs
[    1.343149] vesafb: mode is 1024x768x32, linelength=3D4096, pages=3D0
[    1.343156] vesafb: scrolling: redraw
[    1.343159] vesafb: Truecolor: size=3D8:8:8:8, shift=3D24:16:8:0
[    1.343176] vesafb: framebuffer at 0xd0000000, mapped to 0x(ptrval), usi=
ng 3072k, total 3072k
[    1.367277] Console: switching to colour frame buffer device 128x48
[    1.391509] fb0: VESA VGA frame buffer device
[    1.392048] NET: Registered PF_INET6 protocol family
[    1.398149] Segment Routing with IPv6
[    1.398373] In-situ OAM (IOAM) with IPv6
[    1.398589] mip6: Mobile IPv6
[    1.398726] NET: Registered PF_PACKET protocol family
[    1.399015] mpls_gso: MPLS GSO support
[    1.399658] microcode: sig=3D0x10676, pf=3D0x80, revision=3D0x60f
[    1.399918] microcode: Microcode Update Driver: v2.2.
[    1.399925] IPI shorthand broadcast: enabled
[    1.400560] registered taskstats version 1
[    1.400756] Loading compiled-in X.509 certificates
[    1.410735] input: AT Translated Set 2 keyboard as /devices/platform/i80=
42/serio0/input/input0
[    1.512595] Loaded X.509 cert 'Debian Secure Boot CA: 6ccece7e4c6c0d1f61=
49f3dd27dfcc5cbb419ea1'
[    1.513016] Loaded X.509 cert 'Debian Secure Boot Signer 2022 - linux: 1=
4011249c2675ea8e5148542202005810584b25f'
[    1.514075] zswap: loaded using pool lzo/zbud
[    1.514579] Key type .fscrypt registered
[    1.514765] Key type fscrypt-provisioning registered
[    1.521279] Key type encrypted registered
[    1.521478] AppArmor: AppArmor sha1 policy hashing enabled
[    1.521740] ima: No TPM chip found, activating TPM-bypass!
[    1.522000] ima: Allocated hash algorithm: sha256
[    1.522226] ima: No architecture policies found
[    1.531607] evm: Initialising EVM extended attributes:
[    1.540946] evm: security.selinux
[    1.550110] evm: security.SMACK64 (disabled)
[    1.559116] evm: security.SMACK64EXEC (disabled)
[    1.567968] evm: security.SMACK64TRANSMUTE (disabled)
[    1.576724] evm: security.SMACK64MMAP (disabled)
[    1.585431] evm: security.apparmor
[    1.594176] evm: security.ima
[    1.602937] evm: security.capability
[    1.611774] evm: HMAC attrs: 0x1
[    2.206690] Unstable clock detected, switching default tracing clock to =
"global"
               If you want to keep using the local clock, then add:
                 "trace_clock=3Dlocal"
               on the kernel command line
[    2.244150] Freeing unused kernel image (initmem) memory: 900K
[    2.274552] Write protecting kernel text and read-only data: 11868k
[    2.283363] NX-protecting the kernel data: 5376k
[    2.292588] x86/mm: Checked W+X mappings: passed, no W+X pages found.
[    2.301464] Run /init as init process
[    2.310244]   with arguments:
[    2.310246]     /init
[    2.310247]     noibrs
[    2.310249]     noibpb
[    2.310258]     nopti
[    2.310259]     nospectre_v2
[    2.310261]     nospec_store_bypass_disable
[    2.310262]     no_stf_barrier
[    2.310264]   with environment:
[    2.310265]     HOME=3D/
[    2.310267]     TERM=3Dlinux
[    2.310268]     BOOT_IMAGE=3D/vmlinuz-6.0.0-0.deb11.6-686-pae
[    2.322475] systemd[1]: Inserted module 'autofs4'
[    2.340133] systemd[1]: systemd 246.6-2 running in system mode. (+PAM +A=
UDIT +SELINUX +IMA +APPARMOR +SMACK +SYSVINIT +UTMP +LIBCRYPTSETUP +GCRYPT =
+GNUTLS +ACL +XZ +LZ4 +ZSTD +SECCOMP +BLKID +ELFUTILS +KMOD +IDN2 -IDN +PCR=
E2 default-hierarchy=3Dhybrid)
[    2.359227] systemd[1]: Detected architecture x86.
[    2.368761] systemd[1]: Running in initial RAM disk.
[    2.454677] systemd[1]: Set hostname to <nabtop>.
[    2.560149] systemd[1]: /lib/systemd/system/dracut-pre-udev.service:27: =
Standard output type syslog is obsolete, automatically updating to journal.=
 Please update your unit file, and consider removing the setting altogether.
[    2.580569] systemd[1]: /lib/systemd/system/dracut-pre-udev.service:28: =
Standard output type syslog+console is obsolete, automatically updating to =
journal+console. Please update your unit file, and consider removing the se=
tting altogether.
[    2.620702] systemd[1]: /lib/systemd/system/dracut-pre-trigger.service:2=
3: Standard output type syslog is obsolete, automatically updating to journ=
al. Please update your unit file, and consider removing the setting altoget=
her.
[    2.643543] systemd[1]: /lib/systemd/system/dracut-pre-trigger.service:2=
4: Standard output type syslog+console is obsolete, automatically updating =
to journal+console. Please update your unit file, and consider removing the=
 setting altogether.
[    2.668403] systemd[1]: /lib/systemd/system/dracut-pre-pivot.service:30:=
 Standard output type syslog is obsolete, automatically updating to journal=
=2E Please update your unit file, and consider removing the setting altoget=
her.
[    2.693310] systemd[1]: /lib/systemd/system/dracut-pre-pivot.service:31:=
 Standard output type syslog+console is obsolete, automatically updating to=
 journal+console. Please update your unit file, and consider removing the s=
etting altogether.
[    2.722157] systemd[1]: /lib/systemd/system/dracut-pre-mount.service:22:=
 Standard output type syslog is obsolete, automatically updating to journal=
=2E Please update your unit file, and consider removing the setting altoget=
her.
[    2.748846] systemd[1]: /lib/systemd/system/dracut-pre-mount.service:23:=
 Standard output type syslog+console is obsolete, automatically updating to=
 journal+console. Please update your unit file, and consider removing the s=
etting altogether.
[    2.777546] systemd[1]: /lib/systemd/system/dracut-mount.service:22: Sta=
ndard output type syslog is obsolete, automatically updating to journal. Pl=
ease update your unit file, and consider removing the setting altogether.
[    2.806761] systemd[1]: /lib/systemd/system/dracut-mount.service:23: Sta=
ndard output type syslog+console is obsolete, automatically updating to jou=
rnal+console. Please update your unit file, and consider removing the setti=
ng altogether.
[    2.837693] systemd[1]: /lib/systemd/system/dracut-initqueue.service:24:=
 Standard output type syslog is obsolete, automatically updating to journal=
=2E Please update your unit file, and consider removing the setting altoget=
her.
[    2.869500] systemd[1]: /lib/systemd/system/dracut-initqueue.service:25:=
 Standard output type syslog+console is obsolete, automatically updating to=
 journal+console. Please update your unit file, and consider removing the s=
etting altogether.
[    2.903367] systemd[1]: /lib/systemd/system/dracut-cmdline.service:26: S=
tandard output type syslog is obsolete, automatically updating to journal. =
Please update your unit file, and consider removing the setting altogether.
[    2.938216] systemd[1]: /lib/systemd/system/dracut-cmdline.service:27: S=
tandard output type syslog+console is obsolete, automatically updating to j=
ournal+console. Please update your unit file, and consider removing the set=
ting altogether.
[    2.981565] systemd[1]: Queued start job for default target Initrd Defau=
lt Target.
[    4.046250] random: crng init done
[    4.065821] systemd[1]: Created slice system-systemd\x2dhibernate\x2dres=
ume.slice.
[    4.103581] systemd[1]: Started Dispatch Password Requests to Console Di=
rectory Watch.
[    4.142035] systemd[1]: Reached target Paths.
[    4.180339] systemd[1]: Reached target Slices.
[    4.218459] systemd[1]: Reached target Swap.
[    4.256357] systemd[1]: Reached target Timers.
[    4.293345] systemd[1]: Listening on Journal Audit Socket.
[    4.330362] systemd[1]: Listening on Journal Socket (/dev/log).
[    4.367522] systemd[1]: Listening on Journal Socket.
[    4.404506] systemd[1]: Listening on udev Control Socket.
[    4.440555] systemd[1]: Listening on udev Kernel Socket.
[    4.475512] systemd[1]: Reached target Sockets.
[    4.530744] systemd[1]: Starting dracut ask for additional cmdline param=
eters...
[    4.565919] systemd[1]: Starting Create list of static device nodes for =
the current kernel...
[    4.601088] systemd[1]: Starting Journal Service...
[    4.642475] systemd[1]: Starting Load Kernel Modules...
[    4.675451] systemd[1]: Finished dracut ask for additional cmdline param=
eters.
[    4.710064] systemd[1]: Finished Create list of static device nodes for =
the current kernel.
[    4.725131] lp: driver loaded but no devices found
[    4.753195] ppdev: user-space parallel port driver
[    4.788262] SCSI subsystem initialized
[    4.802382] systemd[1]: Starting dracut cmdline hook...
[    4.828835] Asymmetric key parser 'pkcs8' registered
[    4.847910] systemd[1]: Starting Create Static Device Nodes in /dev...
[    4.874734] systemd[1]: Started Journal Service.
[    5.185888] ACPI: battery: Slot [BAT1] (battery absent)
[    5.231186] ACPI: bus type USB registered
[    5.334656] sdhci: Secure Digital Host Controller Interface driver
[    5.345647] sdhci: Copyright(c) Pierre Ossman
[    5.353554] usbcore: registered new interface driver usbfs
[    5.361407] libata version 3.00 loaded.
[    5.368126] usbcore: registered new interface driver hub
[    5.378932] usbcore: registered new device driver usb
[    5.384544] firewire_ohci 0000:0a:01.0: added OHCI v1.10 device as card =
0, 8 IR + 8 IT contexts, quirks 0x10
[    5.404215] ehci_hcd: USB 2.0 'Enhanced' Host Controller (EHCI) Driver
[    5.417754] uhci_hcd: USB Universal Host Controller Interface driver
[    5.428743] uhci_hcd 0000:00:1a.0: UHCI Host Controller
[    5.439367] uhci_hcd 0000:00:1a.0: new USB bus registered, assigned bus =
number 1
[    5.451807] uhci_hcd 0000:00:1a.0: detected 2 ports
[    5.465398] uhci_hcd 0000:00:1a.0: irq 16, io port 0x00001820
[    5.476303] ehci-pci: EHCI PCI platform driver
[    5.486751] ahci 0000:00:1f.2: version 3.0
[    5.487642] ahci 0000:00:1f.2: AHCI 0001.0200 32 slots 4 ports 3 Gbps 0x=
33 impl SATA mode
[    5.490074] usb usb1: New USB device found, idVendor=3D1d6b, idProduct=
=3D0001, bcdDevice=3D 6.00
[    5.498070] ahci 0000:00:1f.2: flags: 64bit ncq sntf led clo pio slum pa=
rt ccc ems sxs=20
[    5.508355] usb usb1: New USB device strings: Mfr=3D3, Product=3D2, Seri=
alNumber=3D1
[    5.528955] usb usb1: Product: UHCI Host Controller
[    5.539205] usb usb1: Manufacturer: Linux 6.0.0-0.deb11.6-686-pae uhci_h=
cd
[    5.549578] usb usb1: SerialNumber: 0000:00:1a.0
[    5.560479] sdhci-pci 0000:0a:01.2: SDHCI controller found [1217:7120] (=
rev 2)
[    5.562348] hub 1-0:1.0: USB hub found
[    5.572940] mmc0 bounce up to 128 segments into one, max segment size 65=
536 bytes
[    5.581717] hub 1-0:1.0: 2 ports detected
[    5.601934] ehci-pci 0000:00:1a.7: EHCI Host Controller
[    5.605819] mmc0: SDHCI controller on PCI [0000:0a:01.2] using DMA
[    5.614291] ehci-pci 0000:00:1a.7: new USB bus registered, assigned bus =
number 2
[    5.633153] ehci-pci 0000:00:1a.7: debug port 1
[    5.637562] scsi host0: ahci
[    5.656922] ehci-pci 0000:00:1a.7: irq 19, io mem 0xf4a04800
[    5.666949] scsi host1: ahci
[    5.677759] scsi host2: ahci
[    5.688142] scsi host3: ahci
[    5.690257] ehci-pci 0000:00:1a.7: USB 2.0 started, EHCI 1.00
[    5.707117] usb usb2: New USB device found, idVendor=3D1d6b, idProduct=
=3D0002, bcdDevice=3D 6.00
[    5.717009] usb usb2: New USB device strings: Mfr=3D3, Product=3D2, Seri=
alNumber=3D1
[    5.726935] usb usb2: Product: EHCI Host Controller
[    5.736792] usb usb2: Manufacturer: Linux 6.0.0-0.deb11.6-686-pae ehci_h=
cd
[    5.746860] usb usb2: SerialNumber: 0000:00:1a.7
[    5.757462] scsi host4: ahci
[    5.757957] hub 2-0:1.0: USB hub found
[    5.768573] scsi host5: ahci
[    5.778219] hub 2-0:1.0: 6 ports detected
[    5.788218] ata1: SATA max UDMA/133 abar m2048@0xf4a04000 port 0xf4a0410=
0 irq 24
[    5.807301] ata2: SATA max UDMA/133 abar m2048@0xf4a04000 port 0xf4a0418=
0 irq 24
[    5.807312] ata3: DUMMY
[    5.807313] ata4: DUMMY
[    5.807315] ata5: SATA max UDMA/133 abar m2048@0xf4a04000 port 0xf4a0430=
0 irq 24
[    5.807318] ata6: SATA max UDMA/133 abar m2048@0xf4a04000 port 0xf4a0438=
0 irq 24
[    5.827298] hub 1-0:1.0: USB hub found
[    5.866774] hub 1-0:1.0: 2 ports detected
[    5.876632] uhci_hcd 0000:00:1a.1: UHCI Host Controller
[    5.887161] uhci_hcd 0000:00:1a.1: new USB bus registered, assigned bus =
number 3
[    5.897171] uhci_hcd 0000:00:1a.1: detected 2 ports
[    5.906739] uhci_hcd 0000:00:1a.1: irq 21, io port 0x00001840
[    5.916309] usb usb3: New USB device found, idVendor=3D1d6b, idProduct=
=3D0001, bcdDevice=3D 6.00
[    5.926018] usb usb3: New USB device strings: Mfr=3D3, Product=3D2, Seri=
alNumber=3D1
[    5.935714] usb usb3: Product: UHCI Host Controller
[    5.945315] usb usb3: Manufacturer: Linux 6.0.0-0.deb11.6-686-pae uhci_h=
cd
[    5.955092] usb usb3: SerialNumber: 0000:00:1a.1
[    5.964926] firewire_core 0000:0a:01.0: created device fw0: GUID 001b240=
0013bc0de, S400
[    5.966157] hub 3-0:1.0: USB hub found
[    5.984364] hub 3-0:1.0: 2 ports detected
[    5.994246] ehci-pci 0000:00:1d.7: EHCI Host Controller
[    6.003644] ehci-pci 0000:00:1d.7: new USB bus registered, assigned bus =
number 4
[    6.013079] ehci-pci 0000:00:1d.7: debug port 1
[    6.026278] ehci-pci 0000:00:1d.7: irq 23, io mem 0xf4a04c00
[    6.050474] ehci-pci 0000:00:1d.7: USB 2.0 started, EHCI 1.00
[    6.059699] usb usb4: New USB device found, idVendor=3D1d6b, idProduct=
=3D0002, bcdDevice=3D 6.00
[    6.068991] usb usb4: New USB device strings: Mfr=3D3, Product=3D2, Seri=
alNumber=3D1
[    6.078175] usb usb4: Product: EHCI Host Controller
[    6.087236] usb usb4: Manufacturer: Linux 6.0.0-0.deb11.6-686-pae ehci_h=
cd
[    6.096466] usb usb4: SerialNumber: 0000:00:1d.7
[    6.105971] hub 4-0:1.0: USB hub found
[    6.115253] hub 4-0:1.0: 6 ports detected
[    6.124823] uhci_hcd 0000:00:1a.2: UHCI Host Controller
[    6.148859] ata5: SATA link down (SStatus 0 SControl 300)
[    6.157736] ata6: SATA link down (SStatus 0 SControl 300)
[    6.166469] ata2: SATA link up 1.5 Gbps (SStatus 113 SControl 300)
[    6.175381] ata1: SATA link up 3.0 Gbps (SStatus 123 SControl 300)
[    6.175479] uhci_hcd 0000:00:1a.2: new USB bus registered, assigned bus =
number 5
[    6.184396] ata2.00: ATAPI: MATSHITADVD-RAM UJ862AS, 1.50, max UDMA/33
[    6.193841] uhci_hcd 0000:00:1a.2: detected 2 ports
[    6.202690] ata1.00: unexpected _GTF length (8)
[    6.211315] uhci_hcd 0000:00:1a.2: irq 19, io port 0x00001860
[    6.220239] ata2.00: configured for UDMA/33
[    6.228868] usb usb5: New USB device found, idVendor=3D1d6b, idProduct=
=3D0001, bcdDevice=3D 6.00
[    6.237658] ata1.00: ATA-9: C400-MTFDDAK256MAM, 0609, max UDMA/100
[    6.246594] usb usb5: New USB device strings: Mfr=3D3, Product=3D2, Seri=
alNumber=3D1
[    6.256024] ata1.00: 500118192 sectors, multi 16: LBA48 NCQ (depth 32), =
AA
[    6.265187] usb usb5: Product: UHCI Host Controller
[    6.275019] ata1.00: unexpected _GTF length (8)
[    6.284187] usb usb5: Manufacturer: Linux 6.0.0-0.deb11.6-686-pae uhci_h=
cd
[    6.293854] ata1.00: configured for UDMA/100
[    6.303452] usb usb5: SerialNumber: 0000:00:1a.2
[    6.313487] scsi 0:0:0:0: Direct-Access     ATA      C400-MTFDDAK256M 06=
09 PQ: 0 ANSI: 5
[    6.323326] hub 5-0:1.0: USB hub found
[    6.336328] scsi 1:0:0:0: CD-ROM            MATSHITA DVD-RAM UJ862AS  1.=
50 PQ: 0 ANSI: 5
[    6.343108] hub 5-0:1.0: 2 ports detected
[    6.364142] uhci_hcd 0000:00:1d.0: UHCI Host Controller
[    6.374770] uhci_hcd 0000:00:1d.0: new USB bus registered, assigned bus =
number 6
[    6.385292] uhci_hcd 0000:00:1d.0: detected 2 ports
[    6.396204] uhci_hcd 0000:00:1d.0: irq 23, io port 0x00001880
[    6.406652] usb usb6: New USB device found, idVendor=3D1d6b, idProduct=
=3D0001, bcdDevice=3D 6.00
[    6.417181] usb usb6: New USB device strings: Mfr=3D3, Product=3D2, Seri=
alNumber=3D1
[    6.427737] usb usb6: Product: UHCI Host Controller
[    6.438078] usb usb6: Manufacturer: Linux 6.0.0-0.deb11.6-686-pae uhci_h=
cd
[    6.448503] usb usb6: SerialNumber: 0000:00:1d.0
[    6.462332] hub 6-0:1.0: USB hub found
[    6.472777] hub 6-0:1.0: 2 ports detected
[    6.484005] uhci_hcd 0000:00:1d.1: UHCI Host Controller
[    6.494177] uhci_hcd 0000:00:1d.1: new USB bus registered, assigned bus =
number 7
[    6.505112] uhci_hcd 0000:00:1d.1: detected 2 ports
[    6.515289] uhci_hcd 0000:00:1d.1: irq 19, io port 0x000018a0
[    6.525414] sr 1:0:0:0: [sr0] scsi3-mmc drive: 24x/24x writer dvd-ram cd=
/rw xa/form2 cdda tray
[    6.525498] usb usb7: New USB device found, idVendor=3D1d6b, idProduct=
=3D0001, bcdDevice=3D 6.00
[    6.535786] cdrom: Uniform CD-ROM driver Revision: 3.20
[    6.546129] usb usb7: New USB device strings: Mfr=3D3, Product=3D2, Seri=
alNumber=3D1
[    6.567014] usb usb7: Product: UHCI Host Controller
[    6.577382] usb usb7: Manufacturer: Linux 6.0.0-0.deb11.6-686-pae uhci_h=
cd
[    6.587834] usb usb7: SerialNumber: 0000:00:1d.1
[    6.599333] hub 7-0:1.0: USB hub found
[    6.610151] hub 7-0:1.0: 2 ports detected
[    6.621099] sr 1:0:0:0: Attached scsi CD-ROM sr0
[    6.621631] uhci_hcd 0000:00:1d.2: UHCI Host Controller
[    6.622743] sd 0:0:0:0: [sda] 500118192 512-byte logical blocks: (256 GB=
/238 GiB)
[    6.632690] uhci_hcd 0000:00:1d.2: new USB bus registered, assigned bus =
number 8
[    6.644127] sd 0:0:0:0: [sda] Write Protect is off
[    6.654215] uhci_hcd 0000:00:1d.2: detected 2 ports
[    6.664645] sd 0:0:0:0: [sda] Mode Sense: 00 3a 00 00
[    6.664937] sd 0:0:0:0: [sda] Write cache: enabled, read cache: enabled,=
 doesn't support DPO or FUA
[    6.676467] uhci_hcd 0000:00:1d.2: irq 18, io port 0x000018c0
[    6.697761] sd 0:0:0:0: [sda] Preferred minimum I/O size 512 bytes
[    6.709261] usb usb8: New USB device found, idVendor=3D1d6b, idProduct=
=3D0001, bcdDevice=3D 6.00
[    6.716552]  sda: sda1 sda2 sda3 sda4
[    6.720785] usb usb8: New USB device strings: Mfr=3D3, Product=3D2, Seri=
alNumber=3D1
[    6.733020] sd 0:0:0:0: [sda] Attached SCSI disk
[    6.743248] usb usb8: Product: UHCI Host Controller
[    6.743250] usb usb8: Manufacturer: Linux 6.0.0-0.deb11.6-686-pae uhci_h=
cd
[    6.743252] usb usb8: SerialNumber: 0000:00:1d.2
[    6.744905] hub 8-0:1.0: USB hub found
[    6.754433] usb 6-2: new full-speed USB device number 2 using uhci_hcd
[    6.811408] hub 8-0:1.0: 2 ports detected
[    6.931662] PM: Image not found (code -22)
[    6.945625] usb 6-2: New USB device found, idVendor=3D08ff, idProduct=3D=
1600, bcdDevice=3D c.10
[    6.945631] usb 6-2: New USB device strings: Mfr=3D0, Product=3D1, Seria=
lNumber=3D0
[    6.945634] usb 6-2: Product: Fingerprint Sensor
[    8.266279] usb 4-4: new high-speed USB device number 4 using ehci-pci
[    8.474722] usb 4-4: New USB device found, idVendor=3D04f2, idProduct=3D=
b064, bcdDevice=3D10.21
[    8.485301] usb 4-4: New USB device strings: Mfr=3D2, Product=3D1, Seria=
lNumber=3D3
[    8.495908] usb 4-4: Product: CNA7137
[    8.506416] usb 4-4: Manufacturer: Chicony Electronics Co., Ltd.
[    8.517076] usb 4-4: SerialNumber: SN0001
[    9.084326] EXT4-fs (sda2): mounted filesystem with ordered data mode. Q=
uota mode: none.
[   10.064094] systemd[1]: systemd 246.6-2 running in system mode. (+PAM +A=
UDIT +SELINUX +IMA +APPARMOR +SMACK +SYSVINIT +UTMP +LIBCRYPTSETUP +GCRYPT =
+GNUTLS +ACL +XZ +LZ4 +ZSTD +SECCOMP +BLKID +ELFUTILS +KMOD +IDN2 -IDN +PCR=
E2 default-hierarchy=3Dhybrid)
[   10.080868] systemd[1]: Detected architecture x86.
[   10.115318] systemd[1]: Set hostname to <nabtop>.
[   10.409778] systemd[1]: /usr/lib/dracut/modules.d/98dracut-systemd/dracu=
t-mount.service:22: Standard output type syslog is obsolete, automatically =
updating to journal. Please update your unit file, and consider removing th=
e setting altogether.
[   10.427268] systemd[1]: /usr/lib/dracut/modules.d/98dracut-systemd/dracu=
t-mount.service:23: Standard output type syslog+console is obsolete, automa=
tically updating to journal+console. Please update your unit file, and cons=
ider removing the setting altogether.
[   10.456303] systemd[1]: /usr/lib/dracut/modules.d/98dracut-systemd/dracu=
t-pre-mount.service:22: Standard output type syslog is obsolete, automatica=
lly updating to journal. Please update your unit file, and consider removin=
g the setting altogether.
[   10.476919] systemd[1]: /usr/lib/dracut/modules.d/98dracut-systemd/dracu=
t-pre-mount.service:23: Standard output type syslog+console is obsolete, au=
tomatically updating to journal+console. Please update your unit file, and =
consider removing the setting altogether.
[   10.511255] systemd[1]: /usr/lib/dracut/modules.d/98dracut-systemd/dracu=
t-initqueue.service:24: Standard output type syslog is obsolete, automatica=
lly updating to journal. Please update your unit file, and consider removin=
g the setting altogether.
[   10.535394] systemd[1]: /usr/lib/dracut/modules.d/98dracut-systemd/dracu=
t-initqueue.service:25: Standard output type syslog+console is obsolete, au=
tomatically updating to journal+console. Please update your unit file, and =
consider removing the setting altogether.
[   10.602003] systemd[1]: /lib/systemd/system/smartmontools.service:10: St=
andard output type syslog is obsolete, automatically updating to journal. P=
lease update your unit file, and consider removing the setting altogether.
[   10.657214] systemd[1]: /lib/systemd/system/cron-failure@.service:11: Sp=
ecial user nobody configured, this is not safe!
[   10.674987] systemd[1]: /lib/systemd/system/cron-failure@.service:11: Sp=
ecial user nobody configured, this is not safe!
[   10.692102] systemd[1]: /lib/systemd/system/cron-monthly.timer:10: Unkno=
wn key name 'ConditionPathExists' in section 'Timer', ignoring.
[   10.722932] systemd[1]: /lib/systemd/system/cron-failure@.service:11: Sp=
ecial user nobody configured, this is not safe!
[   10.739316] systemd[1]: /lib/systemd/system/cron-weekly.timer:10: Unknow=
n key name 'ConditionPathExists' in section 'Timer', ignoring.
[   10.771798] systemd[1]: /lib/systemd/system/cron-failure@.service:11: Sp=
ecial user nobody configured, this is not safe!
[   10.789005] systemd[1]: /lib/systemd/system/cron-daily.timer:10: Unknown=
 key name 'ConditionPathExists' in section 'Timer', ignoring.
[   10.823139] systemd[1]: /lib/systemd/system/cron-failure@.service:11: Sp=
ecial user nobody configured, this is not safe!
[   10.840863] systemd[1]: /lib/systemd/system/cron-hourly.timer:9: Unknown=
 key name 'ConditionPathExists' in section 'Timer', ignoring.
[   10.876143] systemd[1]: /lib/systemd/system/cron-failure@.service:11: Sp=
ecial user nobody configured, this is not safe!
[   10.944037] systemd[1]: /usr/lib/dracut/modules.d/98dracut-systemd/dracu=
t-pre-pivot.service:30: Standard output type syslog is obsolete, automatica=
lly updating to journal. Please update your unit file, and consider removin=
g the setting altogether.
[   10.980159] systemd[1]: /usr/lib/dracut/modules.d/98dracut-systemd/dracu=
t-pre-pivot.service:31: Standard output type syslog+console is obsolete, au=
tomatically updating to journal+console. Please update your unit file, and =
consider removing the setting altogether.
[   11.041888] systemd[1]: /usr/lib/dracut/modules.d/98dracut-systemd/dracu=
t-pre-udev.service:27: Standard output type syslog is obsolete, automatical=
ly updating to journal. Please update your unit file, and consider removing=
 the setting altogether.
[   11.080666] systemd[1]: /usr/lib/dracut/modules.d/98dracut-systemd/dracu=
t-pre-udev.service:28: Standard output type syslog+console is obsolete, aut=
omatically updating to journal+console. Please update your unit file, and c=
onsider removing the setting altogether.
[   11.142094] systemd[1]: /usr/lib/dracut/modules.d/98dracut-systemd/dracu=
t-pre-trigger.service:23: Standard output type syslog is obsolete, automati=
cally updating to journal. Please update your unit file, and consider remov=
ing the setting altogether.
[   11.182664] systemd[1]: /usr/lib/dracut/modules.d/98dracut-systemd/dracu=
t-pre-trigger.service:24: Standard output type syslog+console is obsolete, =
automatically updating to journal+console. Please update your unit file, an=
d consider removing the setting altogether.
[   11.246340] systemd[1]: /usr/lib/dracut/modules.d/98dracut-systemd/dracu=
t-cmdline.service:26: Standard output type syslog is obsolete, automaticall=
y updating to journal. Please update your unit file, and consider removing =
the setting altogether.
[   11.289351] systemd[1]: /usr/lib/dracut/modules.d/98dracut-systemd/dracu=
t-cmdline.service:27: Standard output type syslog+console is obsolete, auto=
matically updating to journal+console. Please update your unit file, and co=
nsider removing the setting altogether.
[   11.451709] systemd[1]: initrd-switch-root.service: Succeeded.
[   11.473485] systemd[1]: Stopped Switch Root.
[   11.515550] systemd[1]: systemd-journald.service: Scheduled restart job,=
 restart counter is at 1.
[   11.536501] systemd[1]: Created slice system-getty.slice.
[   11.577113] systemd[1]: Created slice system-modprobe.slice.
[   11.616827] systemd[1]: Created slice system-systemd\x2dfsck.slice.
[   11.655666] systemd[1]: Created slice User and Session Slice.
[   11.693338] systemd[1]: Started Dispatch Password Requests to Console Di=
rectory Watch.
[   11.730580] systemd[1]: Started Forward Password Requests to Wall Direct=
ory Watch.
[   11.768526] systemd[1]: Set up automount Arbitrary Executable File Forma=
ts File System Automount Point.
[   11.806172] systemd[1]: Reached target Local Encrypted Volumes.
[   11.843359] systemd[1]: Stopped target Switch Root.
[   11.879668] systemd[1]: Stopped target Initrd File Systems.
[   11.915271] systemd[1]: Stopped target Initrd Root File System.
[   11.950456] systemd[1]: Reached target User and Group Name Lookups.
[   11.984890] systemd[1]: Reached target Remote File Systems.
[   12.018439] systemd[1]: Reached target Slices.
[   12.050996] systemd[1]: Listening on fsck to fsckd communication Socket.
[   12.082729] systemd[1]: Listening on initctl Compatibility Named Pipe.
[   12.114710] systemd[1]: Listening on Network Service Netlink Socket.
[   12.145056] systemd[1]: Listening on udev Control Socket.
[   12.174197] systemd[1]: Listening on udev Kernel Socket.
[   12.222713] systemd[1]: Mounting Huge Pages File System...
[   12.251615] systemd[1]: Mounting POSIX Message Queue File System...
[   12.279651] systemd[1]: Mounting Kernel Debug File System...
[   12.306920] systemd[1]: Mounting Kernel Trace File System...
[   12.346792] systemd[1]: Starting Set the console keyboard layout...
[   12.374218] systemd[1]: Starting Create list of static device nodes for =
the current kernel...
[   12.402313] systemd[1]: Starting Load Kernel Module drm...
[   12.447298] ACPI: bus type drm_connector registered
[   12.474809] systemd[1]: Starting nftables...
[   12.501863] systemd[1]: Condition check resulted in Set Up Additional Bi=
nary Formats being skipped.
[   12.515172] systemd[1]: Stopped Journal Service.
[   12.554845] systemd[1]: Starting Journal Service...
[   12.585471] systemd[1]: Starting Load Kernel Modules...
[   12.614566] systemd[1]: Starting Remount Root and Kernel File Systems...
[   12.642675] systemd[1]: Starting Coldplug All udev Devices...
[   12.665104] EXT4-fs (sda2): re-mounted. Quota mode: none.
[   12.693047] systemd[1]: sysroot.mount: Succeeded.
[   12.706533] systemd[1]: Started Journal Service.
[   12.886314] Adding 4718588k swap on /HIBERFIL.SYS.  Priority:-2 extents:=
59 across:7757820k SSFS
[   13.416194] EXT4-fs (sda3): mounted filesystem with ordered data mode. Q=
uota mode: none.
[   13.503844] input: Power Button as /devices/LNXSYSTM:00/LNXSYBUS:00/PNP0=
C0C:00/input/input5
[   13.520781] ACPI: button: Power Button [PWRB]
[   13.531189] ACPI: AC: AC Adapter [ACAD] (on-line)
[   13.550379] input: Lid Switch as /devices/LNXSYSTM:00/LNXSYBUS:00/PNP0C0=
D:00/input/input6
[   13.570749] ACPI: button: Lid Switch [LID]
[   13.588841] input: Power Button as /devices/LNXSYSTM:00/LNXPWRBN:00/inpu=
t/input7
[   13.622951] toshiba_haps: Toshiba HDD Active Protection Sensor device
[   13.652845] ACPI: button: Power Button [PWRF]
[   13.712521] sky2: driver version 1.30
[   13.740608] sky2 0000:07:00.0: enabling device (0000 -> 0003)
[   13.753256] toshiba_bluetooth: Toshiba ACPI Bluetooth device driver
[   13.802406] sky2 0000:07:00.0: Yukon-2 Extreme chip revision 2
[   13.802855] sky2 0000:07:00.0 eth0: addr 00:23:8b:10:3d:d6
[   13.811938] ACPI Warning: SystemIO range 0x0000000000000428-0x0000000000=
00042F conflicts with OpRegion 0x0000000000000400-0x000000000000047F (\PMIO=
) (20220331/utaddress-204)
[   13.811947] ACPI: OSL: Resource conflict; ACPI support missing from driv=
er?
[   13.811952] ACPI Warning: SystemIO range 0x00000000000011B0-0x0000000000=
0011BF conflicts with OpRegion 0x0000000000001180-0x00000000000011BB (\GPIO=
) (20220331/utaddress-204)
[   13.811957] ACPI: OSL: Resource conflict; ACPI support missing from driv=
er?
[   13.811959] ACPI Warning: SystemIO range 0x0000000000001180-0x0000000000=
0011AF conflicts with OpRegion 0x0000000000001180-0x00000000000011BB (\GPIO=
) (20220331/utaddress-204)
[   13.811963] ACPI: OSL: Resource conflict; ACPI support missing from driv=
er?
[   13.811964] lpc_ich: Resource conflict(s) found affecting gpio_ich
[   13.910622] mc: Linux media interface: v0.10
[   13.972437] input: PC Speaker as /devices/platform/pcspkr/input/input9
[   13.972859] i801_smbus 0000:00:1f.3: SMBus using PCI interrupt
[   13.979824] sd 0:0:0:0: Attached scsi generic sg0 type 0
[   13.983017] sr 1:0:0:0: Attached scsi generic sg1 type 5
[   13.991227] toshiba_acpi: Toshiba Laptop ACPI Extras version 0.24
[   13.998424] videodev: Linux video capture interface: v2.00
[   14.056404] intel_powerclamp: No package C-state available
[   14.057803] input: Toshiba input device as /devices/virtual/input/input13
[   14.108584] toshiba_acpi: Supported laptop features: hotkeys touchpad co=
oling-method
[   14.229942] sky2 0000:07:00.0 lan1: renamed from eth0
[   14.257264] cfg80211: Loading compiled-in X.509 certificates for regulat=
ory database
[   14.258341] cfg80211: Loaded X.509 cert 'benh@debian.org: 577e021cb980e0=
e820821ba7b54b4961b8b4fadf'
[   14.258747] intel_powerclamp: No package C-state available
[   14.259387] cfg80211: Loaded X.509 cert 'romain.perier@gmail.com: 3abbc6=
ec146e09d1b6016ab9d6cf71dd233f0328'
[   14.260448] cfg80211: Loaded X.509 cert 'sforshee: 00b28ddf47aef9cea7'
[   14.263476] platform regulatory.0: firmware: failed to load regulatory.d=
b (-2)
[   14.263483] firmware_class: See https://wiki.debian.org/Firmware for inf=
ormation about missing firmware
[   14.263509] platform regulatory.0: firmware: failed to load regulatory.d=
b (-2)
[   14.263511] platform regulatory.0: Direct firmware load for regulatory.d=
b failed with error -2
[   14.263516] cfg80211: failed to load regulatory.db
[   14.369913] usb 7-1: new full-speed USB device number 2 using uhci_hcd
[   14.377998] iTCO_vendor_support: vendor-support=3D0
[   14.396639] iTCO_wdt iTCO_wdt.1.auto: Found a ICH9M TCO device (Version=
=3D2, TCOBASE=3D0x0460)
[   14.396786] iTCO_wdt iTCO_wdt.1.auto: initialized. heartbeat=3D30 sec (n=
owayout=3D0)
[   14.406101] usb 4-4: Found UVC 1.00 device CNA7137 (04f2:b064)
[   14.435657] input: CNA7137: Chicony USB 2.0 Camera as /devices/pci0000:0=
0/0000:00:1d.7/usb4/4-4/4-4:1.0/input/input14
[   14.435885] usbcore: registered new interface driver uvcvideo
[   14.438857] Intel(R) Wireless WiFi driver for Linux
[   14.438929] iwlwifi 0000:08:00.0: enabling device (0000 -> 0002)
[   14.439069] iwlwifi 0000:08:00.0: can't disable ASPM; OS doesn't have AS=
PM control
[   14.453136] iwlwifi 0000:08:00.0: firmware: direct-loading firmware iwlw=
ifi-5000-5.ucode
[   14.453362] iwlwifi 0000:08:00.0: loaded firmware version 8.83.5.1 build=
 33692 5000-5.ucode op_mode iwldvm
[   14.752711] i915 0000:00:02.0: [drm:intel_uc_init_early [i915]] enable_g=
uc=3D0 (guc:no submission:no huc:no slpc:no)
[   14.752872] i915 0000:00:02.0: [drm:intel_detect_pch [i915]] No PCH foun=
d.
[   14.752989] i915 0000:00:02.0: [drm:intel_power_domains_init [i915]] All=
owed DC state mask 00
[   14.753156] i915 0000:00:02.0: [drm:intel_device_info_runtime_init [i915=
]] rawclk rate: 266667 kHz
[   14.753278] i915 0000:00:02.0: [drm:intel_engine_context_size [i915]] gr=
aphics_ver =3D 4 CXT_SIZE =3D 2688 bytes [0x00000029]
[   14.753418] pci 0000:00:00.0: Intel GM45 Chipset
[   14.753440] pci 0000:00:00.0: detected gtt size: 2097152K total, 262144K=
 mappable
[   14.753822] pci 0000:00:00.0: detected 131072K stolen memory
[   14.753866] i915 0000:00:02.0: [drm:i915_ggtt_probe_hw [i915]] GGTT size=
 =3D 2048M
[   14.754049] i915 0000:00:02.0: [drm:i915_ggtt_probe_hw [i915]] GMADR siz=
e =3D 256M
[   14.754174] i915 0000:00:02.0: [drm:i915_ggtt_probe_hw [i915]] DSM size =
=3D 128M
[   14.798698] snd_hda_codec_conexant hdaudioC0D0: CX20561 (Hermosa): BIOS =
auto-probing.
[   14.800933] snd_hda_codec_conexant hdaudioC0D0: autoconfig for CX20561 (=
Hermosa): line_outs=3D1 (0x1a/0x0/0x0/0x0/0x0) type:speaker
[   14.800939] snd_hda_codec_conexant hdaudioC0D0:    speaker_outs=3D0 (0x0=
/0x0/0x0/0x0/0x0)
[   14.800942] snd_hda_codec_conexant hdaudioC0D0:    hp_outs=3D1 (0x16/0x0=
/0x0/0x0/0x0)
[   14.800945] snd_hda_codec_conexant hdaudioC0D0:    mono: mono_out=3D0x0
[   14.800947] snd_hda_codec_conexant hdaudioC0D0:    dig-out=3D0x1c/0x0
[   14.800949] snd_hda_codec_conexant hdaudioC0D0:    inputs:
[   14.800950] snd_hda_codec_conexant hdaudioC0D0:      Internal Mic=3D0x1d
[   14.800953] snd_hda_codec_conexant hdaudioC0D0:      Mic=3D0x17
[   14.807897] input: HDA Digital PCBeep as /devices/pci0000:00/0000:00:1b.=
0/sound/card0/input15
[   14.808053] input: HDA Intel Mic as /devices/pci0000:00/0000:00:1b.0/sou=
nd/card0/input16
[   14.808130] input: HDA Intel Front Headphone as /devices/pci0000:00/0000=
:00:1b.0/sound/card0/input17
[   14.929483] usb 7-1: New USB device found, idVendor=3D0930, idProduct=3D=
0200, bcdDevice=3D 1.44
[   15.005701] iwlwifi 0000:08:00.0: CONFIG_IWLWIFI_DEBUG disabled
[   15.016620] usb 7-1: New USB device strings: Mfr=3D1, Product=3D2, Seria=
lNumber=3D3
[   15.016624] usb 7-1: Product: TAIYO YUDEN for Toshiba(0x0200)
[   15.016626] usb 7-1: Manufacturer: Broadcom Corp
[   15.016628] usb 7-1: SerialNumber: 00037A99A734
[   15.092144] iwlwifi 0000:08:00.0: CONFIG_IWLWIFI_DEBUGFS disabled
[   15.092155] iwlwifi 0000:08:00.0: CONFIG_IWLWIFI_DEVICE_TRACING disabled
[   15.092157] iwlwifi 0000:08:00.0: Detected Intel(R) WiFi Link 5100 AGN, =
REV=3D0x54
[   15.144183] ieee80211 phy0: Selected rate control algorithm 'iwl-agn-rs'
[   15.147019] iwlwifi 0000:08:00.0 wifi1: renamed from wlan0
[   15.213610] Console: switching to colour dummy device 80x25
[   15.214941] alg: No test for fips(ansi_cprng) (fips_ansi_cprng)
[   15.215239] i915 0000:00:02.0: vgaarb: deactivate vga console
[   15.218783] i915 0000:00:02.0: [drm:i915_gem_init_stolen [i915]] CTG_STO=
LEN_RESERVED =3D 00000002
[   15.218963] i915 0000:00:02.0: [drm:i915_gem_init_stolen [i915]] Memory =
reserved for graphics device: 131072K, usable: 131072K
[   15.219111] i915 0000:00:02.0: [drm:intel_opregion_setup [i915]] graphic=
 opregion physical addr: 0xb5f71020
[   15.219263] i915 0000:00:02.0: [drm:intel_opregion_setup [i915]] ACPI Op=
Region version 2.0.0
[   15.219404] i915 0000:00:02.0: [drm:intel_opregion_setup [i915]] Public =
ACPI methods supported
[   15.219544] i915 0000:00:02.0: [drm:intel_opregion_setup [i915]] SWSCI M=
ailbox #2 present for opregion v2.x
[   15.219683] i915 0000:00:02.0: [drm:intel_opregion_setup [i915]] SWSCI s=
upported
[   15.224561] i915 0000:00:02.0: [drm:intel_opregion_setup [i915]] SWSCI B=
IOS requested (00000241) SBCB callbacks that are not supported (00000001)
[   15.224741] i915 0000:00:02.0: [drm:intel_opregion_setup [i915]] SWSCI G=
BDA callbacks 00000cf3, SBCB callbacks 00000241
[   15.224882] i915 0000:00:02.0: [drm:intel_opregion_setup [i915]] ASLE su=
pported
[   15.225022] i915 0000:00:02.0: [drm:intel_opregion_setup [i915]] ASLE ex=
tension supported
[   15.225162] i915 0000:00:02.0: [drm:intel_opregion_setup [i915]] Found v=
alid VBT in ACPI OpRegion (Mailbox #4)
[   15.240717] i915 0000:00:02.0: [drm:intel_bios_init [i915]] Set default =
to SSC at 100000 kHz
[   15.240899] i915 0000:00:02.0: [drm:intel_bios_init [i915]] VBT signatur=
e "$VBT CANTIGA        ", BDB version 141
[   15.241052] i915 0000:00:02.0: [drm:intel_bios_init [i915]] Found BDB bl=
ock 1 (size 5, min size 7)
[   15.241198] i915 0000:00:02.0: [drm:intel_bios_init [i915]] Found BDB bl=
ock 2 (size 269, min size 5)
[   15.241343] i915 0000:00:02.0: [drm:intel_bios_init [i915]] Found BDB bl=
ock 12 (size 17, min size 19)
[   15.241488] i915 0000:00:02.0: [drm:intel_bios_init [i915]] Found BDB bl=
ock 22 (size 23, min size 22)
[   15.241632] i915 0000:00:02.0: [drm:intel_bios_init [i915]] Found BDB bl=
ock 23 (size 72, min size 72)
[   15.241783] i915 0000:00:02.0: [drm:intel_bios_init [i915]] Found BDB bl=
ock 40 (size 16, min size 34)
[   15.241928] i915 0000:00:02.0: [drm:intel_bios_init [i915]] Found BDB bl=
ock 41 (size 145, min size 148)
[   15.242074] i915 0000:00:02.0: [drm:intel_bios_init [i915]] Found BDB bl=
ock 42 (size 1184, min size 1184)
[   15.242219] i915 0000:00:02.0: [drm:intel_bios_init [i915]] Found BDB bl=
ock 43 (size 97, min size 305)
[   15.242377] i915 0000:00:02.0: [drm:intel_bios_init [i915]] Found BDB bl=
ock 44 (size 21, min size 78)
[   15.242523] i915 0000:00:02.0: [drm:intel_bios_init [i915]] BDB_GENERAL_=
FEATURES int_tv_support 1 int_crt_support 1 lvds_use_ssc 1 lvds_ssc_freq 96=
000 display_clock_mode 0 fdi_rx_polarity_inverted 0
[   15.242668] i915 0000:00:02.0: [drm:intel_bios_init [i915]] crt_ddc_bus_=
pin: 2
[   15.242812] i915 0000:00:02.0: [drm:intel_bios_init [i915]] Found VBT ch=
ild device with type 0x1009
[   15.242957] i915 0000:00:02.0: [drm:intel_bios_init [i915]] Found VBT ch=
ild device with type 0x1022
[   15.243108] i915 0000:00:02.0: [drm:intel_bios_init [i915]] Found VBT ch=
ild device with type 0x60d2
[   15.243253] i915 0000:00:02.0: [drm:intel_bios_init [i915]] No SDVO devi=
ce info is found in VBT
[   15.243397] i915 0000:00:02.0: [drm:intel_bios_init [i915]] Port B VBT i=
nfo: CRT:0 DVI:1 HDMI:1 DP:0 eDP:0 LSPCON:0 USB-Type-C:0 TBT:0 DSC:0
[   15.243547] i915 0000:00:02.0: [drm:intel_power_well_enable [i915]] enab=
ling always-on
[   15.243727] i915 0000:00:02.0: [drm:intel_fbc_init [i915]] Sanitized ena=
ble_fbc value: 0
[   15.243884] i915 0000:00:02.0: [drm:intel_init_pm [i915]] SAGV supported=
: no, original SAGV block time: 0 us
[   15.249830] i915 0000:00:02.0: [drm:intel_modeset_init_nogem [i915]] 2 d=
isplay pipes available.
[   15.250062] i915 0000:00:02.0: [drm:intel_hpll_vco [i915]] HPLL VCO 3200=
000 kHz
[   15.250209] i915 0000:00:02.0: [drm:intel_cdclk_dump_config [i915]] Curr=
ent CDCLK 320000 kHz, VCO 3200000 kHz, ref 0 kHz, bypass 0 kHz, voltage lev=
el 0
[   15.250378] i915 0000:00:02.0: [drm:intel_update_max_cdclk [i915]] Max C=
D clock rate: 320000 kHz
[   15.250523] i915 0000:00:02.0: [drm:intel_update_max_cdclk [i915]] Max d=
otclock rate: 288000 kHz
[   15.251878] i915 0000:00:02.0: [drm:intel_lvds_init [i915]] LVDS PPS:t1+=
t2 400 t3 400 t4 4000 t5 4000 tx 2500 divider 15999 port 0 powerdown_on_res=
et 0
[   15.267619] [drm:update_display_info [drm]] Supported Monitor Refresh ra=
te range is 0 Hz - 0 Hz
[   15.267651] [drm:update_display_info [drm]] Supported Monitor Refresh ra=
te range is 0 Hz - 0 Hz
[   15.267670] [drm:_drm_edid_connector_update [drm]] ELD monitor=20
[   15.267687] [drm:_drm_edid_connector_update [drm]] ELD size 20, SAD coun=
t 0
[   15.267723] [drm:update_display_info [drm]] Supported Monitor Refresh ra=
te range is 0 Hz - 0 Hz
[   15.268011] i915 0000:00:02.0: [drm:intel_opregion_get_panel_type [i915]=
] Ignoring OpRegion panel type (6)
[   15.268174] i915 0000:00:02.0: [drm:intel_bios_init_panel [i915]] Panel =
type (VBT): 13
[   15.268319] i915 0000:00:02.0: [drm:intel_bios_init_panel [i915]] Panel =
type (PNPID): 13
[   15.268463] i915 0000:00:02.0: [drm:intel_bios_init_panel [i915]] Panel =
type (fallback): 0
[   15.268607] i915 0000:00:02.0: [drm:intel_bios_init_panel [i915]] Select=
ed panel type (VBT): 13
[   15.268751] i915 0000:00:02.0: [drm:intel_bios_init_panel [i915]] DRRS s=
upported mode is static
[   15.268896] i915 0000:00:02.0: [drm:intel_bios_init_panel [i915]] Found =
panel mode in BIOS VBT legacy lfp table: "1280x800": 60 71000 1280 1328 136=
0 1440 800 803 809 823 0x8 0xa
[   15.269049] i915 0000:00:02.0: [drm:intel_bios_init_panel [i915]] VBT in=
itial LVDS value 42300300
[   15.269193] i915 0000:00:02.0: [drm:intel_bios_init_panel [i915]] PWM ba=
cklight not present in VBT (type 0)
[   15.269338] i915 0000:00:02.0: [drm:intel_bios_init_panel [i915]] Found =
SDVO panel mode in BIOS VBT tables: "1600x1200": 60 162000 1600 1664 1856 2=
160 1200 1201 1204 1250 0x8 0xa
[   15.269484] i915 0000:00:02.0: [drm:intel_bios_init_panel [i915]] DRRS S=
tate Enabled:0
[   15.269628] i915 0000:00:02.0: [drm:intel_bios_init_panel [i915]] No PSR=
 BDB found.
[   15.269772] i915 0000:00:02.0: [drm:intel_panel_add_edid_fixed_modes [i9=
15]] [CONNECTOR:61:LVDS-1] using preferred EDID fixed mode: "1280x800": 60 =
71000 1280 1328 1360 1440 800 803 809 823 0x48 0xa
[   15.269916] i915 0000:00:02.0: [drm:intel_panel_init [i915]] [CONNECTOR:=
61:LVDS-1] DRRS type: none
[   15.270055] i915 0000:00:02.0: [drm:intel_backlight_setup [i915]] no bac=
klight present per VBT
[   15.270197] i915 0000:00:02.0: [drm:intel_lvds_init [i915]] detected sin=
gle-link lvds configuration
[   15.274342] i915 0000:00:02.0: [drm:intel_modeset_init_nogem [i915]] pro=
bing SDVOB
[   15.274495] i915 0000:00:02.0: [drm:intel_gmbus_force_bit [i915]] enabli=
ng bit-banging on i915 gmbus dpb. force bit now 1
[   15.276653] [drm:intel_sdvo_read_byte.isra.0 [i915]] i2c transfer return=
ed -6
[   15.276796] i915 0000:00:02.0: [drm:intel_sdvo_init [i915]] No SDVO devi=
ce found on SDVOB
[   15.277035] i915 0000:00:02.0: [drm:intel_gmbus_force_bit [i915]] disabl=
ing bit-banging on i915 gmbus dpb. force bit now 0
[   15.277177] i915 0000:00:02.0: [drm:intel_modeset_init_nogem [i915]] pro=
bing HDMI on SDVOB
[   15.277324] i915 0000:00:02.0: [drm:intel_bios_port_aux_ch [i915]] using=
 AUX B for port B (VBT)
[   15.277474] i915 0000:00:02.0: [drm:intel_hdmi_init_connector [i915]] Ad=
ding HDMI connector on [ENCODER:67:HDMI B]
[   15.277615] i915 0000:00:02.0: [drm:intel_hdmi_init_connector [i915]] Us=
ing DDC pin 0x5 for port B (VBT)
[   15.277795] i915 0000:00:02.0: [drm:intel_bios_port_aux_ch [i915]] using=
 AUX B for port B (VBT)
[   15.277941] i915 0000:00:02.0: [drm:intel_dp_init_connector [i915]] Addi=
ng DP connector on [ENCODER:74:DP B]
[   15.278101] i915 0000:00:02.0: [drm:intel_modeset_init_nogem [i915]] pro=
bing SDVOC
[   15.278258] i915 0000:00:02.0: [drm:intel_gmbus_force_bit [i915]] enabli=
ng bit-banging on i915 gmbus dpb. force bit now 1
[   15.283397] [drm:intel_sdvo_read_byte.isra.0 [i915]] i2c transfer return=
ed -6
[   15.283555] i915 0000:00:02.0: [drm:intel_sdvo_init [i915]] No SDVO devi=
ce found on SDVOC
[   15.283829] i915 0000:00:02.0: [drm:intel_gmbus_force_bit [i915]] disabl=
ing bit-banging on i915 gmbus dpb. force bit now 0
[   15.283977] i915 0000:00:02.0: [drm:intel_bios_port_aux_ch [i915]] using=
 AUX D for port D (platform default)
[   15.284123] i915 0000:00:02.0: [drm:intel_dp_init_connector [i915]] Addi=
ng DP connector on [ENCODER:79:DP D]
[   15.284343] i915 0000:00:02.0: [drm:intel_modeset_setup_hw_state [i915]]=
 [CRTC:45:pipe A] hw state readout: disabled
[   15.284496] i915 0000:00:02.0: [drm:intel_modeset_setup_hw_state [i915]]=
 [CRTC:60:pipe B] hw state readout: enabled
[   15.284640] i915 0000:00:02.0: [drm:intel_modeset_setup_hw_state [i915]]=
 [PLANE:31:primary A] hw state readout: disabled, pipe A
[   15.284783] i915 0000:00:02.0: [drm:intel_modeset_setup_hw_state [i915]]=
 [PLANE:35:sprite A] hw state readout: disabled, pipe A
[   15.284926] i915 0000:00:02.0: [drm:intel_modeset_setup_hw_state [i915]]=
 [PLANE:41:cursor A] hw state readout: disabled, pipe A
[   15.285069] i915 0000:00:02.0: [drm:intel_modeset_setup_hw_state [i915]]=
 [PLANE:46:primary B] hw state readout: enabled, pipe B
[   15.285212] i915 0000:00:02.0: [drm:intel_modeset_setup_hw_state [i915]]=
 [PLANE:50:sprite B] hw state readout: disabled, pipe B
[   15.285379] i915 0000:00:02.0: [drm:intel_modeset_setup_hw_state [i915]]=
 [PLANE:56:cursor B] hw state readout: disabled, pipe B
[   15.285526] i915 0000:00:02.0: [drm:intel_modeset_setup_hw_state [i915]]=
 [ENCODER:62:LVDS] hw state readout: enabled, pipe B
[   15.285669] i915 0000:00:02.0: [drm:intel_modeset_setup_hw_state [i915]]=
 [ENCODER:66:CRT] hw state readout: disabled, pipe B
[   15.285812] i915 0000:00:02.0: [drm:intel_modeset_setup_hw_state [i915]]=
 [ENCODER:67:HDMI B] hw state readout: disabled, pipe A
[   15.285956] i915 0000:00:02.0: [drm:intel_modeset_setup_hw_state [i915]]=
 [ENCODER:74:DP B] hw state readout: disabled, pipe A
[   15.286099] i915 0000:00:02.0: [drm:intel_modeset_setup_hw_state [i915]]=
 [ENCODER:79:DP D] hw state readout: disabled, pipe A
[   15.286264] i915 0000:00:02.0: [drm:intel_modeset_setup_hw_state [i915]]=
 [ENCODER:84:TV] hw state readout: disabled, pipe A
[   15.288137] i915 0000:00:02.0: [drm:intel_modeset_setup_hw_state [i915]]=
 [CONNECTOR:61:LVDS-1] hw state readout: enabled
[   15.288292] i915 0000:00:02.0: [drm:intel_modeset_setup_hw_state [i915]]=
 [CONNECTOR:64:VGA-1] hw state readout: disabled
[   15.288436] i915 0000:00:02.0: [drm:intel_modeset_setup_hw_state [i915]]=
 [CONNECTOR:68:HDMI-A-1] hw state readout: disabled
[   15.288579] i915 0000:00:02.0: [drm:intel_modeset_setup_hw_state [i915]]=
 [CONNECTOR:75:DP-1] hw state readout: disabled
[   15.289823] i915 0000:00:02.0: [drm:intel_modeset_setup_hw_state [i915]]=
 [CONNECTOR:80:DP-2] hw state readout: disabled
[   15.289969] i915 0000:00:02.0: [drm:intel_modeset_setup_hw_state [i915]]=
 [CONNECTOR:83:SVIDEO-1] hw state readout: disabled
[   15.290111] i915 0000:00:02.0: [drm:intel_modeset_setup_hw_state [i915]]=
 [PLANE:31:primary A] min_cdclk 0 kHz
[   15.290265] i915 0000:00:02.0: [drm:intel_modeset_setup_hw_state [i915]]=
 [PLANE:35:sprite A] min_cdclk 0 kHz
[   15.290408] i915 0000:00:02.0: [drm:intel_modeset_setup_hw_state [i915]]=
 [PLANE:41:cursor A] min_cdclk 0 kHz
[   15.290550] i915 0000:00:02.0: [drm:intel_bw_crtc_update [i915]] pipe A =
data rate 0 num active planes 0
[   15.290699] i915 0000:00:02.0: [drm:intel_modeset_setup_hw_state [i915]]=
 [PLANE:46:primary B] min_cdclk 70857 kHz
[   15.290841] i915 0000:00:02.0: [drm:intel_modeset_setup_hw_state [i915]]=
 [PLANE:50:sprite B] min_cdclk 0 kHz
[   15.290988] i915 0000:00:02.0: [drm:intel_modeset_setup_hw_state [i915]]=
 [PLANE:56:cursor B] min_cdclk 0 kHz
[   15.291130] i915 0000:00:02.0: [drm:intel_bw_crtc_update [i915]] pipe B =
data rate 283428 num active planes 1
[   15.291284] i915 0000:00:02.0: [drm:intel_crtc_state_dump [i915]] [CRTC:=
45:pipe A] enable: no [setup_hw_state]
[   15.291430] i915 0000:00:02.0: [drm:intel_crtc_state_dump [i915]] [CRTC:=
60:pipe B] enable: yes [setup_hw_state]
[   15.291575] i915 0000:00:02.0: [drm:intel_crtc_state_dump [i915]] active=
: yes, output_types: LVDS (0x10), output format: RGB
[   15.291720] i915 0000:00:02.0: [drm:intel_crtc_state_dump [i915]] cpu_tr=
anscoder: B, pipe bpp: 24, dithering: 0
[   15.291865] i915 0000:00:02.0: [drm:intel_crtc_state_dump [i915]] MST ma=
ster transcoder: <invalid>
[   15.292009] i915 0000:00:02.0: [drm:intel_crtc_state_dump [i915]] port s=
ync: master transcoder: <invalid>, slave transcoder bitmask =3D 0x0
[   15.292153] i915 0000:00:02.0: [drm:intel_crtc_state_dump [i915]] bigjoi=
ner: no, pipes: 0x0
[   15.292297] i915 0000:00:02.0: [drm:intel_crtc_state_dump [i915]] splitt=
er: disabled, link count 0, overlap 0
[   15.292441] i915 0000:00:02.0: [drm:intel_crtc_state_dump [i915]] frames=
tart delay: 1, MSA timing delay: 0
[   15.292585] i915 0000:00:02.0: [drm:intel_crtc_state_dump [i915]] audio:=
 0, infoframes: 0, infoframes enabled: 0x0
[   15.292730] i915 0000:00:02.0: [drm:intel_crtc_state_dump [i915]] vrr: n=
o, vmin: 0, vmax: 0, pipeline full: 0, guardband: 0 flipline: 0, vmin vblan=
k: -1, vmax vblank: -2
[   15.292876] i915 0000:00:02.0: [drm:intel_crtc_state_dump [i915]] reques=
ted mode: "1280x800": 60 70857 1024 1328 1360 1440 768 803 809 823 0x40 0xa
[   15.293022] i915 0000:00:02.0: [drm:intel_crtc_state_dump [i915]] adjust=
ed mode: "1280x800": 60 70857 1280 1328 1360 1440 800 803 809 823 0x40 0xa
[   15.293169] i915 0000:00:02.0: [drm:intel_dump_crtc_timings [i915]] crtc=
 timings: 70857 1280 1328 1360 1440 800 803 809 823, type: 0x40 flags: 0xa
[   15.293316] i915 0000:00:02.0: [drm:intel_crtc_state_dump [i915]] pipe m=
ode: "1280x800": 60 70857 1280 1328 1360 1440 800 803 809 823 0x40 0xa
[   15.293462] i915 0000:00:02.0: [drm:intel_dump_crtc_timings [i915]] crtc=
 timings: 70857 1280 1328 1360 1440 800 803 809 823, type: 0x40 flags: 0xa
[   15.293608] i915 0000:00:02.0: [drm:intel_crtc_state_dump [i915]] port c=
lock: 70857, pipe src: 1024x768+0+0, pixel rate 70857
[   15.293753] i915 0000:00:02.0: [drm:intel_crtc_state_dump [i915]] lineti=
me: 0, ips linetime: 0
[   15.293897] i915 0000:00:02.0: [drm:intel_crtc_state_dump [i915]] gmch p=
fit: control: 0xa0000000, ratios: 0x0f5c0ccd, lvds border: 0x00008000
[   15.294042] i915 0000:00:02.0: [drm:intel_crtc_state_dump [i915]] ips: 0=
, double wide: 0, drrs: 0
[   15.294187] i915 0000:00:02.0: [drm:intel_dpll_dump_hw_state [i915]] dpl=
l_hw_state: dpll: 0x98046c00, dpll_md: 0x3, fp0: 0x21507, fp1: 0x31108
[   15.294348] i915 0000:00:02.0: [drm:intel_crtc_state_dump [i915]] csc_mo=
de: 0x0 gamma_mode: 0x0 gamma_enable: 0 csc_enable: 0
[   15.294493] i915 0000:00:02.0: [drm:intel_crtc_state_dump [i915]] degamm=
a lut: 0 entries, gamma lut: 0 entries
[   15.294640] i915 0000:00:02.0: [drm:g4x_wm_get_hw_state [i915]] Initial =
watermarks: pipe A, plane=3D15, cursor=3D15, sprite=3D15
[   15.294758] i915 0000:00:02.0: [drm:g4x_wm_get_hw_state [i915]] Initial =
watermarks: pipe B, plane=3D15, cursor=3D15, sprite=3D15
[   15.294875] i915 0000:00:02.0: [drm:g4x_wm_get_hw_state [i915]] Initial =
SR watermarks: plane=3D127, cursor=3D0 fbc=3D1
[   15.294993] i915 0000:00:02.0: [drm:g4x_wm_get_hw_state [i915]] Initial =
HPLL watermarks: plane=3D0, SR cursor=3D0 fbc=3D5
[   15.295110] i915 0000:00:02.0: [drm:g4x_wm_get_hw_state [i915]] Initial =
SR=3Dno HPLL=3Dno FBC=3Dno
[   15.300633] i915 0000:00:02.0: [drm:i9xx_get_initial_plane_config [i915]=
] pipe B/primary B with fb: size=3D1024x768@32, offset=3D0, pitch 4096, siz=
e 0x300000
[   15.300799] i915 0000:00:02.0: [drm:_i915_gem_object_stolen_init [i915]]=
 creating preallocated stolen object: stolen_offset=3D0x0000000000000000, s=
ize=3D0x0000000000300000
[   15.300976] i915 0000:00:02.0: [drm:i915_init_ggtt [i915]] Reserved GGTT=
:[301000, 302000] for use by error capture
[   15.301103] i915 0000:00:02.0: [drm:i915_init_ggtt [i915]] clearing unus=
ed GTT space: [302000, 80000000]
[   15.304587] i915 0000:00:02.0: [drm:i915_init_ggtt [i915]] clearing unus=
ed GTT space: [300000, 301000]
[   15.310291] [drm:wa_init_finish [i915]] Initialized 2 GT workarounds on =
global
[   15.310526] [drm:wa_init_finish [i915]] Initialized 2 engine workarounds=
 on rcs'0
[   15.312973] i915 0000:00:02.0: [drm:g4x_compute_pipe_wm [i915]] primary =
B watermarks: normal=3D25, SR=3D56, HPLL=3D130
[   15.313133] i915 0000:00:02.0: [drm:g4x_compute_pipe_wm [i915]] FBC wate=
rmarks: SR=3D3, HPLL=3D5
[   15.320466] i915 0000:00:02.0: [drm:_intel_set_memory_cxsr [i915]] memor=
y self-refresh is enabled (was disabled)
[   15.320833] i915 0000:00:02.0: [drm:intel_fbdev_init [i915]] [CRTC:45:pi=
pe A] not active, skipping
[   15.320978] i915 0000:00:02.0: [drm:intel_fbdev_init [i915]] found possi=
ble fb from [PLANE:46:primary B]
[   15.321119] i915 0000:00:02.0: [drm:intel_fbdev_init [i915]] [CRTC:45:pi=
pe A] not active, skipping
[   15.321259] i915 0000:00:02.0: [drm:intel_fbdev_init [i915]] checking [P=
LANE:46:primary B] for BIOS fb
[   15.321400] i915 0000:00:02.0: [drm:intel_fbdev_init [i915]] fb not wide=
 enough for [PLANE:46:primary B] (5120 vs 4096)
[   15.321548] i915 0000:00:02.0: [drm:intel_fbdev_init [i915]] BIOS fb not=
 suitable for all pipes, not using
[   15.321741] [drm:intel_engines_driver_register [i915]] renamed rcs'0 to =
rcs0
[   15.321868] [drm:intel_engines_driver_register [i915]] renamed vcs'0 to =
vcs0
[   15.323501] i915 0000:00:02.0: [drm:drm_sysfs_connector_hotplug_event [d=
rm]] [CONNECTOR:61:LVDS-1] generating connector hotplug event
[   15.323742] i915 0000:00:02.0: [drm:drm_sysfs_connector_hotplug_event [d=
rm]] [CONNECTOR:64:VGA-1] generating connector hotplug event
[   15.324149] i915 0000:00:02.0: [drm:drm_sysfs_connector_hotplug_event [d=
rm]] [CONNECTOR:68:HDMI-A-1] generating connector hotplug event
[   15.324383] i915 0000:00:02.0: [drm:intel_dp_connector_register [i915]] =
registering AUX B/DP B bus for card0-DP-1
[   15.324808] i915 0000:00:02.0: [drm:drm_sysfs_connector_hotplug_event [d=
rm]] [CONNECTOR:75:DP-1] generating connector hotplug event
[   15.325061] i915 0000:00:02.0: [drm:intel_dp_connector_register [i915]] =
registering AUX D/DP D bus for card0-DP-2
[   15.325493] i915 0000:00:02.0: [drm:drm_sysfs_connector_hotplug_event [d=
rm]] [CONNECTOR:80:DP-2] generating connector hotplug event
[   15.325734] i915 0000:00:02.0: [drm:drm_sysfs_connector_hotplug_event [d=
rm]] [CONNECTOR:83:SVIDEO-1] generating connector hotplug event
[   15.325855] [drm] Initialized i915 1.6.0 20201103 for 0000:00:02.0 on mi=
nor 0
[   15.326132] i915 0000:00:02.0: [drm:intel_opregion_resume [i915]] 6 outp=
uts detected
[   15.327133] ACPI: video: Video Device [GFX0] (multi-head: yes  rom: no  =
post: no)
[   15.379911] sky2 0000:07:00.0 lan1: enabling interface
[   15.381584] acpi device:08: registered as cooling_device2
[   15.381692] input: Video Bus as /devices/LNXSYSTM:00/LNXSYBUS:00/PNP0A08=
:00/LNXVIDEO:01/input/input18
[   15.382135] [drm:intel_dsm_detect.isra.0 [i915]] no _DSM method for inte=
l device
[   15.382334] i915 device info: pciid=3D0x2a42 rev=3D0x07 platform=3DGM45 =
(subplatform=3D0x0) gen=3D4
[   15.382339] i915 device info: graphics version: 4
[   15.382341] i915 device info: media version: 4
[   15.382343] i915 device info: display version: 4
[   15.382345] i915 device info: gt: 0
[   15.382347] i915 device info: memory-regions: 21
[   15.382349] i915 device info: page-sizes: 1000
