Return-Path: <dri-devel-bounces@lists.freedesktop.org>
X-Original-To: lists+dri-devel@lfdr.de
Delivered-To: lists+dri-devel@lfdr.de
Received: from gabe.freedesktop.org (gabe.freedesktop.org [131.252.210.177])
	by mail.lfdr.de (Postfix) with ESMTPS id BF0C5766F66
	for <lists+dri-devel@lfdr.de>; Fri, 28 Jul 2023 16:24:49 +0200 (CEST)
Received: from gabe.freedesktop.org (localhost [127.0.0.1])
	by gabe.freedesktop.org (Postfix) with ESMTP id 548D710E701;
	Fri, 28 Jul 2023 14:24:36 +0000 (UTC)
X-Original-To: dri-devel@lists.freedesktop.org
Delivered-To: dri-devel@lists.freedesktop.org
Received: from mta01.prd.rdg.aluminati.org (mta01.prd.rdg.aluminati.org
 [94.76.243.214])
 by gabe.freedesktop.org (Postfix) with ESMTPS id 4048C10E1F6
 for <dri-devel@lists.freedesktop.org>; Fri, 28 Jul 2023 12:13:24 +0000 (UTC)
Received: from mta01.prd.rdg.aluminati.org (localhost [127.0.0.1])
 by mta01.prd.rdg.aluminati.org (Postfix) with ESMTP id DF7D72105F;
 Fri, 28 Jul 2023 13:13:22 +0100 (BST)
Authentication-Results: mta01.prd.rdg.aluminati.org; dkim=pass (2048-bit key;
 unprotected) header.d=cantab.net header.i=@cantab.net header.a=rsa-sha256
 header.s=dkim header.b=FQyAfkUL; dkim-atps=neutral
Received: from localhost (localhost [127.0.0.1])
 by mta01.prd.rdg.aluminati.org (Postfix) with ESMTP id AC5952121C;
 Fri, 28 Jul 2023 13:13:22 +0100 (BST)
DKIM-Signature: v=1; a=rsa-sha256; c=relaxed/simple; d=cantab.net; h=
 user-agent:message-id:date:date:mime-version:x-mailer:references
 :in-reply-to:subject:subject:from:from:received:received
 :received; s=dkim; t=1690546380; bh=+p1biu1s0bP/s4pKLHDxTvMCEiTl
 KoHaTbPpYELB5dA=; b=FQyAfkULz0MEXpyrr1XQ6hakDzPql3PFXlXexABr0LRE
 nMMtxnu0iFhT5jgOG1ZLep7Wj+DwC/hU1D08dvxU2MLPUhUbGyTFEhTfO042RZs0
 fWaqWoMHpj0/Mb6fyI37vgknw+fDBc0Icg1bHBMKfA3qf7J5yo9l8nN3QLh/oFER
 QdpmSFxMLn44Sg/yq86Dv0wHWNBNfhK8iHihk1awjLxemINwDm1F+o++pxGTEpbt
 rFsglYjShVeaFoEStL2eDnBLdJN9ey7DID6bP+6DaKd1mAOuJebQ3wMtIAjB95+p
 gCHV5yRwfsnyp/bWdsT/jS52EyF2rynXpTQmJ5+T/g==
X-Quarantine-ID: <C-nP139Wg-pr>
X-Virus-Scanned: Debian amavisd-new at mta01.prd.rdg.aluminati.org
Received: from mta.aluminati.local ([127.0.0.1])
 by localhost (mta01.prd.rdg.aluminati.org [127.0.0.1]) (amavisd-new,
 port 10026)
 with ESMTP id C-nP139Wg-pr; Fri, 28 Jul 2023 13:13:00 +0100 (BST)
Received: from revelation.localdomain (static-87-75-118-217.vodafonexdsl.co.uk
 [87.75.118.217])
 by svc01-2.prd.rdg.aluminati.org (Postfix) with ESMTPSA id 41E61780002;
 Fri, 28 Jul 2023 13:12:54 +0100 (BST)
Received: by revelation.localdomain (Postfix, from userid 1000)
 id 6A9B9120312; Fri, 28 Jul 2023 13:12:53 +0100 (BST)
From: Roger Sewell <roger.sewell@cantab.net>
To: "Jocelyn Falempe" <jfalempe@redhat.com>
Subject: Re: [PATCH] drm/mgag200: Increase bandwidth for G200se A rev1
In-reply-to: Your message of Fri, 28 Jul 2023 10:09:13 +0200
 <3ff67cb3-c477-b834-3d6c-4eb99952d59b@redhat.com>
References: <20230717133037.25941-1-jfalempe@redhat.com>
 <69a9ee2e-bd03-2a63-6651-0680475d7025@suse.de>
 <4f5d262c-527f-0fa6-45e3-a75aa22fcf0d@suse.de>
 <20230724215746.10928@revelation.broadband>
 <ca6cd674-d268-6210-c66d-4750e28a5c77@suse.de>
 <20230725223127.4184@revelation.broadband>
 <9c8a0a5f-fd7f-cf6d-7e6e-ca90bdf957c5@suse.de>
 <20230727223438.4658@revelation.broadband>
 <d5156750-34d4-87dc-41ff-f3c3ca1f48c3@suse.de>
 <3ff67cb3-c477-b834-3d6c-4eb99952d59b@redhat.com>
X-Mailer: MH-E 8.6+git; GNU Mailutils 3.13; GNU Emacs 27.2
MIME-Version: 1.0
Content-Type: multipart/mixed; boundary="=-=-="
Date: Fri, 28 Jul 2023 13:12:53 +0100
Message-ID: <20230728131253.5411@revelation.broadband>
User-Agent: MH (GNU Mailutils 3.13)
X-Mailman-Approved-At: Fri, 28 Jul 2023 14:24:33 +0000
X-BeenThere: dri-devel@lists.freedesktop.org
X-Mailman-Version: 2.1.29
Precedence: list
List-Id: Direct Rendering Infrastructure - Development
 <dri-devel.lists.freedesktop.org>
List-Unsubscribe: <https://lists.freedesktop.org/mailman/options/dri-devel>,
 <mailto:dri-devel-request@lists.freedesktop.org?subject=unsubscribe>
List-Archive: <https://lists.freedesktop.org/archives/dri-devel>
List-Post: <mailto:dri-devel@lists.freedesktop.org>
List-Help: <mailto:dri-devel-request@lists.freedesktop.org?subject=help>
List-Subscribe: <https://lists.freedesktop.org/mailman/listinfo/dri-devel>,
 <mailto:dri-devel-request@lists.freedesktop.org?subject=subscribe>
Cc: airlied@redhat.com, dri-devel@lists.freedesktop.org,
 Thomas Zimmermann <tzimmermann@suse.de>
Errors-To: dri-devel-bounces@lists.freedesktop.org
Sender: "dri-devel" <dri-devel-bounces@lists.freedesktop.org>

--=-=-=
Content-Type: text/plain


Thomas, Jocelyn,

JF> I think the culprit is probably this patch:
JF> https://patchwork.freedesktop.org/patch/486242/
JF> 
JF> before this patch,
JF> mgag200_simple_display_pipe_mode_valid() always return MODE_OK
JF> 
JF> after this patch, it checks the bandwidth limit too.

It turns out to be more complicated than that - and I still think it is
something to do with how the two functions
mgag200_simple_display_pipe_mode_valid and
mgag200_mode_config_mode_valid are made known to the rest of the drm
system, i.e. which slots in the various function structures they are put
in. 

I attach a contiguous excerpt from /var/log/messages, recording what
happened when I did the following.

1. I instrumented the old mgag200 module with printk statements in
   mgag200_simple_display_pipe_mode_valid and mga_vga_mode_valid and
   mga_vga_calculate_mode_bandwidth, and also put in a call to the
   latter in mgag200_simple_display_pipe_mode_valid so that I could see
   what parameters it had been called with. I then rebooted the system,
   getting the messages starting at Jul 28 10:42:45 . As you will see,
   almost every time mgag200_simple_display_pipe_mode_valid is called it
   is immediately following a return of MODE_OK from mga_vga_mode_valid
   with the same display parameters - the two exceptions are:

   a) at line 1156 is when it is called after "fbcon: mgag200drmfb (fb0)
      is primary device", and

   b) with the mode actually being set (1440x900) at line 2681 when it
      of course returns MODE_OK (as that is what it always returns, as
      you say).

2. I then switched to the new mgag200 module similarly instrumented, but
   with the unique_rev_id increased by 1 to get sufficient bandwidth to
   make 1440x900 usable. I then rebooted the system, getting the
   messages starting at Jul 28 11:46:53 . Again, almost every time
   mgag200_simple_display_pipe_mode_valid is called it is immediately
   after a return of MODE_OK from mgag200_mode_config_mode_valid, and we
   still have exception type (a) at line 5672. However, the exception
   type (b) is no longer present, as at line 6590, on setting the
   1440x900 mode, there is now a call of mgag200_mode_config_mode_valid
   preceding the call of mgag200_simple_display_pipe_mode_valid.

3. I then modified that mgag200 module by forcing a return of MODE_OK
   from mgag200_simple_display_pipe_mode_valid and removing the
   increment to unique_rev_id, so that 1440x900 is no longer "valid"
   according to the criteria being used. I rebooted, getting the
   messages starting at Jul 28 12:12:34 . Now at line 11004 we have a
   failure to set mode immediately followed by a return of MODE_BAD, not
   from mgag200_simple_display_pipe_mode_valid but from
   mgag200_mode_config_mode_valid. 

Thus between the old mgag200 module and the new one, there is a change
in when the mode_config_mode_valid function gets called - there being
one extra call. So even if one were to revert to
mgag200_simple_display_pipe_mode_valid just always returning MODE_OK it
wouldn't fix the problem.

At present I don't see how the change of behaviour can be anything other
than to do with the way these function names are passed to the rest of
the drm system (though of course even if that were reverted, the fact
that mgag200_simple_display_pipe_mode_valid now tests bandwidth would
still cause what I want to do to fail).

Sadly I don't understand how the drm system works, so I'm not sure that
I can shed any more light - but if there are any more experiments that
would help, please do let me know.

Thanks,
Roger.


--=-=-=
Content-Type: text/plain; charset=utf-8
Content-Disposition: attachment; filename=messagelogpart
Content-Transfer-Encoding: quoted-printable
Content-Description: Excerpt from /var/log/messages

Jul 28 10:42:45 revelation kernel: Command line: BOOT_IMAGE=3D/vmlinuz-5.14=
.0-284.18.1.el9_2.x86_64 root=3D/dev/mapper/vg_revelationr9-root ro crashke=
rnel=3D1G-4G:192M,4G-64G:256M,64G-:512M resume=3D/dev/mapper/vg_revelationr=
9-swap rd.lvm.lv=3Dvg_revelationr9/root rd.lvm.lv=3Dvg_revelationr9/swap ne=
t.ifnames=3D0 biosdevname=3D0 LANG=3Den_GB.UTF-8
Jul 28 10:42:45 revelation kernel: x86/fpu: x87 FPU will use FXSAVE
Jul 28 10:42:45 revelation kernel: signal: max sigframe size: 1440
Jul 28 10:42:45 revelation kernel: BIOS-provided physical RAM map:
Jul 28 10:42:45 revelation kernel: BIOS-e820: [mem 0x0000000000000000-0x000=
000000009afff] usable
Jul 28 10:42:45 revelation kernel: BIOS-e820: [mem 0x000000000009b000-0x000=
000000009ffff] reserved
Jul 28 10:42:45 revelation kernel: BIOS-e820: [mem 0x00000000000e0000-0x000=
00000000fffff] reserved
Jul 28 10:42:45 revelation kernel: BIOS-e820: [mem 0x0000000000100000-0x000=
000008a474fff] usable
Jul 28 10:42:45 revelation kernel: BIOS-e820: [mem 0x000000008a475000-0x000=
000008c484fff] reserved
Jul 28 10:42:45 revelation kernel: BIOS-e820: [mem 0x000000008c485000-0x000=
000008c566fff] ACPI NVS
Jul 28 10:42:45 revelation kernel: BIOS-e820: [mem 0x000000008c567000-0x000=
000008c648fff] ACPI data
Jul 28 10:42:45 revelation kernel: BIOS-e820: [mem 0x000000008c649000-0x000=
000008da48fff] ACPI NVS
Jul 28 10:42:45 revelation kernel: BIOS-e820: [mem 0x000000008da49000-0x000=
000008f601fff] ACPI data
Jul 28 10:42:45 revelation kernel: BIOS-e820: [mem 0x000000008f602000-0x000=
000008f64efff] reserved
Jul 28 10:42:45 revelation kernel: BIOS-e820: [mem 0x000000008f64f000-0x000=
000008f6e4fff] ACPI data
Jul 28 10:42:45 revelation kernel: BIOS-e820: [mem 0x000000008f6e5000-0x000=
000008f6eefff] ACPI NVS
Jul 28 10:42:45 revelation kernel: BIOS-e820: [mem 0x000000008f6ef000-0x000=
000008f6f0fff] ACPI data
Jul 28 10:42:45 revelation kernel: BIOS-e820: [mem 0x000000008f6f1000-0x000=
000008f7cefff] ACPI NVS
Jul 28 10:42:45 revelation kernel: BIOS-e820: [mem 0x000000008f7cf000-0x000=
000008f7fffff] ACPI data
Jul 28 10:42:45 revelation kernel: BIOS-e820: [mem 0x000000008f800000-0x000=
000008fffffff] reserved
Jul 28 10:42:45 revelation kernel: BIOS-e820: [mem 0x00000000a0000000-0x000=
00000afffffff] reserved
Jul 28 10:42:45 revelation kernel: BIOS-e820: [mem 0x00000000fc000000-0x000=
00000fcffffff] reserved
Jul 28 10:42:45 revelation kernel: BIOS-e820: [mem 0x00000000fed1c000-0x000=
00000fed44fff] reserved
Jul 28 10:42:45 revelation kernel: BIOS-e820: [mem 0x00000000ff800000-0x000=
00000ffffffff] reserved
Jul 28 10:42:45 revelation kernel: BIOS-e820: [mem 0x0000000100000000-0x000=
0000c6fffffff] usable
Jul 28 10:42:45 revelation kernel: NX (Execute Disable) protection: active
Jul 28 10:42:45 revelation kernel: SMBIOS 2.5 present.
Jul 28 10:42:45 revelation kernel: DMI: Intel Corporation S5520UR/S5520UR, =
BIOS S5500.86B.01.00.0064.050520141428 05/05/2014
Jul 28 10:42:45 revelation kernel: tsc: Fast TSC calibration using PIT
Jul 28 10:42:45 revelation kernel: tsc: Detected 3458.317 MHz processor
Jul 28 10:42:45 revelation kernel: last_pfn =3D 0xc70000 max_arch_pfn =3D 0=
x400000000
Jul 28 10:42:45 revelation kernel: x86/PAT: Configuration [0-7]: WB  WC  UC=
- UC  WB  WP  UC- WT=20=20
Jul 28 10:42:45 revelation kernel: last_pfn =3D 0x8a475 max_arch_pfn =3D 0x=
400000000
Jul 28 10:42:45 revelation kernel: found SMP MP-table at [mem 0x000fdad0-0x=
000fdadf]
Jul 28 10:42:45 revelation kernel: Using GB pages for direct mapping
Jul 28 10:42:45 revelation kernel: RAMDISK: [mem 0x315b3000-0x34ad1fff]
Jul 28 10:42:45 revelation kernel: ACPI: Early table checksum verification =
disabled
Jul 28 10:42:45 revelation kernel: ACPI: RSDP 0x00000000000F0410 000024 (v0=
2 INTEL )
Jul 28 10:42:45 revelation kernel: ACPI: XSDT 0x000000008F7FD120 000094 (v0=
1 INTEL  S5520UR  00000000      01000013)
Jul 28 10:42:45 revelation kernel: ACPI: FACP 0x000000008F7FB000 0000F4 (v0=
4 INTEL  S5520UR  00000000 MSFT 0100000D)
Jul 28 10:42:45 revelation kernel: ACPI: DSDT 0x000000008F7F4000 0065A1 (v0=
2 INTEL  S5520UR  00000003 MSFT 0100000D)
Jul 28 10:42:45 revelation kernel: ACPI: FACS 0x000000008F6F1000 000040
Jul 28 10:42:45 revelation kernel: ACPI: FACS 0x000000008F6F1000 000040
Jul 28 10:42:45 revelation kernel: ACPI: APIC 0x000000008F7F3000 0001A8 (v0=
2 INTEL  S5520UR  00000000 MSFT 0100000D)
Jul 28 10:42:45 revelation kernel: ACPI: MCFG 0x000000008F7F2000 00003C (v0=
1 INTEL  S5520UR  00000001 MSFT 0100000D)
Jul 28 10:42:45 revelation kernel: ACPI: HPET 0x000000008F7F1000 000038 (v0=
1 INTEL  S5520UR  00000001 MSFT 0100000D)
Jul 28 10:42:45 revelation kernel: ACPI: SLIT 0x000000008F7F0000 000030 (v0=
1 INTEL  S5520UR  00000001 MSFT 0100000D)
Jul 28 10:42:45 revelation kernel: ACPI: SRAT 0x000000008F7EF000 000430 (v0=
2 INTEL  S5520UR  00000001 MSFT 0100000D)
Jul 28 10:42:45 revelation kernel: ACPI: SPCR 0x000000008F7EE000 000050 (v0=
1 INTEL  S5520UR  00000000 MSFT 0100000D)
Jul 28 10:42:45 revelation kernel: ACPI: WDDT 0x000000008F7ED000 000040 (v0=
1 INTEL  S5520UR  00000000 MSFT 0100000D)
Jul 28 10:42:45 revelation kernel: ACPI: SSDT 0x000000008F7D2000 01AFC4 (v0=
2 INTEL  SSDT  PM 00004000 INTL 20061109)
Jul 28 10:42:45 revelation kernel: ACPI: SSDT 0x000000008F7D1000 0001D8 (v0=
2 INTEL  IPMI     00004000 INTL 20061109)
Jul 28 10:42:45 revelation kernel: ACPI: HEST 0x000000008F7D0000 0000A8 (v0=
1 INTEL  S5520UR  00000001 INTL 00000001)
Jul 28 10:42:45 revelation kernel: ACPI: BERT 0x000000008F7CF000 000030 (v0=
1 INTEL  S5520UR  00000001 INTL 00000001)
Jul 28 10:42:45 revelation kernel: ACPI: ERST 0x000000008F6F0000 000230 (v0=
1 INTEL  S5520UR  00000001 INTL 00000001)
Jul 28 10:42:45 revelation kernel: ACPI: EINJ 0x000000008F6EF000 000130 (v0=
1 INTEL  S5520UR  00000001 INTL 00000001)
Jul 28 10:42:45 revelation kernel: ACPI: Reserving FACP table memory at [me=
m 0x8f7fb000-0x8f7fb0f3]
Jul 28 10:42:45 revelation kernel: ACPI: Reserving DSDT table memory at [me=
m 0x8f7f4000-0x8f7fa5a0]
Jul 28 10:42:45 revelation kernel: ACPI: Reserving FACS table memory at [me=
m 0x8f6f1000-0x8f6f103f]
Jul 28 10:42:45 revelation kernel: ACPI: Reserving FACS table memory at [me=
m 0x8f6f1000-0x8f6f103f]
Jul 28 10:42:45 revelation kernel: ACPI: Reserving APIC table memory at [me=
m 0x8f7f3000-0x8f7f31a7]
Jul 28 10:42:45 revelation kernel: ACPI: Reserving MCFG table memory at [me=
m 0x8f7f2000-0x8f7f203b]
Jul 28 10:42:45 revelation kernel: ACPI: Reserving HPET table memory at [me=
m 0x8f7f1000-0x8f7f1037]
Jul 28 10:42:45 revelation kernel: ACPI: Reserving SLIT table memory at [me=
m 0x8f7f0000-0x8f7f002f]
Jul 28 10:42:45 revelation kernel: ACPI: Reserving SRAT table memory at [me=
m 0x8f7ef000-0x8f7ef42f]
Jul 28 10:42:45 revelation kernel: ACPI: Reserving SPCR table memory at [me=
m 0x8f7ee000-0x8f7ee04f]
Jul 28 10:42:45 revelation kernel: ACPI: Reserving WDDT table memory at [me=
m 0x8f7ed000-0x8f7ed03f]
Jul 28 10:42:45 revelation kernel: ACPI: Reserving SSDT table memory at [me=
m 0x8f7d2000-0x8f7ecfc3]
Jul 28 10:42:45 revelation kernel: ACPI: Reserving SSDT table memory at [me=
m 0x8f7d1000-0x8f7d11d7]
Jul 28 10:42:45 revelation kernel: ACPI: Reserving HEST table memory at [me=
m 0x8f7d0000-0x8f7d00a7]
Jul 28 10:42:45 revelation kernel: ACPI: Reserving BERT table memory at [me=
m 0x8f7cf000-0x8f7cf02f]
Jul 28 10:42:45 revelation kernel: ACPI: Reserving ERST table memory at [me=
m 0x8f6f0000-0x8f6f022f]
Jul 28 10:42:45 revelation kernel: ACPI: Reserving EINJ table memory at [me=
m 0x8f6ef000-0x8f6ef12f]
Jul 28 10:42:45 revelation kernel: SRAT: PXM 0 -> APIC 0x00 -> Node 0
Jul 28 10:42:45 revelation kernel: SRAT: PXM 1 -> APIC 0x20 -> Node 1
Jul 28 10:42:45 revelation kernel: SRAT: PXM 0 -> APIC 0x02 -> Node 0
Jul 28 10:42:45 revelation kernel: SRAT: PXM 1 -> APIC 0x22 -> Node 1
Jul 28 10:42:45 revelation kernel: SRAT: PXM 0 -> APIC 0x04 -> Node 0
Jul 28 10:42:45 revelation kernel: SRAT: PXM 1 -> APIC 0x24 -> Node 1
Jul 28 10:42:45 revelation kernel: SRAT: PXM 0 -> APIC 0x10 -> Node 0
Jul 28 10:42:45 revelation kernel: SRAT: PXM 1 -> APIC 0x30 -> Node 1
Jul 28 10:42:45 revelation kernel: SRAT: PXM 0 -> APIC 0x12 -> Node 0
Jul 28 10:42:45 revelation kernel: SRAT: PXM 1 -> APIC 0x32 -> Node 1
Jul 28 10:42:45 revelation kernel: SRAT: PXM 0 -> APIC 0x14 -> Node 0
Jul 28 10:42:45 revelation kernel: SRAT: PXM 1 -> APIC 0x34 -> Node 1
Jul 28 10:42:45 revelation kernel: SRAT: PXM 0 -> APIC 0x01 -> Node 0
Jul 28 10:42:45 revelation kernel: SRAT: PXM 1 -> APIC 0x21 -> Node 1
Jul 28 10:42:45 revelation kernel: SRAT: PXM 0 -> APIC 0x03 -> Node 0
Jul 28 10:42:45 revelation kernel: SRAT: PXM 1 -> APIC 0x23 -> Node 1
Jul 28 10:42:45 revelation kernel: SRAT: PXM 0 -> APIC 0x05 -> Node 0
Jul 28 10:42:45 revelation kernel: SRAT: PXM 1 -> APIC 0x25 -> Node 1
Jul 28 10:42:45 revelation kernel: SRAT: PXM 0 -> APIC 0x11 -> Node 0
Jul 28 10:42:45 revelation kernel: SRAT: PXM 1 -> APIC 0x31 -> Node 1
Jul 28 10:42:45 revelation kernel: SRAT: PXM 0 -> APIC 0x13 -> Node 0
Jul 28 10:42:45 revelation kernel: SRAT: PXM 1 -> APIC 0x33 -> Node 1
Jul 28 10:42:45 revelation kernel: SRAT: PXM 0 -> APIC 0x15 -> Node 0
Jul 28 10:42:45 revelation kernel: SRAT: PXM 1 -> APIC 0x35 -> Node 1
Jul 28 10:42:45 revelation kernel: ACPI: SRAT: Node 0 PXM 0 [mem 0x00000000=
-0x8fffffff]
Jul 28 10:42:45 revelation kernel: ACPI: SRAT: Node 0 PXM 0 [mem 0x10000000=
0-0x66fffffff]
Jul 28 10:42:45 revelation kernel: ACPI: SRAT: Node 1 PXM 1 [mem 0x67000000=
0-0xc6fffffff]
Jul 28 10:42:45 revelation kernel: NUMA: Node 0 [mem 0x00000000-0x8fffffff]=
 + [mem 0x100000000-0x66fffffff] -> [mem 0x00000000-0x66fffffff]
Jul 28 10:42:45 revelation kernel: NODE_DATA(0) allocated [mem 0x66ffd5000-=
0x66fffffff]
Jul 28 10:42:45 revelation kernel: NODE_DATA(1) allocated [mem 0xc6ffd4000-=
0xc6fffefff]
Jul 28 10:42:45 revelation kernel: Reserving 256MB of memory at 1952MB for =
crashkernel (System RAM: 49060MB)
Jul 28 10:42:45 revelation kernel: Zone ranges:
Jul 28 10:42:45 revelation kernel:  DMA      [mem 0x0000000000001000-0x0000=
000000ffffff]
Jul 28 10:42:45 revelation kernel:  DMA32    [mem 0x0000000001000000-0x0000=
0000ffffffff]
Jul 28 10:42:45 revelation kernel:  Normal   [mem 0x0000000100000000-0x0000=
000c6fffffff]
Jul 28 10:42:45 revelation kernel:  Device   empty
Jul 28 10:42:45 revelation kernel: Movable zone start for each node
Jul 28 10:42:45 revelation kernel: Early memory node ranges
Jul 28 10:42:45 revelation kernel:  node   0: [mem 0x0000000000001000-0x000=
000000009afff]
Jul 28 10:42:45 revelation kernel:  node   0: [mem 0x0000000000100000-0x000=
000008a474fff]
Jul 28 10:42:45 revelation kernel:  node   0: [mem 0x0000000100000000-0x000=
000066fffffff]
Jul 28 10:42:45 revelation kernel:  node   1: [mem 0x0000000670000000-0x000=
0000c6fffffff]
Jul 28 10:42:45 revelation kernel: Initmem setup node 0 [mem 0x000000000000=
1000-0x000000066fffffff]
Jul 28 10:42:45 revelation kernel: Initmem setup node 1 [mem 0x000000067000=
0000-0x0000000c6fffffff]
Jul 28 10:42:45 revelation kernel: On node 0, zone DMA: 1 pages in unavaila=
ble ranges
Jul 28 10:42:45 revelation kernel: On node 0, zone DMA: 101 pages in unavai=
lable ranges
Jul 28 10:42:45 revelation kernel: On node 0, zone Normal: 23435 pages in u=
navailable ranges
Jul 28 10:42:45 revelation kernel: ACPI: PM-Timer IO Port: 0x408
Jul 28 10:42:45 revelation kernel: ACPI: LAPIC_NMI (acpi_id[0x00] high leve=
l lint[0x1])
Jul 28 10:42:45 revelation kernel: ACPI: LAPIC_NMI (acpi_id[0x01] high leve=
l lint[0x1])
Jul 28 10:42:45 revelation kernel: ACPI: LAPIC_NMI (acpi_id[0x02] high leve=
l lint[0x1])
Jul 28 10:42:45 revelation kernel: ACPI: LAPIC_NMI (acpi_id[0x03] high leve=
l lint[0x1])
Jul 28 10:42:45 revelation kernel: ACPI: LAPIC_NMI (acpi_id[0x04] high leve=
l lint[0x1])
Jul 28 10:42:45 revelation kernel: ACPI: LAPIC_NMI (acpi_id[0x05] high leve=
l lint[0x1])
Jul 28 10:42:45 revelation kernel: ACPI: LAPIC_NMI (acpi_id[0x06] high leve=
l lint[0x1])
Jul 28 10:42:45 revelation kernel: ACPI: LAPIC_NMI (acpi_id[0x07] high leve=
l lint[0x1])
Jul 28 10:42:45 revelation kernel: ACPI: LAPIC_NMI (acpi_id[0x08] high leve=
l lint[0x1])
Jul 28 10:42:45 revelation kernel: ACPI: LAPIC_NMI (acpi_id[0x09] high leve=
l lint[0x1])
Jul 28 10:42:45 revelation kernel: ACPI: LAPIC_NMI (acpi_id[0x0a] high leve=
l lint[0x1])
Jul 28 10:42:45 revelation kernel: ACPI: LAPIC_NMI (acpi_id[0x0b] high leve=
l lint[0x1])
Jul 28 10:42:45 revelation kernel: ACPI: LAPIC_NMI (acpi_id[0x0c] high leve=
l lint[0x1])
Jul 28 10:42:45 revelation kernel: ACPI: LAPIC_NMI (acpi_id[0x0d] high leve=
l lint[0x1])
Jul 28 10:42:45 revelation kernel: ACPI: LAPIC_NMI (acpi_id[0x0e] high leve=
l lint[0x1])
Jul 28 10:42:45 revelation kernel: ACPI: LAPIC_NMI (acpi_id[0x0f] high leve=
l lint[0x1])
Jul 28 10:42:45 revelation kernel: ACPI: LAPIC_NMI (acpi_id[0x10] high leve=
l lint[0x1])
Jul 28 10:42:45 revelation kernel: ACPI: LAPIC_NMI (acpi_id[0x11] high leve=
l lint[0x1])
Jul 28 10:42:45 revelation kernel: ACPI: LAPIC_NMI (acpi_id[0x12] high leve=
l lint[0x1])
Jul 28 10:42:45 revelation kernel: ACPI: LAPIC_NMI (acpi_id[0x13] high leve=
l lint[0x1])
Jul 28 10:42:45 revelation kernel: ACPI: LAPIC_NMI (acpi_id[0x14] high leve=
l lint[0x1])
Jul 28 10:42:45 revelation kernel: ACPI: LAPIC_NMI (acpi_id[0x15] high leve=
l lint[0x1])
Jul 28 10:42:45 revelation kernel: ACPI: LAPIC_NMI (acpi_id[0x16] high leve=
l lint[0x1])
Jul 28 10:42:45 revelation kernel: ACPI: LAPIC_NMI (acpi_id[0x17] high leve=
l lint[0x1])
Jul 28 10:42:45 revelation kernel: IOAPIC[0]: apic_id 8, version 32, addres=
s 0xfec00000, GSI 0-23
Jul 28 10:42:45 revelation kernel: IOAPIC[1]: apic_id 9, version 32, addres=
s 0xfec90000, GSI 24-47
Jul 28 10:42:45 revelation kernel: ACPI: INT_SRC_OVR (bus 0 bus_irq 0 globa=
l_irq 2 dfl dfl)
Jul 28 10:42:45 revelation kernel: ACPI: INT_SRC_OVR (bus 0 bus_irq 9 globa=
l_irq 9 high level)
Jul 28 10:42:45 revelation kernel: ACPI: Using ACPI (MADT) for SMP configur=
ation information
Jul 28 10:42:45 revelation kernel: ACPI: HPET id: 0x8086a401 base: 0xfed000=
00
Jul 28 10:42:45 revelation kernel: ACPI: SPCR: SPCR table version 1
Jul 28 10:42:45 revelation kernel: ACPI: SPCR: console: uart,io,0x3f8,115200
Jul 28 10:42:45 revelation kernel: smpboot: Allowing 24 CPUs, 0 hotplug CPUs
Jul 28 10:42:45 revelation kernel: PM: hibernation: Registered nosave memor=
y: [mem 0x00000000-0x00000fff]
Jul 28 10:42:45 revelation kernel: PM: hibernation: Registered nosave memor=
y: [mem 0x0009b000-0x0009ffff]
Jul 28 10:42:45 revelation kernel: PM: hibernation: Registered nosave memor=
y: [mem 0x000a0000-0x000dffff]
Jul 28 10:42:45 revelation kernel: PM: hibernation: Registered nosave memor=
y: [mem 0x000e0000-0x000fffff]
Jul 28 10:42:45 revelation kernel: PM: hibernation: Registered nosave memor=
y: [mem 0x8a475000-0x8c484fff]
Jul 28 10:42:45 revelation kernel: PM: hibernation: Registered nosave memor=
y: [mem 0x8c485000-0x8c566fff]
Jul 28 10:42:45 revelation kernel: PM: hibernation: Registered nosave memor=
y: [mem 0x8c567000-0x8c648fff]
Jul 28 10:42:45 revelation kernel: PM: hibernation: Registered nosave memor=
y: [mem 0x8c649000-0x8da48fff]
Jul 28 10:42:45 revelation kernel: PM: hibernation: Registered nosave memor=
y: [mem 0x8da49000-0x8f601fff]
Jul 28 10:42:45 revelation kernel: PM: hibernation: Registered nosave memor=
y: [mem 0x8f602000-0x8f64efff]
Jul 28 10:42:45 revelation kernel: PM: hibernation: Registered nosave memor=
y: [mem 0x8f64f000-0x8f6e4fff]
Jul 28 10:42:45 revelation kernel: PM: hibernation: Registered nosave memor=
y: [mem 0x8f6e5000-0x8f6eefff]
Jul 28 10:42:45 revelation kernel: PM: hibernation: Registered nosave memor=
y: [mem 0x8f6ef000-0x8f6f0fff]
Jul 28 10:42:45 revelation kernel: PM: hibernation: Registered nosave memor=
y: [mem 0x8f6f1000-0x8f7cefff]
Jul 28 10:42:45 revelation kernel: PM: hibernation: Registered nosave memor=
y: [mem 0x8f7cf000-0x8f7fffff]
Jul 28 10:42:45 revelation kernel: PM: hibernation: Registered nosave memor=
y: [mem 0x8f800000-0x8fffffff]
Jul 28 10:42:45 revelation kernel: PM: hibernation: Registered nosave memor=
y: [mem 0x90000000-0x9fffffff]
Jul 28 10:42:45 revelation kernel: PM: hibernation: Registered nosave memor=
y: [mem 0xa0000000-0xafffffff]
Jul 28 10:42:45 revelation kernel: PM: hibernation: Registered nosave memor=
y: [mem 0xb0000000-0xfbffffff]
Jul 28 10:42:45 revelation kernel: PM: hibernation: Registered nosave memor=
y: [mem 0xfc000000-0xfcffffff]
Jul 28 10:42:45 revelation kernel: PM: hibernation: Registered nosave memor=
y: [mem 0xfd000000-0xfed1bfff]
Jul 28 10:42:45 revelation kernel: PM: hibernation: Registered nosave memor=
y: [mem 0xfed1c000-0xfed44fff]
Jul 28 10:42:45 revelation kernel: PM: hibernation: Registered nosave memor=
y: [mem 0xfed45000-0xff7fffff]
Jul 28 10:42:45 revelation kernel: PM: hibernation: Registered nosave memor=
y: [mem 0xff800000-0xffffffff]
Jul 28 10:42:45 revelation kernel: [mem 0xb0000000-0xfbffffff] available fo=
r PCI devices
Jul 28 10:42:45 revelation kernel: Booting paravirtualized kernel on bare h=
ardware
Jul 28 10:42:45 revelation kernel: clocksource: refined-jiffies: mask: 0xff=
ffffff max_cycles: 0xffffffff, max_idle_ns: 1910969940391419 ns
Jul 28 10:42:45 revelation kernel: setup_percpu: NR_CPUS:8192 nr_cpumask_bi=
ts:24 nr_cpu_ids:24 nr_node_ids:2
Jul 28 10:42:45 revelation kernel: percpu: Embedded 55 pages/cpu s188416 r8=
192 d28672 u262144
Jul 28 10:42:45 revelation kernel: Fallback order for Node 0: 0 1=20
Jul 28 10:42:45 revelation kernel: Fallback order for Node 1: 1 0=20
Jul 28 10:42:45 revelation kernel: Built 2 zonelists, mobility grouping on.=
  Total pages: 12362979
Jul 28 10:42:45 revelation kernel: Policy zone: Normal
Jul 28 10:42:45 revelation kernel: Kernel command line: BOOT_IMAGE=3D/vmlin=
uz-5.14.0-284.18.1.el9_2.x86_64 root=3D/dev/mapper/vg_revelationr9-root ro =
crashkernel=3D1G-4G:192M,4G-64G:256M,64G-:512M resume=3D/dev/mapper/vg_reve=
lationr9-swap rd.lvm.lv=3Dvg_revelationr9/root rd.lvm.lv=3Dvg_revelationr9/=
swap net.ifnames=3D0 biosdevname=3D0 LANG=3Den_GB.UTF-8
Jul 28 10:42:45 revelation kernel: Unknown kernel command line parameters "=
BOOT_IMAGE=3D/vmlinuz-5.14.0-284.18.1.el9_2.x86_64 biosdevname=3D0 LANG=3De=
n_GB.UTF-8", will be passed to user space.
Jul 28 10:42:45 revelation kernel: mem auto-init: stack:off, heap alloc:off=
, heap free:off
Jul 28 10:42:45 revelation kernel: software IO TLB: area num 32.
Jul 28 10:42:45 revelation kernel: Memory: 2144340K/50237500K available (14=
342K kernel code, 5536K rwdata, 10180K rodata, 2792K init, 7524K bss, 12248=
40K reserved, 0K cma-reserved)
Jul 28 10:42:45 revelation kernel: random: get_random_u64 called from kmem_=
cache_open+0x1e/0x210 with crng_init=3D0
Jul 28 10:42:45 revelation kernel: SLUB: HWalign=3D64, Order=3D0-3, MinObje=
cts=3D0, CPUs=3D24, Nodes=3D2
Jul 28 10:42:45 revelation kernel: Kernel/User page tables isolation: enabl=
ed
Jul 28 10:42:45 revelation kernel: ftrace: allocating 44807 entries in 176 =
pages
Jul 28 10:42:45 revelation kernel: ftrace: allocated 176 pages with 3 groups
Jul 28 10:42:45 revelation kernel: Dynamic Preempt: voluntary
Jul 28 10:42:45 revelation kernel: rcu: Preemptible hierarchical RCU implem=
entation.
Jul 28 10:42:45 revelation kernel: rcu: #011RCU restricting CPUs from NR_CP=
US=3D8192 to nr_cpu_ids=3D24.
Jul 28 10:42:45 revelation kernel: #011Trampoline variant of Tasks RCU enab=
led.
Jul 28 10:42:45 revelation kernel: #011Rude variant of Tasks RCU enabled.
Jul 28 10:42:45 revelation kernel: #011Tracing variant of Tasks RCU enabled.
Jul 28 10:42:45 revelation kernel: rcu: RCU calculated value of scheduler-e=
nlistment delay is 100 jiffies.
Jul 28 10:42:45 revelation kernel: rcu: Adjusting geometry for rcu_fanout_l=
eaf=3D16, nr_cpu_ids=3D24
Jul 28 10:42:45 revelation kernel: NR_IRQS: 524544, nr_irqs: 1024, prealloc=
ated irqs: 16
Jul 28 10:42:45 revelation kernel: rcu: srcu_init: Setting srcu_struct size=
s based on contention.
Jul 28 10:42:45 revelation kernel: kfence: initialized - using 2097152 byte=
s for 255 objects at 0x(____ptrval____)-0x(____ptrval____)
Jul 28 10:42:45 revelation kernel: Console: colour VGA+ 80x25
Jul 28 10:42:45 revelation kernel: printk: console [tty0] enabled
Jul 28 10:42:45 revelation kernel: mempolicy: Enabling automatic NUMA balan=
cing. Configure with numa_balancing=3D or the kernel.numa_balancing sysctl
Jul 28 10:42:45 revelation kernel: ACPI: Core revision 20211217
Jul 28 10:42:45 revelation kernel: clocksource: hpet: mask: 0xffffffff max_=
cycles: 0xffffffff, max_idle_ns: 133484882848 ns
Jul 28 10:42:45 revelation kernel: APIC: Switch to symmetric I/O mode setup
Jul 28 10:42:45 revelation kernel: Switched APIC routing to physical flat.
Jul 28 10:42:45 revelation kernel: ..TIMER: vector=3D0x30 apic1=3D0 pin1=3D=
2 apic2=3D-1 pin2=3D-1
Jul 28 10:42:45 revelation kernel: clocksource: tsc-early: mask: 0xffffffff=
ffffffff max_cycles: 0x31d9808ce9f, max_idle_ns: 440795249953 ns
Jul 28 10:42:45 revelation kernel: Calibrating delay loop (skipped), value =
calculated using timer frequency.. 6916.63 BogoMIPS (lpj=3D3458317)
Jul 28 10:42:45 revelation kernel: pid_max: default: 32768 minimum: 301
Jul 28 10:42:45 revelation kernel: LSM: Security Framework initializing
Jul 28 10:42:45 revelation kernel: Yama: becoming mindful.
Jul 28 10:42:45 revelation kernel: SELinux:  Initializing.
Jul 28 10:42:45 revelation kernel: LSM support for eBPF active
Jul 28 10:42:45 revelation kernel: Dentry cache hash table entries: 8388608=
 (order: 14, 67108864 bytes, vmalloc hugepage)
Jul 28 10:42:45 revelation kernel: Inode-cache hash table entries: 4194304 =
(order: 13, 33554432 bytes, vmalloc hugepage)
Jul 28 10:42:45 revelation kernel: Mount-cache hash table entries: 131072 (=
order: 8, 1048576 bytes, vmalloc)
Jul 28 10:42:45 revelation kernel: Mountpoint-cache hash table entries: 131=
072 (order: 8, 1048576 bytes, vmalloc)
Jul 28 10:42:45 revelation kernel: CPU0: Thermal monitoring enabled (TM1)
Jul 28 10:42:45 revelation kernel: process: using mwait in idle threads
Jul 28 10:42:45 revelation kernel: Last level iTLB entries: 4KB 512, 2MB 7,=
 4MB 7
Jul 28 10:42:45 revelation kernel: Last level dTLB entries: 4KB 512, 2MB 32=
, 4MB 32, 1GB 0
Jul 28 10:42:45 revelation kernel: Spectre V1 : Mitigation: usercopy/swapgs=
 barriers and __user pointer sanitization
Jul 28 10:42:45 revelation kernel: Spectre V2 : Mitigation: Retpolines
Jul 28 10:42:45 revelation kernel: Spectre V2 : Spectre v2 / SpectreRSB mit=
igation: Filling RSB on context switch
Jul 28 10:42:45 revelation kernel: Spectre V2 : Spectre v2 / SpectreRSB : F=
illing RSB on VMEXIT
Jul 28 10:42:45 revelation kernel: Spectre V2 : Enabling Restricted Specula=
tion for firmware calls
Jul 28 10:42:45 revelation kernel: Spectre V2 : mitigation: Enabling condit=
ional Indirect Branch Prediction Barrier
Jul 28 10:42:45 revelation kernel: Spectre V2 : User space: Mitigation: STI=
BP via prctl
Jul 28 10:42:45 revelation kernel: Speculative Store Bypass: Mitigation: Sp=
eculative Store Bypass disabled via prctl
Jul 28 10:42:45 revelation kernel: MDS: Vulnerable: Clear CPU buffers attem=
pted, no microcode
Jul 28 10:42:45 revelation kernel: MMIO Stale Data: Unknown: No mitigations
Jul 28 10:42:45 revelation kernel: Freeing SMP alternatives memory: 36K
Jul 28 10:42:45 revelation kernel: smpboot: Estimated ratio of average max =
frequency by base frequency (times 1024): 1063
Jul 28 10:42:45 revelation kernel: smpboot: CPU0: Intel(R) Xeon(R) CPU     =
      X5690  @ 3.47GHz (family: 0x6, model: 0x2c, stepping: 0x2)
Jul 28 10:42:45 revelation kernel: cblist_init_generic: Setting adjustable =
number of callback queues.
Jul 28 10:42:45 revelation kernel: cblist_init_generic: Setting shift to 5 =
and lim to 1.
Jul 28 10:42:45 revelation kernel: cblist_init_generic: Setting shift to 5 =
and lim to 1.
Jul 28 10:42:45 revelation kernel: cblist_init_generic: Setting shift to 5 =
and lim to 1.
Jul 28 10:42:45 revelation kernel: Performance Events: PEBS fmt1+, Westmere=
 events, 16-deep LBR, Intel PMU driver.
Jul 28 10:42:45 revelation kernel: core: CPUID marked event: 'bus cycles' u=
navailable
Jul 28 10:42:45 revelation kernel: ... version:                3
Jul 28 10:42:45 revelation kernel: ... bit width:              48
Jul 28 10:42:45 revelation kernel: ... generic registers:      4
Jul 28 10:42:45 revelation kernel: ... value mask:             0000ffffffff=
ffff
Jul 28 10:42:45 revelation kernel: ... max period:             000000007fff=
ffff
Jul 28 10:42:45 revelation kernel: ... fixed-purpose events:   3
Jul 28 10:42:45 revelation kernel: ... event mask:             000000070000=
000f
Jul 28 10:42:45 revelation kernel: rcu: Hierarchical SRCU implementation.
Jul 28 10:42:45 revelation kernel: rcu: #011Max phase no-delay instances is=
 400.
Jul 28 10:42:45 revelation kernel: NMI watchdog: Enabled. Permanently consu=
mes one hw-PMU counter.
Jul 28 10:42:45 revelation kernel: smp: Bringing up secondary CPUs ...
Jul 28 10:42:45 revelation kernel: x86: Booting SMP configuration:
Jul 28 10:42:45 revelation kernel: .... node  #1, CPUs:        #1
Jul 28 10:42:45 revelation kernel: smpboot: CPU 1 Converting physical 0 to =
logical die 1
Jul 28 10:42:45 revelation kernel:=20
Jul 28 10:42:45 revelation kernel: .... node  #0, CPUs:    #2
Jul 28 10:42:45 revelation kernel: .... node  #1, CPUs:    #3
Jul 28 10:42:45 revelation kernel: .... node  #0, CPUs:    #4
Jul 28 10:42:45 revelation kernel: .... node  #1, CPUs:    #5
Jul 28 10:42:45 revelation kernel: .... node  #0, CPUs:    #6
Jul 28 10:42:45 revelation kernel: .... node  #1, CPUs:    #7
Jul 28 10:42:45 revelation kernel: .... node  #0, CPUs:    #8
Jul 28 10:42:45 revelation kernel: .... node  #1, CPUs:    #9
Jul 28 10:42:45 revelation kernel: .... node  #0, CPUs:   #10
Jul 28 10:42:45 revelation kernel: .... node  #1, CPUs:   #11
Jul 28 10:42:45 revelation kernel: .... node  #0, CPUs:   #12
Jul 28 10:42:45 revelation kernel: MDS CPU bug present and SMT on, data lea=
k possible. See https://www.kernel.org/doc/html/latest/admin-guide/hw-vuln/=
mds.html for more details.
Jul 28 10:42:45 revelation kernel:=20
Jul 28 10:42:45 revelation kernel: .... node  #1, CPUs:   #13
Jul 28 10:42:45 revelation kernel: .... node  #0, CPUs:   #14
Jul 28 10:42:45 revelation kernel: .... node  #1, CPUs:   #15
Jul 28 10:42:45 revelation kernel: .... node  #0, CPUs:   #16
Jul 28 10:42:45 revelation kernel: .... node  #1, CPUs:   #17
Jul 28 10:42:45 revelation kernel: .... node  #0, CPUs:   #18
Jul 28 10:42:45 revelation kernel: .... node  #1, CPUs:   #19
Jul 28 10:42:45 revelation kernel: .... node  #0, CPUs:   #20
Jul 28 10:42:45 revelation kernel: .... node  #1, CPUs:   #21
Jul 28 10:42:45 revelation kernel: .... node  #0, CPUs:   #22
Jul 28 10:42:45 revelation kernel: .... node  #1, CPUs:   #23
Jul 28 10:42:45 revelation kernel: smp: Brought up 2 nodes, 24 CPUs
Jul 28 10:42:45 revelation kernel: smpboot: Max logical packages: 2
Jul 28 10:42:45 revelation kernel: smpboot: Total of 24 processors activate=
d (165998.16 BogoMIPS)
Jul 28 10:42:45 revelation kernel: node 0 deferred pages initialised in 39ms
Jul 28 10:42:45 revelation kernel: node 1 deferred pages initialised in 42ms
Jul 28 10:42:45 revelation kernel: devtmpfs: initialized
Jul 28 10:42:45 revelation kernel: x86/mm: Memory block size: 128MB
Jul 28 10:42:45 revelation kernel: ACPI: PM: Registering ACPI NVS region [m=
em 0x8c485000-0x8c566fff] (925696 bytes)
Jul 28 10:42:45 revelation kernel: ACPI: PM: Registering ACPI NVS region [m=
em 0x8c649000-0x8da48fff] (20971520 bytes)
Jul 28 10:42:45 revelation kernel: ACPI: PM: Registering ACPI NVS region [m=
em 0x8f6e5000-0x8f6eefff] (40960 bytes)
Jul 28 10:42:45 revelation kernel: ACPI: PM: Registering ACPI NVS region [m=
em 0x8f6f1000-0x8f7cefff] (909312 bytes)
Jul 28 10:42:45 revelation kernel: clocksource: jiffies: mask: 0xffffffff m=
ax_cycles: 0xffffffff, max_idle_ns: 1911260446275000 ns
Jul 28 10:42:45 revelation kernel: futex hash table entries: 8192 (order: 7=
, 524288 bytes, vmalloc)
Jul 28 10:42:45 revelation kernel: pinctrl core: initialized pinctrl subsys=
tem
Jul 28 10:42:45 revelation kernel: NET: Registered PF_NETLINK/PF_ROUTE prot=
ocol family
Jul 28 10:42:45 revelation kernel: DMA: preallocated 4096 KiB GFP_KERNEL po=
ol for atomic allocations
Jul 28 10:42:45 revelation kernel: DMA: preallocated 4096 KiB GFP_KERNEL|GF=
P_DMA pool for atomic allocations
Jul 28 10:42:45 revelation kernel: DMA: preallocated 4096 KiB GFP_KERNEL|GF=
P_DMA32 pool for atomic allocations
Jul 28 10:42:45 revelation kernel: audit: initializing netlink subsys (disa=
bled)
Jul 28 10:42:45 revelation kernel: audit: type=3D2000 audit(1690537363.317:=
1): state=3Dinitialized audit_enabled=3D0 res=3D1
Jul 28 10:42:45 revelation kernel: thermal_sys: Registered thermal governor=
 'fair_share'
Jul 28 10:42:45 revelation kernel: thermal_sys: Registered thermal governor=
 'step_wise'
Jul 28 10:42:45 revelation kernel: thermal_sys: Registered thermal governor=
 'user_space'
Jul 28 10:42:45 revelation kernel: cpuidle: using governor menu
Jul 28 10:42:45 revelation kernel: HugeTLB: can optimize 4095 vmemmap pages=
 for hugepages-1048576kB
Jul 28 10:42:45 revelation kernel: ACPI FADT declares the system doesn't su=
pport PCIe ASPM, so disable it
Jul 28 10:42:45 revelation kernel: acpiphp: ACPI Hot Plug PCI Controller Dr=
iver version: 0.5
Jul 28 10:42:45 revelation kernel: PCI: MMCONFIG for domain 0000 [bus 00-ff=
] at [mem 0xa0000000-0xafffffff] (base 0xa0000000)
Jul 28 10:42:45 revelation kernel: PCI: MMCONFIG at [mem 0xa0000000-0xaffff=
fff] reserved in E820
Jul 28 10:42:45 revelation kernel: PCI: Using configuration type 1 for base=
 access
Jul 28 10:42:45 revelation kernel: kprobes: kprobe jump-optimization is ena=
bled. All kprobes are optimized if possible.
Jul 28 10:42:45 revelation kernel: HugeTLB: can optimize 7 vmemmap pages fo=
r hugepages-2048kB
Jul 28 10:42:45 revelation kernel: HugeTLB registered 1.00 GiB page size, p=
re-allocated 0 pages
Jul 28 10:42:45 revelation kernel: HugeTLB registered 2.00 MiB page size, p=
re-allocated 0 pages
Jul 28 10:42:45 revelation kernel: cryptd: max_cpu_qlen set to 1000
Jul 28 10:42:45 revelation kernel: ACPI: Added _OSI(Module Device)
Jul 28 10:42:45 revelation kernel: ACPI: Added _OSI(Processor Device)
Jul 28 10:42:45 revelation kernel: ACPI: Added _OSI(3.0 _SCP Extensions)
Jul 28 10:42:45 revelation kernel: ACPI: Added _OSI(Processor Aggregator De=
vice)
Jul 28 10:42:45 revelation kernel: ACPI: Added _OSI(Linux-Dell-Video)
Jul 28 10:42:45 revelation kernel: ACPI: Added _OSI(Linux-Lenovo-NV-HDMI-Au=
dio)
Jul 28 10:42:45 revelation kernel: ACPI: Added _OSI(Linux-HPI-Hybrid-Graphi=
cs)
Jul 28 10:42:45 revelation kernel: ACPI: 3 ACPI AML tables successfully acq=
uired and loaded
Jul 28 10:42:45 revelation kernel: ACPI BIOS Error (bug): AE_AML_BUFFER_LIM=
IT, Field [CPB3] at bit offset/length 64/32 exceeds size of target Buffer (=
64 bits) (20211217/dsopcode-198)
Jul 28 10:42:45 revelation kernel: ACPI Error: Aborting method \_SB._OSC du=
e to previous error (AE_AML_BUFFER_LIMIT) (20211217/psparse-529)
Jul 28 10:42:45 revelation kernel: ACPI: Interpreter enabled
Jul 28 10:42:45 revelation kernel: ACPI: PM: (supports S0 S1 S5)
Jul 28 10:42:45 revelation kernel: ACPI: Using IOAPIC for interrupt routing
Jul 28 10:42:45 revelation kernel: HEST: Table parsing has been initialized.
Jul 28 10:42:45 revelation kernel: PCI: Using host bridge windows from ACPI=
; if necessary, use "pci=3Dnocrs" and report a bug
Jul 28 10:42:45 revelation kernel: PCI: Using E820 reservations for host br=
idge windows
Jul 28 10:42:45 revelation kernel: ACPI: Enabled 11 GPEs in block 00 to 3F
Jul 28 10:42:45 revelation kernel: ACPI: PCI Root Bridge [PCI0] (domain 000=
0 [bus 00-fd])
Jul 28 10:42:45 revelation kernel: acpi PNP0A08:00: _OSC: OS supports [Exte=
ndedConfig ASPM ClockPM Segments MSI EDR HPX-Type3]
Jul 28 10:42:45 revelation kernel: acpi PNP0A08:00: _OSC: platform does not=
 support [SHPCHotplug LTR DPC]
Jul 28 10:42:45 revelation kernel: acpi PNP0A08:00: _OSC: OS now controls [=
PCIeHotplug PME AER PCIeCapability]
Jul 28 10:42:45 revelation kernel: acpi PNP0A08:00: FADT indicates ASPM is =
unsupported, using BIOS configuration
Jul 28 10:42:45 revelation kernel: acpi PNP0A08:00: ignoring host bridge wi=
ndow [mem 0x000c4000-0x000cbfff window] (conflicts with Video ROM [mem 0x00=
0c0000-0x000c7fff])
Jul 28 10:42:45 revelation kernel: PCI host bridge to bus 0000:00
Jul 28 10:42:45 revelation kernel: pci_bus 0000:00: Unknown NUMA node; perf=
ormance will be reduced
Jul 28 10:42:45 revelation kernel: pci_bus 0000:00: root bus resource [io  =
0x0000-0x0cf7 window]
Jul 28 10:42:45 revelation kernel: pci_bus 0000:00: root bus resource [io  =
0x0d00-0xffff window]
Jul 28 10:42:45 revelation kernel: pci_bus 0000:00: root bus resource [mem =
0x000a0000-0x000bffff window]
Jul 28 10:42:45 revelation kernel: pci_bus 0000:00: root bus resource [mem =
0xfed40000-0xfedfffff window]
Jul 28 10:42:45 revelation kernel: pci_bus 0000:00: root bus resource [mem =
0xb0000000-0xfdffffff window]
Jul 28 10:42:45 revelation kernel: pci_bus 0000:00: root bus resource [bus =
00-fd]
Jul 28 10:42:45 revelation kernel: pci 0000:00:00.0: [8086:3406] type 00 cl=
ass 0x060000
Jul 28 10:42:45 revelation kernel: pci 0000:00:00.0: PME# supported from D0=
 D3hot D3cold
Jul 28 10:42:45 revelation kernel: pci 0000:00:01.0: [8086:3408] type 01 cl=
ass 0x060400
Jul 28 10:42:45 revelation kernel: pci 0000:00:01.0: PME# supported from D0=
 D3hot D3cold
Jul 28 10:42:45 revelation kernel: pci 0000:00:03.0: [8086:340a] type 01 cl=
ass 0x060400
Jul 28 10:42:45 revelation kernel: pci 0000:00:03.0: PME# supported from D0=
 D3hot D3cold
Jul 28 10:42:45 revelation kernel: pci 0000:00:07.0: [8086:340e] type 01 cl=
ass 0x060400
Jul 28 10:42:45 revelation kernel: pci 0000:00:07.0: PME# supported from D0=
 D3hot D3cold
Jul 28 10:42:45 revelation kernel: pci 0000:00:09.0: [8086:3410] type 01 cl=
ass 0x060400
Jul 28 10:42:45 revelation kernel: pci 0000:00:09.0: PME# supported from D0=
 D3hot D3cold
Jul 28 10:42:45 revelation kernel: pci 0000:00:0a.0: [8086:3411] type 01 cl=
ass 0x060400
Jul 28 10:42:45 revelation kernel: pci 0000:00:0a.0: PME# supported from D0=
 D3hot D3cold
Jul 28 10:42:45 revelation kernel: pci 0000:00:10.0: [8086:3425] type 00 cl=
ass 0x080000
Jul 28 10:42:45 revelation kernel: pci 0000:00:10.1: [8086:3426] type 00 cl=
ass 0x080000
Jul 28 10:42:45 revelation kernel: pci 0000:00:11.0: [8086:3427] type 00 cl=
ass 0x080000
Jul 28 10:42:45 revelation kernel: pci 0000:00:11.1: [8086:3428] type 00 cl=
ass 0x080000
Jul 28 10:42:45 revelation kernel: pci 0000:00:13.0: [8086:342d] type 00 cl=
ass 0x080020
Jul 28 10:42:45 revelation kernel: pci 0000:00:13.0: reg 0x10: [mem 0xb1b23=
000-0xb1b23fff]
Jul 28 10:42:45 revelation kernel: pci 0000:00:13.0: PME# supported from D0=
 D3hot D3cold
Jul 28 10:42:45 revelation kernel: pci 0000:00:14.0: [8086:342e] type 00 cl=
ass 0x080000
Jul 28 10:42:45 revelation kernel: pci 0000:00:14.1: [8086:3422] type 00 cl=
ass 0x080000
Jul 28 10:42:45 revelation kernel: pci 0000:00:14.2: [8086:3423] type 00 cl=
ass 0x080000
Jul 28 10:42:45 revelation kernel: pci 0000:00:14.3: [8086:3438] type 00 cl=
ass 0x080000
Jul 28 10:42:45 revelation kernel: pci 0000:00:15.0: [8086:342f] type 00 cl=
ass 0x080020
Jul 28 10:42:45 revelation kernel: pci 0000:00:16.0: [8086:3430] type 00 cl=
ass 0x088000
Jul 28 10:42:45 revelation kernel: pci 0000:00:16.0: reg 0x10: [mem 0xb1b00=
000-0xb1b03fff 64bit]
Jul 28 10:42:45 revelation kernel: pci 0000:00:16.1: [8086:3431] type 00 cl=
ass 0x088000
Jul 28 10:42:45 revelation kernel: pci 0000:00:16.1: reg 0x10: [mem 0xb1b04=
000-0xb1b07fff 64bit]
Jul 28 10:42:45 revelation kernel: pci 0000:00:16.2: [8086:3432] type 00 cl=
ass 0x088000
Jul 28 10:42:45 revelation kernel: pci 0000:00:16.2: reg 0x10: [mem 0xb1b08=
000-0xb1b0bfff 64bit]
Jul 28 10:42:45 revelation kernel: pci 0000:00:16.3: [8086:3433] type 00 cl=
ass 0x088000
Jul 28 10:42:45 revelation kernel: pci 0000:00:16.3: reg 0x10: [mem 0xb1b0c=
000-0xb1b0ffff 64bit]
Jul 28 10:42:45 revelation kernel: pci 0000:00:16.4: [8086:3429] type 00 cl=
ass 0x088000
Jul 28 10:42:45 revelation kernel: pci 0000:00:16.4: reg 0x10: [mem 0xb1b10=
000-0xb1b13fff 64bit]
Jul 28 10:42:45 revelation kernel: pci 0000:00:16.5: [8086:342a] type 00 cl=
ass 0x088000
Jul 28 10:42:45 revelation kernel: pci 0000:00:16.5: reg 0x10: [mem 0xb1b14=
000-0xb1b17fff 64bit]
Jul 28 10:42:45 revelation kernel: pci 0000:00:16.6: [8086:342b] type 00 cl=
ass 0x088000
Jul 28 10:42:45 revelation kernel: pci 0000:00:16.6: reg 0x10: [mem 0xb1b18=
000-0xb1b1bfff 64bit]
Jul 28 10:42:45 revelation kernel: pci 0000:00:16.7: [8086:342c] type 00 cl=
ass 0x088000
Jul 28 10:42:45 revelation kernel: pci 0000:00:16.7: reg 0x10: [mem 0xb1b1c=
000-0xb1b1ffff 64bit]
Jul 28 10:42:45 revelation kernel: pci 0000:00:1a.0: [8086:3a37] type 00 cl=
ass 0x0c0300
Jul 28 10:42:45 revelation kernel: pci 0000:00:1a.0: reg 0x20: [io  0x30c0-=
0x30df]
Jul 28 10:42:45 revelation kernel: pci 0000:00:1a.1: [8086:3a38] type 00 cl=
ass 0x0c0300
Jul 28 10:42:45 revelation kernel: pci 0000:00:1a.1: reg 0x20: [io  0x30a0-=
0x30bf]
Jul 28 10:42:45 revelation kernel: pci 0000:00:1a.2: [8086:3a39] type 00 cl=
ass 0x0c0300
Jul 28 10:42:45 revelation kernel: pci 0000:00:1a.2: reg 0x20: [io  0x3080-=
0x309f]
Jul 28 10:42:45 revelation kernel: pci 0000:00:1a.7: [8086:3a3c] type 00 cl=
ass 0x0c0320
Jul 28 10:42:45 revelation kernel: pci 0000:00:1a.7: reg 0x10: [mem 0xb1b21=
000-0xb1b213ff]
Jul 28 10:42:45 revelation kernel: pci 0000:00:1a.7: PME# supported from D0=
 D3hot D3cold
Jul 28 10:42:45 revelation kernel: pci 0000:00:1c.0: [8086:3a40] type 01 cl=
ass 0x060400
Jul 28 10:42:45 revelation kernel: pci 0000:00:1c.0: PME# supported from D0=
 D3hot D3cold
Jul 28 10:42:45 revelation kernel: pci 0000:00:1c.4: [8086:3a48] type 01 cl=
ass 0x060400
Jul 28 10:42:45 revelation kernel: pci 0000:00:1c.4: PME# supported from D0=
 D3hot D3cold
Jul 28 10:42:45 revelation kernel: pci 0000:00:1c.5: [8086:3a4a] type 01 cl=
ass 0x060400
Jul 28 10:42:45 revelation kernel: pci 0000:00:1c.5: PME# supported from D0=
 D3hot D3cold
Jul 28 10:42:45 revelation kernel: pci 0000:00:1d.0: [8086:3a34] type 00 cl=
ass 0x0c0300
Jul 28 10:42:45 revelation kernel: pci 0000:00:1d.0: reg 0x20: [io  0x3060-=
0x307f]
Jul 28 10:42:45 revelation kernel: pci 0000:00:1d.1: [8086:3a35] type 00 cl=
ass 0x0c0300
Jul 28 10:42:45 revelation kernel: pci 0000:00:1d.1: reg 0x20: [io  0x3040-=
0x305f]
Jul 28 10:42:45 revelation kernel: pci 0000:00:1d.2: [8086:3a36] type 00 cl=
ass 0x0c0300
Jul 28 10:42:45 revelation kernel: pci 0000:00:1d.2: reg 0x20: [io  0x3020-=
0x303f]
Jul 28 10:42:45 revelation kernel: pci 0000:00:1d.7: [8086:3a3a] type 00 cl=
ass 0x0c0320
Jul 28 10:42:45 revelation kernel: pci 0000:00:1d.7: reg 0x10: [mem 0xb1b20=
000-0xb1b203ff]
Jul 28 10:42:45 revelation kernel: pci 0000:00:1d.7: PME# supported from D0=
 D3hot D3cold
Jul 28 10:42:45 revelation kernel: pci 0000:00:1e.0: [8086:244e] type 01 cl=
ass 0x060401
Jul 28 10:42:45 revelation kernel: pci 0000:00:1f.0: [8086:3a16] type 00 cl=
ass 0x060100
Jul 28 10:42:45 revelation kernel: pci 0000:00:1f.0: quirk: [io  0x0400-0x0=
47f] claimed by ICH6 ACPI/GPIO/TCO
Jul 28 10:42:45 revelation kernel: pci 0000:00:1f.0: quirk: [io  0x0500-0x0=
53f] claimed by ICH6 GPIO
Jul 28 10:42:45 revelation kernel: pci 0000:00:1f.0: ICH7 LPC Generic IO de=
code 1 PIO at 0680 (mask 000f)
Jul 28 10:42:45 revelation kernel: pci 0000:00:1f.0: ICH7 LPC Generic IO de=
code 2 PIO at 0ca0 (mask 000f)
Jul 28 10:42:45 revelation kernel: pci 0000:00:1f.0: ICH7 LPC Generic IO de=
code 3 PIO at 0600 (mask 001f)
Jul 28 10:42:45 revelation kernel: pci 0000:00:1f.2: [8086:3a20] type 00 cl=
ass 0x01018f
Jul 28 10:42:45 revelation kernel: pci 0000:00:1f.2: reg 0x10: [io  0x3138-=
0x313f]
Jul 28 10:42:45 revelation kernel: pci 0000:00:1f.2: reg 0x14: [io  0x314c-=
0x314f]
Jul 28 10:42:45 revelation kernel: pci 0000:00:1f.2: reg 0x18: [io  0x3130-=
0x3137]
Jul 28 10:42:45 revelation kernel: pci 0000:00:1f.2: reg 0x1c: [io  0x3148-=
0x314b]
Jul 28 10:42:45 revelation kernel: pci 0000:00:1f.2: reg 0x20: [io  0x3110-=
0x311f]
Jul 28 10:42:45 revelation kernel: pci 0000:00:1f.2: reg 0x24: [io  0x3100-=
0x310f]
Jul 28 10:42:45 revelation kernel: pci 0000:00:1f.3: [8086:3a30] type 00 cl=
ass 0x0c0500
Jul 28 10:42:45 revelation kernel: pci 0000:00:1f.3: reg 0x10: [mem 0xb1b22=
000-0xb1b220ff 64bit]
Jul 28 10:42:45 revelation kernel: pci 0000:00:1f.3: reg 0x20: [io  0x3000-=
0x301f]
Jul 28 10:42:45 revelation kernel: pci 0000:00:1f.5: [8086:3a26] type 00 cl=
ass 0x010185
Jul 28 10:42:45 revelation kernel: pci 0000:00:1f.5: reg 0x10: [io  0x3128-=
0x312f]
Jul 28 10:42:45 revelation kernel: pci 0000:00:1f.5: reg 0x14: [io  0x3144-=
0x3147]
Jul 28 10:42:45 revelation kernel: pci 0000:00:1f.5: reg 0x18: [io  0x3120-=
0x3127]
Jul 28 10:42:45 revelation kernel: pci 0000:00:1f.5: reg 0x1c: [io  0x3140-=
0x3143]
Jul 28 10:42:45 revelation kernel: pci 0000:00:1f.5: reg 0x20: [io  0x30f0-=
0x30ff]
Jul 28 10:42:45 revelation kernel: pci 0000:00:1f.5: reg 0x24: [io  0x30e0-=
0x30ef]
Jul 28 10:42:45 revelation kernel: pci 0000:01:00.0: [8086:10a7] type 00 cl=
ass 0x020000
Jul 28 10:42:45 revelation kernel: pci 0000:01:00.0: reg 0x10: [mem 0xb1a20=
000-0xb1a3ffff]
Jul 28 10:42:45 revelation kernel: pci 0000:01:00.0: reg 0x18: [io  0x2020-=
0x203f]
Jul 28 10:42:45 revelation kernel: pci 0000:01:00.0: reg 0x1c: [mem 0xb1a44=
000-0xb1a47fff]
Jul 28 10:42:45 revelation kernel: pci 0000:01:00.0: PME# supported from D0=
 D3hot D3cold
Jul 28 10:42:45 revelation kernel: pci 0000:01:00.1: [8086:10a7] type 00 cl=
ass 0x020000
Jul 28 10:42:45 revelation kernel: pci 0000:01:00.1: reg 0x10: [mem 0xb1a00=
000-0xb1a1ffff]
Jul 28 10:42:45 revelation kernel: pci 0000:01:00.1: reg 0x18: [io  0x2000-=
0x201f]
Jul 28 10:42:45 revelation kernel: pci 0000:01:00.1: reg 0x1c: [mem 0xb1a40=
000-0xb1a43fff]
Jul 28 10:42:45 revelation kernel: pci 0000:01:00.1: PME# supported from D0=
 D3hot D3cold
Jul 28 10:42:45 revelation kernel: pci 0000:00:01.0: PCI bridge to [bus 01]
Jul 28 10:42:45 revelation kernel: pci 0000:00:01.0:   bridge window [io  0=
x2000-0x2fff]
Jul 28 10:42:45 revelation kernel: pci 0000:00:01.0:   bridge window [mem 0=
xb1a00000-0xb1afffff]
Jul 28 10:42:45 revelation kernel: pci 0000:02:00.0: [1000:0073] type 00 cl=
ass 0x010400
Jul 28 10:42:45 revelation kernel: pci 0000:02:00.0: reg 0x10: [io  0x1000-=
0x10ff]
Jul 28 10:42:45 revelation kernel: pci 0000:02:00.0: reg 0x14: [mem 0xb1940=
000-0xb1943fff 64bit]
Jul 28 10:42:45 revelation kernel: pci 0000:02:00.0: reg 0x1c: [mem 0xb1900=
000-0xb193ffff 64bit]
Jul 28 10:42:45 revelation kernel: pci 0000:02:00.0: reg 0x30: [mem 0xfffe0=
000-0xffffffff pref]
Jul 28 10:42:45 revelation kernel: pci 0000:02:00.0: [Firmware Bug]: disabl=
ing VPD access (can't determine size of non-standard VPD format)
Jul 28 10:42:45 revelation kernel: pci 0000:02:00.0: supports D1 D2
Jul 28 10:42:45 revelation kernel: pci 0000:00:03.0: PCI bridge to [bus 02]
Jul 28 10:42:45 revelation kernel: pci 0000:00:03.0:   bridge window [io  0=
x1000-0x1fff]
Jul 28 10:42:45 revelation kernel: pci 0000:00:03.0:   bridge window [mem 0=
xb1900000-0xb19fffff]
Jul 28 10:42:45 revelation kernel: pci 0000:00:07.0: PCI bridge to [bus 03]
Jul 28 10:42:45 revelation kernel: pci 0000:00:09.0: PCI bridge to [bus 04]
Jul 28 10:42:45 revelation kernel: pci 0000:00:0a.0: PCI bridge to [bus 05]
Jul 28 10:42:45 revelation kernel: pci 0000:00:1c.0: PCI bridge to [bus 06]
Jul 28 10:42:45 revelation kernel: pci 0000:07:00.0: [102b:0522] type 00 cl=
ass 0x030000
Jul 28 10:42:45 revelation kernel: pci 0000:07:00.0: reg 0x10: [mem 0xb0000=
000-0xb0ffffff pref]
Jul 28 10:42:45 revelation kernel: pci 0000:07:00.0: reg 0x14: [mem 0xb1800=
000-0xb1803fff]
Jul 28 10:42:45 revelation kernel: pci 0000:07:00.0: reg 0x18: [mem 0xb1000=
000-0xb17fffff]
Jul 28 10:42:45 revelation kernel: pci 0000:07:00.0: reg 0x30: [mem 0xffff0=
000-0xffffffff pref]
Jul 28 10:42:45 revelation kernel: pci 0000:07:00.0: Video device with shad=
owed ROM at [mem 0x000c0000-0x000dffff]
Jul 28 10:42:45 revelation kernel: pci 0000:00:1c.4: PCI bridge to [bus 07]
Jul 28 10:42:45 revelation kernel: pci 0000:00:1c.4:   bridge window [mem 0=
xb1000000-0xb18fffff]
Jul 28 10:42:45 revelation kernel: pci 0000:00:1c.4:   bridge window [mem 0=
xb0000000-0xb0ffffff 64bit pref]
Jul 28 10:42:45 revelation kernel: pci 0000:00:1c.5: PCI bridge to [bus 08]
Jul 28 10:42:45 revelation kernel: pci_bus 0000:09: extended config space n=
ot accessible
Jul 28 10:42:45 revelation kernel: pci 0000:00:1e.0: PCI bridge to [bus 09]=
 (subtractive decode)
Jul 28 10:42:45 revelation kernel: pci 0000:00:1e.0:   bridge window [io  0=
x0000-0x0cf7 window] (subtractive decode)
Jul 28 10:42:45 revelation kernel: pci 0000:00:1e.0:   bridge window [io  0=
x0d00-0xffff window] (subtractive decode)
Jul 28 10:42:45 revelation kernel: pci 0000:00:1e.0:   bridge window [mem 0=
x000a0000-0x000bffff window] (subtractive decode)
Jul 28 10:42:45 revelation kernel: pci 0000:00:1e.0:   bridge window [mem 0=
xfed40000-0xfedfffff window] (subtractive decode)
Jul 28 10:42:45 revelation kernel: pci 0000:00:1e.0:   bridge window [mem 0=
xb0000000-0xfdffffff window] (subtractive decode)
Jul 28 10:42:45 revelation kernel: ACPI: PCI: Interrupt link LNKA configure=
d for IRQ 11
Jul 28 10:42:45 revelation kernel: ACPI: PCI: Interrupt link LNKB configure=
d for IRQ 10
Jul 28 10:42:45 revelation kernel: ACPI: PCI: Interrupt link LNKC configure=
d for IRQ 9
Jul 28 10:42:45 revelation kernel: ACPI: PCI: Interrupt link LNKD configure=
d for IRQ 5
Jul 28 10:42:45 revelation kernel: ACPI: PCI: Interrupt link LNKE configure=
d for IRQ 0
Jul 28 10:42:45 revelation kernel: ACPI: PCI: Interrupt link LNKE disabled
Jul 28 10:42:45 revelation kernel: ACPI: PCI: Interrupt link LNKF configure=
d for IRQ 11
Jul 28 10:42:45 revelation kernel: ACPI: PCI: Interrupt link LNKG configure=
d for IRQ 0
Jul 28 10:42:45 revelation kernel: ACPI: PCI: Interrupt link LNKG disabled
Jul 28 10:42:45 revelation kernel: ACPI: PCI: Interrupt link LNKH configure=
d for IRQ 0
Jul 28 10:42:45 revelation kernel: ACPI: PCI: Interrupt link LNKH disabled
Jul 28 10:42:45 revelation kernel: iommu: Default domain type: Translated=20
Jul 28 10:42:45 revelation kernel: iommu: DMA domain TLB invalidation polic=
y: lazy mode=20
Jul 28 10:42:45 revelation kernel: SCSI subsystem initialized
Jul 28 10:42:45 revelation kernel: ACPI: bus type USB registered
Jul 28 10:42:45 revelation kernel: usbcore: registered new interface driver=
 usbfs
Jul 28 10:42:45 revelation kernel: usbcore: registered new interface driver=
 hub
Jul 28 10:42:45 revelation kernel: usbcore: registered new device driver usb
Jul 28 10:42:45 revelation kernel: pps_core: LinuxPPS API ver. 1 registered
Jul 28 10:42:45 revelation kernel: pps_core: Software ver. 5.3.6 - Copyrigh=
t 2005-2007 Rodolfo Giometti <giometti@linux.it>
Jul 28 10:42:45 revelation kernel: PTP clock support registered
Jul 28 10:42:45 revelation kernel: EDAC MC: Ver: 3.0.0
Jul 28 10:42:45 revelation kernel: NetLabel: Initializing
Jul 28 10:42:45 revelation kernel: NetLabel:  domain hash size =3D 128
Jul 28 10:42:45 revelation kernel: NetLabel:  protocols =3D UNLABELED CIPSO=
v4 CALIPSO
Jul 28 10:42:45 revelation kernel: NetLabel:  unlabeled traffic allowed by =
default
Jul 28 10:42:45 revelation kernel: PCI: Using ACPI for IRQ routing
Jul 28 10:42:45 revelation kernel: PCI: Discovered peer bus fe
Jul 28 10:42:45 revelation kernel: PCI host bridge to bus 0000:fe
Jul 28 10:42:45 revelation kernel: pci_bus 0000:fe: Unknown NUMA node; perf=
ormance will be reduced
Jul 28 10:42:45 revelation kernel: pci_bus 0000:fe: root bus resource [io  =
0x0000-0xffff]
Jul 28 10:42:45 revelation kernel: pci_bus 0000:fe: root bus resource [mem =
0x00000000-0xffffffffff]
Jul 28 10:42:45 revelation kernel: pci_bus 0000:fe: No busn resource found =
for root bus, will use [bus fe-ff]
Jul 28 10:42:45 revelation kernel: pci 0000:fe:00.0: [8086:2c70] type 00 cl=
ass 0x060000
Jul 28 10:42:45 revelation kernel: pci 0000:fe:00.1: [8086:2d81] type 00 cl=
ass 0x060000
Jul 28 10:42:45 revelation kernel: pci 0000:fe:02.0: [8086:2d90] type 00 cl=
ass 0x060000
Jul 28 10:42:45 revelation kernel: pci 0000:fe:02.1: [8086:2d91] type 00 cl=
ass 0x060000
Jul 28 10:42:45 revelation kernel: pci 0000:fe:02.2: [8086:2d92] type 00 cl=
ass 0x060000
Jul 28 10:42:45 revelation kernel: pci 0000:fe:02.3: [8086:2d93] type 00 cl=
ass 0x060000
Jul 28 10:42:45 revelation kernel: pci 0000:fe:02.4: [8086:2d94] type 00 cl=
ass 0x060000
Jul 28 10:42:45 revelation kernel: pci 0000:fe:02.5: [8086:2d95] type 00 cl=
ass 0x060000
Jul 28 10:42:45 revelation kernel: pci 0000:fe:03.0: [8086:2d98] type 00 cl=
ass 0x060000
Jul 28 10:42:45 revelation kernel: pci 0000:fe:03.1: [8086:2d99] type 00 cl=
ass 0x060000
Jul 28 10:42:45 revelation kernel: pci 0000:fe:03.2: [8086:2d9a] type 00 cl=
ass 0x060000
Jul 28 10:42:45 revelation kernel: pci 0000:fe:03.4: [8086:2d9c] type 00 cl=
ass 0x060000
Jul 28 10:42:45 revelation kernel: pci 0000:fe:04.0: [8086:2da0] type 00 cl=
ass 0x060000
Jul 28 10:42:45 revelation kernel: pci 0000:fe:04.1: [8086:2da1] type 00 cl=
ass 0x060000
Jul 28 10:42:45 revelation kernel: pci 0000:fe:04.2: [8086:2da2] type 00 cl=
ass 0x060000
Jul 28 10:42:45 revelation kernel: pci 0000:fe:04.3: [8086:2da3] type 00 cl=
ass 0x060000
Jul 28 10:42:45 revelation kernel: pci 0000:fe:05.0: [8086:2da8] type 00 cl=
ass 0x060000
Jul 28 10:42:45 revelation kernel: pci 0000:fe:05.1: [8086:2da9] type 00 cl=
ass 0x060000
Jul 28 10:42:45 revelation kernel: pci 0000:fe:05.2: [8086:2daa] type 00 cl=
ass 0x060000
Jul 28 10:42:45 revelation kernel: pci 0000:fe:05.3: [8086:2dab] type 00 cl=
ass 0x060000
Jul 28 10:42:45 revelation kernel: pci 0000:fe:06.0: [8086:2db0] type 00 cl=
ass 0x060000
Jul 28 10:42:45 revelation kernel: pci 0000:fe:06.1: [8086:2db1] type 00 cl=
ass 0x060000
Jul 28 10:42:45 revelation kernel: pci 0000:fe:06.2: [8086:2db2] type 00 cl=
ass 0x060000
Jul 28 10:42:45 revelation kernel: pci 0000:fe:06.3: [8086:2db3] type 00 cl=
ass 0x060000
Jul 28 10:42:45 revelation kernel: pci_bus 0000:fe: busn_res: [bus fe-ff] e=
nd is updated to fe
Jul 28 10:42:45 revelation kernel: PCI: Discovered peer bus ff
Jul 28 10:42:45 revelation kernel: PCI host bridge to bus 0000:ff
Jul 28 10:42:45 revelation kernel: pci_bus 0000:ff: Unknown NUMA node; perf=
ormance will be reduced
Jul 28 10:42:45 revelation kernel: pci_bus 0000:ff: root bus resource [io  =
0x0000-0xffff]
Jul 28 10:42:45 revelation kernel: pci_bus 0000:ff: root bus resource [mem =
0x00000000-0xffffffffff]
Jul 28 10:42:45 revelation kernel: pci_bus 0000:ff: No busn resource found =
for root bus, will use [bus ff-ff]
Jul 28 10:42:45 revelation kernel: pci 0000:ff:00.0: [8086:2c70] type 00 cl=
ass 0x060000
Jul 28 10:42:45 revelation kernel: pci 0000:ff:00.1: [8086:2d81] type 00 cl=
ass 0x060000
Jul 28 10:42:45 revelation kernel: pci 0000:ff:02.0: [8086:2d90] type 00 cl=
ass 0x060000
Jul 28 10:42:45 revelation kernel: pci 0000:ff:02.1: [8086:2d91] type 00 cl=
ass 0x060000
Jul 28 10:42:45 revelation kernel: pci 0000:ff:02.2: [8086:2d92] type 00 cl=
ass 0x060000
Jul 28 10:42:45 revelation kernel: pci 0000:ff:02.3: [8086:2d93] type 00 cl=
ass 0x060000
Jul 28 10:42:45 revelation kernel: pci 0000:ff:02.4: [8086:2d94] type 00 cl=
ass 0x060000
Jul 28 10:42:45 revelation kernel: pci 0000:ff:02.5: [8086:2d95] type 00 cl=
ass 0x060000
Jul 28 10:42:45 revelation kernel: pci 0000:ff:03.0: [8086:2d98] type 00 cl=
ass 0x060000
Jul 28 10:42:45 revelation kernel: pci 0000:ff:03.1: [8086:2d99] type 00 cl=
ass 0x060000
Jul 28 10:42:45 revelation kernel: pci 0000:ff:03.2: [8086:2d9a] type 00 cl=
ass 0x060000
Jul 28 10:42:45 revelation kernel: pci 0000:ff:03.4: [8086:2d9c] type 00 cl=
ass 0x060000
Jul 28 10:42:45 revelation kernel: pci 0000:ff:04.0: [8086:2da0] type 00 cl=
ass 0x060000
Jul 28 10:42:45 revelation kernel: pci 0000:ff:04.1: [8086:2da1] type 00 cl=
ass 0x060000
Jul 28 10:42:45 revelation kernel: pci 0000:ff:04.2: [8086:2da2] type 00 cl=
ass 0x060000
Jul 28 10:42:45 revelation kernel: pci 0000:ff:04.3: [8086:2da3] type 00 cl=
ass 0x060000
Jul 28 10:42:45 revelation kernel: pci 0000:ff:05.0: [8086:2da8] type 00 cl=
ass 0x060000
Jul 28 10:42:45 revelation kernel: pci 0000:ff:05.1: [8086:2da9] type 00 cl=
ass 0x060000
Jul 28 10:42:45 revelation kernel: pci 0000:ff:05.2: [8086:2daa] type 00 cl=
ass 0x060000
Jul 28 10:42:45 revelation kernel: pci 0000:ff:05.3: [8086:2dab] type 00 cl=
ass 0x060000
Jul 28 10:42:45 revelation kernel: pci 0000:ff:06.0: [8086:2db0] type 00 cl=
ass 0x060000
Jul 28 10:42:45 revelation kernel: pci 0000:ff:06.1: [8086:2db1] type 00 cl=
ass 0x060000
Jul 28 10:42:45 revelation kernel: pci 0000:ff:06.2: [8086:2db2] type 00 cl=
ass 0x060000
Jul 28 10:42:45 revelation kernel: pci 0000:ff:06.3: [8086:2db3] type 00 cl=
ass 0x060000
Jul 28 10:42:45 revelation kernel: pci_bus 0000:ff: busn_res: [bus ff] end =
is updated to ff
Jul 28 10:42:45 revelation kernel: Expanded resource Reserved due to confli=
ct with PCI Bus 0000:00
Jul 28 10:42:45 revelation kernel: pci 0000:07:00.0: vgaarb: setting as boo=
t VGA device
Jul 28 10:42:45 revelation kernel: pci 0000:07:00.0: vgaarb: bridge control=
 possible
Jul 28 10:42:45 revelation kernel: pci 0000:07:00.0: vgaarb: VGA device add=
ed: decodes=3Dio+mem,owns=3Dio+mem,locks=3Dnone
Jul 28 10:42:45 revelation kernel: vgaarb: loaded
Jul 28 10:42:45 revelation kernel: hpet0: at MMIO 0xfed00000, IRQs 2, 8, 0,=
 0
Jul 28 10:42:45 revelation kernel: hpet0: 4 comparators, 64-bit 14.318180 M=
Hz counter
Jul 28 10:42:45 revelation kernel: clocksource: Switched to clocksource tsc=
-early
Jul 28 10:42:45 revelation kernel: VFS: Disk quotas dquot_6.6.0
Jul 28 10:42:45 revelation kernel: VFS: Dquot-cache hash table entries: 512=
 (order 0, 4096 bytes)
Jul 28 10:42:45 revelation kernel: pnp: PnP ACPI init
Jul 28 10:42:45 revelation kernel: system 00:01: [io  0x0500-0x057f] could =
not be reserved
Jul 28 10:42:45 revelation kernel: system 00:01: [io  0x0400-0x047f] has be=
en reserved
Jul 28 10:42:45 revelation kernel: system 00:01: [io  0x0800-0x081f] has be=
en reserved
Jul 28 10:42:45 revelation kernel: system 00:01: [io  0x0ca2-0x0ca3] could =
not be reserved
Jul 28 10:42:45 revelation kernel: system 00:01: [io  0x0600-0x061f] has be=
en reserved
Jul 28 10:42:45 revelation kernel: system 00:01: [io  0x0880-0x0883] has be=
en reserved
Jul 28 10:42:45 revelation kernel: system 00:01: [io  0x0ca4-0x0ca5] has be=
en reserved
Jul 28 10:42:45 revelation kernel: system 00:01: [mem 0xfed1c000-0xfed3fffe=
] has been reserved
Jul 28 10:42:45 revelation kernel: system 00:01: [mem 0xff000000-0xffffffff=
] could not be reserved
Jul 28 10:42:45 revelation kernel: system 00:01: [mem 0xfee00000-0xfeefffff=
] has been reserved
Jul 28 10:42:45 revelation kernel: system 00:01: [mem 0xfe900000-0xfe90001f=
] has been reserved
Jul 28 10:42:45 revelation kernel: system 00:01: [mem 0xfea00000-0xfea0001f=
] has been reserved
Jul 28 10:42:45 revelation kernel: system 00:01: [mem 0xfed1b000-0xfed1bfff=
] has been reserved
Jul 28 10:42:45 revelation kernel: pnp: PnP ACPI: found 4 devices
Jul 28 10:42:45 revelation kernel: clocksource: acpi_pm: mask: 0xffffff max=
_cycles: 0xffffff, max_idle_ns: 2085701024 ns
Jul 28 10:42:45 revelation kernel: NET: Registered PF_INET protocol family
Jul 28 10:42:45 revelation kernel: IP idents hash table entries: 262144 (or=
der: 9, 2097152 bytes, vmalloc)
Jul 28 10:42:45 revelation kernel: tcp_listen_portaddr_hash hash table entr=
ies: 32768 (order: 7, 524288 bytes, vmalloc)
Jul 28 10:42:45 revelation kernel: Table-perturb hash table entries: 65536 =
(order: 6, 262144 bytes, vmalloc)
Jul 28 10:42:45 revelation kernel: TCP established hash table entries: 5242=
88 (order: 10, 4194304 bytes, vmalloc hugepage)
Jul 28 10:42:45 revelation kernel: TCP bind hash table entries: 65536 (orde=
r: 8, 1048576 bytes, vmalloc)
Jul 28 10:42:45 revelation kernel: TCP: Hash tables configured (established=
 524288 bind 65536)
Jul 28 10:42:45 revelation kernel: MPTCP token hash table entries: 65536 (o=
rder: 8, 1572864 bytes, vmalloc)
Jul 28 10:42:45 revelation kernel: UDP hash table entries: 32768 (order: 8,=
 1048576 bytes, vmalloc)
Jul 28 10:42:45 revelation kernel: UDP-Lite hash table entries: 32768 (orde=
r: 8, 1048576 bytes, vmalloc)
Jul 28 10:42:45 revelation kernel: NET: Registered PF_UNIX/PF_LOCAL protoco=
l family
Jul 28 10:42:45 revelation kernel: NET: Registered PF_XDP protocol family
Jul 28 10:42:45 revelation kernel: pci 0000:02:00.0: can't claim BAR 6 [mem=
 0xfffe0000-0xffffffff pref]: no compatible bridge window
Jul 28 10:42:45 revelation kernel: pci 0000:00:1c.0: bridge window [io  0x1=
000-0x0fff] to [bus 06] add_size 1000
Jul 28 10:42:45 revelation kernel: pci 0000:00:1c.0: bridge window [mem 0x0=
0100000-0x000fffff 64bit pref] to [bus 06] add_size 200000 add_align 100000
Jul 28 10:42:45 revelation kernel: pci 0000:00:1c.0: bridge window [mem 0x0=
0100000-0x000fffff] to [bus 06] add_size 200000 add_align 100000
Jul 28 10:42:45 revelation kernel: pci 0000:00:1c.4: bridge window [io  0x1=
000-0x0fff] to [bus 07] add_size 1000
Jul 28 10:42:45 revelation kernel: pci 0000:00:1c.5: bridge window [io  0x1=
000-0x0fff] to [bus 08] add_size 1000
Jul 28 10:42:45 revelation kernel: pci 0000:00:1c.5: bridge window [mem 0x0=
0100000-0x000fffff 64bit pref] to [bus 08] add_size 200000 add_align 100000
Jul 28 10:42:45 revelation kernel: pci 0000:00:1c.5: bridge window [mem 0x0=
0100000-0x000fffff] to [bus 08] add_size 200000 add_align 100000
Jul 28 10:42:45 revelation kernel: clipped [mem size 0x000c0000] to [mem si=
ze 0x000bb000] for e820 entry [mem 0xfed1c000-0xfed44fff]
Jul 28 10:42:45 revelation kernel: pci 0000:00:1c.0: BAR 14: assigned [mem =
0xb1c00000-0xb1dfffff]
Jul 28 10:42:45 revelation kernel: clipped [mem size 0x00000000 64bit pref]=
 to [mem size 0xffffffffffffb000 64bit pref] for e820 entry [mem 0xfed1c000=
-0xfed44fff]
Jul 28 10:42:45 revelation kernel: clipped [mem size 0x000c0000 64bit pref]=
 to [mem size 0x000bb000 64bit pref] for e820 entry [mem 0xfed1c000-0xfed44=
fff]
Jul 28 10:42:45 revelation kernel: pci 0000:00:1c.0: BAR 15: assigned [mem =
0xb1e00000-0xb1ffffff 64bit pref]
Jul 28 10:42:45 revelation kernel: clipped [mem size 0x000c0000] to [mem si=
ze 0x000bb000] for e820 entry [mem 0xfed1c000-0xfed44fff]
Jul 28 10:42:45 revelation kernel: pci 0000:00:1c.5: BAR 14: assigned [mem =
0xb2000000-0xb21fffff]
Jul 28 10:42:45 revelation kernel: clipped [mem size 0x00000000 64bit pref]=
 to [mem size 0xffffffffffffb000 64bit pref] for e820 entry [mem 0xfed1c000=
-0xfed44fff]
Jul 28 10:42:45 revelation kernel: clipped [mem size 0x000c0000 64bit pref]=
 to [mem size 0x000bb000 64bit pref] for e820 entry [mem 0xfed1c000-0xfed44=
fff]
Jul 28 10:42:45 revelation kernel: pci 0000:00:1c.5: BAR 15: assigned [mem =
0xb2200000-0xb23fffff 64bit pref]
Jul 28 10:42:45 revelation kernel: pci 0000:00:1c.0: BAR 13: assigned [io  =
0x4000-0x4fff]
Jul 28 10:42:45 revelation kernel: pci 0000:00:1c.4: BAR 13: assigned [io  =
0x5000-0x5fff]
Jul 28 10:42:45 revelation kernel: pci 0000:00:1c.5: BAR 13: assigned [io  =
0x6000-0x6fff]
Jul 28 10:42:45 revelation kernel: pci 0000:00:01.0: PCI bridge to [bus 01]
Jul 28 10:42:45 revelation kernel: pci 0000:00:01.0:   bridge window [io  0=
x2000-0x2fff]
Jul 28 10:42:45 revelation kernel: pci 0000:00:01.0:   bridge window [mem 0=
xb1a00000-0xb1afffff]
Jul 28 10:42:45 revelation kernel: pci 0000:02:00.0: BAR 6: assigned [mem 0=
xb1960000-0xb197ffff pref]
Jul 28 10:42:45 revelation kernel: pci 0000:00:03.0: PCI bridge to [bus 02]
Jul 28 10:42:45 revelation kernel: pci 0000:00:03.0:   bridge window [io  0=
x1000-0x1fff]
Jul 28 10:42:45 revelation kernel: pci 0000:00:03.0:   bridge window [mem 0=
xb1900000-0xb19fffff]
Jul 28 10:42:45 revelation kernel: pci 0000:00:07.0: PCI bridge to [bus 03]
Jul 28 10:42:45 revelation kernel: pci 0000:00:09.0: PCI bridge to [bus 04]
Jul 28 10:42:45 revelation kernel: pci 0000:00:0a.0: PCI bridge to [bus 05]
Jul 28 10:42:45 revelation kernel: pci 0000:00:1c.0: PCI bridge to [bus 06]
Jul 28 10:42:45 revelation kernel: pci 0000:00:1c.0:   bridge window [io  0=
x4000-0x4fff]
Jul 28 10:42:45 revelation kernel: pci 0000:00:1c.0:   bridge window [mem 0=
xb1c00000-0xb1dfffff]
Jul 28 10:42:45 revelation kernel: pci 0000:00:1c.0:   bridge window [mem 0=
xb1e00000-0xb1ffffff 64bit pref]
Jul 28 10:42:45 revelation kernel: pci 0000:00:1c.4: PCI bridge to [bus 07]
Jul 28 10:42:45 revelation kernel: pci 0000:00:1c.4:   bridge window [io  0=
x5000-0x5fff]
Jul 28 10:42:45 revelation kernel: pci 0000:00:1c.4:   bridge window [mem 0=
xb1000000-0xb18fffff]
Jul 28 10:42:45 revelation kernel: pci 0000:00:1c.4:   bridge window [mem 0=
xb0000000-0xb0ffffff 64bit pref]
Jul 28 10:42:45 revelation kernel: pci 0000:00:1c.5: PCI bridge to [bus 08]
Jul 28 10:42:45 revelation kernel: pci 0000:00:1c.5:   bridge window [io  0=
x6000-0x6fff]
Jul 28 10:42:45 revelation kernel: pci 0000:00:1c.5:   bridge window [mem 0=
xb2000000-0xb21fffff]
Jul 28 10:42:45 revelation kernel: pci 0000:00:1c.5:   bridge window [mem 0=
xb2200000-0xb23fffff 64bit pref]
Jul 28 10:42:45 revelation kernel: pci 0000:00:1e.0: PCI bridge to [bus 09]
Jul 28 10:42:45 revelation kernel: pci_bus 0000:00: resource 4 [io  0x0000-=
0x0cf7 window]
Jul 28 10:42:45 revelation kernel: pci_bus 0000:00: resource 5 [io  0x0d00-=
0xffff window]
Jul 28 10:42:45 revelation kernel: pci_bus 0000:00: resource 6 [mem 0x000a0=
000-0x000bffff window]
Jul 28 10:42:45 revelation kernel: pci_bus 0000:00: resource 7 [mem 0xfed40=
000-0xfedfffff window]
Jul 28 10:42:45 revelation kernel: pci_bus 0000:00: resource 8 [mem 0xb0000=
000-0xfdffffff window]
Jul 28 10:42:45 revelation kernel: pci_bus 0000:01: resource 0 [io  0x2000-=
0x2fff]
Jul 28 10:42:45 revelation kernel: pci_bus 0000:01: resource 1 [mem 0xb1a00=
000-0xb1afffff]
Jul 28 10:42:45 revelation kernel: pci_bus 0000:02: resource 0 [io  0x1000-=
0x1fff]
Jul 28 10:42:45 revelation kernel: pci_bus 0000:02: resource 1 [mem 0xb1900=
000-0xb19fffff]
Jul 28 10:42:45 revelation kernel: pci_bus 0000:06: resource 0 [io  0x4000-=
0x4fff]
Jul 28 10:42:45 revelation kernel: pci_bus 0000:06: resource 1 [mem 0xb1c00=
000-0xb1dfffff]
Jul 28 10:42:45 revelation kernel: pci_bus 0000:06: resource 2 [mem 0xb1e00=
000-0xb1ffffff 64bit pref]
Jul 28 10:42:45 revelation kernel: pci_bus 0000:07: resource 0 [io  0x5000-=
0x5fff]
Jul 28 10:42:45 revelation kernel: pci_bus 0000:07: resource 1 [mem 0xb1000=
000-0xb18fffff]
Jul 28 10:42:45 revelation kernel: pci_bus 0000:07: resource 2 [mem 0xb0000=
000-0xb0ffffff 64bit pref]
Jul 28 10:42:45 revelation kernel: pci_bus 0000:08: resource 0 [io  0x6000-=
0x6fff]
Jul 28 10:42:45 revelation kernel: pci_bus 0000:08: resource 1 [mem 0xb2000=
000-0xb21fffff]
Jul 28 10:42:45 revelation kernel: pci_bus 0000:08: resource 2 [mem 0xb2200=
000-0xb23fffff 64bit pref]
Jul 28 10:42:45 revelation kernel: pci_bus 0000:09: resource 4 [io  0x0000-=
0x0cf7 window]
Jul 28 10:42:45 revelation kernel: pci_bus 0000:09: resource 5 [io  0x0d00-=
0xffff window]
Jul 28 10:42:45 revelation kernel: pci_bus 0000:09: resource 6 [mem 0x000a0=
000-0x000bffff window]
Jul 28 10:42:45 revelation kernel: pci_bus 0000:09: resource 7 [mem 0xfed40=
000-0xfedfffff window]
Jul 28 10:42:45 revelation kernel: pci_bus 0000:09: resource 8 [mem 0xb0000=
000-0xfdffffff window]
Jul 28 10:42:45 revelation kernel: pci_bus 0000:fe: resource 4 [io  0x0000-=
0xffff]
Jul 28 10:42:45 revelation kernel: pci_bus 0000:fe: resource 5 [mem 0x00000=
000-0xffffffffff]
Jul 28 10:42:45 revelation kernel: pci_bus 0000:ff: resource 4 [io  0x0000-=
0xffff]
Jul 28 10:42:45 revelation kernel: pci_bus 0000:ff: resource 5 [mem 0x00000=
000-0xffffffffff]
Jul 28 10:42:45 revelation kernel: pci 0000:01:00.0: Disabling L0s
Jul 28 10:42:45 revelation kernel: pci 0000:01:00.0: can't disable ASPM; OS=
 doesn't have ASPM control
Jul 28 10:42:45 revelation kernel: pci 0000:01:00.1: Disabling L0s
Jul 28 10:42:45 revelation kernel: pci 0000:01:00.1: can't disable ASPM; OS=
 doesn't have ASPM control
Jul 28 10:42:45 revelation kernel: PCI: CLS 64 bytes, default 64
Jul 28 10:42:45 revelation kernel: PCI-DMA: Using software bounce buffering=
 for IO (SWIOTLB)
Jul 28 10:42:45 revelation kernel: Trying to unpack rootfs image as initram=
fs...
Jul 28 10:42:45 revelation kernel: software IO TLB: mapped [mem 0x000000007=
6000000-0x000000007a000000] (64MB)
Jul 28 10:42:45 revelation kernel: ACPI: bus type thunderbolt registered
Jul 28 10:42:45 revelation kernel: Initialise system trusted keyrings
Jul 28 10:42:45 revelation kernel: Key type blacklist registered
Jul 28 10:42:45 revelation kernel: workingset: timestamp_bits=3D36 max_orde=
r=3D24 bucket_order=3D0
Jul 28 10:42:45 revelation kernel: zbud: loaded
Jul 28 10:42:45 revelation kernel: integrity: Platform Keyring initialized
Jul 28 10:42:45 revelation kernel: NET: Registered PF_ALG protocol family
Jul 28 10:42:45 revelation kernel: xor: measuring software checksum speed
Jul 28 10:42:45 revelation kernel:   prefetch64-sse  : 19190 MB/sec
Jul 28 10:42:45 revelation kernel:   generic_sse     : 16316 MB/sec
Jul 28 10:42:45 revelation kernel: xor: using function: prefetch64-sse (191=
90 MB/sec)
Jul 28 10:42:45 revelation kernel: Key type asymmetric registered
Jul 28 10:42:45 revelation kernel: Asymmetric key parser 'x509' registered
Jul 28 10:42:45 revelation kernel: Running certificate verification selftes=
ts
Jul 28 10:42:45 revelation kernel: Loaded X.509 cert 'Certificate verificat=
ion self-testing key: f58703bb33ce1b73ee02eccdee5b8817518fe3db'
Jul 28 10:42:45 revelation kernel: Block layer SCSI generic (bsg) driver ve=
rsion 0.4 loaded (major 246)
Jul 28 10:42:45 revelation kernel: io scheduler mq-deadline registered
Jul 28 10:42:45 revelation kernel: io scheduler kyber registered
Jul 28 10:42:45 revelation kernel: io scheduler bfq registered
Jul 28 10:42:45 revelation kernel: atomic64_test: passed for x86-64 platfor=
m with CX8 and with SSE
Jul 28 10:42:45 revelation kernel: pcieport 0000:00:01.0: PME: Signaling wi=
th IRQ 25
Jul 28 10:42:45 revelation kernel: pcieport 0000:00:01.0: AER: enabled with=
 IRQ 25
Jul 28 10:42:45 revelation kernel: pcieport 0000:00:03.0: PME: Signaling wi=
th IRQ 27
Jul 28 10:42:45 revelation kernel: pcieport 0000:00:03.0: AER: enabled with=
 IRQ 27
Jul 28 10:42:45 revelation kernel: pcieport 0000:00:07.0: PME: Signaling wi=
th IRQ 29
Jul 28 10:42:45 revelation kernel: pcieport 0000:00:07.0: AER: enabled with=
 IRQ 29
Jul 28 10:42:45 revelation kernel: pcieport 0000:00:09.0: PME: Signaling wi=
th IRQ 31
Jul 28 10:42:45 revelation kernel: pcieport 0000:00:09.0: AER: enabled with=
 IRQ 31
Jul 28 10:42:45 revelation kernel: pcieport 0000:00:0a.0: PME: Signaling wi=
th IRQ 33
Jul 28 10:42:45 revelation kernel: pcieport 0000:00:0a.0: AER: enabled with=
 IRQ 33
Jul 28 10:42:45 revelation kernel: pcieport 0000:00:1c.0: PME: Signaling wi=
th IRQ 34
Jul 28 10:42:45 revelation kernel: pcieport 0000:00:1c.0: pciehp: Slot #1 A=
ttnBtn- PwrCtrl- MRL- AttnInd- PwrInd- HotPlug+ Surprise+ Interlock- NoComp=
l- IbPresDis- LLActRep+ (with Cmd Compl erratum)
Jul 28 10:42:45 revelation kernel: pcieport 0000:00:1c.4: PME: Signaling wi=
th IRQ 35
Jul 28 10:42:45 revelation kernel: pcieport 0000:00:1c.4: pciehp: Slot #5 A=
ttnBtn- PwrCtrl- MRL- AttnInd- PwrInd- HotPlug+ Surprise+ Interlock- NoComp=
l- IbPresDis- LLActRep+ (with Cmd Compl erratum)
Jul 28 10:42:45 revelation kernel: pcieport 0000:00:1c.5: PME: Signaling wi=
th IRQ 36
Jul 28 10:42:45 revelation kernel: pcieport 0000:00:1c.5: pciehp: Slot #6 A=
ttnBtn- PwrCtrl- MRL- AttnInd- PwrInd- HotPlug+ Surprise+ Interlock- NoComp=
l- IbPresDis- LLActRep+ (with Cmd Compl erratum)
Jul 28 10:42:45 revelation kernel: shpchp: Standard Hot Plug PCI Controller=
 Driver version: 0.4
Jul 28 10:42:45 revelation kernel: ACPI: \_PR_.CPU0: Found 2 idle states
Jul 28 10:42:45 revelation kernel: input: Sleep Button as /devices/LNXSYSTM=
:00/LNXSYBUS:00/PNP0C0E:00/input/input0
Jul 28 10:42:45 revelation kernel: ACPI: button: Sleep Button [SLPB]
Jul 28 10:42:45 revelation kernel: input: Power Button as /devices/LNXSYSTM=
:00/LNXPWRBN:00/input/input1
Jul 28 10:42:45 revelation kernel: ACPI: button: Power Button [PWRF]
Jul 28 10:42:45 revelation kernel: ERST: Error Record Serialization Table (=
ERST) support is initialized.
Jul 28 10:42:45 revelation kernel: pstore: Registered erst as persistent st=
ore backend
Jul 28 10:42:45 revelation kernel: GHES: APEI firmware first mode is enable=
d by WHEA _OSC.
Jul 28 10:42:45 revelation kernel: Serial: 8250/16550 driver, 4 ports, IRQ =
sharing enabled
Jul 28 10:42:45 revelation kernel: 00:02: ttyS0 at I/O 0x3f8 (irq =3D 4, ba=
se_baud =3D 115200) is a 16550A
Jul 28 10:42:45 revelation kernel: 00:03: ttyS1 at I/O 0x2f8 (irq =3D 3, ba=
se_baud =3D 115200) is a 16550A
Jul 28 10:42:45 revelation kernel: Non-volatile memory driver v1.3
Jul 28 10:42:45 revelation kernel: rdac: device handler registered
Jul 28 10:42:45 revelation kernel: hp_sw: device handler registered
Jul 28 10:42:45 revelation kernel: emc: device handler registered
Jul 28 10:42:45 revelation kernel: alua: device handler registered
Jul 28 10:42:45 revelation kernel: libphy: Fixed MDIO Bus: probed
Jul 28 10:42:45 revelation kernel: ehci_hcd: USB 2.0 'Enhanced' Host Contro=
ller (EHCI) Driver
Jul 28 10:42:45 revelation kernel: ehci-pci: EHCI PCI platform driver
Jul 28 10:42:45 revelation kernel: ehci-pci 0000:00:1a.7: EHCI Host Control=
ler
Jul 28 10:42:45 revelation kernel: ehci-pci 0000:00:1a.7: new USB bus regis=
tered, assigned bus number 1
Jul 28 10:42:45 revelation kernel: ehci-pci 0000:00:1a.7: debug port 1
Jul 28 10:42:45 revelation kernel: ehci-pci 0000:00:1a.7: irq 19, io mem 0x=
b1b21000
Jul 28 10:42:45 revelation kernel: ehci-pci 0000:00:1a.7: USB 2.0 started, =
EHCI 1.00
Jul 28 10:42:45 revelation kernel: usb usb1: New USB device found, idVendor=
=3D1d6b, idProduct=3D0002, bcdDevice=3D 5.14
Jul 28 10:42:45 revelation kernel: usb usb1: New USB device strings: Mfr=3D=
3, Product=3D2, SerialNumber=3D1
Jul 28 10:42:45 revelation kernel: usb usb1: Product: EHCI Host Controller
Jul 28 10:42:45 revelation kernel: usb usb1: Manufacturer: Linux 5.14.0-284=
.18.1.el9_2.x86_64 ehci_hcd
Jul 28 10:42:45 revelation kernel: usb usb1: SerialNumber: 0000:00:1a.7
Jul 28 10:42:45 revelation kernel: hub 1-0:1.0: USB hub found
Jul 28 10:42:45 revelation kernel: hub 1-0:1.0: 6 ports detected
Jul 28 10:42:45 revelation kernel: ehci-pci 0000:00:1d.7: EHCI Host Control=
ler
Jul 28 10:42:45 revelation kernel: ehci-pci 0000:00:1d.7: new USB bus regis=
tered, assigned bus number 2
Jul 28 10:42:45 revelation kernel: ehci-pci 0000:00:1d.7: debug port 1
Jul 28 10:42:45 revelation kernel: ehci-pci 0000:00:1d.7: irq 16, io mem 0x=
b1b20000
Jul 28 10:42:45 revelation kernel: ehci-pci 0000:00:1d.7: USB 2.0 started, =
EHCI 1.00
Jul 28 10:42:45 revelation kernel: usb usb2: New USB device found, idVendor=
=3D1d6b, idProduct=3D0002, bcdDevice=3D 5.14
Jul 28 10:42:45 revelation kernel: usb usb2: New USB device strings: Mfr=3D=
3, Product=3D2, SerialNumber=3D1
Jul 28 10:42:45 revelation kernel: usb usb2: Product: EHCI Host Controller
Jul 28 10:42:45 revelation kernel: usb usb2: Manufacturer: Linux 5.14.0-284=
.18.1.el9_2.x86_64 ehci_hcd
Jul 28 10:42:45 revelation kernel: usb usb2: SerialNumber: 0000:00:1d.7
Jul 28 10:42:45 revelation kernel: hub 2-0:1.0: USB hub found
Jul 28 10:42:45 revelation kernel: hub 2-0:1.0: 6 ports detected
Jul 28 10:42:45 revelation kernel: ohci_hcd: USB 1.1 'Open' Host Controller=
 (OHCI) Driver
Jul 28 10:42:45 revelation kernel: ohci-pci: OHCI PCI platform driver
Jul 28 10:42:45 revelation kernel: uhci_hcd: USB Universal Host Controller =
Interface driver
Jul 28 10:42:45 revelation kernel: uhci_hcd 0000:00:1a.0: UHCI Host Control=
ler
Jul 28 10:42:45 revelation kernel: uhci_hcd 0000:00:1a.0: new USB bus regis=
tered, assigned bus number 3
Jul 28 10:42:45 revelation kernel: uhci_hcd 0000:00:1a.0: detected 2 ports
Jul 28 10:42:45 revelation kernel: uhci_hcd 0000:00:1a.0: irq 19, io port 0=
x000030c0
Jul 28 10:42:45 revelation kernel: usb usb3: New USB device found, idVendor=
=3D1d6b, idProduct=3D0001, bcdDevice=3D 5.14
Jul 28 10:42:45 revelation kernel: usb usb3: New USB device strings: Mfr=3D=
3, Product=3D2, SerialNumber=3D1
Jul 28 10:42:45 revelation kernel: usb usb3: Product: UHCI Host Controller
Jul 28 10:42:45 revelation kernel: usb usb3: Manufacturer: Linux 5.14.0-284=
.18.1.el9_2.x86_64 uhci_hcd
Jul 28 10:42:45 revelation kernel: usb usb3: SerialNumber: 0000:00:1a.0
Jul 28 10:42:45 revelation kernel: hub 3-0:1.0: USB hub found
Jul 28 10:42:45 revelation kernel: hub 3-0:1.0: 2 ports detected
Jul 28 10:42:45 revelation kernel: uhci_hcd 0000:00:1a.1: UHCI Host Control=
ler
Jul 28 10:42:45 revelation kernel: uhci_hcd 0000:00:1a.1: new USB bus regis=
tered, assigned bus number 4
Jul 28 10:42:45 revelation kernel: uhci_hcd 0000:00:1a.1: detected 2 ports
Jul 28 10:42:45 revelation kernel: uhci_hcd 0000:00:1a.1: irq 19, io port 0=
x000030a0
Jul 28 10:42:45 revelation kernel: usb usb4: New USB device found, idVendor=
=3D1d6b, idProduct=3D0001, bcdDevice=3D 5.14
Jul 28 10:42:45 revelation kernel: usb usb4: New USB device strings: Mfr=3D=
3, Product=3D2, SerialNumber=3D1
Jul 28 10:42:45 revelation kernel: usb usb4: Product: UHCI Host Controller
Jul 28 10:42:45 revelation kernel: usb usb4: Manufacturer: Linux 5.14.0-284=
.18.1.el9_2.x86_64 uhci_hcd
Jul 28 10:42:45 revelation kernel: usb usb4: SerialNumber: 0000:00:1a.1
Jul 28 10:42:45 revelation kernel: hub 4-0:1.0: USB hub found
Jul 28 10:42:45 revelation kernel: hub 4-0:1.0: 2 ports detected
Jul 28 10:42:45 revelation kernel: uhci_hcd 0000:00:1a.2: UHCI Host Control=
ler
Jul 28 10:42:45 revelation kernel: uhci_hcd 0000:00:1a.2: new USB bus regis=
tered, assigned bus number 5
Jul 28 10:42:45 revelation kernel: uhci_hcd 0000:00:1a.2: detected 2 ports
Jul 28 10:42:45 revelation kernel: uhci_hcd 0000:00:1a.2: irq 19, io port 0=
x00003080
Jul 28 10:42:45 revelation kernel: usb usb5: New USB device found, idVendor=
=3D1d6b, idProduct=3D0001, bcdDevice=3D 5.14
Jul 28 10:42:45 revelation kernel: usb usb5: New USB device strings: Mfr=3D=
3, Product=3D2, SerialNumber=3D1
Jul 28 10:42:45 revelation kernel: usb usb5: Product: UHCI Host Controller
Jul 28 10:42:45 revelation kernel: usb usb5: Manufacturer: Linux 5.14.0-284=
.18.1.el9_2.x86_64 uhci_hcd
Jul 28 10:42:45 revelation kernel: usb usb5: SerialNumber: 0000:00:1a.2
Jul 28 10:42:45 revelation kernel: hub 5-0:1.0: USB hub found
Jul 28 10:42:45 revelation kernel: hub 5-0:1.0: 2 ports detected
Jul 28 10:42:45 revelation kernel: uhci_hcd 0000:00:1d.0: UHCI Host Control=
ler
Jul 28 10:42:45 revelation kernel: uhci_hcd 0000:00:1d.0: new USB bus regis=
tered, assigned bus number 6
Jul 28 10:42:45 revelation kernel: uhci_hcd 0000:00:1d.0: detected 2 ports
Jul 28 10:42:45 revelation kernel: uhci_hcd 0000:00:1d.0: irq 16, io port 0=
x00003060
Jul 28 10:42:45 revelation kernel: usb usb6: New USB device found, idVendor=
=3D1d6b, idProduct=3D0001, bcdDevice=3D 5.14
Jul 28 10:42:45 revelation kernel: usb usb6: New USB device strings: Mfr=3D=
3, Product=3D2, SerialNumber=3D1
Jul 28 10:42:45 revelation kernel: usb usb6: Product: UHCI Host Controller
Jul 28 10:42:45 revelation kernel: usb usb6: Manufacturer: Linux 5.14.0-284=
.18.1.el9_2.x86_64 uhci_hcd
Jul 28 10:42:45 revelation kernel: usb usb6: SerialNumber: 0000:00:1d.0
Jul 28 10:42:45 revelation kernel: hub 6-0:1.0: USB hub found
Jul 28 10:42:45 revelation kernel: hub 6-0:1.0: 2 ports detected
Jul 28 10:42:45 revelation kernel: uhci_hcd 0000:00:1d.1: UHCI Host Control=
ler
Jul 28 10:42:45 revelation kernel: uhci_hcd 0000:00:1d.1: new USB bus regis=
tered, assigned bus number 7
Jul 28 10:42:45 revelation kernel: uhci_hcd 0000:00:1d.1: detected 2 ports
Jul 28 10:42:45 revelation kernel: uhci_hcd 0000:00:1d.1: irq 16, io port 0=
x00003040
Jul 28 10:42:45 revelation kernel: usb usb7: New USB device found, idVendor=
=3D1d6b, idProduct=3D0001, bcdDevice=3D 5.14
Jul 28 10:42:45 revelation kernel: usb usb7: New USB device strings: Mfr=3D=
3, Product=3D2, SerialNumber=3D1
Jul 28 10:42:45 revelation kernel: usb usb7: Product: UHCI Host Controller
Jul 28 10:42:45 revelation kernel: usb usb7: Manufacturer: Linux 5.14.0-284=
.18.1.el9_2.x86_64 uhci_hcd
Jul 28 10:42:45 revelation kernel: usb usb7: SerialNumber: 0000:00:1d.1
Jul 28 10:42:45 revelation kernel: hub 7-0:1.0: USB hub found
Jul 28 10:42:45 revelation kernel: hub 7-0:1.0: 2 ports detected
Jul 28 10:42:45 revelation kernel: uhci_hcd 0000:00:1d.2: UHCI Host Control=
ler
Jul 28 10:42:45 revelation kernel: uhci_hcd 0000:00:1d.2: new USB bus regis=
tered, assigned bus number 8
Jul 28 10:42:45 revelation kernel: uhci_hcd 0000:00:1d.2: detected 2 ports
Jul 28 10:42:45 revelation kernel: uhci_hcd 0000:00:1d.2: irq 16, io port 0=
x00003020
Jul 28 10:42:45 revelation kernel: usb usb8: New USB device found, idVendor=
=3D1d6b, idProduct=3D0001, bcdDevice=3D 5.14
Jul 28 10:42:45 revelation kernel: usb usb8: New USB device strings: Mfr=3D=
3, Product=3D2, SerialNumber=3D1
Jul 28 10:42:45 revelation kernel: usb usb8: Product: UHCI Host Controller
Jul 28 10:42:45 revelation kernel: usb usb8: Manufacturer: Linux 5.14.0-284=
.18.1.el9_2.x86_64 uhci_hcd
Jul 28 10:42:45 revelation kernel: usb usb8: SerialNumber: 0000:00:1d.2
Jul 28 10:42:45 revelation kernel: hub 8-0:1.0: USB hub found
Jul 28 10:42:45 revelation kernel: hub 8-0:1.0: 2 ports detected
Jul 28 10:42:45 revelation kernel: usbcore: registered new interface driver=
 usbserial_generic
Jul 28 10:42:45 revelation kernel: usbserial: USB Serial support registered=
 for generic
Jul 28 10:42:45 revelation kernel: i8042: PNP: No PS/2 controller found.
Jul 28 10:42:45 revelation kernel: mousedev: PS/2 mouse device common for a=
ll mice
Jul 28 10:42:45 revelation kernel: rtc_cmos 00:00: RTC can wake from S4
Jul 28 10:42:45 revelation kernel: rtc_cmos 00:00: registered as rtc0
Jul 28 10:42:45 revelation kernel: rtc_cmos 00:00: setting system clock to =
2023-07-28T09:42:44 UTC (1690537364)
Jul 28 10:42:45 revelation kernel: rtc_cmos 00:00: alarms up to one month, =
y3k, 114 bytes nvram, hpet irqs
Jul 28 10:42:45 revelation kernel: intel_pstate: CPU model not supported
Jul 28 10:42:45 revelation kernel: hid: raw HID events driver (C) Jiri Kosi=
na
Jul 28 10:42:45 revelation kernel: usbcore: registered new interface driver=
 usbhid
Jul 28 10:42:45 revelation kernel: usbhid: USB HID core driver
Jul 28 10:42:45 revelation kernel: drop_monitor: Initializing network drop =
monitor service
Jul 28 10:42:45 revelation kernel: Initializing XFRM netlink socket
Jul 28 10:42:45 revelation kernel: NET: Registered PF_INET6 protocol family
Jul 28 10:42:45 revelation kernel: Segment Routing with IPv6
Jul 28 10:42:45 revelation kernel: NET: Registered PF_PACKET protocol family
Jul 28 10:42:45 revelation kernel: mpls_gso: MPLS GSO support
Jul 28 10:42:45 revelation kernel: microcode: sig=3D0x206c2, pf=3D0x1, revi=
sion=3D0x1f
Jul 28 10:42:45 revelation kernel: microcode: Microcode Update Driver: v2.2.
Jul 28 10:42:45 revelation kernel: IPI shorthand broadcast: enabled
Jul 28 10:42:45 revelation kernel: SSE version of gcm_enc/dec engaged.
Jul 28 10:42:45 revelation kernel: sched_clock: Marking stable (698018019, =
32205660)->(797789002, -67565323)
Jul 28 10:42:45 revelation kernel: registered taskstats version 1
Jul 28 10:42:45 revelation kernel: Loading compiled-in X.509 certificates
Jul 28 10:42:45 revelation kernel: Loaded X.509 cert 'Rocky kernel signing =
key: d64d6c663c66627385ebffd5cb5e33bb7f0b4a98'
Jul 28 10:42:45 revelation kernel: Loaded X.509 cert 'Rocky Enterprise Soft=
ware Foundation: Rocky Linux Driver Signing Cert 101: ce537f0c615c038114acb=
b01233a5b62b93a1971'
Jul 28 10:42:45 revelation kernel: Loaded X.509 cert 'Rocky Enterprise Soft=
ware Foundation: Rocky Linux Kpatch Signing Cert 101: b5ee07c737e57ecbeaed4=
93a51379763b06312c5'
Jul 28 10:42:45 revelation kernel: zswap: loaded using pool lzo/zbud
Jul 28 10:42:45 revelation kernel: page_owner is disabled
Jul 28 10:42:45 revelation kernel: pstore: Using crash dump compression: de=
flate
Jul 28 10:42:45 revelation kernel: Key type big_key registered
Jul 28 10:42:45 revelation kernel: usb 1-2: new high-speed USB device numbe=
r 2 using ehci-pci
Jul 28 10:42:45 revelation kernel: usb 2-1: new high-speed USB device numbe=
r 2 using ehci-pci
Jul 28 10:42:45 revelation kernel: usb 1-2: New USB device found, idVendor=
=3D0424, idProduct=3D2514, bcdDevice=3D b.b3
Jul 28 10:42:45 revelation kernel: usb 1-2: New USB device strings: Mfr=3D0=
, Product=3D0, SerialNumber=3D0
Jul 28 10:42:45 revelation kernel: hub 1-2:1.0: USB hub found
Jul 28 10:42:45 revelation kernel: hub 1-2:1.0: 4 ports detected
Jul 28 10:42:45 revelation kernel: usb 2-1: New USB device found, idVendor=
=3D05e3, idProduct=3D0719, bcdDevice=3D 0.09
Jul 28 10:42:45 revelation kernel: usb 2-1: New USB device strings: Mfr=3D0=
, Product=3D1, SerialNumber=3D2
Jul 28 10:42:45 revelation kernel: usb 2-1: Product: USB Storage
Jul 28 10:42:45 revelation kernel: usb 2-1: SerialNumber: 000000000033
Jul 28 10:42:45 revelation kernel: Freeing initrd memory: 54396K
Jul 28 10:42:45 revelation kernel: Key type encrypted registered
Jul 28 10:42:45 revelation kernel: ima: No TPM chip found, activating TPM-b=
ypass!
Jul 28 10:42:45 revelation kernel: Loading compiled-in module X.509 certifi=
cates
Jul 28 10:42:45 revelation kernel: Loaded X.509 cert 'Rocky kernel signing =
key: d64d6c663c66627385ebffd5cb5e33bb7f0b4a98'
Jul 28 10:42:45 revelation kernel: ima: Allocated hash algorithm: sha256
Jul 28 10:42:45 revelation kernel: ima: No architecture policies found
Jul 28 10:42:45 revelation kernel: evm: Initialising EVM extended attribute=
s:
Jul 28 10:42:45 revelation kernel: evm: security.selinux
Jul 28 10:42:45 revelation kernel: evm: security.SMACK64 (disabled)
Jul 28 10:42:45 revelation kernel: evm: security.SMACK64EXEC (disabled)
Jul 28 10:42:45 revelation kernel: evm: security.SMACK64TRANSMUTE (disabled)
Jul 28 10:42:45 revelation kernel: evm: security.SMACK64MMAP (disabled)
Jul 28 10:42:45 revelation kernel: evm: security.apparmor (disabled)
Jul 28 10:42:45 revelation kernel: evm: security.ima
Jul 28 10:42:45 revelation kernel: evm: security.capability
Jul 28 10:42:45 revelation kernel: evm: HMAC attrs: 0x1
Jul 28 10:42:45 revelation kernel: usb 1-3: new high-speed USB device numbe=
r 3 using ehci-pci
Jul 28 10:42:45 revelation kernel: usb 7-1: new low-speed USB device number=
 2 using uhci_hcd
Jul 28 10:42:45 revelation kernel: usb 1-3: New USB device found, idVendor=
=3D148f, idProduct=3D3070, bcdDevice=3D 1.01
Jul 28 10:42:45 revelation kernel: usb 1-3: New USB device strings: Mfr=3D1=
, Product=3D2, SerialNumber=3D3
Jul 28 10:42:45 revelation kernel: usb 1-3: Product: 802.11 n WLAN
Jul 28 10:42:45 revelation kernel: usb 1-3: Manufacturer: Ralink
Jul 28 10:42:45 revelation kernel: usb 1-3: SerialNumber: 1.0
Jul 28 10:42:45 revelation kernel: Freeing unused decrypted memory: 2036K
Jul 28 10:42:45 revelation kernel: Freeing unused kernel image (initmem) me=
mory: 2792K
Jul 28 10:42:45 revelation kernel: Write protecting the kernel read-only da=
ta: 26624k
Jul 28 10:42:45 revelation kernel: Freeing unused kernel image (text/rodata=
 gap) memory: 2040K
Jul 28 10:42:45 revelation kernel: Freeing unused kernel image (rodata/data=
 gap) memory: 60K
Jul 28 10:42:45 revelation kernel: x86/mm: Checked W+X mappings: passed, no=
 W+X pages found.
Jul 28 10:42:45 revelation kernel: x86/mm: Checking user space page tables
Jul 28 10:42:45 revelation kernel: usb 1-2.2: new high-speed USB device num=
ber 4 using ehci-pci
Jul 28 10:42:45 revelation kernel: x86/mm: Checked W+X mappings: passed, no=
 W+X pages found.
Jul 28 10:42:45 revelation kernel: Run /init as init process
Jul 28 10:42:45 revelation kernel: usb 7-1: New USB device found, idVendor=
=3D046d, idProduct=3Dc05a, bcdDevice=3D63.00
Jul 28 10:42:45 revelation kernel: usb 7-1: New USB device strings: Mfr=3D1=
, Product=3D2, SerialNumber=3D0
Jul 28 10:42:45 revelation kernel: usb 7-1: Product: USB Optical Mouse
Jul 28 10:42:45 revelation kernel: usb 7-1: Manufacturer: Logitech
Jul 28 10:42:45 revelation systemd[1]: systemd 252-14.el9_2.1 running in sy=
stem mode (+PAM +AUDIT +SELINUX -APPARMOR +IMA +SMACK +SECCOMP +GCRYPT +GNU=
TLS +OPENSSL +ACL +BLKID +CURL +ELFUTILS -FIDO2 +IDN2 -IDN -IPTC +KMOD +LIB=
CRYPTSETUP +LIBFDISK +PCRE2 -PWQUALITY +P11KIT -QRENCODE +TPM2 +BZIP2 +LZ4 =
+XZ +ZLIB +ZSTD -BPF_FRAMEWORK +XKBCOMMON +UTMP +SYSVINIT default-hierarchy=
=3Dunified)
Jul 28 10:42:45 revelation kernel: usb 1-2.2: New USB device found, idVendo=
r=3D03f0, idProduct=3D5a07, bcdDevice=3D11.00
Jul 28 10:42:45 revelation kernel: usb 1-2.2: New USB device strings: Mfr=
=3D1, Product=3D2, SerialNumber=3D3
Jul 28 10:42:45 revelation kernel: usb 1-2.2: Product: v220b
Jul 28 10:42:45 revelation kernel: usb 1-2.2: Manufacturer: HP
Jul 28 10:42:45 revelation kernel: usb 1-2.2: SerialNumber: 0323515010011859
Jul 28 10:42:45 revelation systemd[1]: Detected architecture x86-64.
Jul 28 10:42:45 revelation systemd[1]: Running in initrd.
Jul 28 10:42:45 revelation systemd[1]: Hostname set to <revelation>.
Jul 28 10:42:45 revelation kernel: input: Logitech USB Optical Mouse as /de=
vices/pci0000:00/0000:00:1d.1/usb7/7-1/7-1:1.0/0003:046D:C05A.0001/input/in=
put2
Jul 28 10:42:45 revelation kernel: hid-generic 0003:046D:C05A.0001: input,h=
idraw0: USB HID v1.11 Mouse [Logitech USB Optical Mouse] on usb-0000:00:1d.=
1-1/input0
Jul 28 10:42:45 revelation kernel: tsc: Refined TSC clocksource calibration=
: 3458.389 MHz
Jul 28 10:42:45 revelation kernel: clocksource: tsc: mask: 0xffffffffffffff=
ff max_cycles: 0x31d9c4802aa, max_idle_ns: 440795229719 ns
Jul 28 10:42:45 revelation kernel: clocksource: Switched to clocksource tsc
Jul 28 10:42:45 revelation systemd[1]: Queued start job for default target =
Initrd Default Target.
Jul 28 10:42:45 revelation systemd[1]: Created slice Slice /system/systemd-=
hibernate-resume.
Jul 28 10:42:45 revelation systemd[1]: Reached target Initrd /usr File Syst=
em.
Jul 28 10:42:45 revelation systemd[1]: Reached target Slice Units.
Jul 28 10:42:45 revelation systemd[1]: Reached target Swaps.
Jul 28 10:42:45 revelation systemd[1]: Reached target Timer Units.
Jul 28 10:42:45 revelation systemd[1]: Listening on D-Bus System Message Bu=
s Socket.
Jul 28 10:42:45 revelation systemd[1]: Listening on Journal Socket (/dev/lo=
g).
Jul 28 10:42:45 revelation systemd[1]: Listening on Journal Socket.
Jul 28 10:42:45 revelation systemd[1]: Listening on udev Control Socket.
Jul 28 10:42:45 revelation systemd[1]: Listening on udev Kernel Socket.
Jul 28 10:42:45 revelation systemd[1]: Reached target Socket Units.
Jul 28 10:42:45 revelation systemd[1]: Starting Create List of Static Devic=
e Nodes...
Jul 28 10:42:45 revelation systemd[1]: Starting Journal Service...
Jul 28 10:42:45 revelation systemd[1]: Starting Load Kernel Modules...
Jul 28 10:42:45 revelation systemd[1]: Starting Create System Users...
Jul 28 10:42:45 revelation systemd[1]: Starting Setup Virtual Console...
Jul 28 10:42:45 revelation systemd[1]: Finished Create List of Static Devic=
e Nodes.
Jul 28 10:42:45 revelation systemd[1]: Finished Create System Users.
Jul 28 10:42:45 revelation systemd[1]: Starting Create Static Device Nodes =
in /dev...
Jul 28 10:42:45 revelation kernel: fuse: init (API version 7.36)
Jul 28 10:42:45 revelation systemd[1]: Finished Load Kernel Modules.
Jul 28 10:42:45 revelation systemd[1]: Starting Apply Kernel Variables...
Jul 28 10:42:45 revelation systemd[1]: Finished Create Static Device Nodes =
in /dev.
Jul 28 10:42:45 revelation systemd[1]: Finished Apply Kernel Variables.
Jul 28 10:42:45 revelation systemd-journald[393]: Journal started
Jul 28 10:42:45 revelation systemd-journald[393]: Runtime Journal (/run/log=
/journal/48d8a0c1b7554effb9303ff6ee9e0e84) is 8.0M, max 958.4M, 950.4M free.
Jul 28 10:42:45 revelation systemd-sysusers[395]: Creating group 'nobody' w=
ith GID 65534.
Jul 28 10:42:45 revelation systemd-sysusers[395]: Creating group 'users' wi=
th GID 100.
Jul 28 10:42:45 revelation systemd-sysusers[395]: Creating group 'dbus' wit=
h GID 81.
Jul 28 10:42:45 revelation systemd-sysusers[395]: Creating user 'dbus' (Sys=
tem Message Bus) with UID 81 and GID 81.
Jul 28 10:42:45 revelation systemd-modules-load[394]: Inserted module 'fuse'
Jul 28 10:42:45 revelation systemd-modules-load[394]: Module 'msr' is built=
 in
Jul 28 10:42:45 revelation systemd-sysctl[409]: Couldn't write '1' to 'net/=
netfilter/nf_conntrack_acct', ignoring: No such file or directory
Jul 28 10:42:45 revelation systemd[1]: Started Journal Service.
Jul 28 10:42:45 revelation systemd[1]: Starting Create Volatile Files and D=
irectories...
Jul 28 10:42:45 revelation systemd[1]: Finished Create Volatile Files and D=
irectories.
Jul 28 10:42:45 revelation systemd[1]: Finished Setup Virtual Console.
Jul 28 10:42:45 revelation systemd[1]: dracut ask for additional cmdline pa=
rameters was skipped because no trigger condition checks were met.
Jul 28 10:42:45 revelation systemd[1]: Starting dracut cmdline hook...
Jul 28 10:42:45 revelation dracut-cmdline[418]: dracut-9.2 (Blue Onyx) drac=
ut-057-21.git20230214.el9
Jul 28 10:42:45 revelation dracut-cmdline[418]: Using kernel command line p=
arameters:    BOOT_IMAGE=3D/vmlinuz-5.14.0-284.18.1.el9_2.x86_64 root=3D/de=
v/mapper/vg_revelationr9-root ro crashkernel=3D1G-4G:192M,4G-64G:256M,64G-:=
512M resume=3D/dev/mapper/vg_revelationr9-swap rd.lvm.lv=3Dvg_revelationr9/=
root rd.lvm.lv=3Dvg_revelationr9/swap net.ifnames=3D0 biosdevname=3D0 LANG=
=3Den_GB.UTF-8
Jul 28 10:42:45 revelation systemd[1]: Finished dracut cmdline hook.
Jul 28 10:42:45 revelation systemd[1]: Starting dracut pre-udev hook...
Jul 28 10:42:45 revelation kernel: device-mapper: core: CONFIG_IMA_DISABLE_=
HTABLE is disabled. Duplicate IMA measurements will not be recorded in the =
IMA log.
Jul 28 10:42:45 revelation kernel: device-mapper: uevent: version 1.0.3
Jul 28 10:42:45 revelation kernel: device-mapper: ioctl: 4.47.0-ioctl (2022=
-07-28) initialised: dm-devel@redhat.com
Jul 28 10:42:45 revelation kernel: usb 5-1: new full-speed USB device numbe=
r 2 using uhci_hcd
Jul 28 10:42:45 revelation systemd[1]: Finished dracut pre-udev hook.
Jul 28 10:42:45 revelation systemd[1]: Starting Rule-based Manager for Devi=
ce Events and Files...
Jul 28 10:42:45 revelation systemd-udevd[533]: Using default interface nami=
ng scheme 'rhel-9.0'.
Jul 28 10:42:45 revelation systemd[1]: Started Rule-based Manager for Devic=
e Events and Files.
Jul 28 10:42:45 revelation systemd[1]: dracut pre-trigger hook was skipped =
because no trigger condition checks were met.
Jul 28 10:42:45 revelation systemd[1]: Starting Coldplug All udev Devices...
Jul 28 10:42:45 revelation kernel: usb 5-1: New USB device found, idVendor=
=3D046b, idProduct=3Dff10, bcdDevice=3D 1.00
Jul 28 10:42:45 revelation kernel: usb 5-1: New USB device strings: Mfr=3D1=
, Product=3D2, SerialNumber=3D3
Jul 28 10:42:45 revelation kernel: usb 5-1: Product: Virtual Keyboard and M=
ouse
Jul 28 10:42:45 revelation kernel: usb 5-1: Manufacturer: American Megatren=
ds Inc.
