Return-Path: <dri-devel-bounces@lists.freedesktop.org>
X-Original-To: lists+dri-devel@lfdr.de
Delivered-To: lists+dri-devel@lfdr.de
Received: from gabe.freedesktop.org (gabe.freedesktop.org [131.252.210.177])
	by mail.lfdr.de (Postfix) with ESMTPS id 4DF90C5D79A
	for <lists+dri-devel@lfdr.de>; Fri, 14 Nov 2025 15:08:39 +0100 (CET)
Received: from gabe.freedesktop.org (localhost [127.0.0.1])
	by gabe.freedesktop.org (Postfix) with ESMTP id AC9FB10EA7D;
	Fri, 14 Nov 2025 14:08:25 +0000 (UTC)
Authentication-Results: gabe.freedesktop.org;
	dkim=pass (2048-bit key; unprotected) header.d=linaro.org header.i=@linaro.org header.b="KEXD/xPT";
	dkim-atps=neutral
X-Original-To: dri-devel@lists.freedesktop.org
Delivered-To: dri-devel@lists.freedesktop.org
Received: from mail-wm1-f53.google.com (mail-wm1-f53.google.com
 [209.85.128.53])
 by gabe.freedesktop.org (Postfix) with ESMTPS id 72CE810EA82
 for <dri-devel@lists.freedesktop.org>; Fri, 14 Nov 2025 14:08:24 +0000 (UTC)
Received: by mail-wm1-f53.google.com with SMTP id
 5b1f17b1804b1-4777a9aeedaso18383265e9.3
 for <dri-devel@lists.freedesktop.org>; Fri, 14 Nov 2025 06:08:24 -0800 (PST)
DKIM-Signature: v=1; a=rsa-sha256; c=relaxed/relaxed;
 d=linaro.org; s=google; t=1763129303; x=1763734103; darn=lists.freedesktop.org;
 h=content-transfer-encoding:mime-version:message-id:date:user-agent
 :references:in-reply-to:subject:cc:to:from:from:to:cc:subject:date
 :message-id:reply-to;
 bh=dQGE869XwPrbfITm6+rRKPmdofC9CNjKr/RFgLwNDE8=;
 b=KEXD/xPTGdwnxRGVxjU2BJ3DLmdzG+0vJsiTfbBGJkFaGZK2cDBsJ6TwadbrXjPe70
 T7ycdtgcWO4P6aG9aGDveOtIaFx2Rl9A9ptb/shomuNKyAriKhYWU+rBSKMqO8FMe+f4
 tJ4xZ9cfjwJcjs4u97t1oe4XKBavG0758dPgR0x1J9xZ+cHXZtsit2bxZVIRDCXL1qlO
 Y036707i19C4bQyPkdPq8bhX3L+mLj0TTqT7hkOoccPM4se684xfMjEruml0QWLLHOBB
 2eMkiI9Rz5LLmXfXv7mreLpR9MrFL3z5UvIM/w4noo9olUfGJlugYDFEyZivqx/ws4/8
 1zwQ==
X-Google-DKIM-Signature: v=1; a=rsa-sha256; c=relaxed/relaxed;
 d=1e100.net; s=20230601; t=1763129303; x=1763734103;
 h=content-transfer-encoding:mime-version:message-id:date:user-agent
 :references:in-reply-to:subject:cc:to:from:x-gm-gg
 :x-gm-message-state:from:to:cc:subject:date:message-id:reply-to;
 bh=dQGE869XwPrbfITm6+rRKPmdofC9CNjKr/RFgLwNDE8=;
 b=ZYm78PmRrj0K1Veofph+1bmT1TDLNdiW1zoyGd4WqCVnfErglfkBPB/eFxu+68nNW9
 t8wrLx0hxz8mBhhfrnWevFa24+KScqhoW3QyioOIXKVyTHrr7pJWm2X93Y1cBDi/ssWs
 Svp5D0YWPYB4jv90wiWJ0lR5yYZq/TzziIwzK5B8xsMezoL0tWbE0lwz2lX8zT43CHhN
 ldt5b5ddD+DhkamGPSOTHBHSSQIuDPIMa70Cj90Nhqcr+gx4n7k/lpbYioc9g+EBMvMl
 w+I39OUeGkQMvRWuz9nl90EcOpJmL7b+DRKgIYwBnePBtOZ4jtxFdG1VV0RPlZL7JObx
 hXEA==
X-Forwarded-Encrypted: i=1;
 AJvYcCVrBMvR3U0r9D0S+z3DB946KppKOgMDTpAJoMiCPHsNjYryQSCR/DfAh+972IWraL6gw437X4qpaME=@lists.freedesktop.org
X-Gm-Message-State: AOJu0Yx3w2CjR5PsnRlNTJT7nwONIro2IHXlK67+uTzCXyi20+pkveGR
 C6lDsD5IeJi5RTaqyypp1vzlmtNsHpfgrzJSHrHbffpdB2FqlZrbXbeeXq143Y1dwtA=
X-Gm-Gg: ASbGncuO2lXE3kKi77OGoktCg9mTNGctmpjt+Ja82LeRlOoeKc13wSbJBq1atxD9dyH
 IcFZKXEFzydK47hpAzNJ26gGnQh3n3hTE9hti2MkV9H5hlIALwmJ+dvxeh5e2b3k1zqWj2I0zqM
 HUvaAjM5vZL70bLyt+F0lfyK5vRwKANBvia9d9aK6A9Xe0P53WF2iaFGRNfX+ZOc7htxEERAWs/
 5L0I8Hcz8FghBLdy595h1iss5Kul8Xdw3fRvf7r256v8P27Pxm7BzTf2t3rgU4KJiXWNMyuwezw
 Q6addQrtG+hpQex4P7ufPVxi8pnmucV6e66x7tNsFSOKs09z73oOVPd1PLYQsqF5usyzk3bBfOi
 hYXbJRldn1F8TaM+STbMhQmTj/YdgseXs8CLUXnW99WGz8o65IDQpoJB5WVQ5N9aZp8vKyEIdoZ
 wuRuHo7F+gmUY=
X-Google-Smtp-Source: AGHT+IF17u7HkLMPS3PoRbYBxknl4lLOEHOvboqCZDbnnPQYWAGc4y9w1WxcVZBp7j1vLPMi9XtL3A==
X-Received: by 2002:a05:600c:138d:b0:475:d8b3:a9d5 with SMTP id
 5b1f17b1804b1-4778fe5de6fmr31074715e9.10.1763129301957; 
 Fri, 14 Nov 2025 06:08:21 -0800 (PST)
Received: from draig.lan ([185.126.160.19]) by smtp.gmail.com with ESMTPSA id
 5b1f17b1804b1-47787e45677sm156109035e9.8.2025.11.14.06.08.20
 (version=TLS1_3 cipher=TLS_AES_256_GCM_SHA384 bits=256/256);
 Fri, 14 Nov 2025 06:08:20 -0800 (PST)
Received: from draig (localhost [IPv6:::1])
 by draig.lan (Postfix) with ESMTP id 10ECF5F820;
 Fri, 14 Nov 2025 14:08:20 +0000 (GMT)
From: =?utf-8?Q?Alex_Benn=C3=A9e?= <alex.bennee@linaro.org>
To: Ilpo =?utf-8?Q?J=C3=A4rvinen?= <ilpo.jarvinen@linux.intel.com>
Cc: Simon Richter <Simon.Richter@hogyros.de>,  Lucas De Marchi
 <lucas.demarchi@intel.com>,  Alex Deucher <alexander.deucher@amd.com>,
 amd-gfx@lists.freedesktop.org,  Bjorn Helgaas <bhelgaas@google.com>,
 David Airlie <airlied@gmail.com>,  dri-devel@lists.freedesktop.org,
 intel-gfx@lists.freedesktop.org,  intel-xe@lists.freedesktop.org,  Jani
 Nikula <jani.nikula@linux.intel.com>,  Joonas Lahtinen
 <joonas.lahtinen@linux.intel.com>,  linux-pci@vger.kernel.org,  Rodrigo
 Vivi <rodrigo.vivi@intel.com>,  Simona Vetter <simona@ffwll.ch>,  Tvrtko
 Ursulin <tursulin@ursulin.net>,  Christian =?utf-8?Q?K=C3=B6nig?=
 <christian.koenig@amd.com>,  Thomas =?utf-8?Q?Hellstr=C3=B6m?=
 <thomas.hellstrom@linux.intel.com>,  =?utf-8?Q?Micha=C5=82?= Winiarski
 <michal.winiarski@intel.com>
Subject: Re: [PATCH v2 00/11] PCI: BAR resizing fix/rework
In-Reply-To: <7321c165-e38b-6016-54b0-48fcdfdaa199@linux.intel.com> ("Ilpo
 =?utf-8?Q?J=C3=A4rvinen=22's?= message of "Fri, 14 Nov 2025 14:48:46 +0200
 (EET)")
References: <20251113162628.5946-1-ilpo.jarvinen@linux.intel.com>
 <87jyzsq0nr.fsf@draig.linaro.org>
 <7321c165-e38b-6016-54b0-48fcdfdaa199@linux.intel.com>
User-Agent: mu4e 1.12.14-dev2; emacs 30.1
Date: Fri, 14 Nov 2025 14:08:19 +0000
Message-ID: <878qg8puzw.fsf@draig.linaro.org>
MIME-Version: 1.0
Content-Type: text/plain; charset=utf-8
Content-Transfer-Encoding: quoted-printable
X-BeenThere: dri-devel@lists.freedesktop.org
X-Mailman-Version: 2.1.29
Precedence: list
List-Id: Direct Rendering Infrastructure - Development
 <dri-devel.lists.freedesktop.org>
List-Unsubscribe: <https://lists.freedesktop.org/mailman/options/dri-devel>,
 <mailto:dri-devel-request@lists.freedesktop.org?subject=unsubscribe>
List-Archive: <https://lists.freedesktop.org/archives/dri-devel>
List-Post: <mailto:dri-devel@lists.freedesktop.org>
List-Help: <mailto:dri-devel-request@lists.freedesktop.org?subject=help>
List-Subscribe: <https://lists.freedesktop.org/mailman/listinfo/dri-devel>,
 <mailto:dri-devel-request@lists.freedesktop.org?subject=subscribe>
Errors-To: dri-devel-bounces@lists.freedesktop.org
Sender: "dri-devel" <dri-devel-bounces@lists.freedesktop.org>

Ilpo J=C3=A4rvinen <ilpo.jarvinen@linux.intel.com> writes:

> On Fri, 14 Nov 2025, Alex Benn=C3=A9e wrote:
>
>> Ilpo J=C3=A4rvinen <ilpo.jarvinen@linux.intel.com> writes:
>>=20
>> > Hi all,
>> >
>> > Thanks to issue reports from Simon Richter and Alex Benn=C3=A9e, I
>> > discovered BAR resize rollback can corrupt the resource tree. As fixing
>> > corruption requires avoiding overlapping resource assignments, the
>> > correct fix can unfortunately results in worse user experience, what
>> > appeared to be "working" previously might no longer do so. Thus, I had
>> > to do a larger rework to pci_resize_resource() in order to properly
>> > restore resource states as it was prior to BAR resize.
>> <snip>
>> >
>> > base-commit: 3a8660878839faadb4f1a6dd72c3179c1df56787
>>=20
>> Ahh I have applied to 6.18-rc5 with minor conflicts and can verify that
>> on my AVA the AMD GPU shows up again and I can run inference jobs
>> against it. So for that case:
>>=20
>> Tested-by: Alex Benn=C3=A9e <alex.bennee@linaro.org>
>
> Thanks for testing! (And saving me the effort of backporting to 6.17 :-))
>
> I'd be interested to see the dmesg with this series applied just to check=
=20
> there isn't anything else I should still look at (even if it now appears=
=20
> to work).

Sure:

   [    0.000000] Booting Linux on physical CPU 0x0000100000 [0x413fd0c1]
   [    0.000000] Linux version 6.18.0-rc5-ajb-debian-bisect-00022-g832f811=
c236d (alex@gwenyn) (gcc (Debian 14.2.0-19) 14.2.0, GNU ld (GNU Binutils fo=
r Debian) 2.44) #69 SMP Fri Nov 14 10:30:38 GMT 2025
   [    0.000000] KASLR enabled
   [    0.000000] efi: EFI v2.7 by EDK II
   [    0.000000] efi: TPMFinalLog=3D0xfffc0000 ACPI 2.0=3D0xfffe0018 SMBIO=
S 3.0=3D0xf9f60000 MEMATTR=3D0xf8a00018 ESRT=3D0xf91fbe18 MOKvar=3D0xf89700=
00 TPMEventLog=3D0xf88d0018 INITRD=3D0xf8a02918 RNG=3D0xfffef898 MEMRESERVE=
=3D0xf8a02098=20
   [    0.000000] random: crng init done
   [    0.000000] esrt: Reserving ESRT space from 0x00000000f91fbe18 to 0x0=
0000000f91fbe50.
   [    0.000000] ACPI: Early table checksum verification disabled
   [    0.000000] ACPI: RSDP 0x00000000FFFE0018 000024 (v02 Ampere)
   [    0.000000] ACPI: XSDT 0x00000000FFFEFE98 0000B4 (v01 Ampere Altra   =
 00000002 AMP. 01000013)
   [    0.000000] ACPI: FACP 0x00000000FFFEFB98 000114 (v06 Ampere Altra   =
 00000002 AMP. 01000013)
   [    0.000000] ACPI: DSDT 0x00000000F9EF0018 02C1BB (v02 Ampere Jade    =
 00000001 INTL 20201217)
   [    0.000000] ACPI: BERT 0x00000000FFFEFF98 000030 (v01 Ampere Altra   =
 00000002 AMP. 01000013)
   [    0.000000] ACPI: DBG2 0x00000000FFFEFA98 00005C (v00 Ampere Altra   =
 00000002 AMP. 01000013)
   [    0.000000] ACPI: GTDT 0x00000000FFFEE998 000110 (v03 Ampere Altra   =
 00000002 AMP. 01000013)
   [    0.000000] ACPI: SPCR 0x00000000FFFEFE18 000050 (v02 Ampere Altra   =
 00000002 AMP. 01000013)
   [    0.000000] ACPI: EINJ 0x00000000FFFEF598 000150 (v01 Ampere Altra   =
 00000001 INTL 20201217)
   [    0.000000] ACPI: HEST 0x00000000FFFEEB18 0001F4 (v01 Ampere Altra   =
 00000001 INTL 20201217)
   [    0.000000] ACPI: SDEI 0x00000000FFFEF998 000024 (v01 Ampere Altra   =
 00000001 INTL 20201217)
   [    0.000000] ACPI: SSDT 0x00000000FFFEFA18 00002D (v02 Ampere Altra   =
 00000001 INTL 20201217)
   [    0.000000] ACPI: TPM2 0x00000000FFFEFD18 00004C (v04 Ampere Altra   =
 00000002 AMP. 01000013)
   [    0.000000] ACPI: APIC 0x00000000FFFE7518 000AF4 (v05 Ampere Altra   =
 00000002 AMP. 01000013)
   [    0.000000] ACPI: PPTT 0x00000000FFFEEF18 000554 (v02 Ampere Altra   =
 00000002 AMP. 01000013)
   [    0.000000] ACPI: SLIT 0x00000000FFFEFD98 00002D (v01 Ampere Altra   =
 00000002 AMP. 01000013)
   [    0.000000] ACPI: SRAT 0x00000000FFFECE18 000370 (v03 Ampere Altra   =
 00000002 AMP. 01000013)
   [    0.000000] ACPI: PCCT 0x00000000FFFEE318 000576 (v02 Ampere Altra   =
 00000002 AMP. 01000013)
   [    0.000000] ACPI: IORT 0x00000000FFFED218 000498 (v00 Ampere Altra   =
 00000002 AMP. 01000013)
   [    0.000000] ACPI: MCFG 0x00000000FFFEF718 00008C (v01 Ampere Altra   =
 00000001 AMP. 01000013)
   [    0.000000] ACPI: BDAT 0x00000000FFFEF818 000030 (v01 Ampere Altra   =
 00000002 AMP. 01000013)
   [    0.000000] ACPI: SPCR: console: pl011,mmio32,0x100002600000,115200
   [    0.000000] ACPI: Use ACPI SPCR as default console: No
   [    0.000000] ACPI: SRAT: Node 0 PXM 0 [mem 0x88300000-0x883fffff]
   [    0.000000] ACPI: SRAT: Node 0 PXM 0 [mem 0x90000000-0xffffffff]
   [    0.000000] ACPI: SRAT: Node 0 PXM 0 [mem 0x80000000000-0x8007fffffff]
   [    0.000000] ACPI: SRAT: Node 0 PXM 0 [mem 0x80100000000-0x807ffffffff]
   [    0.000000] NUMA: Node 0 [mem 0x88300000-0x883fffff] + [mem 0x9000000=
0-0xffffffff] -> [mem 0x88300000-0xffffffff]
   [    0.000000] NUMA: Node 0 [mem 0x88300000-0xffffffff] + [mem 0x8000000=
0000-0x8007fffffff] -> [mem 0x88300000-0x8007fffffff]
   [    0.000000] NUMA: Node 0 [mem 0x88300000-0x8007fffffff] + [mem 0x8010=
0000000-0x807ffffffff] -> [mem 0x88300000-0x807ffffffff]
   [    0.000000] NODE_DATA(0) allocated [mem 0x807fc067200-0x807fc069fff]
   [    0.000000] Zone ranges:
   [    0.000000]   DMA      [mem 0x0000000088300000-0x00000000ffffffff]
   [    0.000000]   DMA32    empty
   [    0.000000]   Normal   [mem 0x0000000100000000-0x00000807ffffffff]
   [    0.000000] Movable zone start for each node
   [    0.000000] Early memory node ranges
   [    0.000000]   node   0: [mem 0x0000000088300000-0x00000000883fffff]
   [    0.000000]   node   0: [mem 0x0000000090000000-0x0000000091ffffff]
   [    0.000000]   node   0: [mem 0x0000000092000000-0x00000000927bffff]
   [    0.000000]   node   0: [mem 0x00000000927c0000-0x00000000f896ffff]
   [    0.000000]   node   0: [mem 0x00000000f8970000-0x00000000f898ffff]
   [    0.000000]   node   0: [mem 0x00000000f8990000-0x00000000f899ffff]
   [    0.000000]   node   0: [mem 0x00000000f89a0000-0x00000000f89fffff]
   [    0.000000]   node   0: [mem 0x00000000f8a00000-0x00000000f9196fff]
   [    0.000000]   node   0: [mem 0x00000000f9197000-0x00000000f91ecfff]
   [    0.000000]   node   0: [mem 0x00000000f91ed000-0x00000000f94cffff]
   [    0.000000]   node   0: [mem 0x00000000f94d0000-0x00000000f950ffff]
   [    0.000000]   node   0: [mem 0x00000000f9510000-0x00000000f98bffff]
   [    0.000000]   node   0: [mem 0x00000000f98c0000-0x00000000f98fffff]
   [    0.000000]   node   0: [mem 0x00000000f9900000-0x00000000f999ffff]
   [    0.000000]   node   0: [mem 0x00000000f99a0000-0x00000000f99dffff]
   [    0.000000]   node   0: [mem 0x00000000f99e0000-0x00000000f9f4ffff]
   [    0.000000]   node   0: [mem 0x00000000f9f50000-0x00000000f9f6ffff]
   [    0.000000]   node   0: [mem 0x00000000f9f70000-0x00000000fa0affff]
   [    0.000000]   node   0: [mem 0x00000000fa0b0000-0x00000000fa0effff]
   [    0.000000]   node   0: [mem 0x00000000fa0f0000-0x00000000fa1cffff]
   [    0.000000]   node   0: [mem 0x00000000fa1d0000-0x00000000fa26ffff]
   [    0.000000]   node   0: [mem 0x00000000fa270000-0x00000000fa33ffff]
   [    0.000000]   node   0: [mem 0x00000000fa340000-0x00000000fa4affff]
   [    0.000000]   node   0: [mem 0x00000000fa4b0000-0x00000000fa4bffff]
   [    0.000000]   node   0: [mem 0x00000000fa4c0000-0x00000000fa57ffff]
   [    0.000000]   node   0: [mem 0x00000000fa580000-0x00000000fa72ffff]
   [    0.000000]   node   0: [mem 0x00000000fa730000-0x00000000fa7cffff]
   [    0.000000]   node   0: [mem 0x00000000fa7d0000-0x00000000faa4ffff]
   [    0.000000]   node   0: [mem 0x00000000faa50000-0x00000000faaeffff]
   [    0.000000]   node   0: [mem 0x00000000faaf0000-0x00000000fab7ffff]
   [    0.000000]   node   0: [mem 0x00000000fab80000-0x00000000fac1ffff]
   [    0.000000]   node   0: [mem 0x00000000fac20000-0x00000000facaffff]
   [    0.000000]   node   0: [mem 0x00000000facb0000-0x00000000fad4ffff]
   [    0.000000]   node   0: [mem 0x00000000fad50000-0x00000000fae1ffff]
   [    0.000000]   node   0: [mem 0x00000000fae20000-0x00000000faebffff]
   [    0.000000]   node   0: [mem 0x00000000faec0000-0x00000000faf4ffff]
   [    0.000000]   node   0: [mem 0x00000000faf50000-0x00000000fafeffff]
   [    0.000000]   node   0: [mem 0x00000000faff0000-0x00000000ffefffff]
   [    0.000000]   node   0: [mem 0x00000000fff00000-0x00000000fff4ffff]
   [    0.000000]   node   0: [mem 0x00000000fff50000-0x00000000fffaffff]
   [    0.000000]   node   0: [mem 0x00000000fffb0000-0x00000000fffdffff]
   [    0.000000]   node   0: [mem 0x00000000fffe0000-0x00000000ffffffff]
   [    0.000000]   node   0: [mem 0x0000080000000000-0x000008007fffffff]
   [    0.000000]   node   0: [mem 0x0000080100000000-0x00000807ffffffff]
   [    0.000000] Initmem setup node 0 [mem 0x0000000088300000-0x00000807ff=
ffffff]
   [    0.000000] On node 0, zone DMA: 768 pages in unavailable ranges
   [    0.000000] On node 0, zone DMA: 31744 pages in unavailable ranges
   [    0.000000] cma: Reserved 64 MiB at 0x00000000fbe00000
   [    0.000000] psci: probing for conduit method from ACPI.
   [    0.000000] psci: PSCIv1.1 detected in firmware.
   [    0.000000] psci: Using standard PSCI v0.2 function IDs
   [    0.000000] psci: MIGRATE_INFO_TYPE not supported.
   [    0.000000] psci: SMC Calling Convention v1.2
   [    0.000000] ACPI: NUMA: SRAT: PXM 0 -> MPIDR 0x80000 -> Node 0
   [    0.000000] ACPI: NUMA: SRAT: PXM 0 -> MPIDR 0x80100 -> Node 0
   [    0.000000] ACPI: NUMA: SRAT: PXM 0 -> MPIDR 0x90000 -> Node 0
   [    0.000000] ACPI: NUMA: SRAT: PXM 0 -> MPIDR 0x90100 -> Node 0
   [    0.000000] ACPI: NUMA: SRAT: PXM 0 -> MPIDR 0xe0000 -> Node 0
   [    0.000000] ACPI: NUMA: SRAT: PXM 0 -> MPIDR 0xe0100 -> Node 0
   [    0.000000] ACPI: NUMA: SRAT: PXM 0 -> MPIDR 0xf0000 -> Node 0
   [    0.000000] ACPI: NUMA: SRAT: PXM 0 -> MPIDR 0xf0100 -> Node 0
   [    0.000000] ACPI: NUMA: SRAT: PXM 0 -> MPIDR 0x100000 -> Node 0
   [    0.000000] ACPI: NUMA: SRAT: PXM 0 -> MPIDR 0x100100 -> Node 0
   [    0.000000] ACPI: NUMA: SRAT: PXM 0 -> MPIDR 0x110000 -> Node 0
   [    0.000000] ACPI: NUMA: SRAT: PXM 0 -> MPIDR 0x110100 -> Node 0
   [    0.000000] ACPI: NUMA: SRAT: PXM 0 -> MPIDR 0x160000 -> Node 0
   [    0.000000] ACPI: NUMA: SRAT: PXM 0 -> MPIDR 0x160100 -> Node 0
   [    0.000000] ACPI: NUMA: SRAT: PXM 0 -> MPIDR 0x170000 -> Node 0
   [    0.000000] ACPI: NUMA: SRAT: PXM 0 -> MPIDR 0x170100 -> Node 0
   [    0.000000] ACPI: NUMA: SRAT: PXM 0 -> MPIDR 0x180000 -> Node 0
   [    0.000000] ACPI: NUMA: SRAT: PXM 0 -> MPIDR 0x180100 -> Node 0
   [    0.000000] ACPI: NUMA: SRAT: PXM 0 -> MPIDR 0x190000 -> Node 0
   [    0.000000] ACPI: NUMA: SRAT: PXM 0 -> MPIDR 0x190100 -> Node 0
   [    0.000000] ACPI: NUMA: SRAT: PXM 0 -> MPIDR 0x1e0000 -> Node 0
   [    0.000000] ACPI: NUMA: SRAT: PXM 0 -> MPIDR 0x1e0100 -> Node 0
   [    0.000000] ACPI: NUMA: SRAT: PXM 0 -> MPIDR 0x1f0000 -> Node 0
   [    0.000000] ACPI: NUMA: SRAT: PXM 0 -> MPIDR 0x1f0100 -> Node 0
   [    0.000000] ACPI: NUMA: SRAT: PXM 0 -> MPIDR 0x200000 -> Node 0
   [    0.000000] ACPI: NUMA: SRAT: PXM 0 -> MPIDR 0x200100 -> Node 0
   [    0.000000] ACPI: NUMA: SRAT: PXM 0 -> MPIDR 0x210000 -> Node 0
   [    0.000000] ACPI: NUMA: SRAT: PXM 0 -> MPIDR 0x210100 -> Node 0
   [    0.000000] ACPI: NUMA: SRAT: PXM 0 -> MPIDR 0x260000 -> Node 0
   [    0.000000] ACPI: NUMA: SRAT: PXM 0 -> MPIDR 0x260100 -> Node 0
   [    0.000000] ACPI: NUMA: SRAT: PXM 0 -> MPIDR 0x270000 -> Node 0
   [    0.000000] ACPI: NUMA: SRAT: PXM 0 -> MPIDR 0x270100 -> Node 0
   [    0.000000] percpu: Embedded 34 pages/cpu s101656 r8192 d29416 u139264
   [    0.000000] pcpu-alloc: s101656 r8192 d29416 u139264 alloc=3D34*4096
   [    0.000000] pcpu-alloc: [0] 00 [0] 01 [0] 02 [0] 03 [0] 04 [0] 05 [0]=
 06 [0] 07=20
   [    0.000000] pcpu-alloc: [0] 08 [0] 09 [0] 10 [0] 11 [0] 12 [0] 13 [0]=
 14 [0] 15=20
   [    0.000000] pcpu-alloc: [0] 16 [0] 17 [0] 18 [0] 19 [0] 20 [0] 21 [0]=
 22 [0] 23=20
   [    0.000000] pcpu-alloc: [0] 24 [0] 25 [0] 26 [0] 27 [0] 28 [0] 29 [0]=
 30 [0] 31=20
   [    0.000000] Detected PIPT I-cache on CPU0
   [    0.000000] CPU features: detected: GICv3 CPU interface
   [    0.000000] CPU features: detected: Virtualization Host Extensions
   [    0.000000] CPU features: detected: Spectre-v4
   [    0.000000] CPU features: detected: Spectre-BHB
   [    0.000000] CPU features: kernel page table isolation forced ON by KA=
SLR
   [    0.000000] CPU features: detected: Kernel page table isolation (KPTI)
   [    0.000000] CPU features: detected: ARM erratum 1418040
   [    0.000000] CPU features: detected: SSBS not fully self-synchronizing
   [    0.000000] alternatives: applying boot alternatives
   [    0.000000] Kernel command line: BOOT_IMAGE=3D/boot/vmlinux-6.18.0-rc=
5-ajb-debian-bisect-00022-g832f811c236d root=3DUUID=3D06e49159-b374-445c-bf=
5f-2bf93e3f4d6b ro pcie_aspm=3Doff amdgpu.aspm=3D0 amdgpu.runpm=3D0 amdgpu.=
gpu_recovery=3D1 acpi=3Don
   [    0.000000] PCIe ASPM is disabled
   [    0.000000] printk: log_buf_len individual max cpu contribution: 4096=
 bytes
   [    0.000000] printk: log_buf_len total cpu_extra contributions: 126976=
 bytes
   [    0.000000] printk: log_buf_len min size: 131072 bytes
   [    0.000000] printk: log buffer data + meta data: 262144 + 917504 =3D =
1179648 bytes
   [    0.000000] printk: early log buf free: 120448(91%)
   [    0.000000] Dentry cache hash table entries: 4194304 (order: 13, 3355=
4432 bytes, linear)
   [    0.000000] Inode-cache hash table entries: 2097152 (order: 12, 16777=
216 bytes, linear)
   [    0.000000] software IO TLB: area num 32.
   [    0.000000] software IO TLB: mapped [mem 0x00000000f48d0000-0x0000000=
0f88d0000] (64MB)
   [    0.000000] Fallback order for Node 0: 0=20
   [    0.000000] Built 1 zonelists, mobility grouping on.  Total pages: 83=
23328
   [    0.000000] Policy zone: Normal
   [    0.000000] mem auto-init: stack:all(zero), heap alloc:on, heap free:=
off
   [    0.000000] SLUB: HWalign=3D64, Order=3D0-3, MinObjects=3D0, CPUs=3D3=
2, Nodes=3D1
   [    0.000000] ftrace: allocating 53421 entries in 210 pages
   [    0.000000] ftrace: allocated 210 pages with 4 groups
   [    0.000000] rcu: Hierarchical RCU implementation.
   [    0.000000] rcu: 	RCU restricting CPUs from NR_CPUS=3D256 to nr_cpu_i=
ds=3D32.
   [    0.000000] 	Rude variant of Tasks RCU enabled.
   [    0.000000] 	Tracing variant of Tasks RCU enabled.
   [    0.000000] rcu: RCU calculated value of scheduler-enlistment delay i=
s 25 jiffies.
   [    0.000000] rcu: Adjusting geometry for rcu_fanout_leaf=3D16, nr_cpu_=
ids=3D32
   [    0.000000] RCU Tasks Rude: Setting shift to 5 and lim to 1 rcu_task_=
cb_adjust=3D1 rcu_task_cpu_ids=3D32.
   [    0.000000] RCU Tasks Trace: Setting shift to 5 and lim to 1 rcu_task=
_cb_adjust=3D1 rcu_task_cpu_ids=3D32.
   [    0.000000] NR_IRQS: 64, nr_irqs: 64, preallocated irqs: 0
   [    0.000000] GICv3: GIC: Using split EOI/Deactivate mode
   [    0.000000] GICv3: 672 SPIs implemented
   [    0.000000] GICv3: 0 Extended SPIs implemented
   [    0.000000] Root IRQ handler: gic_handle_irq
   [    0.000000] GICv3: GICv3 features: 16 PPIs
   [    0.000000] GICv3: GICD_CTLR.DS=3D0, SCR_EL3.FIQ=3D1
   [    0.000000] GICv3: CPU0: found redistributor 100000 region 0:0x000010=
0100540000
   [    0.000000] SRAT: PXM 0 -> ITS 0 -> Node 0
   [    0.000000] SRAT: PXM 0 -> ITS 1 -> Node 0
   [    0.000000] SRAT: PXM 0 -> ITS 2 -> Node 0
   [    0.000000] SRAT: PXM 0 -> ITS 3 -> Node 0
   [    0.000000] SRAT: PXM 0 -> ITS 4 -> Node 0
   [    0.000000] SRAT: PXM 0 -> ITS 5 -> Node 0
   [    0.000000] SRAT: PXM 0 -> ITS 6 -> Node 0
   [    0.000000] SRAT: PXM 0 -> ITS 7 -> Node 0
   [    0.000000] ITS [mem 0x100100040000-0x10010005ffff]
   [    0.000000] ITS@0x0000100100040000: allocated 8192 Devices @800002e00=
00 (indirect, esz 8, psz 64K, shr 1)
   [    0.000000] ITS@0x0000100100040000: allocated 32768 Interrupt Collect=
ions @800002f0000 (flat, esz 2, psz 64K, shr 1)
   [    0.000000] ITS [mem 0x100100060000-0x10010007ffff]
   [    0.000000] ITS@0x0000100100060000: allocated 8192 Devices @800003100=
00 (indirect, esz 8, psz 64K, shr 1)
   [    0.000000] ITS@0x0000100100060000: allocated 32768 Interrupt Collect=
ions @80000320000 (flat, esz 2, psz 64K, shr 1)
   [    0.000000] ITS [mem 0x100100080000-0x10010009ffff]
   [    0.000000] ITS@0x0000100100080000: allocated 8192 Devices @800003500=
00 (indirect, esz 8, psz 64K, shr 1)
   [    0.000000] ITS@0x0000100100080000: allocated 32768 Interrupt Collect=
ions @80000360000 (flat, esz 2, psz 64K, shr 1)
   [    0.000000] ITS [mem 0x1001000a0000-0x1001000bffff]
   [    0.000000] ITS@0x00001001000a0000: allocated 8192 Devices @800003800=
00 (indirect, esz 8, psz 64K, shr 1)
   [    0.000000] ITS@0x00001001000a0000: allocated 32768 Interrupt Collect=
ions @80000390000 (flat, esz 2, psz 64K, shr 1)
   [    0.000000] ITS [mem 0x1001000c0000-0x1001000dffff]
   [    0.000000] ITS@0x00001001000c0000: allocated 8192 Devices @800003b00=
00 (indirect, esz 8, psz 64K, shr 1)
   [    0.000000] ITS@0x00001001000c0000: allocated 32768 Interrupt Collect=
ions @800003c0000 (flat, esz 2, psz 64K, shr 1)
   [    0.000000] ITS [mem 0x1001000e0000-0x1001000fffff]
   [    0.000000] ITS@0x00001001000e0000: allocated 8192 Devices @800003e00=
00 (indirect, esz 8, psz 64K, shr 1)
   [    0.000000] ITS@0x00001001000e0000: allocated 32768 Interrupt Collect=
ions @800003f0000 (flat, esz 2, psz 64K, shr 1)
   [    0.000000] ITS [mem 0x100100100000-0x10010011ffff]
   [    0.000000] ITS@0x0000100100100000: allocated 8192 Devices @800008100=
00 (indirect, esz 8, psz 64K, shr 1)
   [    0.000000] ITS@0x0000100100100000: allocated 32768 Interrupt Collect=
ions @80000820000 (flat, esz 2, psz 64K, shr 1)
   [    0.000000] ITS [mem 0x100100120000-0x10010013ffff]
   [    0.000000] ITS@0x0000100100120000: allocated 8192 Devices @800008400=
00 (indirect, esz 8, psz 64K, shr 1)
   [    0.000000] ITS@0x0000100100120000: allocated 32768 Interrupt Collect=
ions @80000850000 (flat, esz 2, psz 64K, shr 1)
   [    0.000000] GICv3: using LPI property table @0x0000080000860000
   [    0.000000] GICv3: CPU0: using allocated LPI pending table @0x0000080=
000870000
   [    0.000000] rcu: srcu_init: Setting srcu_struct sizes based on conten=
tion.
   [    0.000000] arch_timer: Enabling local workaround for ARM erratum 141=
8040
   [    0.000000] arch_timer: cp15 timer running at 25.00MHz (phys).
   [    0.000000] clocksource: arch_sys_counter: mask: 0xffffffffffffff max=
_cycles: 0x5c40939b5, max_idle_ns: 440795202646 ns
   [    0.000000] sched_clock: 56 bits at 25MHz, resolution 40ns, wraps eve=
ry 4398046511100ns
   [    0.000159] Console: colour dummy device 80x25
   [    0.000209] ACPI: Core revision 20250807
   [    0.000483] Calibrating delay loop (skipped), value calculated using =
timer frequency.. 50.00 BogoMIPS (lpj=3D100000)
   [    0.000486] pid_max: default: 32768 minimum: 301
   [    0.000555] LSM: initializing lsm=3Dlockdown,capability,landlock,yama=
,apparmor,tomoyo,bpf,ima,evm
   [    0.000671] landlock: Up and running.
   [    0.000673] Yama: becoming mindful.
   [    0.000868] AppArmor: AppArmor initialized
   [    0.000954] TOMOYO Linux initialized
   [    0.001519] LSM support for eBPF active
   [    0.001677] Mount-cache hash table entries: 65536 (order: 7, 524288 b=
ytes, linear)
   [    0.001698] Mountpoint-cache hash table entries: 65536 (order: 7, 524=
288 bytes, linear)
   [    0.002435] rcu: Hierarchical SRCU implementation.
   [    0.002437] rcu: 	Max phase no-delay instances is 1000.
   [    0.002493] Timer migration: 2 hierarchy levels; 8 children per group=
; 2 crossnode level
   [    0.002798] fsl-mc MSI: ITS@0x100100040000 domain created
   [    0.002801] fsl-mc MSI: ITS@0x100100060000 domain created
   [    0.002803] fsl-mc MSI: ITS@0x100100080000 domain created
   [    0.002805] fsl-mc MSI: ITS@0x1001000a0000 domain created
   [    0.002807] fsl-mc MSI: ITS@0x1001000c0000 domain created
   [    0.002809] fsl-mc MSI: ITS@0x1001000e0000 domain created
   [    0.002810] fsl-mc MSI: ITS@0x100100100000 domain created
   [    0.002814] fsl-mc MSI: ITS@0x100100120000 domain created
   [    0.002827] Remapping and enabling EFI services.
   [    0.003337] smp: Bringing up secondary CPUs ...
   [    0.003599] Detected PIPT I-cache on CPU1
   [    0.003635] GICv3: CPU1: found redistributor 100100 region 0:0x000010=
0100560000
   [    0.003644] GICv3: CPU1: using allocated LPI pending table @0x0000080=
000880000
   [    0.003692] arch_timer: Enabling local workaround for ARM erratum 141=
8040
   [    0.003701] CPU1: Booted secondary processor 0x0000100100 [0x413fd0c1]
   [    0.004054] Detected PIPT I-cache on CPU2
   [    0.004098] GICv3: CPU2: found redistributor 160000 region 0:0x000010=
01006c0000
   [    0.004108] GICv3: CPU2: using allocated LPI pending table @0x0000080=
000890000
   [    0.004162] arch_timer: Enabling local workaround for ARM erratum 141=
8040
   [    0.004178] CPU2: Booted secondary processor 0x0000160000 [0x413fd0c1]
   [    0.004587] Detected PIPT I-cache on CPU3
   [    0.004622] GICv3: CPU3: found redistributor 160100 region 0:0x000010=
01006e0000
   [    0.004632] GICv3: CPU3: using allocated LPI pending table @0x0000080=
0008a0000
   [    0.004683] arch_timer: Enabling local workaround for ARM erratum 141=
8040
   [    0.004693] CPU3: Booted secondary processor 0x0000160100 [0x413fd0c1]
   [    0.005039] Detected PIPT I-cache on CPU4
   [    0.005076] GICv3: CPU4: found redistributor 180000 region 0:0x000010=
0100740000
   [    0.005085] GICv3: CPU4: using allocated LPI pending table @0x0000080=
0008b0000
   [    0.005137] arch_timer: Enabling local workaround for ARM erratum 141=
8040
   [    0.005151] CPU4: Booted secondary processor 0x0000180000 [0x413fd0c1]
   [    0.005586] Detected PIPT I-cache on CPU5
   [    0.005622] GICv3: CPU5: found redistributor 180100 region 0:0x000010=
0100760000
   [    0.005631] GICv3: CPU5: using allocated LPI pending table @0x0000080=
0008c0000
   [    0.005682] arch_timer: Enabling local workaround for ARM erratum 141=
8040
   [    0.005693] CPU5: Booted secondary processor 0x0000180100 [0x413fd0c1]
   [    0.006044] Detected PIPT I-cache on CPU6
   [    0.006084] GICv3: CPU6: found redistributor 1e0000 region 0:0x000010=
01008c0000
   [    0.006094] GICv3: CPU6: using allocated LPI pending table @0x0000080=
0008d0000
   [    0.006147] arch_timer: Enabling local workaround for ARM erratum 141=
8040
   [    0.006161] CPU6: Booted secondary processor 0x00001e0000 [0x413fd0c1]
   [    0.006588] Detected PIPT I-cache on CPU7
   [    0.006628] GICv3: CPU7: found redistributor 1e0100 region 0:0x000010=
01008e0000
   [    0.006637] GICv3: CPU7: using allocated LPI pending table @0x0000080=
0008e0000
   [    0.006688] arch_timer: Enabling local workaround for ARM erratum 141=
8040
   [    0.006701] CPU7: Booted secondary processor 0x00001e0100 [0x413fd0c1]
   [    0.007045] Detected PIPT I-cache on CPU8
   [    0.007080] GICv3: CPU8: found redistributor 80000 region 0:0x0000100=
100340000
   [    0.007089] GICv3: CPU8: using allocated LPI pending table @0x0000080=
0008f0000
   [    0.007142] arch_timer: Enabling local workaround for ARM erratum 141=
8040
   [    0.007157] CPU8: Booted secondary processor 0x0000080000 [0x413fd0c1]
   [    0.007586] Detected PIPT I-cache on CPU9
   [    0.007619] GICv3: CPU9: found redistributor 80100 region 0:0x0000100=
100360000
   [    0.007628] GICv3: CPU9: using allocated LPI pending table @0x0000080=
000900000
   [    0.007678] arch_timer: Enabling local workaround for ARM erratum 141=
8040
   [    0.007688] CPU9: Booted secondary processor 0x0000080100 [0x413fd0c1]
   [    0.008041] Detected PIPT I-cache on CPU10
   [    0.008078] GICv3: CPU10: found redistributor e0000 region 0:0x000010=
01004c0000
   [    0.008088] GICv3: CPU10: using allocated LPI pending table @0x000008=
0000910000
   [    0.008142] arch_timer: Enabling local workaround for ARM erratum 141=
8040
   [    0.008157] CPU10: Booted secondary processor 0x00000e0000 [0x413fd0c=
1]
   [    0.008664] Detected PIPT I-cache on CPU11
   [    0.008699] GICv3: CPU11: found redistributor e0100 region 0:0x000010=
01004e0000
   [    0.008709] GICv3: CPU11: using allocated LPI pending table @0x000008=
0000920000
   [    0.008761] arch_timer: Enabling local workaround for ARM erratum 141=
8040
   [    0.008774] CPU11: Booted secondary processor 0x00000e0100 [0x413fd0c=
1]
   [    0.009281] Detected PIPT I-cache on CPU12
   [    0.009328] GICv3: CPU12: found redistributor 200000 region 0:0x00001=
00100940000
   [    0.009337] GICv3: CPU12: using allocated LPI pending table @0x000008=
0000930000
   [    0.009389] arch_timer: Enabling local workaround for ARM erratum 141=
8040
   [    0.009403] CPU12: Booted secondary processor 0x0000200000 [0x413fd0c=
1]
   [    0.009873] Detected PIPT I-cache on CPU13
   [    0.009916] GICv3: CPU13: found redistributor 200100 region 0:0x00001=
00100960000
   [    0.009925] GICv3: CPU13: using allocated LPI pending table @0x000008=
0000940000
   [    0.009975] arch_timer: Enabling local workaround for ARM erratum 141=
8040
   [    0.009989] CPU13: Booted secondary processor 0x0000200100 [0x413fd0c=
1]
   [    0.010475] Detected PIPT I-cache on CPU14
   [    0.010524] GICv3: CPU14: found redistributor 260000 region 0:0x00001=
00100ac0000
   [    0.010533] GICv3: CPU14: using allocated LPI pending table @0x000008=
0000950000
   [    0.010585] arch_timer: Enabling local workaround for ARM erratum 141=
8040
   [    0.010599] CPU14: Booted secondary processor 0x0000260000 [0x413fd0c=
1]
   [    0.011072] Detected PIPT I-cache on CPU15
   [    0.011118] GICv3: CPU15: found redistributor 260100 region 0:0x00001=
00100ae0000
   [    0.011127] GICv3: CPU15: using allocated LPI pending table @0x000008=
0000960000
   [    0.011178] arch_timer: Enabling local workaround for ARM erratum 141=
8040
   [    0.011191] CPU15: Booted secondary processor 0x0000260100 [0x413fd0c=
1]
   [    0.011675] Detected PIPT I-cache on CPU16
   [    0.011717] GICv3: CPU16: found redistributor 110000 region 0:0x00001=
00100580000
   [    0.011726] GICv3: CPU16: using allocated LPI pending table @0x000008=
0000970000
   [    0.011779] arch_timer: Enabling local workaround for ARM erratum 141=
8040
   [    0.011793] CPU16: Booted secondary processor 0x0000110000 [0x413fd0c=
1]
   [    0.012272] Detected PIPT I-cache on CPU17
   [    0.012310] GICv3: CPU17: found redistributor 110100 region 0:0x00001=
001005a0000
   [    0.012320] GICv3: CPU17: using allocated LPI pending table @0x000008=
0000980000
   [    0.012370] arch_timer: Enabling local workaround for ARM erratum 141=
8040
   [    0.012383] CPU17: Booted secondary processor 0x0000110100 [0x413fd0c=
1]
   [    0.012783] Detected PIPT I-cache on CPU18
   [    0.012827] GICv3: CPU18: found redistributor 170000 region 0:0x00001=
00100700000
   [    0.012837] GICv3: CPU18: using allocated LPI pending table @0x000008=
0000990000
   [    0.012890] arch_timer: Enabling local workaround for ARM erratum 141=
8040
   [    0.012900] CPU18: Booted secondary processor 0x0000170000 [0x413fd0c=
1]
   [    0.013267] Detected PIPT I-cache on CPU19
   [    0.013309] GICv3: CPU19: found redistributor 170100 region 0:0x00001=
00100720000
   [    0.013319] GICv3: CPU19: using allocated LPI pending table @0x000008=
00009a0000
   [    0.013371] arch_timer: Enabling local workaround for ARM erratum 141=
8040
   [    0.013384] CPU19: Booted secondary processor 0x0000170100 [0x413fd0c=
1]
   [    0.013883] Detected PIPT I-cache on CPU20
   [    0.013929] GICv3: CPU20: found redistributor 190000 region 0:0x00001=
00100780000
   [    0.013939] GICv3: CPU20: using allocated LPI pending table @0x000008=
00009b0000
   [    0.013991] arch_timer: Enabling local workaround for ARM erratum 141=
8040
   [    0.014005] CPU20: Booted secondary processor 0x0000190000 [0x413fd0c=
1]
   [    0.014474] Detected PIPT I-cache on CPU21
   [    0.014517] GICv3: CPU21: found redistributor 190100 region 0:0x00001=
001007a0000
   [    0.014527] GICv3: CPU21: using allocated LPI pending table @0x000008=
00009c0000
   [    0.014577] arch_timer: Enabling local workaround for ARM erratum 141=
8040
   [    0.014590] CPU21: Booted secondary processor 0x0000190100 [0x413fd0c=
1]
   [    0.015083] Detected PIPT I-cache on CPU22
   [    0.015132] GICv3: CPU22: found redistributor 1f0000 region 0:0x00001=
00100900000
   [    0.015142] GICv3: CPU22: using allocated LPI pending table @0x000008=
00009d0000
   [    0.015195] arch_timer: Enabling local workaround for ARM erratum 141=
8040
   [    0.015209] CPU22: Booted secondary processor 0x00001f0000 [0x413fd0c=
1]
   [    0.015664] Detected PIPT I-cache on CPU23
   [    0.015709] GICv3: CPU23: found redistributor 1f0100 region 0:0x00001=
00100920000
   [    0.015719] GICv3: CPU23: using allocated LPI pending table @0x000008=
00009e0000
   [    0.015770] arch_timer: Enabling local workaround for ARM erratum 141=
8040
   [    0.015783] CPU23: Booted secondary processor 0x00001f0100 [0x413fd0c=
1]
   [    0.016285] Detected PIPT I-cache on CPU24
   [    0.016328] GICv3: CPU24: found redistributor 90000 region 0:0x000010=
0100380000
   [    0.016338] GICv3: CPU24: using allocated LPI pending table @0x000008=
00009f0000
   [    0.016392] arch_timer: Enabling local workaround for ARM erratum 141=
8040
   [    0.016406] CPU24: Booted secondary processor 0x0000090000 [0x413fd0c=
1]
   [    0.016869] Detected PIPT I-cache on CPU25
   [    0.016907] GICv3: CPU25: found redistributor 90100 region 0:0x000010=
01003a0000
   [    0.016917] GICv3: CPU25: using allocated LPI pending table @0x000008=
0000a00000
   [    0.016968] arch_timer: Enabling local workaround for ARM erratum 141=
8040
   [    0.016982] CPU25: Booted secondary processor 0x0000090100 [0x413fd0c=
1]
   [    0.017474] Detected PIPT I-cache on CPU26
   [    0.017520] GICv3: CPU26: found redistributor f0000 region 0:0x000010=
0100500000
   [    0.017530] GICv3: CPU26: using allocated LPI pending table @0x000008=
0000a10000
   [    0.017584] arch_timer: Enabling local workaround for ARM erratum 141=
8040
   [    0.017599] CPU26: Booted secondary processor 0x00000f0000 [0x413fd0c=
1]
   [    0.018068] Detected PIPT I-cache on CPU27
   [    0.018109] GICv3: CPU27: found redistributor f0100 region 0:0x000010=
0100520000
   [    0.018120] GICv3: CPU27: using allocated LPI pending table @0x000008=
0000a20000
   [    0.018172] arch_timer: Enabling local workaround for ARM erratum 141=
8040
   [    0.018185] CPU27: Booted secondary processor 0x00000f0100 [0x413fd0c=
1]
   [    0.018670] Detected PIPT I-cache on CPU28
   [    0.018724] GICv3: CPU28: found redistributor 210000 region 0:0x00001=
00100980000
   [    0.018734] GICv3: CPU28: using allocated LPI pending table @0x000008=
0000a30000
   [    0.018786] arch_timer: Enabling local workaround for ARM erratum 141=
8040
   [    0.018800] CPU28: Booted secondary processor 0x0000210000 [0x413fd0c=
1]
   [    0.019277] Detected PIPT I-cache on CPU29
   [    0.019326] GICv3: CPU29: found redistributor 210100 region 0:0x00001=
001009a0000
   [    0.019336] GICv3: CPU29: using allocated LPI pending table @0x000008=
0000a40000
   [    0.019386] arch_timer: Enabling local workaround for ARM erratum 141=
8040
   [    0.019398] CPU29: Booted secondary processor 0x0000210100 [0x413fd0c=
1]
   [    0.019873] Detected PIPT I-cache on CPU30
   [    0.019930] GICv3: CPU30: found redistributor 270000 region 0:0x00001=
00100b00000
   [    0.019940] GICv3: CPU30: using allocated LPI pending table @0x000008=
0000a50000
   [    0.019993] arch_timer: Enabling local workaround for ARM erratum 141=
8040
   [    0.020008] CPU30: Booted secondary processor 0x0000270000 [0x413fd0c=
1]
   [    0.020473] Detected PIPT I-cache on CPU31
   [    0.020526] GICv3: CPU31: found redistributor 270100 region 0:0x00001=
00100b20000
   [    0.020536] GICv3: CPU31: using allocated LPI pending table @0x000008=
0000a60000
   [    0.020586] arch_timer: Enabling local workaround for ARM erratum 141=
8040
   [    0.020599] CPU31: Booted secondary processor 0x0000270100 [0x413fd0c=
1]
   [    0.020730] smp: Brought up 1 node, 32 CPUs
   [    0.020733] SMP: Total of 32 processors activated.
   [    0.020734] CPU: All CPU(s) started at EL2
   [    0.020736] CPU features: detected: 32-bit EL0 Support
   [    0.020738] CPU features: detected: Data cache clean to the PoU not r=
equired for I/D coherence
   [    0.020739] CPU features: detected: Common not Private translations
   [    0.020740] CPU features: detected: CRC32 instructions
   [    0.020742] CPU features: detected: Data cache clean to Point of Pers=
istence
   [    0.020743] CPU features: detected: Enhanced Virtualization Traps
   [    0.020745] CPU features: detected: RCpc load-acquire (LDAPR)
   [    0.020746] CPU features: detected: LSE atomic instructions
   [    0.020747] CPU features: detected: Privileged Access Never
   [    0.020749] CPU features: detected: PMUv3
   [    0.020749] CPU features: detected: RAS Extension Support
   [    0.020752] CPU features: detected: Speculative Store Bypassing Safe =
(SSBS)
   [    0.020927] alternatives: applying system-wide alternatives
   [    0.023145] CPU features: detected: Hardware dirty bit management on =
CPU0-31
   [    0.064386] node 0 deferred pages initialised in 40ms
   [    0.064425] Memory: 32433968K/33293312K available (16960K kernel code=
, 3238K rwdata, 6152K rodata, 3008K init, 661K bss, 775224K reserved, 65536=
K cma-reserved)
   [    0.064684] devtmpfs: initialized
   [    0.068718] clocksource: jiffies: mask: 0xffffffff max_cycles: 0xffff=
ffff, max_idle_ns: 7645041785100000 ns
   [    0.068739] posixtimers hash table entries: 16384 (order: 6, 262144 b=
ytes, linear)
   [    0.068820] futex hash table entries: 8192 (524288 bytes on 1 NUMA no=
des, total 512 KiB, linear).
   [    0.069074] 2G module region forced by RANDOMIZE_MODULE_REGION_FULL
   [    0.069076] 0 pages in range for non-PLT usage
   [    0.069077] 516720 pages in range for PLT usage
   [    0.069165] pinctrl core: initialized pinctrl subsystem
   [    0.069405] SMBIOS 3.3.0 present.
   [    0.069412] DMI: ADLINK AVA Developer Platform/AVA Developer Platform=
, BIOS TianoCore 2.04.100.07 (SYS: 2.06.20220308) 09/08/2022
   [    0.069454] DMI: Memory slots populated: 2/6
   [    0.071110] NET: Registered PF_NETLINK/PF_ROUTE protocol family
   [    0.071780] DMA: preallocated 4096 KiB GFP_KERNEL pool for atomic all=
ocations
   [    0.072112] DMA: preallocated 4096 KiB GFP_KERNEL|GFP_DMA pool for at=
omic allocations
   [    0.072429] DMA: preallocated 4096 KiB GFP_KERNEL|GFP_DMA32 pool for =
atomic allocations
   [    0.072442] audit: initializing netlink subsys (disabled)
   [    0.072507] audit: type=3D2000 audit(0.072:1): state=3Dinitialized au=
dit_enabled=3D0 res=3D1
   [    0.072670] thermal_sys: Registered thermal governor 'fair_share'
   [    0.072672] thermal_sys: Registered thermal governor 'bang_bang'
   [    0.072673] thermal_sys: Registered thermal governor 'step_wise'
   [    0.072674] thermal_sys: Registered thermal governor 'user_space'
   [    0.072675] thermal_sys: Registered thermal governor 'power_allocator'
   [    0.072690] cpuidle: using governor ladder
   [    0.072698] cpuidle: using governor menu
   [    0.072925] Detected 15 PCC Subspaces
   [    0.072927] Registering PCC driver as Mailbox controller
   [    0.072995] hw-breakpoint: found 6 breakpoint and 4 watchpoint regist=
ers.
   [    0.073296] ASID allocator initialised with 32768 entries
   [    0.073364] ACPI FADT declares the system doesn't support PCIe ASPM, =
so disable it
   [    0.073366] acpiphp: ACPI Hot Plug PCI Controller Driver version: 0.5
   [    0.073441] Serial: AMBA PL011 UART driver
   [    0.075664] HugeTLB: registered 1.00 GiB page size, pre-allocated 0 p=
ages
   [    0.075667] HugeTLB: 0 KiB vmemmap can be freed for a 1.00 GiB page
   [    0.075669] HugeTLB: registered 32.0 MiB page size, pre-allocated 0 p=
ages
   [    0.075670] HugeTLB: 0 KiB vmemmap can be freed for a 32.0 MiB page
   [    0.075671] HugeTLB: registered 2.00 MiB page size, pre-allocated 0 p=
ages
   [    0.075672] HugeTLB: 0 KiB vmemmap can be freed for a 2.00 MiB page
   [    0.075673] HugeTLB: registered 64.0 KiB page size, pre-allocated 0 p=
ages
   [    0.075675] HugeTLB: 0 KiB vmemmap can be freed for a 64.0 KiB page
   [    0.076545] ACPI: Added _OSI(Module Device)
   [    0.076547] ACPI: Added _OSI(Processor Device)
   [    0.076549] ACPI: Added _OSI(Processor Aggregator Device)
   [    0.093481] ACPI: 2 ACPI AML tables successfully acquired and loaded
   [    0.095865] ACPI: Interpreter enabled
   [    0.095867] ACPI: Using GIC for interrupt routing
   [    0.095883] ACPI: MCFG table detected, 6 entries
   [    0.096028] HEST: Table parsing has been initialized.
   [    0.096055] sdei: SDEIv1.0 (0x0) detected in firmware.
   [    0.096681] {1}[Hardware Error]: Hardware error from APEI Generic Har=
dware Error Source: 0
   [    0.096683] {1}[Hardware Error]: event severity: recoverable
   [    0.096685] {1}[Hardware Error]:  Error 0, type: recoverable
   [    0.096687] {1}[Hardware Error]:   section type: unknown, e8ed898d-df=
16-43cc-8ecc-54f060ef157f
   [    0.096689] {1}[Hardware Error]:   section length: 0x30
   [    0.096692] {1}[Hardware Error]:   00000000: 00000005 ec30000e 000401=
10 80001001  ......0.........
   [    0.096694] {1}[Hardware Error]:   00000010: 00000300 00000000 000000=
00 00000000  ................
   [    0.096696] {1}[Hardware Error]:   00000020: 00000000 00000000 000000=
00 00000000  ................
   [    0.096775] GHES: APEI firmware first mode is enabled by APEI bit.
   [    0.096781] ACPI: IORT: SMMU-v3[33ffe0000000] Mapped to Proximity dom=
ain 0
   [    0.096814] ACPI: IORT: SMMU-v3[37ffe0000000] Mapped to Proximity dom=
ain 0
   [    0.096833] ACPI: IORT: SMMU-v3[3fffe0000000] Mapped to Proximity dom=
ain 0
   [    0.096850] ACPI: IORT: SMMU-v3[23ffe0000000] Mapped to Proximity dom=
ain 0
   [    0.096868] ACPI: IORT: SMMU-v3[2bffe0000000] Mapped to Proximity dom=
ain 0
   [    0.096885] ACPI: IORT: SMMU-v3[2fffe0000000] Mapped to Proximity dom=
ain 0
   [    0.117299] ACPI: CPU8 has been hot-added
   [    0.117331] ACPI: CPU9 has been hot-added
   [    0.117357] ACPI: CPU24 has been hot-added
   [    0.117382] ACPI: CPU25 has been hot-added
   [    0.117440] ACPI: CPU10 has been hot-added
   [    0.117471] ACPI: CPU11 has been hot-added
   [    0.117499] ACPI: CPU26 has been hot-added
   [    0.117525] ACPI: CPU27 has been hot-added
   [    0.117550] ACPI: CPU0 has been hot-added
   [    0.117574] ACPI: CPU1 has been hot-added
   [    0.117597] ACPI: CPU16 has been hot-added
   [    0.117628] ACPI: CPU17 has been hot-added
   [    0.117686] ACPI: CPU2 has been hot-added
   [    0.117713] ACPI: CPU3 has been hot-added
   [    0.117736] ACPI: CPU18 has been hot-added
   [    0.117761] ACPI: CPU19 has been hot-added
   [    0.117785] ACPI: CPU4 has been hot-added
   [    0.117811] ACPI: CPU5 has been hot-added
   [    0.117834] ACPI: CPU20 has been hot-added
   [    0.117859] ACPI: CPU21 has been hot-added
   [    0.117917] ACPI: CPU6 has been hot-added
   [    0.117942] ACPI: CPU7 has been hot-added
   [    0.117965] ACPI: CPU22 has been hot-added
   [    0.117990] ACPI: CPU23 has been hot-added
   [    0.118014] ACPI: CPU12 has been hot-added
   [    0.118037] ACPI: CPU13 has been hot-added
   [    0.118065] ACPI: CPU28 has been hot-added
   [    0.118092] ACPI: CPU29 has been hot-added
   [    0.118151] ACPI: CPU14 has been hot-added
   [    0.118178] ACPI: CPU15 has been hot-added
   [    0.118203] ACPI: CPU30 has been hot-added
   [    0.118228] ACPI: CPU31 has been hot-added
   [    0.120781] ARMH0011:00: ttyAMA0 at MMIO 0x100002600000 (irq =3D 52, =
base_baud =3D 0) is a SBSA
   [    0.120840] printk: console [ttyAMA0] enabled
   [    0.128848] ARMH0011:01: ttyAMA1 at MMIO 0x100002620000 (irq =3D 53, =
base_baud =3D 0) is a SBSA
   [    0.130471] ACPI: PCI Root Bridge [PCI0] (domain 000c [bus 00-ff])
   [    0.130482] acpi PNP0A08:00: _OSC: OS supports [ExtendedConfig Segmen=
ts MSI HPX-Type3]
   [    0.130485] acpi PNP0A08:00: _OSC: not requesting OS control; OS requ=
ires [ExtendedConfig ASPM ClockPM MSI]
   [    0.130543] acpi PNP0A08:00: FADT indicates ASPM is unsupported, usin=
g BIOS configuration
   [    0.130548] acpi PNP0A08:00: MCFG quirk: ECAM at [mem 0x33fff0000000-=
0x33ffffffffff] for [bus 00-ff] with 0xffffa00133583ec8
   [    0.131613] acpi PNP0A08:00: ECAM area [mem 0x33fff0000000-0x33ffffff=
ffff] reserved by PNP0C02:00
   [    0.131627] acpi PNP0A08:00: ECAM at [mem 0x33fff0000000-0x33ffffffff=
ff] for [bus 00-ff]
   [    0.131713] PCI host bridge to bus 000c:00
   [    0.131735] pci_bus 000c:00: root bus resource [mem 0x40000000-0x4fff=
ffff window]
   [    0.131738] pci_bus 000c:00: root bus resource [mem 0x300000000000-0x=
33ffdfffffff window]
   [    0.131740] pci_bus 000c:00: root bus resource [bus 00-ff]
   [    0.131743] pci_bus 000c:00: scanning bus
   [    0.131752] Write combining PCI maps disabled due to hardware erratum
   [    0.131754] pci 000c:00:00.0: [1def:e100] type 00 class 0x060000 conv=
entional PCI endpoint
   [    0.131856] pci 000c:00:01.0: [1def:e101] type 01 class 0x060400 PCIe=
 Root Port
   [    0.131868] pci 000c:00:01.0: PCI bridge to [bus 01]
   [    0.131910] pci 000c:00:01.0: supports D1 D2
   [    0.131912] pci 000c:00:01.0: PME# supported from D0 D1 D3hot
   [    0.131915] pci 000c:00:01.0: PME# disabled
   [    0.132009] pci_bus 000c:00: fixups for bus
   [    0.132011] pci 000c:00:01.0: scanning [bus 01-01] behind bridge, pas=
s 0
   [    0.132032] pci_bus 000c:01: scanning bus
   [    0.134082] pci_bus 000c:01: fixups for bus
   [    0.134083] pci_bus 000c:01: bus scan returning with max=3D01
   [    0.134099] pci 000c:00:01.0: scanning [bus 01-01] behind bridge, pas=
s 1
   [    0.134103] pci_bus 000c:00: bus scan returning with max=3D01
   [    0.134104] pci_bus 000c:00: on NUMA node 0
   [    0.134108] pci 000c:00:01.0: bridge window [io  0x1000-0x0fff] to [b=
us 01] add_size 1000
   [    0.134112] pci 000c:00:01.0: bridge window [mem 0x00100000-0x000ffff=
f 64bit pref] to [bus 01] add_size 200000 add_align 100000
   [    0.134116] pci 000c:00:01.0: bridge window [mem 0x00100000-0x000ffff=
f] to [bus 01] add_size 200000 add_align 100000
   [    0.134121] pci 000c:00:01.0: bridge window [mem 0x40000000-0x401ffff=
f]: assigned
   [    0.134124] pci 000c:00:01.0: bridge window [mem 0x300000000000-0x300=
0001fffff 64bit pref]: assigned
   [    0.134126] pci 000c:00:01.0: bridge window [io  size 0x1000]: can't =
assign; no space
   [    0.134129] pci 000c:00:01.0: bridge window [io  size 0x1000]: failed=
 to assign
   [    0.134132] pci 000c:00:01.0: bridge window [io  size 0x1000]: can't =
assign; no space
   [    0.134133] pci 000c:00:01.0: bridge window [io  size 0x1000]: failed=
 to assign
   [    0.134135] pci 000c:00:01.0: bridge window [io  size 0x1000]: ignori=
ng failure in optional allocation
   [    0.134138] pci 000c:00:01.0: PCI bridge to [bus 01]
   [    0.134140] pci 000c:00:01.0:   bridge window [mem 0x40000000-0x401ff=
fff]
   [    0.134143] pci 000c:00:01.0:   bridge window [mem 0x300000000000-0x3=
000001fffff 64bit pref]
   [    0.134146] pci_bus 000c:00: Some PCI device resources are unassigned=
, try booting with pci=3Drealloc
   [    0.134147] pci_bus 000c:00: resource 4 [mem 0x40000000-0x4fffffff wi=
ndow]
   [    0.134149] pci_bus 000c:00: resource 5 [mem 0x300000000000-0x33ffdff=
fffff window]
   [    0.134151] pci_bus 000c:01: resource 0 [io  size 0x1000]
   [    0.134153] pci_bus 000c:01: resource 1 [mem 0x40000000-0x401fffff]
   [    0.134155] pci_bus 000c:01: resource 2 [mem 0x300000000000-0x3000001=
fffff 64bit pref]
   [    0.134202] ACPI: PCI Root Bridge [PCI1] (domain 000d [bus 00-ff])
   [    0.134209] acpi PNP0A08:01: _OSC: OS supports [ExtendedConfig Segmen=
ts MSI HPX-Type3]
   [    0.134212] acpi PNP0A08:01: _OSC: not requesting OS control; OS requ=
ires [ExtendedConfig ASPM ClockPM MSI]
   [    0.134269] acpi PNP0A08:01: FADT indicates ASPM is unsupported, usin=
g BIOS configuration
   [    0.134272] acpi PNP0A08:01: MCFG quirk: ECAM at [mem 0x37fff0000000-=
0x37ffffffffff] for [bus 00-ff] with 0xffffa00133583ec8
   [    0.135327] acpi PNP0A08:01: ECAM area [mem 0x37fff0000000-0x37ffffff=
ffff] reserved by PNP0C02:00
   [    0.135340] acpi PNP0A08:01: ECAM at [mem 0x37fff0000000-0x37ffffffff=
ff] for [bus 00-ff]
   [    0.135417] PCI host bridge to bus 000d:00
   [    0.135438] pci_bus 000d:00: root bus resource [mem 0x50000000-0x5fff=
ffff window]
   [    0.135440] pci_bus 000d:00: root bus resource [mem 0x340000000000-0x=
37ffdfffffff window]
   [    0.135442] pci_bus 000d:00: root bus resource [bus 00-ff]
   [    0.135444] pci_bus 000d:00: scanning bus
   [    0.135450] pci 000d:00:00.0: [1def:e100] type 00 class 0x060000 conv=
entional PCI endpoint
   [    0.135529] pci 000d:00:01.0: [1def:e101] type 01 class 0x060400 PCIe=
 Root Port
   [    0.135537] pci 000d:00:01.0: PCI bridge to [bus 01-03]
   [    0.135539] pci 000d:00:01.0:   bridge window [io  0xe000-0xefff]
   [    0.135541] pci 000d:00:01.0:   bridge window [mem 0x50000000-0x502ff=
fff]
   [    0.135545] pci 000d:00:01.0:   bridge window [mem 0x340000000000-0x3=
400101fffff 64bit pref]
   [    0.135568] pci 000d:00:01.0: supports D1 D2
   [    0.135569] pci 000d:00:01.0: PME# supported from D0 D1 D3hot
   [    0.135572] pci 000d:00:01.0: PME# disabled
   [    0.135646] pci_bus 000d:00: fixups for bus
   [    0.135648] pci 000d:00:01.0: scanning [bus 01-03] behind bridge, pas=
s 0
   [    0.135665] pci_bus 000d:01: scanning bus
   [    0.135687] pci 000d:01:00.0: [1002:1478] type 01 class 0x060400 PCIe=
 Switch Upstream Port
   [    0.135710] pci 000d:01:00.0: BAR 0 [mem 0x50200000-0x50203fff]
   [    0.135715] pci 000d:01:00.0: PCI bridge to [bus 02-03]
   [    0.135721] pci 000d:01:00.0:   bridge window [io  0x5fffe000-0x5fffe=
fff]
   [    0.135724] pci 000d:01:00.0:   bridge window [mem 0x50000000-0x501ff=
fff]
   [    0.135734] pci 000d:01:00.0:   bridge window [mem 0x340000000000-0x3=
400101fffff 64bit pref]
   [    0.135821] pci 000d:01:00.0: PME# supported from D0 D3hot D3cold
   [    0.135825] pci 000d:01:00.0: PME# disabled
   [    0.135905] pci 000d:01:00.0: 63.008 Gb/s available PCIe bandwidth, l=
imited by 8.0 GT/s PCIe x8 link at 000d:00:01.0 (capable of 126.024 Gb/s wi=
th 16.0 GT/s PCIe x8 link)
   [    0.135967] pci_bus 000d:01: fixups for bus
   [    0.135969] pci 000d:01:00.0: scanning [bus 02-03] behind bridge, pas=
s 0
   [    0.136005] pci_bus 000d:02: scanning bus
   [    0.136022] pci 000d:02:00.0: [1002:1479] type 01 class 0x060400 PCIe=
 Switch Downstream Port
   [    0.136047] pci 000d:02:00.0: PCI bridge to [bus 03]
   [    0.136053] pci 000d:02:00.0:   bridge window [io  0x5fffe000-0x5fffe=
fff]
   [    0.136057] pci 000d:02:00.0:   bridge window [mem 0x50000000-0x501ff=
fff]
   [    0.136067] pci 000d:02:00.0:   bridge window [mem 0x340000000000-0x3=
400101fffff 64bit pref]
   [    0.136158] pci 000d:02:00.0: PME# supported from D0 D3hot D3cold
   [    0.136161] pci 000d:02:00.0: PME# disabled
   [    0.136323] pci_bus 000d:02: fixups for bus
   [    0.136325] pci 000d:02:00.0: scanning [bus 03-03] behind bridge, pas=
s 0
   [    0.136361] pci_bus 000d:03: scanning bus
   [    0.136378] pci 000d:03:00.0: [1002:7480] type 00 class 0x030000 PCIe=
 Legacy Endpoint
   [    0.136415] pci 000d:03:00.0: BAR 0 [mem 0x340000000000-0x34000ffffff=
f 64bit pref]
   [    0.136419] pci 000d:03:00.0: BAR 2 [mem 0x340010000000-0x3400101ffff=
f 64bit pref]
   [    0.136422] pci 000d:03:00.0: BAR 4 [io  0x5fffe000-0x5fffe0ff]
   [    0.136425] pci 000d:03:00.0: BAR 5 [mem 0x50000000-0x500fffff]
   [    0.136428] pci 000d:03:00.0: ROM [mem 0xfffe0000-0xffffffff pref]
   [    0.136528] pci 000d:03:00.0: PME# supported from D1 D2 D3hot D3cold
   [    0.136531] pci 000d:03:00.0: PME# disabled
   [    0.136621] pci 000d:03:00.0: 63.008 Gb/s available PCIe bandwidth, l=
imited by 8.0 GT/s PCIe x8 link at 000d:00:01.0 (capable of 126.024 Gb/s wi=
th 16.0 GT/s PCIe x8 link)
   [    0.136725] pci 000d:03:00.1: [1002:ab30] type 00 class 0x040300 PCIe=
 Legacy Endpoint
   [    0.136761] pci 000d:03:00.1: BAR 0 [mem 0x50100000-0x50103fff]
   [    0.136829] pci 000d:03:00.1: PME# supported from D1 D2 D3hot D3cold
   [    0.136832] pci 000d:03:00.1: PME# disabled
   [    0.136935] pci_bus 000d:03: fixups for bus
   [    0.136936] pci_bus 000d:03: bus scan returning with max=3D03
   [    0.136941] pci 000d:02:00.0: scanning [bus 03-03] behind bridge, pas=
s 1
   [    0.136946] pci_bus 000d:02: bus scan returning with max=3D03
   [    0.136951] pci 000d:01:00.0: scanning [bus 02-03] behind bridge, pas=
s 1
   [    0.136956] pci_bus 000d:01: bus scan returning with max=3D03
   [    0.136959] pci 000d:00:01.0: scanning [bus 01-03] behind bridge, pas=
s 1
   [    0.136961] pci_bus 000d:00: bus scan returning with max=3D03
   [    0.136963] pci_bus 000d:00: on NUMA node 0
   [    0.136966] pci 000d:02:00.0: bridge window [mem 0x08000000-0x181ffff=
f 64bit pref] to [bus 03] requires relaxed alignment rules
   [    0.136970] pci 000d:02:00.0: bridge window [mem 0x00100000-0x002ffff=
f] to [bus 03] requires relaxed alignment rules
   [    0.136972] pci 000d:02:00.0: bridge window [mem 0x00100000-0x002ffff=
f] to [bus 03] requires relaxed alignment rules
   [    0.136979] pci 000d:00:01.0: bridge window [mem 0x340000000000-0x340=
017ffffff 64bit pref]: assigned
   [    0.136982] pci 000d:00:01.0: bridge window [mem 0x50000000-0x502ffff=
f]: assigned
   [    0.136984] pci 000d:00:01.0: bridge window [io  size 0x1000]: can't =
assign; no space
   [    0.136986] pci 000d:00:01.0: bridge window [io  size 0x1000]: failed=
 to assign
   [    0.136988] pci 000d:00:01.0: bridge window [io  size 0x1000]: can't =
assign; no space
   [    0.136989] pci 000d:00:01.0: bridge window [io  size 0x1000]: failed=
 to assign
   [    0.136993] pci 000d:01:00.0: bridge window [mem 0x340000000000-0x340=
017ffffff 64bit pref]: assigned
   [    0.136995] pci 000d:01:00.0: bridge window [mem 0x50000000-0x501ffff=
f]: assigned
   [    0.136996] pci 000d:01:00.0: BAR 0 [mem 0x50200000-0x50203fff]: assi=
gned
   [    0.137001] pci 000d:01:00.0: bridge window [io  size 0x1000]: can't =
assign; no space
   [    0.137002] pci 000d:01:00.0: bridge window [io  size 0x1000]: failed=
 to assign
   [    0.137004] pci 000d:01:00.0: bridge window [io  size 0x1000]: can't =
assign; no space
   [    0.137006] pci 000d:01:00.0: bridge window [io  size 0x1000]: failed=
 to assign
   [    0.137008] pci 000d:02:00.0: bridge window [mem 0x340000000000-0x340=
0101fffff 64bit pref]: assigned
   [    0.137010] pci 000d:02:00.0: bridge window [mem 0x50000000-0x501ffff=
f]: assigned
   [    0.137012] pci 000d:02:00.0: bridge window [io  size 0x1000]: can't =
assign; no space
   [    0.137014] pci 000d:02:00.0: bridge window [io  size 0x1000]: failed=
 to assign
   [    0.137016] pci 000d:02:00.0: bridge window [io  size 0x1000]: can't =
assign; no space
   [    0.137017] pci 000d:02:00.0: bridge window [io  size 0x1000]: failed=
 to assign
   [    0.137021] pci 000d:03:00.0: BAR 0 [mem 0x340000000000-0x34000ffffff=
f 64bit pref]: assigned
   [    0.137029] pci 000d:03:00.0: BAR 2 [mem 0x340010000000-0x3400101ffff=
f 64bit pref]: assigned
   [    0.137038] pci 000d:03:00.0: BAR 5 [mem 0x50000000-0x500fffff]: assi=
gned
   [    0.137042] pci 000d:03:00.0: ROM [mem 0x50100000-0x5011ffff pref]: a=
ssigned
   [    0.137044] pci 000d:03:00.1: BAR 0 [mem 0x50120000-0x50123fff]: assi=
gned
   [    0.137048] pci 000d:03:00.0: BAR 4 [io  size 0x0100]: can't assign; =
no space
   [    0.137049] pci 000d:03:00.0: BAR 4 [io  size 0x0100]: failed to assi=
gn
   [    0.137052] pci 000d:03:00.0: BAR 4 [io  size 0x0100]: can't assign; =
no space
   [    0.137053] pci 000d:03:00.0: BAR 4 [io  size 0x0100]: failed to assi=
gn
   [    0.137055] pci 000d:02:00.0: PCI bridge to [bus 03]
   [    0.137059] pci 000d:02:00.0:   bridge window [mem 0x50000000-0x501ff=
fff]
   [    0.137062] pci 000d:02:00.0:   bridge window [mem 0x340000000000-0x3=
400101fffff 64bit pref]
   [    0.137067] pci 000d:01:00.0: PCI bridge to [bus 02-03]
   [    0.137070] pci 000d:01:00.0:   bridge window [mem 0x50000000-0x501ff=
fff]
   [    0.137073] pci 000d:01:00.0:   bridge window [mem 0x340000000000-0x3=
40017ffffff 64bit pref]
   [    0.137078] pci 000d:00:01.0: PCI bridge to [bus 01-03]
   [    0.137080] pci 000d:00:01.0:   bridge window [mem 0x50000000-0x502ff=
fff]
   [    0.137082] pci 000d:00:01.0:   bridge window [mem 0x340000000000-0x3=
40017ffffff 64bit pref]
   [    0.137085] pci_bus 000d:00: Some PCI device resources are unassigned=
, try booting with pci=3Drealloc
   [    0.137087] pci_bus 000d:00: resource 4 [mem 0x50000000-0x5fffffff wi=
ndow]
   [    0.137089] pci_bus 000d:00: resource 5 [mem 0x340000000000-0x37ffdff=
fffff window]
   [    0.137091] pci_bus 000d:01: resource 0 [io  size 0x1000]
   [    0.137092] pci_bus 000d:01: resource 1 [mem 0x50000000-0x502fffff]
   [    0.137094] pci_bus 000d:01: resource 2 [mem 0x340000000000-0x340017f=
fffff 64bit pref]
   [    0.137096] pci_bus 000d:02: resource 0 [io  size 0x1000]
   [    0.137097] pci_bus 000d:02: resource 1 [mem 0x50000000-0x501fffff]
   [    0.137099] pci_bus 000d:02: resource 2 [mem 0x340000000000-0x340017f=
fffff 64bit pref]
   [    0.137100] pci_bus 000d:03: resource 0 [io  size 0x1000]
   [    0.137102] pci_bus 000d:03: resource 1 [mem 0x50000000-0x501fffff]
   [    0.137104] pci_bus 000d:03: resource 2 [mem 0x340000000000-0x3400101=
fffff 64bit pref]
   [    0.137168] ACPI: PCI Root Bridge [PCI3] (domain 0000 [bus 00-ff])
   [    0.137176] acpi PNP0A08:03: _OSC: OS supports [ExtendedConfig Segmen=
ts MSI HPX-Type3]
   [    0.137178] acpi PNP0A08:03: _OSC: not requesting OS control; OS requ=
ires [ExtendedConfig ASPM ClockPM MSI]
   [    0.137238] acpi PNP0A08:03: FADT indicates ASPM is unsupported, usin=
g BIOS configuration
   [    0.137241] acpi PNP0A08:03: MCFG quirk: ECAM at [mem 0x3ffff0000000-=
0x3fffffffffff] for [bus 00-ff] with 0xffffa00133583ec8
   [    0.138281] acpi PNP0A08:03: ECAM area [mem 0x3ffff0000000-0x3fffffff=
ffff] reserved by PNP0C02:00
   [    0.138295] acpi PNP0A08:03: ECAM at [mem 0x3ffff0000000-0x3fffffffff=
ff] for [bus 00-ff]
   [    0.138372] PCI host bridge to bus 0000:00
   [    0.138394] pci_bus 0000:00: root bus resource [mem 0x70000000-0x7fff=
ffff window]
   [    0.138396] pci_bus 0000:00: root bus resource [mem 0x3c0000000000-0x=
3fffdfffffff window]
   [    0.138398] pci_bus 0000:00: root bus resource [bus 00-ff]
   [    0.138400] pci_bus 0000:00: scanning bus
   [    0.138405] pci 0000:00:00.0: [1def:e100] type 00 class 0x060000 conv=
entional PCI endpoint
   [    0.138484] pci 0000:00:01.0: [1def:e101] type 01 class 0x060400 PCIe=
 Root Port
   [    0.138495] pci 0000:00:01.0: PCI bridge to [bus 01]
   [    0.138537] pci 0000:00:01.0: supports D1 D2
   [    0.138538] pci 0000:00:01.0: PME# supported from D0 D1 D3hot
   [    0.138541] pci 0000:00:01.0: PME# disabled
   [    0.138631] pci_bus 0000:00: fixups for bus
   [    0.138633] pci 0000:00:01.0: scanning [bus 01-01] behind bridge, pas=
s 0
   [    0.138654] pci_bus 0000:01: scanning bus
   [    0.140708] pci_bus 0000:01: fixups for bus
   [    0.140710] pci_bus 0000:01: bus scan returning with max=3D01
   [    0.140721] pci 0000:00:01.0: scanning [bus 01-01] behind bridge, pas=
s 1
   [    0.140724] pci_bus 0000:00: bus scan returning with max=3D01
   [    0.140725] pci_bus 0000:00: on NUMA node 0
   [    0.140728] pci 0000:00:01.0: bridge window [io  0x1000-0x0fff] to [b=
us 01] add_size 1000
   [    0.140731] pci 0000:00:01.0: bridge window [mem 0x00100000-0x000ffff=
f 64bit pref] to [bus 01] add_size 200000 add_align 100000
   [    0.140734] pci 0000:00:01.0: bridge window [mem 0x00100000-0x000ffff=
f] to [bus 01] add_size 200000 add_align 100000
   [    0.140739] pci 0000:00:01.0: bridge window [mem 0x70000000-0x701ffff=
f]: assigned
   [    0.140741] pci 0000:00:01.0: bridge window [mem 0x3c0000000000-0x3c0=
0001fffff 64bit pref]: assigned
   [    0.140743] pci 0000:00:01.0: bridge window [io  size 0x1000]: can't =
assign; no space
   [    0.140745] pci 0000:00:01.0: bridge window [io  size 0x1000]: failed=
 to assign
   [    0.140747] pci 0000:00:01.0: bridge window [io  size 0x1000]: can't =
assign; no space
   [    0.140749] pci 0000:00:01.0: bridge window [io  size 0x1000]: failed=
 to assign
   [    0.140750] pci 0000:00:01.0: bridge window [io  size 0x1000]: ignori=
ng failure in optional allocation
   [    0.140753] pci 0000:00:01.0: PCI bridge to [bus 01]
   [    0.140755] pci 0000:00:01.0:   bridge window [mem 0x70000000-0x701ff=
fff]
   [    0.140758] pci 0000:00:01.0:   bridge window [mem 0x3c0000000000-0x3=
c00001fffff 64bit pref]
   [    0.140761] pci_bus 0000:00: Some PCI device resources are unassigned=
, try booting with pci=3Drealloc
   [    0.140762] pci_bus 0000:00: resource 4 [mem 0x70000000-0x7fffffff wi=
ndow]
   [    0.140764] pci_bus 0000:00: resource 5 [mem 0x3c0000000000-0x3fffdff=
fffff window]
   [    0.140766] pci_bus 0000:01: resource 0 [io  size 0x1000]
   [    0.140768] pci_bus 0000:01: resource 1 [mem 0x70000000-0x701fffff]
   [    0.140769] pci_bus 0000:01: resource 2 [mem 0x3c0000000000-0x3c00001=
fffff 64bit pref]
   [    0.140815] ACPI: PCI Root Bridge [PCI4] (domain 0002 [bus 00-ff])
   [    0.140822] acpi PNP0A08:04: _OSC: OS supports [ExtendedConfig Segmen=
ts MSI HPX-Type3]
   [    0.140824] acpi PNP0A08:04: _OSC: not requesting OS control; OS requ=
ires [ExtendedConfig ASPM ClockPM MSI]
   [    0.140880] acpi PNP0A08:04: FADT indicates ASPM is unsupported, usin=
g BIOS configuration
   [    0.140883] acpi PNP0A08:04: MCFG quirk: ECAM at [mem 0x23fff0000000-=
0x23ffffffffff] for [bus 00-ff] with 0xffffa00133583ec8
   [    0.141920] acpi PNP0A08:04: ECAM area [mem 0x23fff0000000-0x23ffffff=
ffff] reserved by PNP0C02:00
   [    0.141932] acpi PNP0A08:04: ECAM at [mem 0x23fff0000000-0x23ffffffff=
ff] for [bus 00-ff]
   [    0.142037] PCI host bridge to bus 0002:00
   [    0.142058] pci_bus 0002:00: root bus resource [mem 0x08000000-0x0fff=
ffff window]
   [    0.142060] pci_bus 0002:00: root bus resource [mem 0x200000000000-0x=
23ffdfffffff window]
   [    0.142062] pci_bus 0002:00: root bus resource [bus 00-ff]
   [    0.142065] pci_bus 0002:00: scanning bus
   [    0.142070] pci 0002:00:00.0: [1def:e110] type 00 class 0x060000 conv=
entional PCI endpoint
   [    0.142149] pci 0002:00:01.0: [1def:e111] type 01 class 0x060400 PCIe=
 Root Port
   [    0.142160] pci 0002:00:01.0: PCI bridge to [bus 01]
   [    0.142200] pci 0002:00:01.0: supports D1 D2
   [    0.142201] pci 0002:00:01.0: PME# supported from D0 D1 D3hot
   [    0.142204] pci 0002:00:01.0: PME# disabled
   [    0.142311] pci 0002:00:05.0: [1def:e115] type 01 class 0x060400 PCIe=
 Root Port
   [    0.142323] pci 0002:00:05.0: PCI bridge to [bus 02]
   [    0.142362] pci 0002:00:05.0: supports D1 D2
   [    0.142363] pci 0002:00:05.0: PME# supported from D0 D1 D3hot
   [    0.142365] pci 0002:00:05.0: PME# disabled
   [    0.142470] pci_bus 0002:00: fixups for bus
   [    0.142472] pci 0002:00:01.0: scanning [bus 01-01] behind bridge, pas=
s 0
   [    0.142503] pci_bus 0002:01: dev 00, created physical slot 1
   [    0.142511] acpiphp_glue: found ACPI PCI Hotplug slot 1 at PCI 0002:0=
1:00
   [    0.142518] acpiphp: Slot [1] registered
   [    0.144568] pci_bus 0002:01: scanning bus
   [    0.146637] pci_bus 0002:01: fixups for bus
   [    0.146638] pci_bus 0002:01: bus scan returning with max=3D01
   [    0.146651] pci 0002:00:05.0: scanning [bus 02-02] behind bridge, pas=
s 0
   [    0.146679] pci_bus 0002:02: dev 00, created physical slot 3
   [    0.146686] acpiphp_glue: found ACPI PCI Hotplug slot 3 at PCI 0002:0=
2:00
   [    0.146691] acpiphp: Slot [3] registered
   [    0.148741] pci_bus 0002:02: scanning bus
   [    0.150808] pci_bus 0002:02: fixups for bus
   [    0.150809] pci_bus 0002:02: bus scan returning with max=3D02
   [    0.150823] pci 0002:00:01.0: scanning [bus 01-01] behind bridge, pas=
s 1
   [    0.150826] pci 0002:00:05.0: scanning [bus 02-02] behind bridge, pas=
s 1
   [    0.150830] pci_bus 0002:00: bus scan returning with max=3D02
   [    0.150831] pci_bus 0002:00: on NUMA node 0
   [    0.150833] pci 0002:00:01.0: bridge window [io  0x1000-0x0fff] to [b=
us 01] add_size 1000
   [    0.150836] pci 0002:00:01.0: bridge window [mem 0x00100000-0x000ffff=
f 64bit pref] to [bus 01] add_size 200000 add_align 100000
   [    0.150839] pci 0002:00:01.0: bridge window [mem 0x00100000-0x000ffff=
f] to [bus 01] add_size 200000 add_align 100000
   [    0.150842] pci 0002:00:05.0: bridge window [io  0x1000-0x0fff] to [b=
us 02] add_size 1000
   [    0.150844] pci 0002:00:05.0: bridge window [mem 0x00100000-0x000ffff=
f 64bit pref] to [bus 02] add_size 200000 add_align 100000
   [    0.150846] pci 0002:00:05.0: bridge window [mem 0x00100000-0x000ffff=
f] to [bus 02] add_size 200000 add_align 100000
   [    0.150853] pci 0002:00:01.0: bridge window [mem 0x08000000-0x081ffff=
f]: assigned
   [    0.150856] pci 0002:00:01.0: bridge window [mem 0x200000000000-0x200=
0001fffff 64bit pref]: assigned
   [    0.150858] pci 0002:00:05.0: bridge window [mem 0x08200000-0x083ffff=
f]: assigned
   [    0.150860] pci 0002:00:05.0: bridge window [mem 0x200000200000-0x200=
0003fffff 64bit pref]: assigned
   [    0.150862] pci 0002:00:01.0: bridge window [io  size 0x1000]: can't =
assign; no space
   [    0.150863] pci 0002:00:01.0: bridge window [io  size 0x1000]: failed=
 to assign
   [    0.150865] pci 0002:00:05.0: bridge window [io  size 0x1000]: can't =
assign; no space
   [    0.150867] pci 0002:00:05.0: bridge window [io  size 0x1000]: failed=
 to assign
   [    0.150870] pci 0002:00:05.0: bridge window [io  size 0x1000]: can't =
assign; no space
   [    0.150871] pci 0002:00:05.0: bridge window [io  size 0x1000]: failed=
 to assign
   [    0.150873] pci 0002:00:05.0: bridge window [io  size 0x1000]: ignori=
ng failure in optional allocation
   [    0.150875] pci 0002:00:01.0: bridge window [io  size 0x1000]: can't =
assign; no space
   [    0.150876] pci 0002:00:01.0: bridge window [io  size 0x1000]: failed=
 to assign
   [    0.150878] pci 0002:00:01.0: bridge window [io  size 0x1000]: ignori=
ng failure in optional allocation
   [    0.150880] pci 0002:00:01.0: PCI bridge to [bus 01]
   [    0.150883] pci 0002:00:01.0:   bridge window [mem 0x08000000-0x081ff=
fff]
   [    0.150885] pci 0002:00:01.0:   bridge window [mem 0x200000000000-0x2=
000001fffff 64bit pref]
   [    0.150889] pci 0002:00:05.0: PCI bridge to [bus 02]
   [    0.150891] pci 0002:00:05.0:   bridge window [mem 0x08200000-0x083ff=
fff]
   [    0.150893] pci 0002:00:05.0:   bridge window [mem 0x200000200000-0x2=
000003fffff 64bit pref]
   [    0.150896] pci_bus 0002:00: Some PCI device resources are unassigned=
, try booting with pci=3Drealloc
   [    0.150898] pci_bus 0002:00: resource 4 [mem 0x08000000-0x0fffffff wi=
ndow]
   [    0.150900] pci_bus 0002:00: resource 5 [mem 0x200000000000-0x23ffdff=
fffff window]
   [    0.150902] pci_bus 0002:01: resource 0 [io  size 0x1000]
   [    0.150903] pci_bus 0002:01: resource 1 [mem 0x08000000-0x081fffff]
   [    0.150905] pci_bus 0002:01: resource 2 [mem 0x200000000000-0x2000001=
fffff 64bit pref]
   [    0.150907] pci_bus 0002:02: resource 0 [io  size 0x1000]
   [    0.150908] pci_bus 0002:02: resource 1 [mem 0x08200000-0x083fffff]
   [    0.150910] pci_bus 0002:02: resource 2 [mem 0x200000200000-0x2000003=
fffff 64bit pref]
   [    0.151044] ACPI: PCI Root Bridge [PCI6] (domain 0004 [bus 00-ff])
   [    0.151052] acpi PNP0A08:06: _OSC: OS supports [ExtendedConfig Segmen=
ts MSI HPX-Type3]
   [    0.151054] acpi PNP0A08:06: _OSC: not requesting OS control; OS requ=
ires [ExtendedConfig ASPM ClockPM MSI]
   [    0.151108] acpi PNP0A08:06: FADT indicates ASPM is unsupported, usin=
g BIOS configuration
   [    0.151111] acpi PNP0A08:06: MCFG quirk: ECAM at [mem 0x2bfff0000000-=
0x2bffffffffff] for [bus 00-ff] with 0xffffa00133583ec8
   [    0.152152] acpi PNP0A08:06: ECAM area [mem 0x2bfff0000000-0x2bffffff=
ffff] reserved by PNP0C02:00
   [    0.152165] acpi PNP0A08:06: ECAM at [mem 0x2bfff0000000-0x2bffffffff=
ff] for [bus 00-ff]
   [    0.152240] PCI host bridge to bus 0004:00
   [    0.152261] pci_bus 0004:00: root bus resource [mem 0x20000000-0x2fff=
ffff window]
   [    0.152263] pci_bus 0004:00: root bus resource [mem 0x280000000000-0x=
2bffdfffffff window]
   [    0.152265] pci_bus 0004:00: root bus resource [bus 00-ff]
   [    0.152267] pci_bus 0004:00: scanning bus
   [    0.152272] pci 0004:00:00.0: [1def:e110] type 00 class 0x060000 conv=
entional PCI endpoint
   [    0.152348] pci 0004:00:01.0: [1def:e111] type 01 class 0x060400 PCIe=
 Root Port
   [    0.152357] pci 0004:00:01.0: PCI bridge to [bus 01-02]
   [    0.152359] pci 0004:00:01.0:   bridge window [io  0xf000-0xffff]
   [    0.152361] pci 0004:00:01.0:   bridge window [mem 0x20000000-0x210ff=
fff]
   [    0.152390] pci 0004:00:01.0: supports D1 D2
   [    0.152391] pci 0004:00:01.0: PME# supported from D0 D1 D3hot
   [    0.152393] pci 0004:00:01.0: PME# disabled
   [    0.152465] pci 0004:00:03.0: [1def:e113] type 01 class 0x060400 PCIe=
 Root Port
   [    0.152474] pci 0004:00:03.0: PCI bridge to [bus 03]
   [    0.152477] pci 0004:00:03.0:   bridge window [mem 0x21200000-0x212ff=
fff]
   [    0.152505] pci 0004:00:03.0: supports D1 D2
   [    0.152506] pci 0004:00:03.0: PME# supported from D0 D1 D3hot
   [    0.152508] pci 0004:00:03.0: PME# disabled
   [    0.152580] pci 0004:00:05.0: [1def:e115] type 01 class 0x060400 PCIe=
 Root Port
   [    0.152591] pci 0004:00:05.0: PCI bridge to [bus 04]
   [    0.152594] pci 0004:00:05.0:   bridge window [io  0xe000-0xefff]
   [    0.152596] pci 0004:00:05.0:   bridge window [mem 0x21100000-0x211ff=
fff]
   [    0.152632] pci 0004:00:05.0: supports D1 D2
   [    0.152633] pci 0004:00:05.0: PME# supported from D0 D1 D3hot
   [    0.152636] pci 0004:00:05.0: PME# disabled
   [    0.152716] pci 0004:00:07.0: [1def:e117] type 01 class 0x060400 PCIe=
 Root Port
   [    0.152727] pci 0004:00:07.0: PCI bridge to [bus 05]
   [    0.152765] pci 0004:00:07.0: supports D1 D2
   [    0.152766] pci 0004:00:07.0: PME# supported from D0 D1 D3hot
   [    0.152768] pci 0004:00:07.0: PME# disabled
   [    0.152848] pci_bus 0004:00: fixups for bus
   [    0.152849] pci 0004:00:01.0: scanning [bus 01-02] behind bridge, pas=
s 0
   [    0.152867] pci_bus 0004:01: scanning bus
   [    0.152888] pci 0004:01:00.0: [1a03:1150] type 01 class 0x060400 PCIe=
 to PCI/PCI-X bridge
   [    0.152917] pci 0004:01:00.0: PCI bridge to [bus 02]
   [    0.152924] pci 0004:01:00.0:   bridge window [io  0x2ffff000-0x2ffff=
fff]
   [    0.152928] pci 0004:01:00.0:   bridge window [mem 0x20000000-0x210ff=
fff]
   [    0.152952] pci 0004:01:00.0: enabling Extended Tags
   [    0.153014] pci 0004:01:00.0: supports D1 D2
   [    0.153015] pci 0004:01:00.0: PME# supported from D0 D1 D2 D3hot D3co=
ld
   [    0.153019] pci 0004:01:00.0: PME# disabled
   [    0.153111] pci_bus 0004:01: fixups for bus
   [    0.153113] pci 0004:01:00.0: scanning [bus 02-02] behind bridge, pas=
s 0
   [    0.153148] pci_bus 0004:02: extended config space not accessible
   [    0.153160] pci_bus 0004:02: scanning bus
   [    0.153172] pci 0004:02:00.0: [1a03:2000] type 00 class 0x030000 conv=
entional PCI endpoint
   [    0.153227] pci 0004:02:00.0: BAR 0 [mem 0x20000000-0x20ffffff]
   [    0.153230] pci 0004:02:00.0: BAR 1 [mem 0x21000000-0x2101ffff]
   [    0.153234] pci 0004:02:00.0: BAR 2 [io  0x2ffff000-0x2ffff07f]
   [    0.153282] pci 0004:02:00.0: supports D1 D2
   [    0.153283] pci 0004:02:00.0: PME# supported from D0 D1 D2 D3hot D3co=
ld
   [    0.153288] pci 0004:02:00.0: PME# disabled
   [    0.153389] pci_bus 0004:02: fixups for bus
   [    0.153390] pci_bus 0004:02: bus scan returning with max=3D02
   [    0.153395] pci 0004:01:00.0: scanning [bus 02-02] behind bridge, pas=
s 1
   [    0.153402] pci_bus 0004:01: bus scan returning with max=3D02
   [    0.153404] pci 0004:00:03.0: scanning [bus 03-03] behind bridge, pas=
s 0
   [    0.153423] pci_bus 0004:03: scanning bus
   [    0.153447] pci 0004:03:00.0: [1912:0014] type 00 class 0x0c0330 PCIe=
 Endpoint
   [    0.153495] pci 0004:03:00.0: BAR 0 [mem 0x21200000-0x21201fff 64bit]
   [    0.153572] pci 0004:03:00.0: PME# supported from D0 D3hot D3cold
   [    0.153576] pci 0004:03:00.0: PME# disabled
   [    0.153670] pci_bus 0004:03: fixups for bus
   [    0.153672] pci_bus 0004:03: bus scan returning with max=3D03
   [    0.153674] pci 0004:00:05.0: scanning [bus 04-04] behind bridge, pas=
s 0
   [    0.153693] pci_bus 0004:04: scanning bus
   [    0.153740] pci 0004:04:00.0: working around ROM BAR overlap defect
   [    0.153742] pci 0004:04:00.0: [8086:1533] type 00 class 0x020000 PCIe=
 Endpoint
   [    0.153826] pci 0004:04:00.0: BAR 0 [mem 0x21100000-0x2117ffff]
   [    0.153833] pci 0004:04:00.0: BAR 2 [io  0x2fffe000-0x2fffe01f]
   [    0.153837] pci 0004:04:00.0: BAR 3 [mem 0x21180000-0x21183fff]
   [    0.153977] pci 0004:04:00.0: PME# supported from D0 D3hot D3cold
   [    0.153983] pci 0004:04:00.0: PME# disabled
   [    0.154145] pci_bus 0004:04: fixups for bus
   [    0.154146] pci_bus 0004:04: bus scan returning with max=3D04
   [    0.154149] pci 0004:00:07.0: scanning [bus 05-05] behind bridge, pas=
s 0
   [    0.154173] pci_bus 0004:05: scanning bus
   [    0.156227] pci_bus 0004:05: fixups for bus
   [    0.156228] pci_bus 0004:05: bus scan returning with max=3D05
   [    0.156240] pci 0004:00:01.0: scanning [bus 01-02] behind bridge, pas=
s 1
   [    0.156243] pci 0004:00:03.0: scanning [bus 03-03] behind bridge, pas=
s 1
   [    0.156246] pci 0004:00:05.0: scanning [bus 04-04] behind bridge, pas=
s 1
   [    0.156250] pci 0004:00:07.0: scanning [bus 05-05] behind bridge, pas=
s 1
   [    0.156253] pci_bus 0004:00: bus scan returning with max=3D05
   [    0.156254] pci_bus 0004:00: on NUMA node 0
   [    0.156259] pci 0004:00:01.0: bridge window [mem 0x00100000-0x000ffff=
f 64bit pref] to [bus 01-02] add_size 200000 add_align 100000
   [    0.156262] pci 0004:00:03.0: bridge window [io  0x1000-0x0fff] to [b=
us 03] add_size 1000
   [    0.156265] pci 0004:00:03.0: bridge window [mem 0x00100000-0x000ffff=
f 64bit pref] to [bus 03] add_size 200000 add_align 100000
   [    0.156268] pci 0004:00:03.0: bridge window [mem 0x00100000-0x001ffff=
f] to [bus 03] add_size 100000 add_align 100000
   [    0.156271] pci 0004:00:05.0: bridge window [io  0x1000-0x1fff] to [b=
us 04] add_size 1000
   [    0.156273] pci 0004:00:05.0: bridge window [mem 0x00100000-0x000ffff=
f 64bit pref] to [bus 04] add_size 200000 add_align 100000
   [    0.156276] pci 0004:00:05.0: bridge window [mem 0x00100000-0x001ffff=
f] to [bus 04] add_size 100000 add_align 100000
   [    0.156278] pci 0004:00:07.0: bridge window [io  0x1000-0x0fff] to [b=
us 05] add_size 1000
   [    0.156280] pci 0004:00:07.0: bridge window [mem 0x00100000-0x000ffff=
f 64bit pref] to [bus 05] add_size 200000 add_align 100000
   [    0.156283] pci 0004:00:07.0: bridge window [mem 0x00100000-0x000ffff=
f] to [bus 05] add_size 200000 add_align 100000
   [    0.156290] pci 0004:00:01.0: bridge window [mem 0x20000000-0x217ffff=
f]: assigned
   [    0.156292] pci 0004:00:01.0: bridge window [mem 0x280000000000-0x280=
0001fffff 64bit pref]: assigned
   [    0.156294] pci 0004:00:03.0: bridge window [mem 0x21800000-0x219ffff=
f]: assigned
   [    0.156296] pci 0004:00:03.0: bridge window [mem 0x280000200000-0x280=
0003fffff 64bit pref]: assigned
   [    0.156299] pci 0004:00:05.0: bridge window [mem 0x21a00000-0x21bffff=
f]: assigned
   [    0.156301] pci 0004:00:05.0: bridge window [mem 0x280000400000-0x280=
0005fffff 64bit pref]: assigned
   [    0.156303] pci 0004:00:07.0: bridge window [mem 0x21c00000-0x21dffff=
f]: assigned
   [    0.156305] pci 0004:00:07.0: bridge window [mem 0x280000600000-0x280=
0007fffff 64bit pref]: assigned
   [    0.156307] pci 0004:00:01.0: bridge window [io  size 0x1000]: can't =
assign; no space
   [    0.156309] pci 0004:00:01.0: bridge window [io  size 0x1000]: failed=
 to assign
   [    0.156310] pci 0004:00:03.0: bridge window [io  size 0x1000]: can't =
assign; no space
   [    0.156312] pci 0004:00:03.0: bridge window [io  size 0x1000]: failed=
 to assign
   [    0.156314] pci 0004:00:05.0: bridge window [io  size 0x2000]: can't =
assign; no space
   [    0.156315] pci 0004:00:05.0: bridge window [io  size 0x2000]: failed=
 to assign
   [    0.156317] pci 0004:00:07.0: bridge window [io  size 0x1000]: can't =
assign; no space
   [    0.156318] pci 0004:00:07.0: bridge window [io  size 0x1000]: failed=
 to assign
   [    0.156324] pci 0004:00:01.0: bridge window [io  size 0x1000]: can't =
assign; no space
   [    0.156326] pci 0004:00:01.0: bridge window [io  size 0x1000]: failed=
 to assign
   [    0.156327] pci 0004:00:05.0: bridge window [io  size 0x1000]: can't =
assign; no space
   [    0.156329] pci 0004:00:05.0: bridge window [io  size 0x1000]: failed=
 to assign
   [    0.156331] pci 0004:00:07.0: bridge window [io  size 0x1000]: can't =
assign; no space
   [    0.156332] pci 0004:00:07.0: bridge window [io  size 0x1000]: failed=
 to assign
   [    0.156334] pci 0004:00:07.0: bridge window [io  size 0x1000]: ignori=
ng failure in optional allocation
   [    0.156336] pci 0004:00:03.0: bridge window [io  size 0x1000]: can't =
assign; no space
   [    0.156337] pci 0004:00:03.0: bridge window [io  size 0x1000]: failed=
 to assign
   [    0.156339] pci 0004:00:03.0: bridge window [io  size 0x1000]: ignori=
ng failure in optional allocation
   [    0.156342] pci 0004:01:00.0: bridge window [mem 0x20000000-0x217ffff=
f]: assigned
   [    0.156344] pci 0004:01:00.0: bridge window [io  size 0x1000]: can't =
assign; no space
   [    0.156345] pci 0004:01:00.0: bridge window [io  size 0x1000]: failed=
 to assign
   [    0.156347] pci 0004:01:00.0: bridge window [io  size 0x1000]: can't =
assign; no space
   [    0.156348] pci 0004:01:00.0: bridge window [io  size 0x1000]: failed=
 to assign
   [    0.156351] pci 0004:02:00.0: BAR 0 [mem 0x20000000-0x20ffffff]: assi=
gned
   [    0.156356] pci 0004:02:00.0: BAR 1 [mem 0x21000000-0x2101ffff]: assi=
gned
   [    0.156360] pci 0004:02:00.0: BAR 2 [io  size 0x0080]: can't assign; =
no space
   [    0.156362] pci 0004:02:00.0: BAR 2 [io  size 0x0080]: failed to assi=
gn
   [    0.156364] pci 0004:02:00.0: BAR 2 [io  size 0x0080]: can't assign; =
no space
   [    0.156365] pci 0004:02:00.0: BAR 2 [io  size 0x0080]: failed to assi=
gn
   [    0.156367] pci 0004:01:00.0: PCI bridge to [bus 02]
   [    0.156371] pci 0004:01:00.0:   bridge window [mem 0x20000000-0x217ff=
fff]
   [    0.156378] pci 0004:00:01.0: PCI bridge to [bus 01-02]
   [    0.156381] pci 0004:00:01.0:   bridge window [mem 0x20000000-0x217ff=
fff]
   [    0.156383] pci 0004:00:01.0:   bridge window [mem 0x280000000000-0x2=
800001fffff 64bit pref]
   [    0.156386] pci 0004:03:00.0: BAR 0 [mem 0x21800000-0x21801fff 64bit]=
: assigned
   [    0.156396] pci 0004:00:03.0: PCI bridge to [bus 03]
   [    0.156399] pci 0004:00:03.0:   bridge window [mem 0x21800000-0x219ff=
fff]
   [    0.156401] pci 0004:00:03.0:   bridge window [mem 0x280000200000-0x2=
800003fffff 64bit pref]
   [    0.156404] pci 0004:04:00.0: BAR 0 [mem 0x21a00000-0x21a7ffff]: assi=
gned
   [    0.156410] pci 0004:04:00.0: BAR 3 [mem 0x21a80000-0x21a83fff]: assi=
gned
   [    0.156417] pci 0004:04:00.0: BAR 2 [io  size 0x0020]: can't assign; =
no space
   [    0.156418] pci 0004:04:00.0: BAR 2 [io  size 0x0020]: failed to assi=
gn
   [    0.156420] pci 0004:04:00.0: BAR 2 [io  size 0x0020]: can't assign; =
no space
   [    0.156422] pci 0004:04:00.0: BAR 2 [io  size 0x0020]: failed to assi=
gn
   [    0.156423] pci 0004:00:05.0: PCI bridge to [bus 04]
   [    0.156426] pci 0004:00:05.0:   bridge window [mem 0x21a00000-0x21bff=
fff]
   [    0.156428] pci 0004:00:05.0:   bridge window [mem 0x280000400000-0x2=
800005fffff 64bit pref]
   [    0.156431] pci 0004:00:07.0: PCI bridge to [bus 05]
   [    0.156433] pci 0004:00:07.0:   bridge window [mem 0x21c00000-0x21dff=
fff]
   [    0.156435] pci 0004:00:07.0:   bridge window [mem 0x280000600000-0x2=
800007fffff 64bit pref]
   [    0.156438] pci_bus 0004:00: Some PCI device resources are unassigned=
, try booting with pci=3Drealloc
   [    0.156440] pci_bus 0004:00: resource 4 [mem 0x20000000-0x2fffffff wi=
ndow]
   [    0.156442] pci_bus 0004:00: resource 5 [mem 0x280000000000-0x2bffdff=
fffff window]
   [    0.156444] pci_bus 0004:01: resource 0 [io  size 0x1000]
   [    0.156445] pci_bus 0004:01: resource 1 [mem 0x20000000-0x217fffff]
   [    0.156447] pci_bus 0004:01: resource 2 [mem 0x280000000000-0x2800001=
fffff 64bit pref]
   [    0.156449] pci_bus 0004:02: resource 0 [io  size 0x1000]
   [    0.156450] pci_bus 0004:02: resource 1 [mem 0x20000000-0x217fffff]
   [    0.156452] pci_bus 0004:03: resource 0 [io  size 0x1000]
   [    0.156453] pci_bus 0004:03: resource 1 [mem 0x21800000-0x219fffff]
   [    0.156455] pci_bus 0004:03: resource 2 [mem 0x280000200000-0x2800003=
fffff 64bit pref]
   [    0.156457] pci_bus 0004:04: resource 0 [io  size 0x1000]
   [    0.156458] pci_bus 0004:04: resource 1 [mem 0x21a00000-0x21bfffff]
   [    0.156460] pci_bus 0004:04: resource 2 [mem 0x280000400000-0x2800005=
fffff 64bit pref]
   [    0.156462] pci_bus 0004:05: resource 0 [io  size 0x1000]
   [    0.156463] pci_bus 0004:05: resource 1 [mem 0x21c00000-0x21dfffff]
   [    0.156465] pci_bus 0004:05: resource 2 [mem 0x280000600000-0x2800007=
fffff 64bit pref]
   [    0.156531] ACPI: PCI Root Bridge [PCI7] (domain 0005 [bus 00-ff])
   [    0.156539] acpi PNP0A08:07: _OSC: OS supports [ExtendedConfig Segmen=
ts MSI HPX-Type3]
   [    0.156542] acpi PNP0A08:07: _OSC: not requesting OS control; OS requ=
ires [ExtendedConfig ASPM ClockPM MSI]
   [    0.156599] acpi PNP0A08:07: FADT indicates ASPM is unsupported, usin=
g BIOS configuration
   [    0.156602] acpi PNP0A08:07: MCFG quirk: ECAM at [mem 0x2ffff0000000-=
0x2fffffffffff] for [bus 00-ff] with 0xffffa00133583ec8
   [    0.157651] acpi PNP0A08:07: ECAM area [mem 0x2ffff0000000-0x2fffffff=
ffff] reserved by PNP0C02:00
   [    0.157663] acpi PNP0A08:07: ECAM at [mem 0x2ffff0000000-0x2fffffffff=
ff] for [bus 00-ff]
   [    0.157741] PCI host bridge to bus 0005:00
   [    0.157761] pci_bus 0005:00: root bus resource [mem 0x30000000-0x3fff=
ffff window]
   [    0.157764] pci_bus 0005:00: root bus resource [mem 0x2c0000000000-0x=
2fffdfffffff window]
   [    0.157766] pci_bus 0005:00: root bus resource [bus 00-ff]
   [    0.157768] pci_bus 0005:00: scanning bus
   [    0.157773] pci 0005:00:00.0: [1def:e110] type 00 class 0x060000 conv=
entional PCI endpoint
   [    0.157852] pci 0005:00:01.0: [1def:e111] type 01 class 0x060400 PCIe=
 Root Port
   [    0.157862] pci 0005:00:01.0: PCI bridge to [bus 01]
   [    0.157900] pci 0005:00:01.0: supports D1 D2
   [    0.157902] pci 0005:00:01.0: PME# supported from D0 D1 D3hot
   [    0.157905] pci 0005:00:01.0: PME# disabled
   [    0.157990] pci 0005:00:03.0: [1def:e113] type 01 class 0x060400 PCIe=
 Root Port
   [    0.158001] pci 0005:00:03.0: PCI bridge to [bus 02]
   [    0.158039] pci 0005:00:03.0: supports D1 D2
   [    0.158040] pci 0005:00:03.0: PME# supported from D0 D1 D3hot
   [    0.158042] pci 0005:00:03.0: PME# disabled
   [    0.158119] pci 0005:00:05.0: [1def:e115] type 01 class 0x060400 PCIe=
 Root Port
   [    0.158127] pci 0005:00:05.0: PCI bridge to [bus 03]
   [    0.158129] pci 0005:00:05.0:   bridge window [mem 0x30100000-0x301ff=
fff]
   [    0.158154] pci 0005:00:05.0: supports D1 D2
   [    0.158155] pci 0005:00:05.0: PME# supported from D0 D1 D3hot
   [    0.158157] pci 0005:00:05.0: PME# disabled
   [    0.158224] pci 0005:00:07.0: [1def:e117] type 01 class 0x060400 PCIe=
 Root Port
   [    0.158232] pci 0005:00:07.0: PCI bridge to [bus 04]
   [    0.158234] pci 0005:00:07.0:   bridge window [mem 0x30000000-0x300ff=
fff]
   [    0.158258] pci 0005:00:07.0: supports D1 D2
   [    0.158260] pci 0005:00:07.0: PME# supported from D0 D1 D3hot
   [    0.158262] pci 0005:00:07.0: PME# disabled
   [    0.158326] pci_bus 0005:00: fixups for bus
   [    0.158328] pci 0005:00:01.0: scanning [bus 01-01] behind bridge, pas=
s 0
   [    0.158349] pci_bus 0005:01: scanning bus
   [    0.160403] pci_bus 0005:01: fixups for bus
   [    0.160405] pci_bus 0005:01: bus scan returning with max=3D01
   [    0.160417] pci 0005:00:03.0: scanning [bus 02-02] behind bridge, pas=
s 0
   [    0.160436] pci_bus 0005:02: scanning bus
   [    0.162486] pci_bus 0005:02: fixups for bus
   [    0.162487] pci_bus 0005:02: bus scan returning with max=3D02
   [    0.162503] pci 0005:00:05.0: scanning [bus 03-03] behind bridge, pas=
s 0
   [    0.162521] pci_bus 0005:03: scanning bus
   [    0.162540] pci 0005:03:00.0: [126f:2263] type 00 class 0x010802 PCIe=
 Endpoint
   [    0.162582] pci 0005:03:00.0: BAR 0 [mem 0x30100000-0x30103fff 64bit]
   [    0.162760] pci_bus 0005:03: fixups for bus
   [    0.162761] pci_bus 0005:03: bus scan returning with max=3D03
   [    0.162763] pci 0005:00:07.0: scanning [bus 04-04] behind bridge, pas=
s 0
   [    0.162780] pci_bus 0005:04: scanning bus
   [    0.162795] pci 0005:04:00.0: [15b7:5017] type 00 class 0x010802 PCIe=
 Endpoint
   [    0.162826] pci 0005:04:00.0: BAR 0 [mem 0x30000000-0x30003fff 64bit]
   [    0.162950] pci 0005:04:00.0: 31.504 Gb/s available PCIe bandwidth, l=
imited by 8.0 GT/s PCIe x4 link at 0005:00:07.0 (capable of 63.012 Gb/s wit=
h 16.0 GT/s PCIe x4 link)
   [    0.163001] pci_bus 0005:04: fixups for bus
   [    0.163002] pci_bus 0005:04: bus scan returning with max=3D04
   [    0.163005] pci 0005:00:01.0: scanning [bus 01-01] behind bridge, pas=
s 1
   [    0.163008] pci 0005:00:03.0: scanning [bus 02-02] behind bridge, pas=
s 1
   [    0.163011] pci 0005:00:05.0: scanning [bus 03-03] behind bridge, pas=
s 1
   [    0.163014] pci 0005:00:07.0: scanning [bus 04-04] behind bridge, pas=
s 1
   [    0.163016] pci_bus 0005:00: bus scan returning with max=3D04
   [    0.163018] pci_bus 0005:00: on NUMA node 0
   [    0.163020] pci 0005:00:01.0: bridge window [io  0x1000-0x0fff] to [b=
us 01] add_size 1000
   [    0.163023] pci 0005:00:01.0: bridge window [mem 0x00100000-0x000ffff=
f 64bit pref] to [bus 01] add_size 200000 add_align 100000
   [    0.163026] pci 0005:00:01.0: bridge window [mem 0x00100000-0x000ffff=
f] to [bus 01] add_size 200000 add_align 100000
   [    0.163029] pci 0005:00:03.0: bridge window [io  0x1000-0x0fff] to [b=
us 02] add_size 1000
   [    0.163031] pci 0005:00:03.0: bridge window [mem 0x00100000-0x000ffff=
f 64bit pref] to [bus 02] add_size 200000 add_align 100000
   [    0.163034] pci 0005:00:03.0: bridge window [mem 0x00100000-0x000ffff=
f] to [bus 02] add_size 200000 add_align 100000
   [    0.163036] pci 0005:00:05.0: bridge window [io  0x1000-0x0fff] to [b=
us 03] add_size 1000
   [    0.163038] pci 0005:00:05.0: bridge window [mem 0x00100000-0x000ffff=
f 64bit pref] to [bus 03] add_size 200000 add_align 100000
   [    0.163041] pci 0005:00:05.0: bridge window [mem 0x00100000-0x001ffff=
f] to [bus 03] add_size 100000 add_align 100000
   [    0.163043] pci 0005:00:07.0: bridge window [io  0x1000-0x0fff] to [b=
us 04] add_size 1000
   [    0.163046] pci 0005:00:07.0: bridge window [mem 0x00100000-0x000ffff=
f 64bit pref] to [bus 04] add_size 200000 add_align 100000
   [    0.163048] pci 0005:00:07.0: bridge window [mem 0x00100000-0x001ffff=
f] to [bus 04] add_size 100000 add_align 100000
   [    0.163055] pci 0005:00:01.0: bridge window [mem 0x30000000-0x301ffff=
f]: assigned
   [    0.163058] pci 0005:00:01.0: bridge window [mem 0x2c0000000000-0x2c0=
0001fffff 64bit pref]: assigned
   [    0.163060] pci 0005:00:03.0: bridge window [mem 0x30200000-0x303ffff=
f]: assigned
   [    0.163062] pci 0005:00:03.0: bridge window [mem 0x2c0000200000-0x2c0=
0003fffff 64bit pref]: assigned
   [    0.163064] pci 0005:00:05.0: bridge window [mem 0x30400000-0x305ffff=
f]: assigned
   [    0.163066] pci 0005:00:05.0: bridge window [mem 0x2c0000400000-0x2c0=
0005fffff 64bit pref]: assigned
   [    0.163069] pci 0005:00:07.0: bridge window [mem 0x30600000-0x307ffff=
f]: assigned
   [    0.163071] pci 0005:00:07.0: bridge window [mem 0x2c0000600000-0x2c0=
0007fffff 64bit pref]: assigned
   [    0.163072] pci 0005:00:01.0: bridge window [io  size 0x1000]: can't =
assign; no space
   [    0.163074] pci 0005:00:01.0: bridge window [io  size 0x1000]: failed=
 to assign
   [    0.163076] pci 0005:00:03.0: bridge window [io  size 0x1000]: can't =
assign; no space
   [    0.163078] pci 0005:00:03.0: bridge window [io  size 0x1000]: failed=
 to assign
   [    0.163079] pci 0005:00:05.0: bridge window [io  size 0x1000]: can't =
assign; no space
   [    0.163081] pci 0005:00:05.0: bridge window [io  size 0x1000]: failed=
 to assign
   [    0.163083] pci 0005:00:07.0: bridge window [io  size 0x1000]: can't =
assign; no space
   [    0.163084] pci 0005:00:07.0: bridge window [io  size 0x1000]: failed=
 to assign
   [    0.163089] pci 0005:00:07.0: bridge window [io  size 0x1000]: can't =
assign; no space
   [    0.163090] pci 0005:00:07.0: bridge window [io  size 0x1000]: failed=
 to assign
   [    0.163092] pci 0005:00:07.0: bridge window [io  size 0x1000]: ignori=
ng failure in optional allocation
   [    0.163093] pci 0005:00:05.0: bridge window [io  size 0x1000]: can't =
assign; no space
   [    0.163095] pci 0005:00:05.0: bridge window [io  size 0x1000]: failed=
 to assign
   [    0.163096] pci 0005:00:05.0: bridge window [io  size 0x1000]: ignori=
ng failure in optional allocation
   [    0.163098] pci 0005:00:03.0: bridge window [io  size 0x1000]: can't =
assign; no space
   [    0.163100] pci 0005:00:03.0: bridge window [io  size 0x1000]: failed=
 to assign
   [    0.163101] pci 0005:00:03.0: bridge window [io  size 0x1000]: ignori=
ng failure in optional allocation
   [    0.163103] pci 0005:00:01.0: bridge window [io  size 0x1000]: can't =
assign; no space
   [    0.163105] pci 0005:00:01.0: bridge window [io  size 0x1000]: failed=
 to assign
   [    0.163106] pci 0005:00:01.0: bridge window [io  size 0x1000]: ignori=
ng failure in optional allocation
   [    0.163109] pci 0005:00:01.0: PCI bridge to [bus 01]
   [    0.163111] pci 0005:00:01.0:   bridge window [mem 0x30000000-0x301ff=
fff]
   [    0.163113] pci 0005:00:01.0:   bridge window [mem 0x2c0000000000-0x2=
c00001fffff 64bit pref]
   [    0.163117] pci 0005:00:03.0: PCI bridge to [bus 02]
   [    0.163119] pci 0005:00:03.0:   bridge window [mem 0x30200000-0x303ff=
fff]
   [    0.163121] pci 0005:00:03.0:   bridge window [mem 0x2c0000200000-0x2=
c00003fffff 64bit pref]
   [    0.163125] pci 0005:03:00.0: BAR 0 [mem 0x30400000-0x30403fff 64bit]=
: assigned
   [    0.163133] pci 0005:00:05.0: PCI bridge to [bus 03]
   [    0.163135] pci 0005:00:05.0:   bridge window [mem 0x30400000-0x305ff=
fff]
   [    0.163137] pci 0005:00:05.0:   bridge window [mem 0x2c0000400000-0x2=
c00005fffff 64bit pref]
   [    0.163140] pci 0005:04:00.0: BAR 0 [mem 0x30600000-0x30603fff 64bit]=
: assigned
   [    0.163147] pci 0005:00:07.0: PCI bridge to [bus 04]
   [    0.163149] pci 0005:00:07.0:   bridge window [mem 0x30600000-0x307ff=
fff]
   [    0.163151] pci 0005:00:07.0:   bridge window [mem 0x2c0000600000-0x2=
c00007fffff 64bit pref]
   [    0.163153] pci_bus 0005:00: Some PCI device resources are unassigned=
, try booting with pci=3Drealloc
   [    0.163155] pci_bus 0005:00: resource 4 [mem 0x30000000-0x3fffffff wi=
ndow]
   [    0.163157] pci_bus 0005:00: resource 5 [mem 0x2c0000000000-0x2fffdff=
fffff window]
   [    0.163158] pci_bus 0005:01: resource 0 [io  size 0x1000]
   [    0.163160] pci_bus 0005:01: resource 1 [mem 0x30000000-0x301fffff]
   [    0.163161] pci_bus 0005:01: resource 2 [mem 0x2c0000000000-0x2c00001=
fffff 64bit pref]
   [    0.163163] pci_bus 0005:02: resource 0 [io  size 0x1000]
   [    0.163165] pci_bus 0005:02: resource 1 [mem 0x30200000-0x303fffff]
   [    0.163167] pci_bus 0005:02: resource 2 [mem 0x2c0000200000-0x2c00003=
fffff 64bit pref]
   [    0.163168] pci_bus 0005:03: resource 0 [io  size 0x1000]
   [    0.163170] pci_bus 0005:03: resource 1 [mem 0x30400000-0x305fffff]
   [    0.163171] pci_bus 0005:03: resource 2 [mem 0x2c0000400000-0x2c00005=
fffff 64bit pref]
   [    0.163173] pci_bus 0005:04: resource 0 [io  size 0x1000]
   [    0.163175] pci_bus 0005:04: resource 1 [mem 0x30600000-0x307fffff]
   [    0.163177] pci_bus 0005:04: resource 2 [mem 0x2c0000600000-0x2c00007=
fffff 64bit pref]
   [    0.163520] iommu: Default domain type: Translated
   [    0.163522] iommu: DMA domain TLB invalidation policy: strict mode
   [    0.180986] pps_core: LinuxPPS API ver. 1 registered
   [    0.180988] pps_core: Software ver. 5.3.6 - Copyright 2005-2007 Rodol=
fo Giometti <giometti@linux.it>
   [    0.180991] PTP clock support registered
   [    0.181003] EDAC MC: Ver: 3.0.0
   [    0.181155] scmi_core: SCMI protocol bus registered
   [    0.181241] efivars: Registered efivars operations
   [    0.181716] NetLabel: Initializing
   [    0.181718] NetLabel:  domain hash size =3D 128
   [    0.181719] NetLabel:  protocols =3D UNLABELED CIPSOv4 CALIPSO
   [    0.181738] NetLabel:  unlabeled traffic allowed by default
   [    0.181783] pci 000d:03:00.0: vgaarb: setting as boot VGA device
   [    0.181786] pci 000d:03:00.0: vgaarb: bridge control possible
   [    0.181788] pci 000d:03:00.0: vgaarb: VGA device added: decodes=3Dio+=
mem,owns=3Dnone,locks=3Dnone
   [    0.181799] pci 0004:02:00.0: vgaarb: setting as boot VGA device (ove=
rriding previous)
   [    0.181800] pci 0004:02:00.0: vgaarb: bridge control possible
   [    0.181801] pci 0004:02:00.0: vgaarb: VGA device added: decodes=3Dio+=
mem,owns=3Dnone,locks=3Dnone
   [    0.181805] vgaarb: loaded
   [    0.186469] clocksource: Switched to clocksource arch_sys_counter
   [    0.186652] VFS: Disk quotas dquot_6.6.0
   [    0.186664] VFS: Dquot-cache hash table entries: 512 (order 0, 4096 b=
ytes)
   [    0.198848] AppArmor: AppArmor Filesystem Enabled
   [    0.198898] pnp: PnP ACPI init
   [    0.199927] system 00:00: [mem 0x3bfff0000000-0x3bffffffffff window] =
has been reserved
   [    0.199933] system 00:00: [mem 0x3ffff0000000-0x3fffffffffff window] =
could not be reserved
   [    0.199935] system 00:00: [mem 0x23fff0000000-0x23ffffffffff window] =
could not be reserved
   [    0.199938] system 00:00: [mem 0x27fff0000000-0x27ffffffffff window] =
has been reserved
   [    0.199940] system 00:00: [mem 0x2bfff0000000-0x2bffffffffff window] =
could not be reserved
   [    0.199942] system 00:00: [mem 0x2ffff0000000-0x2fffffffffff window] =
could not be reserved
   [    0.199945] system 00:00: [mem 0x7bfff0000000-0x7bffffffffff window] =
has been reserved
   [    0.199948] system 00:00: [mem 0x7ffff0000000-0x7fffffffffff window] =
has been reserved
   [    0.199950] system 00:00: [mem 0x63fff0000000-0x63ffffffffff window] =
has been reserved
   [    0.199953] system 00:00: [mem 0x67fff0000000-0x67ffffffffff window] =
has been reserved
   [    0.199955] system 00:00: [mem 0x6bfff0000000-0x6bffffffffff window] =
has been reserved
   [    0.199958] system 00:00: [mem 0x6ffff0000000-0x6fffffffffff window] =
has been reserved
   [    0.199960] system 00:00: [mem 0x33fff0000000-0x33ffffffffff window] =
could not be reserved
   [    0.199963] system 00:00: [mem 0x37fff0000000-0x37ffffffffff window] =
could not be reserved
   [    0.199972] pnp: PnP ACPI: found 1 devices
   [    0.201939] NET: Registered PF_INET protocol family
   [    0.202063] IP idents hash table entries: 262144 (order: 9, 2097152 b=
ytes, linear)
   [    0.206468] tcp_listen_portaddr_hash hash table entries: 16384 (order=
: 6, 262144 bytes, linear)
   [    0.206595] Table-perturb hash table entries: 65536 (order: 6, 262144=
 bytes, linear)
   [    0.206681] TCP established hash table entries: 262144 (order: 9, 209=
7152 bytes, linear)
   [    0.207686] TCP bind hash table entries: 65536 (order: 9, 2097152 byt=
es, linear)
   [    0.208581] TCP: Hash tables configured (established 262144 bind 6553=
6)
   [    0.208734] MPTCP token hash table entries: 32768 (order: 7, 786432 b=
ytes, linear)
   [    0.208874] UDP hash table entries: 16384 (order: 8, 1048576 bytes, l=
inear)
   [    0.209467] UDP-Lite hash table entries: 16384 (order: 8, 1048576 byt=
es, linear)
   [    0.210082] NET: Registered PF_UNIX/PF_LOCAL protocol family
   [    0.210094] NET: Registered PF_XDP protocol family
   [    0.210145] pci 000d:03:00.1: D0 power state depends on 000d:03:00.0
   [    0.210176] pci 0004:03:00.0: enabling device (0000 -> 0002)
   [    0.210219] PCI: CLS 128 bytes, default 64
   [    0.210401] Trying to unpack rootfs image as initramfs...
   [    0.215068] pci 000d:03:00.1: save config 0x00: 0xab301002
   [    0.215073] pci 000d:03:00.1: save config 0x04: 0x00100000
   [    0.215076] pci 000d:03:00.1: save config 0x08: 0x04030000
